Stock structure: B2F1; Model type = BC
Mortality impacts feeding grounds
Recruitment related to unfished
Staying rate: 0
Age-at-matrity: 8
Base adult survival: 0
Sigma for survival devs: 
Additional variance estimated
Weight for mark-recapture proportions: 1
Weight for genetics proportions: 1


Total objective fn: 282.301320158709
Negative log-likelihood fn: 112.284141264592

Natural Survival by feeding ground
RUS+WAL,EAL+BER,GOA,SEA+NBC,SBC+WA,OR+CA
1970 0.9587134 0.9589724 0.9588041 0.9586311 0.9591445 0.95953
1971 0.9587244 0.958981 0.958807 0.9586456 0.959149 0.9595384
1972 0.9584151 0.9586906 0.9584638 0.9582686 0.9589065 0.9594135
1973 0.9580885 0.9584145 0.9581366 0.9579137 0.958676 0.9592973
1974 0.9577816 0.9581527 0.9578255 0.9575805 0.9584573 0.9591921
1975 0.9574926 0.9579043 0.9575309 0.9572679 0.9582498 0.9590952
1976 0.9572218 0.957669 0.9572515 0.956975 0.9580552 0.9590063
1977 0.9569684 0.9574462 0.9569867 0.9567013 0.9578711 0.9589247
1978 0.9567318 0.9572354 0.9567362 0.9564457 0.9576973 0.9588506
1979 0.9565114 0.9570372 0.9564993 0.9562075 0.9575333 0.9587834
1980 0.9563079 0.9568504 0.9562757 0.9559863 0.9573786 0.9587236
1981 0.9561186 0.9566742 0.9560659 0.9557802 0.9572349 0.9586697
1982 0.9558358 0.9564159 0.9557605 0.9554729 0.9570229 0.9585848
1983 0.9554719 0.9560846 0.9553692 0.955076 0.9567499 0.9584727
1984 0.9550369 0.9556889 0.9549036 0.9546023 0.9564254 0.9583357
1985 0.9545421 0.9552372 0.9543728 0.9540603 0.9560542 0.9581795
1986 0.9539964 0.9547373 0.9537887 0.9534659 0.9556426 0.958007
1987 0.9534102 0.954197 0.9531586 0.9528335 0.955199 0.9578214
1988 0.9527921 0.9536237 0.9524925 0.9521601 0.9547273 0.9576257
1989 0.9521506 0.9530235 0.9517979 0.9514507 0.954235 0.9574195
1990 0.9514945 0.9524039 0.9510831 0.9507268 0.9537275 0.9572041
1991 0.9508296 0.9517708 0.9503563 0.9499943 0.9532077 0.9569902
1992 0.950133 0.9511027 0.9495915 0.9492304 0.9526592 0.956765
1993 0.9493858 0.950382 0.9487701 0.9483992 0.9520675 0.9565201
1994 0.9485746 0.949596 0.9478766 0.9475035 0.9514213 0.9562495
1995 0.9476905 0.9487356 0.9469018 0.9465264 0.950713 0.9559518
1996 0.946729 0.9477959 0.9458421 0.9454755 0.9499377 0.9556219
1997 0.9456907 0.9467758 0.9446982 0.9443393 0.9490852 0.9552606
1998 0.9445788 0.945684 0.9434728 0.9431287 0.9481683 0.9548686
1999 0.9433994 0.9445175 0.9421716 0.9418538 0.9471949 0.9544475
2000 0.9421625 0.940772 0.943541 0.9358009 0.9461558 0.9539849
2001 0.9408777 0.9521384 0.944223 0.9443347 0.9450658 0.953496
2002 0.9395513 0.9542356 0.9334566 0.9549024 0.9439265 0.9529738
2003 0.9381828 0.9487279 0.8921264 0.945507 0.9427414 0.952424
2004 0.9367717 0.9444629 0.9422076 0.9452092 0.941505 0.9518354
2005 0.9353158 0.9479407 0.8897874 0.8999644 0.9402802 0.9512224
2006 0.9338128 0.9467814 0.9374747 0.9254363 0.9389832 0.9505672
2007 0.9322639 0.9409083 0.9559006 0.9554418 0.9375113 0.9498467
2008 0.9306698 0.9504397 0.9583862 0.9561556 0.9362315 0.9490334
2009 0.929037 0.8927817 0.9397517 0.9231755 0.934638 0.9481652
2010 0.9273743 0.9229511 0.9517596 0.9477605 0.9331287 0.9472944
2011 0.9256913 0.9410817 0.9101998 0.8823505 0.931657 0.9463172
2012 0.9239978 0.9250222 0.9242813 0.9396804 0.9299175 0.945271
2013 0.9224263 0.895691 0.9032308 0.7954759 0.92814 0.9441412
2014 0.9205599 0.8835701 0.6236584 0.7462086 0.9264891 0.9431119
2015 0.9194656 0.8758609 0.6965181 0.8578292 0.9248598 0.9422678
2016 0.9177436 0.8010593 0.8877034 0.7622405 0.9231773 0.9415652
2017 0.9160319 0.7904569 0.7606572 0.8870919 0.9215677 0.9404714
2018 0.9143872 0.9035126 0.8841329 0.9037716 0.9203418 0.9395241
2019 0.9126337 0.8791964 0.8004437 0.8976478 0.9186887 0.9383296
2020 0.9111692 0.8165313 0.8509085 0.9343052 0.9173381 0.9370028
2021 0.9097539 0.7607552 0.9192255 0.9469775 0.9157769 0.935715
2022 0.908399 0.8460351 0.9437123 0.9265509 0.9141234 0.9343452
2023 0.9071106 0.8261244 0.9462996 0.9460955 0.9127304 0.9329665

Naturak Survival by breeding stock
RUS+WAL,EAL+BER,GOA,SEA+NBC,SBC+WA,OR+CA
1970 0.96 0.96 0.96 0.96 0.96
1971 0.96 0.96 0.96 0.96 0.96
1972 0.96 0.96 0.96 0.96 0.96
1973 0.96 0.96 0.96 0.96 0.96
1974 0.96 0.96 0.96 0.96 0.96
1975 0.96 0.96 0.96 0.96 0.96
1976 0.96 0.96 0.96 0.96 0.96
1977 0.96 0.96 0.96 0.96 0.96
1978 0.96 0.96 0.96 0.96 0.96
1979 0.96 0.96 0.96 0.96 0.96
1980 0.96 0.96 0.96 0.96 0.96
1981 0.96 0.96 0.96 0.96 0.96
1982 0.96 0.96 0.96 0.96 0.96
1983 0.96 0.96 0.96 0.96 0.96
1984 0.96 0.96 0.96 0.96 0.96
1985 0.96 0.96 0.96 0.96 0.96
1986 0.96 0.96 0.96 0.96 0.96
1987 0.96 0.96 0.96 0.96 0.96
1988 0.96 0.96 0.96 0.96 0.96
1989 0.96 0.96 0.96 0.96 0.96
1990 0.96 0.96 0.96 0.96 0.96
1991 0.96 0.96 0.96 0.96 0.96
1992 0.96 0.96 0.96 0.96 0.96
1993 0.96 0.96 0.96 0.96 0.96
1994 0.96 0.96 0.96 0.96 0.96
1995 0.96 0.96 0.96 0.96 0.96
1996 0.96 0.96 0.96 0.96 0.96
1997 0.96 0.96 0.96 0.96 0.96
1998 0.96 0.96 0.96 0.96 0.96
1999 0.96 0.96 0.96 0.96 0.96
2000 0.96 0.96 0.96 0.96 0.96
2001 0.96 0.96 0.96 0.96 0.96
2002 0.96 0.96 0.96 0.96 0.96
2003 0.96 0.96 0.96 0.96 0.96
2004 0.96 0.96 0.96 0.96 0.96
2005 0.96 0.96 0.96 0.96 0.96
2006 0.96 0.96 0.96 0.96 0.96
2007 0.96 0.96 0.96 0.96 0.96
2008 0.96 0.96 0.96 0.96 0.96
2009 0.96 0.96 0.96 0.96 0.96
2010 0.96 0.96 0.96 0.96 0.96
2011 0.96 0.96 0.96 0.96 0.96
2012 0.96 0.96 0.96 0.96 0.96
2013 0.96 0.96 0.96 0.96 0.96
2014 0.96 0.96 0.96 0.96 0.96
2015 0.96 0.96 0.96 0.96 0.96
2016 0.96 0.96 0.96 0.96 0.96
2017 0.96 0.96 0.96 0.96 0.96
2018 0.96 0.96 0.96 0.96 0.96
2019 0.96 0.96 0.96 0.96 0.96
2020 0.96 0.96 0.96 0.96 0.96
2021 0.96 0.96 0.96 0.96 0.96
2022 0.96 0.96 0.96 0.96 0.96
2023 0.96 0.96 0.96 0.96 0.96

Fecundity by feeding ground
RUS+WAL,EAL+BER,GOA,SEA+NBC,SBC+WA,OR+CA
1970 1.145471 1.146443 1.145811 1.145162 1.147089 1.148539
1971 1.145512 1.146475 1.145822 1.145217 1.147106 1.148571
1972 1.144353 1.145385 1.144535 1.143804 1.146196 1.148101
1973 1.14313 1.144351 1.14331 1.142477 1.145331 1.147664
1974 1.141984 1.14337 1.142147 1.141233 1.144511 1.147268
1975 1.140905 1.142442 1.141048 1.140067 1.143734 1.146904
1976 1.139895 1.141563 1.140006 1.138976 1.143006 1.14657
1977 1.138951 1.140731 1.13902 1.137958 1.142318 1.146264
1978 1.138072 1.139946 1.138088 1.137009 1.141669 1.145986
1979 1.137253 1.139208 1.137208 1.136125 1.141056 1.145734
1980 1.136497 1.138513 1.136378 1.135305 1.14048 1.145509
1981 1.135795 1.137857 1.1356 1.134541 1.139944 1.145307
1982 1.134747 1.136898 1.134469 1.133405 1.139154 1.144989
1983 1.133401 1.135669 1.133021 1.131939 1.138139 1.144569
1984 1.131794 1.134204 1.131303 1.130192 1.136933 1.144055
1985 1.129971 1.132534 1.129348 1.128199 1.135556 1.143471
1986 1.127964 1.13069 1.127201 1.126018 1.134032 1.142826
1987 1.125814 1.128701 1.124892 1.123704 1.132393 1.142132
1988 1.123553 1.126596 1.122459 1.121247 1.130653 1.141401
1989 1.121212 1.124398 1.119928 1.118666 1.128841 1.140632
1990 1.118825 1.122136 1.117332 1.116041 1.126977 1.139829
1991 1.116414 1.11983 1.114701 1.113394 1.125072 1.139033
1992 1.113894 1.117404 1.111942 1.110641 1.123067 1.138195
1993 1.111201 1.114794 1.108988 1.107658 1.120909 1.137285
1994 1.108286 1.111958 1.105787 1.104454 1.118559 1.13628
1995 1.105121 1.108864 1.102309 1.100973 1.115991 1.135177
1996 1.101694 1.105498 1.098544 1.097246 1.113189 1.133956
1997 1.098008 1.10186 1.0945 1.093236 1.11012 1.13262
1998 1.09408 1.097984 1.09019 1.088984 1.10683 1.131173
1999 1.089933 1.093863 1.085639 1.084531 1.103353 1.129623
2000 1.085607 1.080771 1.09043 1.063716 1.099657 1.127922
2001 1.081138 1.121168 1.092826 1.093219 1.095798 1.126128
2002 1.07655 1.128843 1.055798 1.131298 1.091783 1.124217
2003 1.071843 1.108836 0.9280377 1.097358 1.087629 1.122209
2004 1.067019 1.093671 1.085764 1.096305 1.083317 1.120065
2005 1.062071 1.106016 0.9214181 0.9506659 1.079068 1.117837
2006 1.056996 1.10188 1.069419 1.02929 1.074592 1.115464
2007 1.051799 1.081244 1.134987 1.13329 1.069544 1.112861
2008 1.046486 1.115003 1.144244 1.135932 1.065179 1.109933
2009 1.041081 0.9299031 1.077241 1.021977 1.059778 1.106819
2010 1.035614 1.021255 1.119789 1.105372 1.054697 1.103708
2011 1.03012 1.081846 0.9812904 0.9007628 1.049772 1.10023
2012 1.024629 1.027946 1.025545 1.076995 1.043991 1.096523
2013 1.019569 0.9382428 0.9603038 0.696693 1.038127 1.092538
2014 1.013601 0.9041099 0.4263928 0.6048104 1.032719 1.088925
2015 1.010123 0.8832109 0.5250476 0.8366208 1.027419 1.085974
2016 1.004682 0.7080489 0.9155701 0.6331682 1.021983 1.083526
2017 0.9993115 0.6866608 0.630305 0.9138632 1.016818 1.07973
2018 0.9941861 0.9611411 0.9056596 0.9619116 1.012907 1.076456
2019 0.9887596 0.8921781 0.7067866 0.9439054 1.007664 1.072347
2020 0.9842565 0.7406384 0.8195415 1.058655 1.003407 1.067807
2021 0.97993 0.6304818 1.009362 1.102578 0.9985146 1.063425
2022 0.9758113 0.8077677 1.091031 1.032921 0.9933672 1.05879
2023 0.9719153 0.761717 1.100167 1.099443 0.9890576 1.054152

Total abundance: Estimate SD_log
1970 896.3844 0.0887488
1971 1176.816 0.07239773
1972 1405.534 0.06428763
1973 1617.788 0.05921579
1974 1821.721 0.05563984
1975 2012.927 0.05313433
1976 2192.567 0.05131908
1977 2360.972 0.04998465
1978 2518.67 0.0489956
1979 2665.97 0.04826745
1980 2803.164 0.04774374
1981 3021.807 0.04537564
1982 3298.599 0.04230449
1983 3625.977 0.03913862
1984 3997.336 0.03626238
1985 4406.251 0.03385851
1986 4846.861 0.03195358
1987 5311.682 0.03049133
1988 5793.747 0.02936747
1989 6291.395 0.02844843
1990 6801.819 0.02763296
1991 7343.246 0.0268505
1992 7927.812 0.02610518
1993 8565.867 0.02542194
1994 9269.202 0.02481698
1995 10037 0.0243217
1996 10872.01 0.02392317
1997 11769.77 0.02359579
1998 12729.46 0.02328689
1999 13740.45 0.02296256
2000 14796.02 0.02259632
2001 15860.09 0.02197444
2002 17139.69 0.02148633
2003 18589.84 0.02139866
2004 19881.39 0.02038625
2005 21398.65 0.01984173
2006 22367.16 0.02246409
2007 23879.68 0.02142016
2008 25877.13 0.02171253
2009 28153.92 0.02241558
2010 29333.29 0.03097828
2011 31394.79 0.03045329
2012 32556.48 0.02991871
2013 34648.53 0.0332916
2014 33873.56 0.0472653
2015 31141.16 0.04549407
2016 30497.82 0.04211657
2017 28474.52 0.04691808
2018 27694.29 0.03736877
2019 28741 0.03383981
2020 29258.2 0.03665977
2021 29639.06 0.04045111
2022 29847.01 0.06975369
2023 30865.48 0.07359097
2024 31945.65 0.07794802

Breeding stock abundance: Estimate SD_log Estimate/K
Asia
1 65.04697 0.1113347 1.787071
2 86.11146 0.1004965 2.365788
3 102.5329 0.09628207 2.816943
4 114.9428 0.09628067 3.157888
5 128.917 0.09483683 3.541807
6 141.9251 0.09389175 3.899186
7 154.1132 0.09316594 4.234037
8 165.4149 0.09261791 4.544533
9 175.8628 0.0921834 4.831576
10 185.4891 0.09182591 5.096046
11 194.3176 0.09152773 5.338593
12 208.586 0.09048359 5.730598
13 226.739 0.08917094 6.229326
14 248.2401 0.08782843 6.820038
15 272.4797 0.08660599 7.485984
16 299.0892 0.08548035 8.217042
17 327.5198 0.08444385 8.998132
18 357.4597 0.08341104 9.820688
19 388.4143 0.08235629 10.67112
20 420.0117 0.0812406 11.53921
21 451.9209 0.08004081 12.41587
22 485.4861 0.07878136 13.33803
23 521.6963 0.07746627 14.33285
24 561.082 0.07613361 15.41492
25 604.0583 0.07480141 16.59563
26 650.8297 0.07348607 17.8806
27 701.4238 0.07220285 19.2706
28 755.699 0.07097002 20.76173
29 813.2604 0.06982373 22.34315
30 873.625 0.06880442 24.00158
31 936.3402 0.06796922 25.72459
32 1000.687 0.06743017 27.49244
33 1069.924 0.0672492 29.39461
34 1142.247 0.06757243 31.38158
35 1216.356 0.0684584 33.41763
36 1292.486 0.06998655 35.50918
37 1372.784 0.0722427 37.71524
38 1455.868 0.07523797 39.99788
39 1540.012 0.07903663 42.3096
40 1630.213 0.08343853 44.78773
41 1701.255 0.08869762 46.73951
42 1784.507 0.09444014 49.02675
43 1875.281 0.1006641 51.52064
44 1959.798 0.1077729 53.84262
45 2020.198 0.1159158 55.50202
46 2104.291 0.1223785 57.81234
47 2112.542 0.1332361 58.03902
48 2152.056 0.141267 59.12461
49 2192.055 0.1490836 60.22354
50 2266.04 0.1577805 62.25618
51 2341.448 0.165919 64.32791
52 2373.528 0.1759895 65.20926
53 2389.851 0.187707 65.65771
54 2427.385 0.1982352 66.68889
Hawaii
1 569.9606 0.08958836 1.653874
2 752.3404 0.07347361 2.183091
3 900.0242 0.06573349 2.61163
4 1039.583 0.06082517 3.016593
5 1172.212 0.05748092 3.401447
6 1297.35 0.05512973 3.764563
7 1415.278 0.05342308 4.10676
8 1526.265 0.05215578 4.428815
9 1630.527 0.0512023 4.731355
10 1728.409 0.05047829 5.015381
11 1820.026 0.04993344 5.28123
12 1965.035 0.04778602 5.702007
13 2148.302 0.04508431 6.233798
14 2364.959 0.04238639 6.862482
15 2610.802 0.04002075 7.57585
16 2881.201 0.03812282 8.360477
17 3173.029 0.03666628 9.207285
18 3480.739 0.03557946 10.10018
19 3799.514 0.03475421 11.02518
20 4129.374 0.03405109 11.98234
21 4468.234 0.03338471 12.96562
22 4826.782 0.03274599 14.00603
23 5214.6 0.03214207 15.13138
24 5637.454 0.03160108 16.35839
25 6104.045 0.03112012 17.71231
26 6612.1 0.03072976 19.18655
27 7164.331 0.03040577 20.78898
28 7756.09 0.03013337 22.50611
29 8388.046 0.02986481 24.33987
30 9052.57 0.02958549 26.26814
31 9744.902 0.0292899 28.27711
32 10430.94 0.02854895 30.26779
33 11277.96 0.02802283 32.72563
34 12263.48 0.02793355 35.58535
35 13109.61 0.02700513 38.04059
36 14125.49 0.02645091 40.9884
37 14621.06 0.0301689 42.42641
38 15574.47 0.02869396 45.19297
39 16956.41 0.02831199 49.20297
40 18524.35 0.02859895 53.75272
41 19254.33 0.03611683 55.87094
42 20678.36 0.03560193 60.00309
43 21180.04 0.03428454 61.45883
44 22584.23 0.03732326 65.53341
45 21412.22 0.05881892 62.13256
46 18679.98 0.05204792 54.20431
47 17947.43 0.04767424 52.07865
48 16089.91 0.05489479 46.68862
49 15358.73 0.04667904 44.56693
50 15902.2 0.04028342 46.14395
51 16009.85 0.04238444 46.45633
52 16179.48 0.04777876 46.94853
53 16311.6 0.0828215 47.3319
54 16890.6 0.08895834 49.01203
MX_AR
1 95.618 0.105791 1.108764
2 126.2145 0.09169926 1.463553
3 151.2729 0.08501268 1.754125
4 174.7808 0.08092188 2.026716
5 197.5321 0.07806787 2.290536
6 219.0648 0.07607099 2.540223
7 239.4409 0.07461874 2.7765
8 258.7103 0.07353176 2.999943
9 276.914 0.07270107 3.211029
10 294.0923 0.07205798 3.410224
11 310.2365 0.07156337 3.597429
12 335.5579 0.0698391 3.891049
13 367.4943 0.06772676 4.261376
14 405.2661 0.06565378 4.699369
15 448.1571 0.06385621 5.196722
16 495.4682 0.06241233 5.745331
17 546.5242 0.061303 6.337364
18 600.5905 0.06046256 6.964305
19 657.039 0.05981098 7.618868
20 715.3434 0.05928133 8.294951
21 775.1134 0.05881657 8.988031
22 838.7333 0.0583743 9.725751
23 907.6501 0.05796051 10.52489
24 983.1116 0.05758446 11.39993
25 1066.116 0.0572591 12.36242
26 1157.012 0.05698851 13.41644
27 1256.006 0.05676863 14.56435
28 1362.884 0.05658355 15.80368
29 1477.307 0.05641523 17.1305
30 1598.08 0.05625161 18.53095
31 1724.795 0.05608073 20.00031
32 1854.769 0.05591159 21.50746
33 2012.508 0.05579984 23.33656
34 2181.788 0.05595594 25.29949
35 2329.308 0.0562786 27.0101
36 2510.177 0.05616437 29.10741
37 2664.902 0.05731659 30.90157
38 2868.888 0.05781148 33.26694
39 3097.027 0.05903188 35.91238
40 3370.473 0.05998091 39.0832
41 3478.469 0.07206912 40.3355
42 3701.916 0.0713543 42.92653
43 3922.363 0.07142433 45.48279
44 4147.871 0.07608217 48.09773
45 4201.323 0.08642855 48.71753
46 3957.605 0.09245998 45.89144
47 3857.695 0.08877779 44.73292
48 3618.544 0.09593262 41.95977
49 3373.75 0.0845297 39.1212
50 3505.078 0.07894586 40.64404
51 3526.539 0.08324851 40.89291
52 3432.268 0.09345645 39.79976
53 3263.362 0.1533604 37.84117
54 3310.575 0.1596386 38.38863
MX_ML
1 131.3077 0.1021191 0.4309558
2 168.7041 0.08906346 0.5536922
3 200.2289 0.08214388 0.6571574
4 229.5046 0.07788251 0.753241
5 257.1866 0.07504222 0.8440943
6 282.5171 0.07325888 0.9272296
7 305.9608 0.0720993 1.004173
8 327.5796 0.07138013 1.075126
9 347.5795 0.07095637 1.140767
10 365.9354 0.07077575 1.201011
11 382.6891 0.07078806 1.255997
12 410.2235 0.06915658 1.346366
13 445.2989 0.06688638 1.461485
14 486.8989 0.06449066 1.598017
15 534.0869 0.06229428 1.752889
16 586.1913 0.06043501 1.923898
17 642.1728 0.0589762 2.107631
18 701.2194 0.05788197 2.301424
19 762.4701 0.05709793 2.50245
20 825.4234 0.05655934 2.709065
21 889.8975 0.05619218 2.920671
22 958.9192 0.05584187 3.147202
23 1032.882 0.05554598 3.389952
24 1113.818 0.05527546 3.655584
25 1203.124 0.05505082 3.94869
26 1301.367 0.0548846 4.271128
27 1408.535 0.05480443 4.622854
28 1524.856 0.05479036 5.004623
29 1649.821 0.05483769 5.414764
30 1782.25 0.05491792 5.8494
31 1921.351 0.05501212 6.305934
32 2067.392 0.05505796 6.785245
33 2233.145 0.0553234 7.329249
34 2413.554 0.05570831 7.921358
35 2592.286 0.05577009 8.507962
36 2788.128 0.05588317 9.15072
37 2975.244 0.0561566 9.764843
38 3193.022 0.05631268 10.4796
39 3436.342 0.05665779 11.27818
40 3715.162 0.05726306 12.19328
41 3914.149 0.05902468 12.84636
42 4173.901 0.0586987 13.69887
43 4443.814 0.05847283 14.58473
44 4736.989 0.05954768 15.54694
45 4929.248 0.06148112 16.17794
46 5005.715 0.06152043 16.42891
47 5117.208 0.06019922 16.79483
48 5092.329 0.06001134 16.71318
49 5159.656 0.05600609 16.93415
50 5381.436 0.0558624 17.66204
51 5596.56 0.0570119 18.36808
52 5763.615 0.05825388 18.91636
53 5890.07 0.06690806 19.33139
54 6136.135 0.0685454 20.13898
Central_Am
1 34.4511 0.1241837 0.9314128
2 43.44587 0.1144207 1.174594
3 51.47557 0.1088378 1.391683
4 58.97666 0.1054565 1.594481
5 65.87323 0.1034762 1.780935
6 72.07038 0.1023556 1.94848
7 77.77349 0.1016982 2.102668
8 83.00223 0.1013631 2.244031
9 87.78702 0.1012556 2.373392
10 92.04411 0.1014357 2.488486
11 95.89492 0.101745 2.592596
12 102.4052 0.1006306 2.768606
13 110.7657 0.09892156 2.994638
14 120.6126 0.09712715 3.260857
15 131.8105 0.0954163 3.563601
16 144.3018 0.09389606 3.901313
17 157.6147 0.09271258 4.261238
18 171.6728 0.09178321 4.641312
19 186.3091 0.09107599 5.037015
20 201.2429 0.09060144 5.440762
21 216.6529 0.09025269 5.857383
22 233.3249 0.08989906 6.308125
23 250.9841 0.08958579 6.785555
24 270.401 0.08925687 7.310505
25 291.8594 0.08896631 7.89065
26 315.6863 0.08870872 8.53483
27 341.7109 0.08854249 9.238427
28 370.2373 0.08844361 10.00966
29 401.027 0.0884358 10.84208
30 433.9255 0.08848536 11.73152
31 468.6295 0.08859383 12.66977
32 506.311 0.08871848 13.68852
33 546.1557 0.08884786 14.76575
34 588.7711 0.08898585 15.91789
35 633.8337 0.08913757 17.1362
36 682.3734 0.08929101 18.44851
37 733.1782 0.08946776 19.82206
38 787.4315 0.08963459 21.28884
39 847.3413 0.08977054 22.90855
40 913.7198 0.08989617 24.70314
41 985.0838 0.08998241 26.63252
42 1056.11 0.09010258 28.55276
43 1134.978 0.09020651 30.68503
44 1219.638 0.09029537 32.97389
45 1310.566 0.09040608 35.43219
46 1393.577 0.0906479 37.67647
47 1462.952 0.09107409 39.55206
48 1521.681 0.09169202 41.13986
49 1610.105 0.09232774 43.53048
50 1686.239 0.09323522 45.58882
51 1783.802 0.09412848 48.2265
52 1890.177 0.09537477 51.10243
53 1992.126 0.09689561 53.85872
54 2100.778 0.09862346 56.79619

Feeding stock abundance: Estimate SD_log Estimate/K
RUS+WAL
1 85.03749 0.1308768 1.378511
2 113.5159 0.1209896 1.840164
3 131.7826 0.1207506 2.136279
4 152.105 0.1185509 2.465717
5 171.1924 0.1171086 2.775135
6 189.1755 0.1160208 3.066653
7 206.0179 0.1151563 3.339679
8 221.7629 0.1144205 3.594914
9 236.4448 0.1137619 3.832917
10 250.102 0.1131518 4.054309
11 262.6867 0.1126049 4.258315
12 282.9198 0.1114141 4.586306
13 308.5831 0.1100136 5.002325
14 338.8849 0.1086139 5.493535
15 373.2332 0.1072757 6.050343
16 410.9177 0.1060238 6.661231
17 451.4205 0.1048047 7.317806
18 494.0879 0.1035885 8.009472
19 538.385 0.1023338 8.727556
20 583.8001 0.1010132 9.463762
21 629.7752 0.09962553 10.20905
22 678.4438 0.09817484 10.998
23 730.9788 0.09669866 11.84962
24 788.2983 0.0952212 12.77881
25 851.0113 0.09376453 13.79542
26 919.4418 0.09234952 14.90472
27 993.6525 0.09099767 16.10772
28 1073.379 0.08974014 17.40014
29 1158.235 0.08861023 18.77571
30 1247.64 0.08765409 20.22502
31 1340.775 0.08693838 21.73479
32 1437.527 0.08654504 23.30321
33 1537.851 0.08657837 24.92952
34 1642.056 0.08712975 26.61875
35 1750.281 0.08828671 28.37314
36 1862.718 0.0901153 30.19582
37 1979.481 0.0926666 32.08861
38 2100.373 0.09596285 34.04836
39 2225.195 0.100002 36.0718
40 2353.268 0.1047674 38.14794
41 2483.76 0.1102319 40.26329
42 2615.914 0.1163426 42.4056
43 2749.055 0.1230413 44.56389
44 2872.767 0.1306342 46.56935
45 3020.488 0.1376803 48.96399
46 3106.702 0.1475821 50.36157
47 3244.362 0.1554604 52.59313
48 3381.176 0.1635696 54.81096
49 3513.207 0.1719905 56.95127
50 3654.667 0.1800113 59.24442
51 3773.005 0.1889956 61.16276
52 3887.954 0.1979983 63.02615
53 3998.223 0.2069902 64.81369
54 4103.276 0.2159029 66.51665
EAL+BER
1 226.0362 0.1194581 1.100727
2 301.846 0.1053699 1.469898
3 362.3657 0.09908734 1.76461
4 419.8647 0.09519641 2.044612
5 474.4192 0.0926166 2.310276
6 526.1659 0.09081696 2.562267
7 575.1888 0.0895153 2.800993
8 621.6066 0.08854614 3.027034
9 665.4887 0.087812 3.240726
10 706.7254 0.08727412 3.441536
11 745.5807 0.08686525 3.63075
12 806.613 0.08528897 3.927958
13 883.6958 0.08332609 4.303328
14 974.9544 0.08136954 4.747729
15 1078.607 0.07963861 5.252486
16 1192.969 0.07820983 5.809391
17 1316.428 0.07707254 6.4106
18 1447.388 0.07617627 7.048334
19 1584.28 0.07546331 7.71496
20 1725.95 0.07486406 8.40485
21 1870.748 0.07434794 9.109968
22 2024.938 0.07384938 9.860827
23 2192.268 0.07336276 10.67567
24 2375.747 0.07289206 11.56916
25 2577.301 0.07245279 12.55067
26 2798.217 0.07205148 13.62646
27 3038.903 0.0716904 14.79853
28 3299 0.0713646 16.06512
29 3575.744 0.07110048 17.41278
30 3869.607 0.070844 18.8438
31 4179.457 0.07057865 20.35267
32 4488.001 0.06999083 21.85519
33 4893.402 0.06965457 23.82937
34 5346.05 0.06959263 26.03362
35 5793.971 0.06941723 28.21486
36 6244.943 0.06897095 30.41096
37 6767.713 0.0699046 32.95669
38 7325.134 0.07099374 35.67116
39 7867.494 0.07350796 38.31229
40 8567.337 0.07511312 41.7203
41 8605.727 0.1040757 41.90725
42 9051.771 0.1030071 44.07935
43 9755.777 0.09997661 47.50764
44 10277.64 0.1104713 50.04896
45 10411.07 0.1335873 50.69872
46 10381.26 0.1374578 50.55355
47 10268.51 0.1258731 50.00449
48 9147.745 0.1476258 44.54671
49 8068.227 0.1366327 39.28979
50 8387.264 0.123764 40.84341
51 8368.744 0.1387417 40.75322
52 7650.433 0.1756318 37.25526
53 6470.886 0.340753 31.51123
54 6226.094 0.3731214 30.31917
GOA
1 95.58479 0.1110971 1.281228
2 128.3908 0.09885963 1.720963
3 154.4725 0.09385194 2.070564
4 179.3154 0.09086425 2.403561
5 202.9388 0.08891791 2.720211
6 225.2861 0.08759065 3.019756
7 246.4808 0.086605 3.303852
8 266.5625 0.08583182 3.57303
9 285.5625 0.08519818 3.827708
10 303.5163 0.08465966 4.068362
11 320.4595 0.08418894 4.295471
12 346.8217 0.083098 4.648832
13 379.9667 0.08189907 5.093111
14 419.1706 0.08081242 5.618604
15 463.5481 0.07995823 6.213444
16 512.4418 0.07931244 6.86882
17 564.9273 0.07884399 7.572341
18 620.4856 0.07844916 8.317049
19 678.3536 0.07807338 9.092717
20 737.9831 0.07765545 9.891997
21 798.7628 0.07716451 10.70669
22 863.1969 0.07665009 11.57038
23 932.9821 0.07613315 12.50578
24 1009.202 0.0756376 13.52744
25 1092.74 0.07515836 14.64719
26 1184.017 0.07468623 15.87068
27 1283.013 0.07420855 17.19763
28 1389.379 0.07370698 18.62337
29 1502.682 0.07315394 20.1421
30 1622.236 0.07253162 21.74461
31 1746.936 0.07184523 23.4161
32 1883.373 0.07050035 25.24491
33 2031.178 0.07026672 27.22611
34 2157.669 0.0710931 28.9216
35 2166.761 0.07963409 29.04347
36 2339.812 0.07420545 31.36306
37 2344.768 0.0881988 31.4295
38 2515.772 0.08297254 33.72165
39 2766.667 0.08286871 37.08468
40 3048.399 0.08244106 40.86104
41 3274.111 0.09337733 43.8865
42 3575.51 0.09703846 47.92648
43 3678.236 0.09982623 49.30343
44 3873.11 0.1148298 51.91555
45 3945.063 0.1234055 52.88001
46 2640.388 0.3151561 35.39201
47 2020.08 0.238533 27.07735
48 2057.234 0.2100225 27.57537
49 1732.369 0.215553 23.22084
50 1757.596 0.2236498 23.55899
51 1578.488 0.3165501 21.15821
52 1527.11 0.3737454 20.46953
53 1630.272 0.3776467 21.85232
54 1783.595 0.3663562 23.90748
SEA+NBC
1 331.0757 0.0983858 1.466872
2 441.0006 0.08305385 1.953907
3 526.8003 0.07645335 2.334053
4 607.4937 0.07245317 2.691576
5 683.2556 0.06988094 3.027248
6 754.3312 0.06815502 3.342157
7 820.9053 0.06696499 3.637122
8 883.0629 0.06614013 3.912519
9 941.0602 0.06556516 4.169483
10 995.0646 0.06517295 4.408756
11 1045.139 0.06492653 4.630618
12 1125.732 0.06340276 4.987695
13 1227.824 0.06146581 5.440025
14 1348.767 0.05954669 5.975876
15 1485.688 0.05789834 6.582523
16 1636.852 0.05657062 7.252272
17 1798.417 0.05558995 7.968106
18 1966.918 0.0549101 8.714672
19 2143.741 0.05434798 9.498106
20 2327.886 0.05382323 10.31398
21 2513.89 0.05337695 11.1381
22 2710.372 0.05295921 12.00864
23 2921.481 0.05258721 12.94398
24 3155.061 0.05220143 13.97889
25 3408.785 0.05190109 15.10304
26 3685.956 0.05166172 16.33108
27 3983.339 0.05153101 17.64867
28 4303.308 0.05145869 19.06633
29 4642.189 0.05146332 20.56779
30 4996.728 0.051551 22.13862
31 5369.666 0.0516745 23.79097
32 5717.432 0.05098097 25.33179
33 6163.697 0.05047694 27.30901
34 6732.978 0.0497594 29.83129
35 7251.17 0.04906023 32.1272
36 7811.274 0.04898143 34.60881
37 7909.486 0.05718152 35.04395
38 8332.397 0.05483194 36.91771
39 9145.268 0.05309208 40.51923
40 10024.25 0.05264288 44.41366
41 10473.57 0.05686887 46.40444
42 11362.41 0.05687975 50.34253
43 11262.83 0.05325767 49.90135
44 12128.2 0.05521054 53.73549
45 10616.39 0.109396 47.03723
46 8701.694 0.05846947 38.55392
47 8433.673 0.05932414 37.36642
48 7110.134 0.06559387 31.50232
49 7219.821 0.07018804 31.9883
50 7474.939 0.05886605 33.11864
51 7659.495 0.05310747 33.93633
52 8260.542 0.06490321 36.59935
53 9031.179 0.07212873 40.01375
54 9563.773 0.08940221 42.37347
SBC+WA
1 34.80205 0.1115059 0.9161833
2 46.62463 0.0999413 1.227419
3 55.96721 0.09537474 1.473368
4 64.84328 0.09275473 1.707036
5 73.26817 0.09112625 1.928825
6 81.26166 0.09004734 2.139259
7 88.73946 0.08939391 2.336116
8 95.81591 0.0889312 2.522407
9 102.4931 0.08859614 2.698189
10 108.7933 0.08834338 2.864044
11 114.7313 0.08814696 3.020365
12 123.9905 0.08745796 3.264118
13 135.711 0.08667482 3.572668
14 149.6162 0.08602466 3.938729
15 165.3314 0.08565301 4.352441
16 182.6923 0.08549359 4.809477
17 201.4646 0.08548477 5.303669
18 221.3117 0.08559242 5.826154
19 242.106 0.08570775 6.373576
20 263.5412 0.08581127 6.937868
21 285.4179 0.08586155 7.513786
22 308.774 0.08588341 8.128648
23 334.1214 0.08593626 8.795932
24 361.9095 0.08603429 9.527469
25 392.4721 0.08617303 10.33205
26 426.0053 0.08633303 11.21483
27 462.607 0.08648015 12.17839
28 502.6467 0.08650411 13.23245
29 545.4561 0.08646432 14.35944
30 590.6076 0.08634406 15.54807
31 638.4933 0.08600708 16.80869
32 688.7203 0.08551014 18.13095
33 741.4216 0.08486988 19.51834
34 796.5636 0.08413124 20.96998
35 854.4678 0.08329765 22.49434
36 912.178 0.08267238 24.01359
37 973.6411 0.08191769 25.63165
38 1043.658 0.08068998 27.47489
39 1104.698 0.08034489 29.0818
40 1180.887 0.07912528 31.08752
41 1252.99 0.07839304 32.98567
42 1323.364 0.07796306 34.8383
43 1406.737 0.07703436 37.03313
44 1492.029 0.07632427 39.2785
45 1571.433 0.07624139 41.36886
46 1650.146 0.07657813 43.44102
47 1731.802 0.07718851 45.59065
48 1810.214 0.07837666 47.65489
49 1870.114 0.08078352 49.23179
50 1951.516 0.08262953 51.37476
51 2017.945 0.08545366 53.12354
52 2095.172 0.08817713 55.15658
53 2177.054 0.09101817 57.31216
54 2246.045 0.0946438 59.1284
OR+CA
1 102.4481 0.108093 0.503172
2 135.5383 0.0903066 0.665694
3 160.8462 0.08221916 0.7899934
4 184.366 0.07705676 0.9055103
5 205.5469 0.07382795 1.00954
6 225.0067 0.07166909 1.105117
7 242.8344 0.07023276 1.192677
8 259.1614 0.06930096 1.272866
9 273.921 0.06877395 1.345358
10 287.2679 0.0685414 1.410911
11 299.0664 0.0685901 1.468859
12 319.3299 0.06639992 1.568383
13 345.3188 0.06322877 1.696027
14 376.2846 0.05967834 1.848115
15 411.928 0.05610658 2.023177
16 450.9793 0.05285155 2.214977
17 492.904 0.05000956 2.420889
18 537.0909 0.04760558 2.637912
19 582.8811 0.04562681 2.86281
20 630.5349 0.04396756 3.096861
21 679.8252 0.04257144 3.338949
22 730.9208 0.0412951 3.589904
23 786.3808 0.03998951 3.862295
24 847.6495 0.03865203 4.163215
25 915.7933 0.03733928 4.497903
26 990.7587 0.03615955 4.866094
27 1073.491 0.0351618 5.272434
28 1163.553 0.03440651 5.714772
29 1260.555 0.03390652 6.191193
30 1363.932 0.03363487 6.698927
31 1476.691 0.03345517 7.252741
32 1595.742 0.03339541 7.837458
33 1723.24 0.03338972 8.463665
34 1858.125 0.03345639 9.12615
35 2003.243 0.03354641 9.838892
36 2155.128 0.03372493 10.58487
37 2318.075 0.03394533 11.38518
38 2497.748 0.03411696 12.26765
39 2700.804 0.03415938 13.26495
40 2917.677 0.03418573 14.33012
41 3135.13 0.03432744 15.39813
42 3379.129 0.0342938 16.59653
43 3640.443 0.03420533 17.87997
44 3922.977 0.0340664 19.26763
45 4180.61 0.03430903 20.53299
46 4392.275 0.03514623 21.57258
47 4568.997 0.03655018 22.44055
48 4845.413 0.03750505 23.79816
49 5084.854 0.03911555 24.97417
50 5388.014 0.04064338 26.46313
51 5725.226 0.04234854 28.11935
52 6053.054 0.04464302 29.72947
53 6402.692 0.04729033 31.44671
54 6755.193 0.05043114 33.17801

Parameters: Estimate  Std. Error      z value    Pr(>|z^2|)
rval 0.10173469 0.00448692 22.6735899 0
logK 8.19970167 0.61470942 13.33915091 0
logK 10.4476172 0.23643658 44.18781987 0
logK 9.06228582 0.68952985 13.14270269 0
logK 10.32446315 0.32453733 31.81286788 0
logK 8.21576373 0.87445833 9.39526045 0
logBK 4.05621596 0.6797435 5.96727435 0
logBK 4.13496353 0.25970036 15.9220555 0
logBK 4.5400991 0.72101737 6.29679574 0
logBK 5.49159725 0.32799356 16.74300328 0
logBK 4.71610286 0.87351129 5.39901766 7e-08
MixPars -1.79030979 0.30187224 -5.93068712 0
MixPars -3.03801054 0.22025233 -13.79331825 0
MixPars -0.81981147 0.12563346 -6.52542298 0
MixPars -1.43658604 0.10241392 -14.02725359 0
MixPars -2.67749866 0.12030209 -22.25646 0
MixPars -1.66230422 0.24797311 -6.70356643 0
MixPars -1.02970023 0.18494473 -5.5676105 3e-08
MixPars -1.63063565 0.2874201 -5.67335295 1e-08
MixPars -3.16331544 0.28315549 -11.17165494 0
MixPars -1.86424235 0.24762714 -7.52842508 0
MixPars -1.71014723 0.36866808 -4.6387179 3.51e-06
MixPars -1.69292629 0.33035872 -5.12450917 3e-07
MixPars -1.0454327 0.40326736 -2.59240591 0.00953072
MixPars -1.24450121 0.22570061 -5.51394707 4e-08
MixPars 0.82424515 0.18257766 4.51449059 6.35e-06
MixPars -2.65798062 0.26662423 -9.96901393 0
AddV 0.14271566 0.05147466 2.77254175 0.00556204
AddV 0.02142289 0.00622867 3.43940212 0.000583
AddV 0.0205312 0.0143268 1.43306214 0.15184008
log_Ksigma -0.35696996 0.2287739 -1.56036139 0.1186745
log_alphaK -2.2806456 0.32776467 -6.95818002 0
log_betaK -1.13385353 0.72544904 -1.56296785 0.11806016
envParams 0.54172479 0.59072619 0.91704888 0.35911703
envParams 1.17811788 0.64556091 1.82495232 0.06800823
envParams 0.68447196 0.45721067 1.49706034 0.13437756
envParams 0.91248784 0.37454848 2.43623425 0.01484107
envParams 0.68301581 0.53386927 1.27936902 0.20076714
envParams 0.64150362 0.47305139 1.35609709 0.17506828

Mixing matrix
0.85696525 0.14303475 0 0 0 0 ,# Asia
0.02670326 0.24542334 0.13245064 0.5571286 0.03829416 0 ,# Hawaii
0.09778827 0.51548535 0.18408703 0.10093464 0.02179746 0.07990725 ,# MX_AR
0.04220675 0.23339387 0.04293989 0.08204721 0.06723717 0.53217511 ,# MX_ML
0 0 0 0 0.06549883 0.93450117 ,# Central_Am

Split of breeding stock to feeding grounds over time
Split for: Asia
Year RUS+WAL EAL+BER GOA SEA+NBC SBC+WA OR+CA
1970 0.85841 0.14159 0 0 0 0
1971 0.85908 0.14092 0 0 0 0
1972 0.85565 0.14435 0 0 0 0
1973 0.85584 0.14416 0 0 0 0
1974 0.856 0.144 0 0 0 0
1975 0.85613 0.14387 0 0 0 0
1976 0.85624 0.14376 0 0 0 0
1977 0.85634 0.14366 0 0 0 0
1978 0.85642 0.14358 0 0 0 0
1979 0.85652 0.14348 0 0 0 0
1980 0.85661 0.14339 0 0 0 0
1981 0.85668 0.14332 0 0 0 0
1982 0.85674 0.14326 0 0 0 0
1983 0.85678 0.14322 0 0 0 0
1984 0.8568 0.1432 0 0 0 0
1985 0.85681 0.14319 0 0 0 0
1986 0.8568 0.1432 0 0 0 0
1987 0.85677 0.14323 0 0 0 0
1988 0.85674 0.14326 0 0 0 0
1989 0.85668 0.14332 0 0 0 0
1990 0.85662 0.14338 0 0 0 0
1991 0.85655 0.14345 0 0 0 0
1992 0.85647 0.14353 0 0 0 0
1993 0.85639 0.14361 0 0 0 0
1994 0.8563 0.1437 0 0 0 0
1995 0.8562 0.1438 0 0 0 0
1996 0.8561 0.1439 0 0 0 0
1997 0.85599 0.14401 0 0 0 0
1998 0.85593 0.14407 0 0 0 0
1999 0.85585 0.14415 0 0 0 0
2000 0.85572 0.14428 0 0 0 0
2001 0.85602 0.14398 0 0 0 0
2002 0.85416 0.14584 0 0 0 0
2003 0.85178 0.14822 0 0 0 0
2004 0.85018 0.14982 0 0 0 0
2005 0.84907 0.15093 0 0 0 0
2006 0.84706 0.15294 0 0 0 0
2007 0.84501 0.15499 0 0 0 0
2008 0.84375 0.15625 0 0 0 0
2009 0.84041 0.15959 0 0 0 0
2010 0.84749 0.15251 0 0 0 0
2011 0.84822 0.15178 0 0 0 0
2012 0.84551 0.15449 0 0 0 0
2013 0.84546 0.15454 0 0 0 0
2014 0.85023 0.14977 0 0 0 0
2015 0.85643 0.14357 0 0 0 0
2016 0.86332 0.13668 0 0 0 0
2017 0.8811 0.1189 0 0 0 0
2018 0.89757 0.10243 0 0 0 0
2019 0.89771 0.10229 0 0 0 0
2020 0.90132 0.09868 0 0 0 0
2021 0.91197 0.08803 0 0 0 0
2022 0.9269 0.0731 0 0 0 0
2023 0.93159 0.06841 0 0 0 0
2024 0.93778 0.06222 0 0 0 0
Split for: Hawaii
Year RUS+WAL EAL+BER GOA SEA+NBC SBC+WA OR+CA
1970 0.0272 0.24707 0.13069 0.55614 0.0389 0
1971 0.02738 0.24734 0.13147 0.55471 0.0391 0
1972 0.02673 0.2483 0.13216 0.55353 0.03928 0
1973 0.02685 0.24903 0.13269 0.55201 0.03942 0
1974 0.02696 0.24975 0.13318 0.55055 0.03956 0
1975 0.02707 0.25047 0.1336 0.54917 0.0397 0
1976 0.02717 0.25119 0.134 0.54784 0.0398 0
1977 0.02727 0.25193 0.1344 0.54649 0.0399 0
1978 0.02737 0.25268 0.13479 0.54515 0.04001 0
1979 0.02747 0.25337 0.13518 0.54386 0.04012 0
1980 0.02757 0.25408 0.13558 0.54254 0.04024 0
1981 0.02766 0.25481 0.13592 0.54128 0.04034 0
1982 0.02775 0.25555 0.13623 0.54003 0.04044 0
1983 0.02784 0.25628 0.13652 0.53882 0.04054 0
1984 0.02793 0.25702 0.13677 0.53765 0.04063 0
1985 0.028 0.25769 0.13698 0.5366 0.04072 0
1986 0.02808 0.25844 0.13717 0.53548 0.04083 0
1987 0.02817 0.25933 0.13742 0.53413 0.04095 0
1988 0.02825 0.26007 0.13757 0.53304 0.04106 0
1989 0.0283 0.26069 0.13763 0.53224 0.04114 0
1990 0.02836 0.26136 0.13772 0.53134 0.04123 0
1991 0.02842 0.26207 0.1378 0.53038 0.04133 0
1992 0.02848 0.26285 0.13791 0.52931 0.04145 0
1993 0.02854 0.2635 0.13793 0.52849 0.04155 0
1994 0.0286 0.26424 0.13799 0.52752 0.04166 0
1995 0.02865 0.26498 0.13803 0.52656 0.04178 0
1996 0.02872 0.26584 0.13811 0.52541 0.04193 0
1997 0.02879 0.26669 0.13814 0.52427 0.04211 0
1998 0.02886 0.26751 0.13821 0.52312 0.0423 0
1999 0.02894 0.26844 0.13829 0.52185 0.04248 0
2000 0.02901 0.26934 0.13828 0.5207 0.04267 0
2001 0.02919 0.27038 0.13931 0.51807 0.04304 0
2002 0.02901 0.27273 0.13894 0.51644 0.04288 0
2003 0.02862 0.27423 0.13578 0.51897 0.0424 0
2004 0.02867 0.27821 0.12759 0.52295 0.04259 0
2005 0.02845 0.27849 0.1279 0.52293 0.04223 0
2006 0.02934 0.2917 0.12383 0.51155 0.04358 0
2007 0.02935 0.29641 0.12468 0.5057 0.04386 0
2008 0.0287 0.29264 0.12599 0.50999 0.04268 0
2009 0.0279 0.29175 0.12704 0.51153 0.04178 0
2010 0.0285 0.28244 0.13145 0.51487 0.04273 0
2011 0.02807 0.27657 0.13359 0.51976 0.04202 0
2012 0.02891 0.29089 0.13406 0.50255 0.04359 0
2013 0.02859 0.28774 0.13246 0.5078 0.04341 0
2014 0.03174 0.30791 0.14251 0.46949 0.04832 2e-05
2015 0.0382 0.35266 0.10943 0.44146 0.05825 0
2016 0.04162 0.36285 0.08705 0.44487 0.0636 0
2017 0.04851 0.36045 0.09883 0.41806 0.07415 0
2018 0.0531 0.33372 0.08732 0.44542 0.08043 0
2019 0.05338 0.33493 0.08552 0.44512 0.08106 0
2020 0.0551 0.33219 0.0763 0.45307 0.08334 0
2021 0.0566 0.30082 0.07309 0.48378 0.08572 0
2022 0.05808 0.25224 0.07731 0.52407 0.08829 0
2023 0.05811 0.23495 0.08184 0.53692 0.08819 0
2024 0.0574 0.20973 0.08597 0.55919 0.08771 0
Split for: MX_AR
Year RUS+WAL EAL+BER GOA SEA+NBC SBC+WA OR+CA
1970 0.09965 0.51909 0.18169 0.10078 0.02215 0.07664
1971 0.10011 0.51865 0.18243 0.10033 0.02222 0.07626
1972 0.0977 0.52054 0.18334 0.10009 0.02232 0.07601
1973 0.09792 0.5209 0.18366 0.09959 0.02235 0.07558
1974 0.09814 0.5214 0.18399 0.09914 0.02238 0.07496
1975 0.09835 0.52195 0.18422 0.09871 0.02242 0.07435
1976 0.09854 0.52252 0.18445 0.09829 0.02243 0.07376
1977 0.09873 0.5231 0.18466 0.09787 0.02245 0.07318
1978 0.0989 0.5237 0.18486 0.09746 0.02247 0.07261
1979 0.09909 0.52423 0.18508 0.09706 0.0225 0.07204
1980 0.09927 0.52481 0.1853 0.09666 0.02253 0.07143
1981 0.09945 0.52543 0.18547 0.09627 0.02254 0.07084
1982 0.09962 0.52609 0.18558 0.09589 0.02256 0.07026
1983 0.09977 0.52673 0.18567 0.09552 0.02258 0.06972
1984 0.09991 0.52735 0.1857 0.09515 0.02259 0.0693
1985 0.10002 0.52795 0.1857 0.09482 0.02261 0.0689
1986 0.10014 0.52859 0.18564 0.09447 0.02263 0.06853
1987 0.10025 0.52928 0.18559 0.09403 0.02265 0.06821
1988 0.10034 0.52991 0.18549 0.09368 0.02267 0.0679
1989 0.1004 0.53048 0.18533 0.09342 0.02269 0.06769
1990 0.10045 0.53101 0.18515 0.09311 0.0227 0.06757
1991 0.10051 0.53162 0.18497 0.0928 0.02272 0.06737
1992 0.10057 0.53225 0.18479 0.09245 0.02275 0.0672
1993 0.1006 0.53281 0.18455 0.09218 0.02277 0.06709
1994 0.10064 0.53338 0.18431 0.09185 0.02279 0.06704
1995 0.10066 0.53393 0.18404 0.09152 0.02282 0.06703
1996 0.10068 0.5345 0.18375 0.09112 0.02284 0.0671
1997 0.1007 0.53506 0.1834 0.09073 0.0229 0.06722
1998 0.10074 0.53552 0.18308 0.09033 0.02295 0.06739
1999 0.10077 0.53604 0.18273 0.08988 0.02299 0.06759
2000 0.10075 0.53652 0.18227 0.08947 0.02304 0.06795
2001 0.10092 0.53611 0.18278 0.0886 0.02313 0.06846
2002 0.09996 0.53903 0.1817 0.08804 0.02296 0.06831
2003 0.09889 0.54347 0.17806 0.08871 0.02277 0.06809
2004 0.09918 0.55199 0.16751 0.0895 0.0229 0.06893
2005 0.09841 0.5525 0.1679 0.08948 0.02271 0.069
2006 0.09896 0.56428 0.15851 0.08536 0.02284 0.07006
2007 0.09797 0.56752 0.15797 0.08352 0.02276 0.07026
2008 0.09657 0.56479 0.16091 0.0849 0.02232 0.07051
2009 0.09426 0.56529 0.16289 0.08549 0.02194 0.07013
2010 0.09694 0.55093 0.16968 0.08663 0.02259 0.07324
2011 0.09636 0.54458 0.17406 0.08828 0.02242 0.07431
2012 0.09603 0.55417 0.169 0.08258 0.02251 0.07571
2013 0.09565 0.55221 0.16822 0.08406 0.02258 0.07727
2014 0.09944 0.55324 0.16944 0.07276 0.02353 0.08158
2015 0.11094 0.58737 0.1206 0.06342 0.02629 0.09137
2016 0.11933 0.59669 0.09473 0.0631 0.02835 0.0978
2017 0.13276 0.56583 0.10266 0.05661 0.03155 0.1106
2018 0.14884 0.53648 0.09289 0.06176 0.03504 0.12498
2019 0.149 0.53623 0.0906 0.06147 0.03517 0.12753
2020 0.15376 0.5317 0.08081 0.06255 0.03615 0.13502
2021 0.1641 0.50028 0.08043 0.0694 0.03863 0.14716
2022 0.1787 0.44512 0.09028 0.07977 0.04222 0.16391
2023 0.18232 0.42283 0.09746 0.08335 0.04301 0.17104
2024 0.18687 0.39161 0.10622 0.09006 0.04439 0.18085
Split for: MX_ML
Year RUS+WAL EAL+BER GOA SEA+NBC SBC+WA OR+CA
1970 0.04384 0.23956 0.0432 0.08351 0.06964 0.52026
1971 0.04416 0.23997 0.04349 0.08334 0.07004 0.51901
1972 0.04316 0.24122 0.04377 0.08328 0.07045 0.51812
1973 0.04338 0.24209 0.04397 0.0831 0.07075 0.5167
1974 0.04366 0.24333 0.04424 0.08307 0.07116 0.51455
1975 0.04393 0.24456 0.04447 0.08304 0.07157 0.51244
1976 0.04419 0.24579 0.0447 0.08301 0.0719 0.5104
1977 0.04445 0.24703 0.04493 0.08298 0.07224 0.50837
1978 0.0447 0.24828 0.04515 0.08295 0.07258 0.50634
1979 0.04495 0.24948 0.04538 0.08293 0.07294 0.50432
1980 0.04522 0.25078 0.04562 0.08293 0.07334 0.50211
1981 0.04549 0.25211 0.04585 0.08293 0.07368 0.49995
1982 0.04574 0.25341 0.04605 0.08293 0.07403 0.49783
1983 0.04598 0.25466 0.04625 0.08291 0.07438 0.49581
1984 0.04618 0.25571 0.04639 0.08283 0.07464 0.49425
1985 0.04636 0.2567 0.04652 0.08278 0.07489 0.49275
1986 0.04653 0.25766 0.04662 0.08267 0.07516 0.49137
1987 0.04669 0.25858 0.04671 0.08248 0.07539 0.49015
1988 0.04683 0.25943 0.04678 0.08234 0.07563 0.48899
1989 0.04693 0.26009 0.04681 0.08223 0.07579 0.48815
1990 0.04699 0.26056 0.04681 0.08203 0.07589 0.48772
1991 0.04708 0.26121 0.04682 0.08187 0.07607 0.48695
1992 0.04716 0.26183 0.04683 0.08165 0.07623 0.48629
1993 0.04722 0.26232 0.04681 0.08147 0.07636 0.48582
1994 0.04724 0.26267 0.04676 0.08121 0.07646 0.48565
1995 0.04726 0.26296 0.0467 0.08092 0.07655 0.48561
1996 0.04725 0.26312 0.0466 0.08053 0.07661 0.48589
1997 0.04721 0.26317 0.04647 0.08011 0.07672 0.48632
1998 0.04718 0.26307 0.04633 0.07966 0.0768 0.48695
1999 0.04713 0.26297 0.04618 0.07917 0.07684 0.48771
2000 0.047 0.26254 0.04595 0.0786 0.0768 0.4891
2001 0.04692 0.26149 0.04593 0.07759 0.07686 0.49121
2002 0.04655 0.2633 0.04573 0.07721 0.07642 0.4908
2003 0.04609 0.26569 0.04485 0.07786 0.07585 0.48967
2004 0.04582 0.26751 0.04182 0.07787 0.07561 0.49137
2005 0.04547 0.2678 0.04193 0.07787 0.07498 0.49196
2006 0.04536 0.27133 0.03927 0.07369 0.07484 0.49552
2007 0.04488 0.27274 0.03911 0.07206 0.07451 0.4967
2008 0.04423 0.27134 0.03983 0.07323 0.07307 0.49831
2009 0.04333 0.27261 0.04047 0.07402 0.07207 0.49749
2010 0.04364 0.26019 0.04128 0.07345 0.07267 0.50876
2011 0.04312 0.25563 0.04209 0.0744 0.07171 0.51306
2012 0.04262 0.25799 0.04053 0.06902 0.07139 0.51845
2013 0.04199 0.25431 0.03991 0.0695 0.07084 0.52345
2014 0.04258 0.2485 0.03921 0.05868 0.072 0.53902
2015 0.04421 0.24553 0.02597 0.0476 0.07488 0.56181
2016 0.04543 0.23828 0.01949 0.04524 0.07712 0.57444
2017 0.04707 0.21045 0.01967 0.0378 0.07994 0.60507
2018 0.04869 0.18409 0.01642 0.03805 0.08192 0.63083
2019 0.04814 0.18173 0.01582 0.0374 0.0812 0.63571
2020 0.04783 0.1735 0.01359 0.03664 0.08036 0.64807
2021 0.04813 0.15391 0.01275 0.03833 0.08097 0.66591
2022 0.04862 0.12704 0.01327 0.04087 0.0821 0.6881
2023 0.04821 0.11728 0.01393 0.04151 0.08128 0.6978
2024 0.04752 0.10447 0.0146 0.04313 0.08067 0.70961
Split for: Central_Am
Year RUS+WAL EAL+BER GOA SEA+NBC SBC+WA OR+CA
1970 0 0 0 0 0.06912 0.93088
1971 0 0 0 0 0.06965 0.93035
1972 0 0 0 0 0.07015 0.92985
1973 0 0 0 0 0.0706 0.9294
1974 0 0 0 0 0.07126 0.92874
1975 0 0 0 0 0.07191 0.92809
1976 0 0 0 0 0.07248 0.92752
1977 0 0 0 0 0.07307 0.92693
1978 0 0 0 0 0.07366 0.92634
1979 0 0 0 0 0.07428 0.92572
1980 0 0 0 0 0.07495 0.92505
1981 0 0 0 0 0.07558 0.92442
1982 0 0 0 0 0.07621 0.92379
1983 0 0 0 0 0.07683 0.92317
1984 0 0 0 0 0.0773 0.9227
1985 0 0 0 0 0.07776 0.92224
1986 0 0 0 0 0.07822 0.92178
1987 0 0 0 0 0.07862 0.92138
1988 0 0 0 0 0.07902 0.92098
1989 0 0 0 0 0.0793 0.9207
1990 0 0 0 0 0.07946 0.92054
1991 0 0 0 0 0.07975 0.92025
1992 0 0 0 0 0.08001 0.91999
1993 0 0 0 0 0.08021 0.91979
1994 0 0 0 0 0.08033 0.91967
1995 0 0 0 0 0.08042 0.91958
1996 0 0 0 0 0.08044 0.91956
1997 0 0 0 0 0.08047 0.91953
1998 0 0 0 0 0.08046 0.91954
1999 0 0 0 0 0.08037 0.91963
2000 0 0 0 0 0.08013 0.91987
2001 0 0 0 0 0.07987 0.92013
2002 0 0 0 0 0.07951 0.92049
2003 0 0 0 0 0.07913 0.92087
2004 0 0 0 0 0.07865 0.92135
2005 0 0 0 0 0.07796 0.92204
2006 0 0 0 0 0.07731 0.92269
2007 0 0 0 0 0.07683 0.92317
2008 0 0 0 0 0.07523 0.92477
2009 0 0 0 0 0.07439 0.92561
2010 0 0 0 0 0.07343 0.92657
2011 0 0 0 0 0.07195 0.92805
2012 0 0 0 0 0.07097 0.92903
2013 0 0 0 0 0.06983 0.93017
2014 0 0 0 0 0.06899 0.93101
2015 0 0 0 0 0.06885 0.93115
2016 0 0 0 0 0.06931 0.93069
2017 0 0 0 0 0.06829 0.93171
2018 0 0 0 0 0.0672 0.9328
2019 0 0 0 0 0.06617 0.93383
2020 0 0 0 0 0.06437 0.93563
2021 0 0 0 0 0.0632 0.9368
2022 0 0 0 0 0.06208 0.93792
2023 0 0 0 0 0.0607 0.9393
2024 0 0 0 0 0.05932 0.94068

Difference in mortality over time
Difference for: Asia
Year RUS+WAL EAL+BER GOA SEA+NBC SBC+WA OR+CA
1970 0 0 0 0 0 0
1971 0 0 0 0 0 0
1972 0 0 0 0 0 0
1973 0 0 0 0 0 0
1974 0 0 0 0 0 0
1975 0 0 0 0 0 0
1976 0 0 0 0 0 0
1977 0 0 0 0 0 0
1978 0 0 0 0 0 0
1979 -1 0 0 0 0 0
1980 -1 0 0 0 0 0
1981 -1 0 0 0 0 0
1982 -1 0 0 0 0 0
1983 -1 0 0 0 0 0
1984 -1 0 0 0 0 0
1985 -1 0 0 0 0 0
1986 -2 0 0 0 0 0
1987 -2 0 0 0 0 0
1988 -2 0 0 0 0 0
1989 -3 0 0 0 0 0
1990 -3 0 0 0 0 0
1991 -4 -1 0 0 0 0
1992 -4 -1 0 0 0 0
1993 -5 -1 0 0 0 0
1994 -6 -1 0 0 0 0
1995 -7 -1 0 0 0 0
1996 -8 -1 0 0 0 0
1997 -9 -1 0 0 0 0
1998 -11 -2 0 0 0 0
1999 -12 -2 0 0 0 0
2000 -14 -3 0 0 0 0
2001 -16 -1 0 0 0 0
2002 -19 -1 0 0 0 0
2003 -21 -2 0 0 0 0
2004 -24 -3 0 0 0 0
2005 -27 -2 0 0 0 0
2006 -30 -3 0 0 0 0
2007 -34 -4 0 0 0 0
2008 -38 -2 0 0 0 0
2009 -42 -17 0 0 0 0
2010 -47 -10 0 0 0 0
2011 -52 -5 0 0 0 0
2012 -57 -10 0 0 0 0
2013 -61 -19 0 0 0 0
2014 -68 -23 0 0 0 0
2015 -71 -25 0 0 0 0
2016 -77 -46 0 0 0 0
2017 -83 -43 0 0 0 0
2018 -89 -13 0 0 0 0
2019 -96 -19 0 0 0 0
2020 -102 -33 0 0 0 0
2021 -107 -41 0 0 0 0
2022 -113 -20 0 0 0 0
2023 -118 -22 0 0 0 0
Difference for: Hawaii
Year RUS+WAL EAL+BER GOA SEA+NBC SBC+WA OR+CA
1970 0 0 0 0 0 0
1971 0 0 0 -1 0 0
1972 0 0 0 -1 0 0
1973 0 0 0 -1 0 0
1974 0 -1 0 -2 0 0
1975 0 -1 0 -2 0 0
1976 0 -1 -1 -2 0 0
1977 0 -1 -1 -3 0 0
1978 0 -1 -1 -3 0 0
1979 0 -1 -1 -4 0 0
1980 0 -1 -1 -4 0 0
1981 0 -2 -1 -4 0 0
1982 0 -2 -1 -5 0 0
1983 0 -2 -1 -6 0 0
1984 0 -3 -2 -8 0 0
1985 0 -4 -2 -9 0 0
1986 -1 -4 -3 -11 -1 0
1987 -1 -5 -3 -13 -1 0
1988 -1 -6 -4 -16 -1 0
1989 -1 -7 -5 -19 -1 0
1990 -1 -9 -5 -22 -1 0
1991 -1 -10 -6 -26 -1 0
1992 -1 -12 -7 -30 -2 0
1993 -2 -14 -9 -35 -2 0
1994 -2 -17 -10 -40 -2 0
1995 -2 -20 -12 -47 -3 0
1996 -3 -23 -14 -55 -3 0
1997 -3 -27 -16 -64 -4 0
1998 -4 -32 -19 -74 -4 0
1999 -4 -38 -22 -86 -5 0
2000 -5 -50 -22 -123 -6 0
2001 -6 -22 -23 -84 -7 0
2002 -7 -18 -42 -30 -8 0
2003 -8 -38 -113 -92 -9 0
2004 -9 -57 -30 -101 -10 0
2005 -10 -47 -127 -443 -12 0
2006 -11 -56 -41 -258 -13 0
2007 -13 -88 -8 -36 -15 0
2008 -14 -47 -3 -33 -17 0
2009 -16 -363 -48 -348 -20 0
2010 -18 -201 -21 -121 -22 0
2011 -20 -108 -137 -833 -25 0
2012 -22 -215 -101 -216 -28 0
2013 -24 -417 -170 -1884 -31 0
2014 -27 -502 -1023 -2143 -35 0
2015 -29 -552 -537 -840 -38 0
2016 -31 -1033 -113 -1575 -42 0
2017 -34 -982 -316 -490 -46 0
2018 -37 -289 -101 -383 -49 0
2019 -40 -429 -216 -440 -53 0
2020 -43 -761 -133 -186 -57 0
2021 -46 -967 -48 -102 -61 0
2022 -49 -468 -21 -285 -66 0
2023 -52 -529 -19 -126 -70 0
Difference for: MX_AR
Year RUS+WAL EAL+BER GOA SEA+NBC SBC+WA OR+CA
1970 0 0 0 0 0 0
1971 0 0 0 0 0 0
1972 0 0 0 0 0 0
1973 0 0 0 0 0 0
1974 0 0 0 0 0 0
1975 0 0 0 0 0 0
1976 0 0 0 0 0 0
1977 0 0 0 0 0 0
1978 0 0 0 0 0 0
1979 0 0 0 0 0 0
1980 0 -1 0 0 0 0
1981 0 -1 0 0 0 0
1982 0 -1 0 0 0 0
1983 0 -1 0 0 0 0
1984 0 -1 0 0 0 0
1985 0 -1 -1 0 0 0
1986 0 -2 -1 0 0 0
1987 0 -2 -1 0 0 0
1988 0 -2 -1 0 0 0
1989 -1 -3 -1 -1 0 0
1990 -1 -3 -1 -1 0 0
1991 -1 -4 -1 -1 0 0
1992 -1 -4 -2 -1 0 0
1993 -1 -5 -2 -1 0 0
1994 -1 -6 -2 -1 0 0
1995 -1 -7 -3 -1 0 0
1996 -2 -8 -3 -2 0 0
1997 -2 -10 -4 -2 0 0
1998 -2 -11 -4 -2 0 -1
1999 -3 -13 -5 -3 0 -1
2000 -3 -18 -5 -4 -1 -1
2001 -4 -8 -5 -3 -1 -1
2002 -4 -6 -10 -1 -1 -1
2003 -5 -13 -26 -3 -1 -1
2004 -5 -20 -7 -3 -1 -1
2005 -6 -17 -30 -13 -1 -2
2006 -7 -20 -10 -8 -1 -2
2007 -8 -31 -2 -1 -1 -2
2008 -9 -17 -1 -1 -2 -2
2009 -10 -128 -11 -11 -2 -3
2010 -11 -71 -5 -4 -2 -3
2011 -12 -38 -32 -25 -2 -4
2012 -14 -76 -24 -7 -3 -4
2013 -15 -147 -40 -57 -3 -5
2014 -16 -177 -239 -65 -3 -6
2015 -18 -195 -125 -26 -4 -6
2016 -19 -364 -26 -48 -4 -7
2017 -21 -346 -74 -15 -4 -8
2018 -23 -102 -24 -12 -5 -9
2019 -25 -152 -51 -13 -5 -10
2020 -26 -269 -31 -6 -5 -11
2021 -28 -341 -11 -3 -6 -12
2022 -30 -165 -5 -9 -6 -14
2023 -32 -187 -4 -4 -7 -15
Difference for: MX_ML
Year RUS+WAL EAL+BER GOA SEA+NBC SBC+WA OR+CA
1970 0 0 0 0 0 0
1971 0 0 0 0 0 0
1972 0 0 0 0 0 0
1973 0 0 0 0 0 0
1974 0 0 0 0 0 0
1975 0 0 0 0 0 0
1976 0 0 0 0 0 0
1977 0 0 0 0 0 0
1978 0 0 0 0 0 0
1979 0 0 0 0 0 0
1980 0 0 0 0 0 0
1981 0 0 0 0 0 0
1982 0 0 0 0 0 0
1983 0 0 0 0 0 0
1984 0 -1 0 0 0 0
1985 0 -1 0 0 0 -1
1986 0 -1 0 0 0 -1
1987 0 -1 0 0 0 -1
1988 0 -1 0 0 0 -1
1989 0 -1 0 -1 0 -1
1990 0 -2 0 -1 0 -1
1991 0 -2 0 -1 0 -1
1992 0 -2 0 -1 -1 -2
1993 -1 -3 -1 -1 -1 -2
1994 -1 -3 -1 -1 -1 -2
1995 -1 -4 -1 -1 -1 -3
1996 -1 -4 -1 -2 -1 -3
1997 -1 -5 -1 -2 -1 -3
1998 -1 -6 -1 -2 -1 -4
1999 -1 -7 -1 -3 -2 -5
2000 -2 -10 -1 -4 -2 -6
2001 -2 -4 -1 -2 -2 -7
2002 -2 -3 -3 -1 -3 -8
2003 -2 -7 -7 -3 -3 -9
2004 -3 -11 -2 -3 -4 -10
2005 -3 -9 -8 -13 -4 -12
2006 -4 -11 -3 -8 -5 -14
2007 -4 -17 -1 -1 -5 -16
2008 -4 -9 0 -1 -6 -19
2009 -5 -68 -3 -10 -7 -22
2010 -6 -37 -1 -3 -8 -25
2011 -6 -20 -9 -24 -8 -29
2012 -7 -40 -6 -6 -10 -34
2013 -7 -77 -11 -54 -11 -39
2014 -8 -93 -64 -61 -12 -44
2015 -9 -102 -34 -24 -13 -49
2016 -10 -190 -7 -45 -14 -53
2017 -10 -180 -20 -14 -15 -60
2018 -11 -53 -6 -11 -16 -65
2019 -12 -78 -13 -12 -18 -73
2020 -13 -138 -8 -5 -19 -83
2021 -14 -175 -3 -3 -20 -92
2022 -15 -85 -1 -8 -22 -103
2023 -15 -95 -1 -4 -23 -115
Difference for: Central_Am
Year RUS+WAL EAL+BER GOA SEA+NBC SBC+WA OR+CA
1970 0 0 0 0 0 0
1971 0 0 0 0 0 0
1972 0 0 0 0 0 0
1973 0 0 0 0 0 0
1974 0 0 0 0 0 0
1975 0 0 0 0 0 0
1976 0 0 0 0 0 0
1977 0 0 0 0 0 0
1978 0 0 0 0 0 0
1979 0 0 0 0 0 0
1980 0 0 0 0 0 0
1981 0 0 0 0 0 0
1982 0 0 0 0 0 0
1983 0 0 0 0 0 0
1984 0 0 0 0 0 0
1985 0 0 0 0 0 0
1986 0 0 0 0 0 0
1987 0 0 0 0 0 0
1988 0 0 0 0 0 0
1989 0 0 0 0 0 0
1990 0 0 0 0 0 -1
1991 0 0 0 0 0 -1
1992 0 0 0 0 0 -1
1993 0 0 0 0 0 -1
1994 0 0 0 0 0 -1
1995 0 0 0 0 0 -1
1996 0 0 0 0 0 -1
1997 0 0 0 0 0 -2
1998 0 0 0 0 0 -2
1999 0 0 0 0 0 -2
2000 0 0 0 0 -1 -3
2001 0 0 0 0 -1 -3
2002 0 0 0 0 -1 -3
2003 0 0 0 0 -1 -4
2004 0 0 0 0 -1 -5
2005 0 0 0 0 -1 -5
2006 0 0 0 0 -1 -6
2007 0 0 0 0 -1 -7
2008 0 0 0 0 -2 -9
2009 0 0 0 0 -2 -10
2010 0 0 0 0 -2 -11
2011 0 0 0 0 -2 -13
2012 0 0 0 0 -2 -15
2013 0 0 0 0 -3 -18
2014 0 0 0 0 -3 -20
2015 0 0 0 0 -3 -22
2016 0 0 0 0 -4 -24
2017 0 0 0 0 -4 -27
2018 0 0 0 0 -4 -30
2019 0 0 0 0 -5 -34
2020 0 0 0 0 -5 -38
2021 0 0 0 0 -5 -42
2022 0 0 0 0 -6 -47
2023 0 0 0 0 -6 -53

Total survival over time
Values for breeding stock: Asia
Year RUS+WAL EAL+BER GOA SEA+NBC SBC+WA OR+CA
1970 0.993 0.981 0 0 0 0
1971 1.341 1.334 0 0 0 0
1972 1.216 1.251 0 0 0 0
1973 1.199 1.197 0 0 0 0
1974 1.162 1.161 0 0 0 0
1975 1.136 1.135 0 0 0 0
1976 1.116 1.115 0 0 0 0
1977 1.101 1.1 0 0 0 0
1978 1.088 1.087 0 0 0 0
1979 1.077 1.077 0 0 0 0
1980 1.068 1.067 0 0 0 0
1981 1.094 1.093 0 0 0 0
1982 1.112 1.111 0 0 0 0
1983 1.122 1.122 0 0 0 0
1984 1.127 1.127 0 0 0 0
1985 1.127 1.127 0 0 0 0
1986 1.125 1.125 0 0 0 0
1987 1.12 1.121 0 0 0 0
1988 1.115 1.115 0 0 0 0
1989 1.109 1.109 0 0 0 0
1990 1.102 1.103 0 0 0 0
1991 1.1 1.101 0 0 0 0
1992 1.1 1.1 0 0 0 0
1993 1.101 1.102 0 0 0 0
1994 1.102 1.103 0 0 0 0
1995 1.103 1.104 0 0 0 0
1996 1.104 1.105 0 0 0 0
1997 1.103 1.104 0 0 0 0
1998 1.102 1.103 0 0 0 0
1999 1.1 1.101 0 0 0 0
2000 1.097 1.096 0 0 0 0
2001 1.095 1.107 0 0 0 0
2002 1.092 1.112 0 0 0 0
2003 1.09 1.106 0 0 0 0
2004 1.088 1.099 0 0 0 0
2005 1.086 1.101 0 0 0 0
2006 1.084 1.102 0 0 0 0
2007 1.082 1.095 0 0 0 0
2008 1.081 1.104 0 0 0 0
2009 1.079 1.041 0 0 0 0
2010 1.076 1.057 0 0 0 0
2011 1.074 1.089 0 0 0 0
2012 1.071 1.077 0 0 0 0
2013 1.063 1.032 0 0 0 0
2014 1.075 1.024 0 0 0 0
2015 1.037 0.978 0 0 0 0
2016 1.065 0.921 0 0 0 0
2017 1.063 0.895 0 0 0 0
2018 1.059 1.022 0 0 0 0
2019 1.063 1.031 0 0 0 0
2020 1.051 0.94 0 0 0 0
2021 1.048 0.862 0 0 0 0
2022 1.046 0.949 0 0 0 0
2023 1.044 0.947 0 0 0 0
Values for breeding stock: Hawaii
Year RUS+WAL EAL+BER GOA SEA+NBC SBC+WA OR+CA
1970 1.007 0.995 0.975 0.986 1.004 0
1971 1.355 1.348 1.355 1.343 1.353 0
1972 1.228 1.263 1.265 1.256 1.264 0
1973 1.21 1.209 1.21 1.202 1.209 0
1974 1.173 1.172 1.172 1.165 1.172 0
1975 1.146 1.145 1.145 1.139 1.146 0
1976 1.126 1.125 1.125 1.119 1.124 0
1977 1.11 1.109 1.109 1.103 1.109 0
1978 1.097 1.097 1.096 1.091 1.096 0
1979 1.087 1.086 1.086 1.08 1.086 0
1980 1.078 1.077 1.077 1.072 1.078 0
1981 1.104 1.103 1.103 1.098 1.103 0
1982 1.122 1.121 1.121 1.115 1.121 0
1983 1.132 1.132 1.131 1.126 1.132 0
1984 1.137 1.136 1.135 1.131 1.136 0
1985 1.137 1.137 1.135 1.131 1.136 0
1986 1.134 1.134 1.132 1.128 1.134 0
1987 1.129 1.13 1.128 1.123 1.129 0
1988 1.124 1.124 1.122 1.118 1.124 0
1989 1.117 1.118 1.116 1.113 1.118 0
1990 1.111 1.111 1.109 1.106 1.111 0
1991 1.108 1.109 1.106 1.104 1.109 0
1992 1.108 1.109 1.106 1.103 1.109 0
1993 1.109 1.11 1.107 1.105 1.11 0
1994 1.111 1.111 1.109 1.106 1.112 0
1995 1.112 1.112 1.11 1.107 1.113 0
1996 1.112 1.113 1.11 1.107 1.113 0
1997 1.112 1.113 1.109 1.106 1.114 0
1998 1.11 1.111 1.108 1.105 1.113 0
1999 1.108 1.109 1.106 1.102 1.11 0
2000 1.106 1.104 1.106 1.095 1.108 0
2001 1.103 1.115 1.106 1.102 1.106 0
2002 1.1 1.121 1.093 1.117 1.103 0
2003 1.098 1.114 1.041 1.109 1.101 0
2004 1.096 1.107 1.087 1.104 1.099 0
2005 1.094 1.11 1.043 1.051 1.094 0
2006 1.092 1.11 1.083 1.067 1.093 0
2007 1.091 1.103 1.119 1.113 1.098 0
2008 1.089 1.113 1.131 1.125 1.084 0
2009 1.087 1.049 1.109 1.086 1.095 0
2010 1.085 1.065 1.117 1.101 1.086 0
2011 1.083 1.098 1.071 1.035 1.082 0
2012 1.08 1.086 1.072 1.083 1.088 0
2013 1.078 1.047 1.054 0.932 1.086 0
2014 1.075 1.024 0.721 0.842 1.078 0
2015 1.074 1.013 0.765 0.961 1.075 0
2016 1.072 0.926 0.991 0.878 1.074 0
2017 1.069 0.9 0.888 1.004 1.07 0
2018 1.067 1.03 1.003 1.055 1.058 0
2019 1.065 1.033 0.937 1.054 1.068 0
2020 1.063 0.951 0.979 1.094 1.059 0
2021 1.061 0.873 1.069 1.121 1.063 0
2022 1.059 0.962 1.123 1.099 1.063 0
2023 1.058 0.96 1.127 1.111 1.056 0
Values for breeding stock: MX_AR
Year RUS+WAL EAL+BER GOA SEA+NBC SBC+WA OR+CA
1970 1.007 0.995 0.975 0.986 1.004 0.948
1971 1.355 1.348 1.355 1.343 1.353 1.342
1972 1.228 1.263 1.265 1.256 1.264 1.255
1973 1.21 1.209 1.21 1.202 1.209 1.201
1974 1.173 1.172 1.173 1.165 1.172 1.161
1975 1.146 1.145 1.145 1.139 1.146 1.135
1976 1.126 1.125 1.125 1.119 1.124 1.115
1977 1.11 1.109 1.109 1.103 1.109 1.099
1978 1.097 1.097 1.097 1.091 1.096 1.087
1979 1.087 1.086 1.086 1.08 1.086 1.077
1980 1.078 1.077 1.077 1.072 1.078 1.067
1981 1.104 1.104 1.103 1.098 1.103 1.093
1982 1.122 1.121 1.121 1.115 1.121 1.111
1983 1.132 1.132 1.131 1.126 1.132 1.122
1984 1.137 1.136 1.135 1.131 1.136 1.129
1985 1.137 1.137 1.135 1.131 1.136 1.129
1986 1.134 1.134 1.132 1.128 1.134 1.127
1987 1.129 1.13 1.128 1.123 1.129 1.123
1988 1.124 1.124 1.122 1.118 1.124 1.118
1989 1.117 1.118 1.116 1.113 1.118 1.114
1990 1.111 1.111 1.109 1.106 1.111 1.109
1991 1.108 1.109 1.107 1.104 1.109 1.105
1992 1.108 1.109 1.106 1.103 1.109 1.105
1993 1.109 1.11 1.107 1.105 1.11 1.108
1994 1.111 1.111 1.109 1.106 1.112 1.11
1995 1.112 1.113 1.11 1.107 1.113 1.112
1996 1.112 1.113 1.11 1.107 1.113 1.114
1997 1.112 1.113 1.109 1.107 1.114 1.114
1998 1.11 1.111 1.108 1.105 1.113 1.114
1999 1.108 1.109 1.106 1.102 1.11 1.112
2000 1.106 1.104 1.106 1.095 1.108 1.113
2001 1.103 1.115 1.106 1.102 1.106 1.111
2002 1.1 1.121 1.093 1.117 1.103 1.109
2003 1.098 1.114 1.041 1.109 1.101 1.107
2004 1.096 1.107 1.087 1.104 1.099 1.107
2005 1.094 1.11 1.043 1.051 1.094 1.105
2006 1.092 1.11 1.083 1.067 1.093 1.104
2007 1.091 1.103 1.119 1.113 1.098 1.106
2008 1.089 1.113 1.131 1.125 1.084 1.11
2009 1.087 1.049 1.109 1.086 1.095 1.109
2010 1.085 1.065 1.117 1.101 1.086 1.103
2011 1.083 1.098 1.071 1.035 1.082 1.106
2012 1.08 1.086 1.072 1.083 1.088 1.106
2013 1.078 1.047 1.054 0.932 1.086 1.106
2014 1.075 1.024 0.721 0.842 1.078 1.094
2015 1.074 1.013 0.765 0.961 1.075 1.079
2016 1.072 0.926 0.991 0.878 1.074 1.068
2017 1.069 0.9 0.888 1.004 1.07 1.088
2018 1.067 1.03 1.003 1.055 1.058 1.077
2019 1.065 1.033 0.938 1.054 1.068 1.087
2020 1.063 0.951 0.979 1.094 1.059 1.091
2021 1.061 0.873 1.069 1.121 1.063 1.084
2022 1.059 0.962 1.123 1.099 1.063 1.084
2023 1.058 0.96 1.127 1.111 1.056 1.082
Values for breeding stock: MX_ML
Year RUS+WAL EAL+BER GOA SEA+NBC SBC+WA OR+CA
1970 0.998 0.987 0.967 0.978 0.996 0.94
1971 1.346 1.338 1.345 1.333 1.344 1.333
1972 1.22 1.255 1.257 1.247 1.256 1.247
1973 1.203 1.202 1.203 1.195 1.203 1.194
1974 1.167 1.165 1.166 1.159 1.166 1.155
1975 1.14 1.139 1.139 1.133 1.14 1.129
1976 1.12 1.119 1.119 1.113 1.119 1.109
1977 1.105 1.104 1.104 1.098 1.103 1.094
1978 1.092 1.091 1.091 1.085 1.091 1.082
1979 1.082 1.081 1.081 1.075 1.081 1.071
1980 1.073 1.072 1.072 1.066 1.072 1.062
1981 1.099 1.098 1.098 1.092 1.098 1.088
1982 1.117 1.116 1.115 1.11 1.116 1.106
1983 1.127 1.127 1.126 1.121 1.127 1.117
1984 1.131 1.131 1.13 1.125 1.131 1.124
1985 1.132 1.132 1.131 1.127 1.131 1.124
1986 1.129 1.13 1.128 1.124 1.129 1.123
1987 1.125 1.125 1.123 1.118 1.125 1.119
1988 1.119 1.12 1.118 1.114 1.12 1.114
1989 1.113 1.114 1.111 1.109 1.113 1.11
1990 1.107 1.107 1.105 1.102 1.107 1.105
1991 1.104 1.105 1.103 1.1 1.105 1.101
1992 1.104 1.105 1.103 1.099 1.105 1.102
1993 1.105 1.106 1.104 1.102 1.106 1.104
1994 1.107 1.108 1.105 1.102 1.108 1.107
1995 1.108 1.109 1.106 1.104 1.109 1.108
1996 1.109 1.11 1.106 1.103 1.11 1.11
1997 1.108 1.109 1.106 1.103 1.111 1.111
1998 1.107 1.108 1.105 1.102 1.11 1.111
1999 1.105 1.106 1.103 1.099 1.107 1.109
2000 1.102 1.101 1.103 1.092 1.105 1.11
2001 1.1 1.112 1.103 1.099 1.103 1.107
2002 1.097 1.118 1.09 1.114 1.1 1.107
2003 1.095 1.112 1.038 1.106 1.098 1.105
2004 1.093 1.104 1.084 1.101 1.096 1.104
2005 1.091 1.106 1.04 1.048 1.09 1.102
2006 1.09 1.107 1.08 1.065 1.091 1.102
2007 1.088 1.101 1.117 1.11 1.095 1.104
2008 1.086 1.11 1.128 1.123 1.082 1.107
2009 1.084 1.046 1.106 1.083 1.092 1.106
2010 1.082 1.063 1.114 1.098 1.084 1.1
2011 1.08 1.095 1.068 1.032 1.079 1.104
2012 1.078 1.083 1.069 1.08 1.085 1.103
2013 1.076 1.044 1.051 0.93 1.083 1.103
2014 1.073 1.022 0.719 0.84 1.075 1.091
2015 1.071 1.01 0.763 0.958 1.072 1.076
2016 1.069 0.923 0.988 0.875 1.071 1.065
2017 1.066 0.897 0.886 1.001 1.067 1.085
2018 1.064 1.027 1 1.053 1.055 1.074
2019 1.062 1.03 0.935 1.052 1.065 1.084
2020 1.058 0.947 0.975 1.09 1.055 1.087
2021 1.059 0.871 1.066 1.119 1.06 1.082
2022 1.058 0.96 1.121 1.097 1.061 1.082
2023 1.055 0.957 1.124 1.108 1.053 1.079
Values for breeding stock: Central_Am
Year RUS+WAL EAL+BER GOA SEA+NBC SBC+WA OR+CA
1970 0 0 0 0 0.995 0.94
1971 0 0 0 0 1.344 1.333
1972 0 0 0 0 1.257 1.248
1973 0 0 0 0 1.201 1.193
1974 0 0 0 0 1.165 1.154
1975 0 0 0 0 1.139 1.129
1976 0 0 0 0 1.119 1.109
1977 0 0 0 0 1.104 1.094
1978 0 0 0 0 1.09 1.081
1979 0 0 0 0 1.08 1.071
1980 0 0 0 0 1.072 1.062
1981 0 0 0 0 1.098 1.088
1982 0 0 0 0 1.115 1.105
1983 0 0 0 0 1.126 1.116
1984 0 0 0 0 1.131 1.123
1985 0 0 0 0 1.131 1.124
1986 0 0 0 0 1.129 1.122
1987 0 0 0 0 1.125 1.119
1988 0 0 0 0 1.119 1.113
1989 0 0 0 0 1.113 1.109
1990 0 0 0 0 1.107 1.105
1991 0 0 0 0 1.105 1.101
1992 0 0 0 0 1.105 1.101
1993 0 0 0 0 1.106 1.104
1994 0 0 0 0 1.108 1.106
1995 0 0 0 0 1.109 1.108
1996 0 0 0 0 1.11 1.11
1997 0 0 0 0 1.111 1.111
1998 0 0 0 0 1.11 1.111
1999 0 0 0 0 1.107 1.109
2000 0 0 0 0 1.105 1.11
2001 0 0 0 0 1.103 1.107
2002 0 0 0 0 1.1 1.106
2003 0 0 0 0 1.098 1.104
2004 0 0 0 0 1.096 1.104
2005 0 0 0 0 1.091 1.102
2006 0 0 0 0 1.091 1.102
2007 0 0 0 0 1.095 1.104
2008 0 0 0 0 1.082 1.107
2009 0 0 0 0 1.092 1.106
2010 0 0 0 0 1.084 1.101
2011 0 0 0 0 1.079 1.104
2012 0 0 0 0 1.086 1.103
2013 0 0 0 0 1.083 1.103
2014 0 0 0 0 1.076 1.091
2015 0 0 0 0 1.073 1.076
2016 0 0 0 0 1.072 1.066
2017 0 0 0 0 1.068 1.086
2018 0 0 0 0 1.056 1.075
2019 0 0 0 0 1.067 1.086
2020 0 0 0 0 1.056 1.088
2021 0 0 0 0 1.06 1.082
2022 0 0 0 0 1.061 1.082
2023 0 0 0 0 1.054 1.08

Numbers over time by herd
Values for breeding stock: Asia
Year RUS+WAL EAL+BER GOA SEA+NBC SBC+WA OR+CA
1970 55 9 0 0 0 0
1971 73 12 0 0 0 0
1972 85 14 0 0 0 0
1973 97 16 0 0 0 0
1974 109 18 0 0 0 0
1975 120 20 0 0 0 0
1976 131 22 0 0 0 0
1977 140 24 0 0 0 0
1978 149 25 0 0 0 0
1979 157 26 0 0 0 0
1980 165 28 0 0 0 0
1981 177 30 0 0 0 0
1982 193 32 0 0 0 0
1983 211 35 0 0 0 0
1984 231 39 0 0 0 0
1985 254 42 0 0 0 0
1986 278 47 0 0 0 0
1987 304 51 0 0 0 0
1988 330 55 0 0 0 0
1989 357 60 0 0 0 0
1990 384 64 0 0 0 0
1991 413 69 0 0 0 0
1992 443 74 0 0 0 0
1993 477 80 0 0 0 0
1994 513 86 0 0 0 0
1995 553 93 0 0 0 0
1996 596 100 0 0 0 0
1997 642 108 0 0 0 0
1998 691 116 0 0 0 0
1999 742 125 0 0 0 0
2000 795 134 0 0 0 0
2001 850 143 0 0 0 0
2002 907 155 0 0 0 0
2003 966 168 0 0 0 0
2004 1026 181 0 0 0 0
2005 1089 194 0 0 0 0
2006 1154 208 0 0 0 0
2007 1221 224 0 0 0 0
2008 1289 239 0 0 0 0
2009 1359 258 0 0 0 0
2010 1430 257 0 0 0 0
2011 1501 269 0 0 0 0
2012 1572 287 0 0 0 0
2013 1633 299 0 0 0 0
2014 1718 303 0 0 0 0
2015 1740 292 0 0 0 0
2016 1813 287 0 0 0 0
2017 1885 254 0 0 0 0
2018 1953 223 0 0 0 0
2019 2031 231 0 0 0 0
2020 2086 228 0 0 0 0
2021 2138 206 0 0 0 0
2022 2187 172 0 0 0 0
2023 2231 164 0 0 0 0
Values for breeding stock: Hawaii
Year RUS+WAL EAL+BER GOA SEA+NBC SBC+WA OR+CA
1970 15 138 73 311 22 0
1971 20 185 98 415 29 0
1972 24 222 118 495 35 0
1973 28 258 137 571 41 0
1974 31 292 155 643 46 0
1975 35 324 173 710 51 0
1976 38 354 189 772 56 0
1977 41 383 204 831 61 0
1978 44 410 219 886 65 0
1979 47 436 233 937 69 0
1980 50 461 246 984 73 0
1981 54 499 266 1060 79 0
1982 59 547 292 1156 87 0
1983 66 604 322 1270 96 0
1984 73 669 356 1399 106 0
1985 80 740 394 1542 117 0
1986 89 818 434 1694 129 0
1987 98 900 477 1853 142 0
1988 107 986 521 2020 156 0
1989 117 1075 567 2194 170 0
1990 126 1165 614 2369 184 0
1991 137 1262 664 2555 199 0
1992 148 1368 718 2754 216 0
1993 161 1483 776 2975 234 0
1994 174 1610 841 3214 254 0
1995 189 1749 911 3476 276 0
1996 205 1901 987 3757 300 0
1997 223 2065 1069 4059 326 0
1998 242 2239 1157 4379 354 0
1999 261 2425 1249 4713 384 0
2000 282 2620 1345 5066 415 0
2001 304 2815 1451 5394 448 0
2002 327 3071 1565 5816 483 0
2003 350 3357 1662 6353 519 0
2004 375 3640 1669 6843 557 0
2005 401 3926 1803 7372 595 0
2006 428 4257 1807 7465 636 0
2007 456 4610 1939 7864 682 0
2008 486 4953 2133 8632 722 0
2009 516 5397 2350 9462 773 0
2010 547 5424 2524 9887 821 0
2011 579 5708 2757 10727 867 0
2012 612 6155 2837 10634 922 0
2013 645 6489 2987 11452 979 0
2014 678 6575 3043 10025 1032 1
2015 711 6564 2037 8217 1084 0
2016 745 6496 1559 7965 1139 0
2017 779 5790 1587 6715 1191 0
2018 813 5109 1337 6819 1231 0
2019 847 5313 1357 7061 1286 0
2020 880 5305 1219 7236 1331 0
2021 913 4853 1179 7804 1383 0
2022 946 4107 1259 8533 1438 0
2023 978 3954 1377 9037 1484 0
Values for breeding stock: MX_AR
Year RUS+WAL EAL+BER GOA SEA+NBC SBC+WA OR+CA
1970 9 49 17 9 2 7
1971 13 65 23 13 3 10
1972 15 78 28 15 3 11
1973 17 91 32 17 4 13
1974 19 103 36 20 4 15
1975 21 114 40 22 5 16
1976 24 125 44 23 5 18
1977 25 135 48 25 6 19
1978 27 145 51 27 6 20
1979 29 154 54 28 7 21
1980 31 162 57 30 7 22
1981 33 176 62 32 8 24
1982 37 193 68 35 8 26
1983 40 213 75 39 9 28
1984 45 236 83 43 10 31
1985 49 261 92 47 11 34
1986 55 288 101 52 12 37
1987 60 317 111 56 14 41
1988 66 348 122 61 15 45
1989 72 379 132 67 16 48
1990 78 411 143 72 18 52
1991 84 445 155 78 19 56
1992 91 482 167 84 21 61
1993 99 523 181 90 22 66
1994 107 568 196 98 24 71
1995 116 617 213 106 26 77
1996 126 670 230 114 29 84
1997 137 728 250 123 31 91
1998 149 790 270 133 34 99
1999 161 855 292 143 37 108
2000 174 924 314 154 40 117
2001 187 993 339 164 43 127
2002 201 1083 365 177 46 137
2003 215 1184 388 193 50 148
2004 231 1284 390 208 53 160
2005 247 1385 421 224 57 173
2006 263 1502 422 227 61 186
2007 281 1626 453 239 65 201
2008 299 1748 498 263 69 218
2009 317 1904 549 288 74 236
2010 337 1914 589 301 78 254
2011 356 2014 644 326 83 275
2012 376 2172 662 324 88 297
2013 397 2289 697 348 94 320
2014 417 2320 711 305 99 342
2015 438 2317 476 250 104 360
2016 458 2293 364 242 109 376
2017 479 2043 371 204 114 399
2018 500 1803 312 208 118 420
2019 521 1875 317 215 123 446
2020 541 1872 285 220 127 475
2021 562 1713 275 238 132 504
2022 582 1449 294 260 137 534
2023 602 1396 322 275 142 565
Values for breeding stock: MX_ML
Year RUS+WAL EAL+BER GOA SEA+NBC SBC+WA OR+CA
1970 5 30 5 10 9 65
1971 7 40 7 14 12 86
1972 9 48 9 16 14 102
1973 10 55 10 19 16 117
1974 11 62 11 21 18 131
1975 12 68 12 23 20 143
1976 13 74 14 25 22 154
1977 14 80 15 27 23 165
1978 15 85 16 28 25 174
1979 16 90 16 30 26 182
1980 17 95 17 31 28 190
1981 18 102 19 34 30 203
1982 20 111 20 36 33 219
1983 22 123 22 40 36 239
1984 24 135 25 44 39 261
1985 27 149 27 48 43 286
1986 30 164 30 53 48 312
1987 32 180 32 57 52 340
1988 35 196 35 62 57 369
1989 38 213 38 67 62 399
1990 41 230 41 72 67 430
1991 45 248 44 78 72 463
1992 48 268 48 84 78 498
1993 52 290 52 90 84 536
1994 56 313 56 97 91 579
1995 61 339 60 104 99 627
1996 66 368 65 113 107 679
1997 71 398 70 121 116 736
1998 77 430 76 130 126 797
1999 83 465 82 140 136 862
2000 90 501 88 150 147 933
2001 96 537 94 159 158 1008
2002 103 584 101 171 169 1088
2003 110 637 107 187 182 1173
2004 118 689 108 200 195 1265
2005 126 740 116 215 207 1360
2006 134 801 116 218 221 1463
2007 142 865 124 229 236 1576
2008 151 928 136 250 250 1704
2009 160 1008 150 274 267 1840
2010 170 1011 160 285 282 1977
2011 179 1061 175 309 298 2130
2012 189 1142 179 305 316 2294
2013 198 1201 188 328 335 2472
2014 208 1214 192 287 352 2633
2015 218 1209 128 234 369 2765
2016 227 1193 98 226 386 2875
2017 237 1060 99 190 403 3048
2018 247 933 83 193 415 3197
2019 256 968 84 199 432 3386
2020 265 962 75 203 446 3595
2021 275 878 73 219 462 3801
2022 284 742 78 239 480 4020
2023 293 712 85 252 494 4239
Values for breeding stock: Central_Am
Year RUS+WAL EAL+BER GOA SEA+NBC SBC+WA OR+CA
1970 0 0 0 0 2 30
1971 0 0 0 0 3 40
1972 0 0 0 0 4 47
1973 0 0 0 0 4 54
1974 0 0 0 0 5 60
1975 0 0 0 0 5 66
1976 0 0 0 0 6 71
1977 0 0 0 0 6 76
1978 0 0 0 0 6 80
1979 0 0 0 0 7 84
1980 0 0 0 0 7 87
1981 0 0 0 0 8 93
1982 0 0 0 0 8 101
1983 0 0 0 0 9 109
1984 0 0 0 0 10 120
1985 0 0 0 0 11 131
1986 0 0 0 0 12 143
1987 0 0 0 0 13 156
1988 0 0 0 0 15 169
1989 0 0 0 0 16 183
1990 0 0 0 0 17 197
1991 0 0 0 0 18 212
1992 0 0 0 0 20 228
1993 0 0 0 0 21 245
1994 0 0 0 0 23 265
1995 0 0 0 0 25 287
1996 0 0 0 0 27 311
1997 0 0 0 0 29 336
1998 0 0 0 0 32 364
1999 0 0 0 0 34 394
2000 0 0 0 0 37 427
2001 0 0 0 0 40 461
2002 0 0 0 0 43 498
2003 0 0 0 0 46 536
2004 0 0 0 0 49 578
2005 0 0 0 0 53 622
2006 0 0 0 0 56 669
2007 0 0 0 0 60 720
2008 0 0 0 0 63 779
2009 0 0 0 0 68 841
2010 0 0 0 0 72 904
2011 0 0 0 0 76 974
2012 0 0 0 0 80 1049
2013 0 0 0 0 85 1131
2014 0 0 0 0 89 1205
2015 0 0 0 0 94 1267
2016 0 0 0 0 98 1318
2017 0 0 0 0 102 1398
2018 0 0 0 0 106 1467
2019 0 0 0 0 110 1556
2020 0 0 0 0 114 1655
2021 0 0 0 0 118 1749
2022 0 0 0 0 122 1849
2023 0 0 0 0 126 1952

Catch numbers by breeding stock
Year Asia Hawaii MX_AR MX_ML Central_Am
1970 0.9 0 0 1.1 0.3
1971 0.9 0 0 1.2 0.3
1972 1 0 0 1.3 0.3
1973 1.1 0 0 1.3 0.4
1974 1.2 0.1 0 1.4 0.4
1975 1.2 0.1 0 1.5 0.4
1976 1.3 0.1 0 1.6 0.4
1977 1.4 0.1 0 1.6 0.4
1978 1.5 0.1 0 1.7 0.5
1979 1.6 0.1 0 1.8 0.5
1980 1.8 0.1 0 1.9 0.5
1981 1.9 0.1 0 2 0.5
1982 2 0.1 0 2.1 0.6
1983 2.2 0.1 0 2.2 0.6
1984 2.3 0.1 0 2.4 0.6
1985 2.5 0.1 0 2.5 0.7
1986 2.6 0.1 0 2.6 0.7
1987 2.8 0.1 0 2.8 0.7
1988 3 0.1 0 2.9 0.8
1989 3.2 0.1 0 3.1 0.8
1990 3.5 0.2 0 3.2 0.8
1991 3.7 0.2 0 3.4 0.9
1992 4 0.2 0 3.6 0.9
1993 4.3 0.2 0 3.8 1
1994 4.6 0.2 0 4 1
1995 4.9 0.2 0 4.2 1.1
1996 5.2 0.2 0 4.4 1.1
1997 5.6 0.2 0 4.7 1.2
1998 6 0.2 0 4.9 1.2
1999 6.4 0.2 0 5.2 1.3
2000 6.9 0.3 0 5.5 1.4
2001 7.3 0.3 0 5.8 1.4
2002 7.9 0 0 5.8 1.5
2003 8.4 0 0 5.8 1.6
2004 9 0 0 6.7 1.7
2005 9.6 0 0 8.1 1.8
2006 10.3 1 0 6.8 1.8
2007 11.1 0 0 7.7 1.9
2008 11.8 0 0 7.9 2
2009 12.7 0 0 9 2.1
2010 13.6 0 0 9.3 2.2
2011 14.5 0.8 0 10.6 2.4
2012 15.5 0 0 10.9 2.5
2013 28 0 0 10.8 2.6
2014 0 5 0 13 2.7
2015 72 0 0 14.2 2.9
2016 12 0.1 0 14.2 3
2017 12 0.1 0 13.4 3.2
2018 16 0.1 0 13.4 3.3
2019 4 0.4 0 13.4 1.7
2020 26.8 0.4 0 23.8 5
2021 28.6 0.4 0 12.8 4.7
2022 30.7 0.4 0 10.5 3.7
2023 32.8 0.4 0 18.4 4.2

Catch numbers by feeding ground
Year RUS+WAL EAL+BER GOA SEA+NBC SBC+WA OR+CA
1970 0 2.7 3.1 6.8 0.1 6.4
1971 0 1.8 0.1 4 0.1 1.5
1972 4 0.8 0.1 4.1 0.1 1.6
1973 0 0.8 0.1 4.3 0.1 1.7
1974 0 0.8 0.1 4.5 0.1 2.5
1975 0 0.8 0.2 4.7 0.1 2.7
1976 0 0.8 0.2 4.9 0.2 2.9
1977 0 0.8 0.2 5.2 0.2 3.1
1978 0 0.8 0.2 5.4 0.2 3.3
1979 0 1 0.2 5.6 0.2 3.5
1980 0 1 0.2 5.9 0.2 3.9
1981 0 1 0.3 6.1 0.3 4.2
1982 0 1 0.4 6.5 0.3 4.5
1983 0 1 0.4 6.7 0.3 4.8
1984 0 1 0.5 7.1 0.4 4.6
1985 0 1 0.5 6.7 0.4 5
1986 0 1 0.7 7.8 0.4 5.4
1987 0 1 0.7 10 0.5 5.8
1988 0 1.1 0.8 8.5 0.5 6.3
1989 0 0.9 0.8 6.1 0.6 6.1
1990 0 1 0.8 7.4 0.7 5.8
1991 0 1 0.9 8.2 0.7 7.6
1992 0 1.1 0.9 9.8 0.8 8.3
1993 0 1.1 1 7.1 0.9 8.6
1994 0 1.2 1 9.3 1 8.8
1995 0 1.2 1 9.3 1.1 9.6
1996 0 1.2 1.1 12.7 1.2 9.9
1997 0 1.2 1.3 12.7 0.9 10.7
1998 0 3 1.4 14.7 1.2 12
1999 0 2.6 1.4 17.4 1.7 13.5
2000 0 1.2 1.5 14.1 1.5 11.6
2001 0 1.2 1.8 16.4 1.7 13.4
2002 0 2.4 1.9 13.8 1.9 13.7
2003 0 1.4 2 18.9 2.3 16
2004 0 1.4 2.3 22 2.5 15.9
2005 0 1.6 2.3 23.3 5.8 20.1
2006 0 1.6 2.4 22.7 5.3 22.1
2007 0 0.1 7.3 18.4 0 18.1
2008 0 0.1 4.3 19.7 12.4 8.8
2009 0 0.1 4.3 24.1 0 9.8
2010 0 6.1 0.8 44.5 7 24.5
2011 0 3.1 4 28.4 11 11.9
2012 0 4.1 8.8 11.6 0 10
2013 0 0.1 4 31.6 0 4.7
2014 0 0.1 11.8 43.7 7 45.2
2015 0 4.1 12 51 9.1 103.4
2016 0 4.1 4.8 34.8 7.1 150.3
2017 0 4.1 2.1 16.3 11.1 60.3
2018 0 1.1 4 26.6 30.1 111.1
2019 0 4.1 6 27.3 9.1 61
2020 0 1.1 0 24 23 31.2
2021 0 2.2 7 33.7 13 62.4
2022 0 4.3 0.8 22.3 8 56
2023 0 3.6 9.1 40.1 19.2 59.7
