Stock structure: B2F1; Model type = BC
Mortality impacts feeding grounds
Recuitment related to unfished
Staying rate: 0
Age-at-matrity: 8
Base adult survival: 0
Mirrored survival
Sigma for survival devs: 6
Additional variance estimated
Weight for mark-recapture proportions: 1
Weight for genetics proportions: 1


Total objective fn: 209.41593824838
Negative log-likelihood fn: 7.78535164286254

Natural Survival by feeding ground
RUS+WAL,EAL+BER,GOA,SEA+NBC,SBC+WA,OR+CA
1970 0.96 0.96 0.96 0.96 0.96 0.96
1971 0.96 0.96 0.96 0.96 0.96 0.96
1972 0.96 0.96 0.96 0.96 0.96 0.96
1973 0.96 0.96 0.96 0.96 0.96 0.96
1974 0.96 0.96 0.96 0.96 0.96 0.96
1975 0.96 0.96 0.96 0.96 0.96 0.96
1976 0.96 0.96 0.96 0.96 0.96 0.96
1977 0.96 0.96 0.96 0.96 0.96 0.96
1978 0.96 0.96 0.96 0.96 0.96 0.96
1979 0.96 0.96 0.96 0.96 0.96 0.96
1980 0.96 0.96 0.96 0.96 0.96 0.96
1981 0.96 0.96 0.96 0.96 0.96 0.96
1982 0.96 0.96 0.96 0.96 0.96 0.96
1983 0.96 0.96 0.96 0.96 0.96 0.96
1984 0.96 0.96 0.96 0.96 0.96 0.96
1985 0.96 0.96 0.96 0.96 0.96 0.96
1986 0.96 0.96 0.96 0.96 0.96 0.96
1987 0.96 0.96 0.96 0.96 0.96 0.96
1988 0.96 0.96 0.96 0.96 0.96 0.96
1989 0.96 0.96 0.96 0.96 0.96 0.96
1990 0.96 0.96 0.96 0.96 0.96 0.96
1991 0.96 0.96 0.96 0.96 0.96 0.96
1992 0.96 0.96 0.96 0.96 0.96 0.96
1993 0.96 0.96 0.96 0.96 0.96 0.96
1994 0.96 0.96 0.96 0.96 0.96 0.96
1995 0.96 0.96 0.96 0.96 0.96 0.96
1996 0.96 0.96 0.96 0.96 0.96 0.96
1997 0.96 0.96 0.96 0.96 0.96 0.96
1998 0.96 0.96 0.96 0.96 0.96 0.96
1999 0.96 0.96 0.96 0.96 0.96 0.96
2000 0.96 0.9973699 0.9507231 0.9507231 0.9960273 0.9245137
2001 0.96 0.9974658 0.9959946 0.9959946 0.9972287 0.9852334
2002 0.96 0.9970588 0.9953682 0.9953682 0.9976897 0.9935839
2003 0.96 0.9962717 0.88675 0.88675 0.9979073 0.9955289
2004 0.96 0.994472 0.9886621 0.9886621 0.9978936 0.9962706
2005 0.96 0.9958161 0.912061 0.912061 0.9979019 0.9338379
2006 0.96 0.9958584 0.9961835 0.9961835 0.9981883 0.8987824
2007 0.96 0.9702899 0.9010337 0.9010337 0.997796 0.9326587
2008 0.96 0.9666577 0.9966443 0.9966443 0.9968532 0.9322924
2009 0.96 0.7659313 0.9295897 0.9295897 0.9954995 0.9560198
2010 0.96 0.9947703 0.9962813 0.9962813 0.9956958 0.9664715
2011 0.96 0.994661 0.8944698 0.8944698 0.9956783 0.9129994
2012 0.96 0.8765283 0.9858774 0.9858774 0.9929677 0.9252177
2013 0.96 0.9941116 0.8243341 0.8243341 0.9609853 0.9967332
2014 0.96 0.9935125 0.7127976 0.7127976 0.9511047 0.9984031
2015 0.96 0.8164457 0.8913157 0.8913157 0.8402834 0.9988412
2016 0.96 0.9155933 0.7293001 0.7293001 0.9391958 0.998243
2017 0.96 0.7733616 0.8679512 0.8679512 0.991416 0.9972415
2018 0.96 0.6878479 0.9792526 0.9792526 0.9896322 0.9920181
2019 0.96 0.9891035 0.9278159 0.9278159 0.9914642 0.9215175
2020 0.96 0.9830826 0.7746157 0.7746157 0.9926295 0.9954672
2021 0.96 0.9600076 0.9600035 0.9600035 0.988255 0.9191973
2022 0.96 0.9599995 0.9599999 0.9599999 0.9690848 0.9510612
2023 0.96 0.96 0.96 0.96 0.96 0.9602298

Naturak Survival by breeding stock
RUS+WAL,EAL+BER,GOA,SEA+NBC,SBC+WA,OR+CA
1970 0.96 0.96 0.96 0.96 0.96
1971 0.96 0.96 0.96 0.96 0.96
1972 0.96 0.96 0.96 0.96 0.96
1973 0.96 0.96 0.96 0.96 0.96
1974 0.96 0.96 0.96 0.96 0.96
1975 0.96 0.96 0.96 0.96 0.96
1976 0.96 0.96 0.96 0.96 0.96
1977 0.96 0.96 0.96 0.96 0.96
1978 0.96 0.96 0.96 0.96 0.96
1979 0.96 0.96 0.96 0.96 0.96
1980 0.96 0.96 0.96 0.96 0.96
1981 0.96 0.96 0.96 0.96 0.96
1982 0.96 0.96 0.96 0.96 0.96
1983 0.96 0.96 0.96 0.96 0.96
1984 0.96 0.96 0.96 0.96 0.96
1985 0.96 0.96 0.96 0.96 0.96
1986 0.96 0.96 0.96 0.96 0.96
1987 0.96 0.96 0.96 0.96 0.96
1988 0.96 0.96 0.96 0.96 0.96
1989 0.96 0.96 0.96 0.96 0.96
1990 0.96 0.96 0.96 0.96 0.96
1991 0.96 0.96 0.96 0.96 0.96
1992 0.96 0.96 0.96 0.96 0.96
1993 0.96 0.96 0.96 0.96 0.96
1994 0.96 0.96 0.96 0.96 0.96
1995 0.96 0.96 0.96 0.96 0.96
1996 0.96 0.96 0.96 0.96 0.96
1997 0.96 0.96 0.96 0.96 0.96
1998 0.96 0.96 0.96 0.96 0.96
1999 0.96 0.96 0.96 0.96 0.96
2000 0.96 0.96 0.96 0.96 0.96
2001 0.96 0.96 0.96 0.96 0.96
2002 0.96 0.96 0.96 0.96 0.96
2003 0.96 0.96 0.96 0.96 0.96
2004 0.96 0.96 0.96 0.96 0.96
2005 0.96 0.96 0.96 0.96 0.96
2006 0.96 0.96 0.96 0.96 0.96
2007 0.96 0.96 0.96 0.96 0.96
2008 0.96 0.96 0.96 0.96 0.96
2009 0.96 0.96 0.96 0.96 0.96
2010 0.96 0.96 0.96 0.96 0.96
2011 0.96 0.96 0.96 0.96 0.96
2012 0.96 0.96 0.96 0.96 0.96
2013 0.96 0.96 0.96 0.96 0.96
2014 0.96 0.96 0.96 0.96 0.96
2015 0.96 0.96 0.96 0.96 0.96
2016 0.96 0.96 0.96 0.96 0.96
2017 0.96 0.96 0.96 0.96 0.96
2018 0.96 0.96 0.96 0.96 0.96
2019 0.96 0.96 0.96 0.96 0.96
2020 0.96 0.96 0.96 0.96 0.96
2021 0.96 0.96 0.96 0.96 0.96
2022 0.96 0.96 0.96 0.96 0.96
2023 0.96 0.96 0.96 0.96 0.96

Fecundity by feeding ground
RUS+WAL,EAL+BER,GOA,SEA+NBC,SBC+WA,OR+CA
1970 0.9597961 0.963243 0.9624872 0.9620222 0.964347 0.9671487
1971 0.9598758 0.9633071 0.9624983 0.9621086 0.9643829 0.967225
1972 0.9574105 0.9611897 0.9601648 0.959765 0.96252 0.9660816
1973 0.9547651 0.9591672 0.9579277 0.9575438 0.9607429 0.9650128
1974 0.9522668 0.9572416 0.9557909 0.9554463 0.9590521 0.9640389
1975 0.9498998 0.9554071 0.9537572 0.9534643 0.9574424 0.963138
1976 0.9476655 0.9536594 0.9518151 0.9515917 0.9559339 0.9623061
1977 0.9455575 0.9519935 0.94996 0.9498249 0.9544999 0.9615377
1978 0.9435705 0.9504063 0.9481881 0.9481567 0.9531389 0.9608349
1979 0.9416992 0.948901 0.9464958 0.9465821 0.9518462 0.9601914
1980 0.9399485 0.9474683 0.9448795 0.9450992 0.9506185 0.9596121
1981 0.9382994 0.946103 0.9433438 0.9436974 0.949475 0.9590859
1982 0.936009 0.9442279 0.9412528 0.9417533 0.9478892 0.958321
1983 0.9331525 0.9418909 0.9386498 0.939317 0.9459027 0.9573452
1984 0.9297883 0.9391398 0.9355959 0.9364486 0.943583 0.9561712
1985 0.9259879 0.9360192 0.9321326 0.9331802 0.9409482 0.954847
1986 0.9218007 0.9325708 0.9283234 0.9295942 0.938034 0.9533933
1987 0.9172906 0.9288352 0.9241973 0.9257637 0.9348998 0.9518335
1988 0.9125076 0.9248516 0.9198032 0.9216438 0.9315558 0.9501923
1989 0.9074988 0.9206454 0.9151722 0.9172461 0.9280553 0.9484609
1990 0.9023166 0.9162585 0.9103403 0.9126913 0.9244272 0.9466476
1991 0.8969902 0.9117168 0.9053481 0.9080003 0.9206754 0.944846
1992 0.8913818 0.906902 0.9000541 0.9030647 0.9167168 0.9429594
1993 0.8853695 0.901708 0.8943543 0.8976735 0.912466 0.9409297
1994 0.8788576 0.8960548 0.8881499 0.8918546 0.9078514 0.9387123
1995 0.8717745 0.889874 0.8813709 0.8854914 0.9028199 0.9363025
1996 0.8640703 0.8831172 0.8739747 0.8786175 0.8973301 0.9336582
1997 0.8557256 0.8757531 0.8659371 0.8711244 0.8912605 0.930787
1998 0.8467288 0.8678239 0.8572333 0.8630428 0.8847303 0.927694
1999 0.8370854 0.8592555 0.847853 0.8543909 0.8777904 0.9243894
2000 0.8268244 0.8500204 0.8378165 0.8450368 0.8702843 0.9207523
2001 0.8159631 0.832186 0.829165 0.8370268 0.855871 0.9197878
2002 0.8045152 0.8131705 0.8088216 0.8178693 0.8402744 0.9132123
2003 0.7924493 0.7923738 0.7875392 0.7979397 0.823085 0.9056784
2004 0.7797424 0.7698271 0.7945503 0.8048064 0.804151 0.8971733
2005 0.7663545 0.7458163 0.7713057 0.7830723 0.7841458 0.8878067
2006 0.7522474 0.7191124 0.7718348 0.7838034 0.7620423 0.8859979
2007 0.7374011 0.6900429 0.744241 0.7574447 0.7363754 0.8877038
2008 0.7217934 0.6701935 0.74884 0.7617477 0.7115282 0.8842802
2009 0.7054443 0.6504237 0.7176846 0.7322945 0.6818933 0.8810476
2010 0.688418 0.712551 0.7126023 0.728321 0.652093 0.8747014
2011 0.6707026 0.6739958 0.678769 0.6964967 0.6203042 0.8662391
2012 0.6523456 0.6375367 0.6882531 0.7046907 0.5830951 0.8656886
2013 0.6345698 0.6562069 0.6549411 0.6731519 0.5447831 0.8620731
2014 0.613529 0.6148726 0.6941128 0.7099824 0.5268894 0.8461823
2015 0.5987742 0.5739722 0.76243 0.7744475 0.514815 0.8315743
2016 0.5781314 0.6271382 0.7619771 0.7741962 0.5667249 0.8176753
2017 0.55673 0.6247526 0.8077402 0.8174586 0.5571754 0.7997988
2018 0.5354338 0.6860877 0.8112178 0.8209439 0.5179252 0.7824307
2019 0.5127144 0.7625312 0.7871962 0.7984875 0.4743656 0.7634129
2020 0.4922932 0.7240165 0.7801546 0.7923857 0.4325321 0.7641492
2021 0.4721396 0.6934472 0.8122779 0.822644 0.3874489 0.7398887
2022 0.4522728 0.6721657 0.7930209 0.8049083 0.3453383 0.7421141
2023 0.4328516 0.6513161 0.7774568 0.7904874 0.3249065 0.7324268

Total abundance: Estimate SD_log
1 1970 1016.591 0.05015197
1 1971 1276.977 0.04462858
1 1972 1490.78 0.04161621
1 1973 1689.6 0.03966314
1 1974 1881.68 0.03819294
1 1975 2062.703 0.03712365
1 1976 2233.888 0.03631621
1 1977 2395.605 0.03569633
1 1978 2548.4 0.03521297
1 1979 2692.583 0.03483426
1 1980 2828.436 0.03453819
1 1981 3028.525 0.03364313
1 1982 3275.043 0.03250273
1 1983 3562.455 0.03129342
1 1984 3886.175 0.03013109
1 1985 4241.781 0.02908321
1 1986 4625.412 0.02817772
1 1987 5031.595 0.02742899
1 1988 5455.36 0.02683228
1 1989 5896.998 0.02635125
1 1990 6355.615 0.02595996
1 1991 6842.648 0.02562758
1 1992 7366.547 0.02535254
1 1993 7935.401 0.02514258
1 1994 8560.14 0.02499893
1 1995 9240.376 0.0249533
1 1996 9980.539 0.02501196
1 1997 10778.95 0.02518569
1 1998 11638.61 0.02546251
1 1999 12553.58 0.025842
1 2000 13522.57 0.02630648
1 2001 14629.58 0.02884554
1 2002 16424.3 0.02849099
1 2003 18399.53 0.02865934
1 2004 19232.08 0.0255353
1 2005 21370.41 0.02190908
1 2006 22464.7 0.02648194
1 2007 24714.22 0.02727661
1 2008 25519.2 0.04290842
1 2009 27809.69 0.04998995
1 2010 27066.18 0.04379648
1 2011 30048.29 0.04299414
1 2012 31119.2 0.04337455
1 2013 32548.76 0.04528923
1 2014 32736.55 0.04668756
1 2015 31438.14 0.04543285
1 2016 30250.44 0.04755905
1 2017 28821.05 0.04745902
1 2018 27768.36 0.04030573
1 2019 27434.2 0.03718023
1 2020 29034.57 0.0385399
1 2021 29400.88 0.03743309
1 2022 30931.87 0.1340373
1 2023 32733.55 0.1798819
1 2024 34546.08 0.2221122
2 1970 968.1823 0.05015197
2 1971 947.8013 0.0512304
2 1972 1164.134 0.04581323
2 1973 1366.584 0.04254747
2 1974 1561.225 0.04028986
2 1975 1744.787 0.03871398
2 1976 1918.385 0.03756284
2 1977 2082.429 0.03669979
2 1978 2237.465 0.03603841
2 1979 2383.83 0.03552564
2 1980 2521.826 0.03512616
2 1981 2651.63 0.03481695
2 1982 2831.664 0.0339987
2 1983 3056.68 0.03289297
2 1984 3321.881 0.03168232
2 1985 3622.643 0.03049728
2 1986 3954.878 0.02941419
2 1987 4313.158 0.02847972
2 1988 4692.516 0.02770798
2 1989 5092.589 0.02707169
2 1990 5512.056 0.02654784
2 1991 5944.456 0.02613683
2 1992 6400.256 0.02579687
2 1993 6889.487 0.02551378
2 1994 7424.353 0.02527868
2 1995 8006.816 0.02512251
2 1996 8642.797 0.0250568
2 1997 9332.557 0.02510123
2 1998 10080.24 0.02525293
2 1999 10881.87 0.02551917
2 2000 11737.32 0.02588722
2 2001 12726.07 0.03083816
2 2002 14394.17 0.02928844
2 2003 16184.27 0.02938659
2 2004 16816.01 0.02710879
2 2005 18838.69 0.02265005
2 2006 19720.07 0.02862161
2 2007 21831.65 0.02824849
2 2008 22431.85 0.04747952
2 2009 24598.33 0.05489306
2 2010 23636.65 0.04851068
2 2011 26520.41 0.04487589
2 2012 27331.17 0.04580203
2 2013 28686.17 0.04976486
2 2014 28681.38 0.05083127
2 2015 27375.47 0.04925628
2 2016 26305.28 0.05260796
2 2017 24899.79 0.05211313
2 2018 23968.36 0.0434897
2 2019 23770.54 0.03904418
2 2020 25338.07 0.03939964
2 2021 25636.22 0.03838289
2 2022 27229.9 0.1510799
2 2023 28926.71 0.197578
2 2024 30638.53 0.2422068
3 1970 698.4366 0.05015197
3 1971 683.734 0.0512304
3 1972 678.434 0.05157803
3 1973 672.38 0.05194943
3 1974 668.4814 0.05217756
3 1975 664.5402 0.05239964
3 1976 660.7735 0.05260595
3 1977 657.1088 0.05280237
3 1978 653.5465 0.05299017
3 1979 650.0371 0.05317286
3 1980 800.3109 0.04761028
3 1981 942.7537 0.04416856
3 1982 1077.448 0.04186711
3 1983 1204.803 0.04024105
3 1984 1325.391 0.03903972
3 1985 1439.686 0.03812048
3 1986 1548.201 0.03739512
3 1987 1650.762 0.03681789
3 1988 1747.27 0.03635689
3 1989 1839.213 0.03596845
3 1990 1967.524 0.03506123
3 1991 2127.425 0.03387614
3 1992 2314.919 0.0326044
3 1993 2526.734 0.03137466
3 1994 2761.375 0.03024928
3 1995 3014.488 0.02927696
3 1996 3283.998 0.02846047
3 1997 3566.479 0.02779763
3 1998 3860.686 0.02726485
3 1999 4162.947 0.02685193
3 2000 4481.871 0.02651019
3 2001 4842.316 0.03034283
3 2002 5392.398 0.02957076
3 2003 6015.703 0.02906823
3 2004 6348.276 0.02781851
3 2005 7064.559 0.02424285
3 2006 7526.958 0.02798104
3 2007 8326.796 0.02809944
3 2008 8759.113 0.03881236
3 2009 9664.819 0.04703366
3 2010 9728.567 0.04852292
3 2011 10895.41 0.04819801
3 2012 11298 0.05121693
3 2013 12088.12 0.04829939
3 2014 12161.97 0.05409588
3 2015 11872.88 0.05480577
3 2016 11420.67 0.05808311
3 2017 11002.84 0.05628773
3 2018 10429.96 0.05032596
3 2019 10433.03 0.04659794
3 2020 10946.14 0.04778184
3 2021 11054.4 0.04561601
3 2022 11689.89 0.1059347
3 2023 12345.23 0.1418273
3 2024 12976.24 0.1772217

Breeding stock abundance: Estimate SD_log Estimate/K
Asia
1970 77.01138 0.08470158 2.082445
1971 434.8892 0.05363905 11.75973
1972 150.1156 0.0633375 4.059238
1973 97.45666 0.08106489 2.6353
1974 427.7563 0.05449508 11.56685
1975 144.4094 0.06521908 3.904937
1976 113.4787 0.07954136 3.068549
1977 425.101 0.05478186 11.49505
1978 176.4737 0.06147484 4.771978
1979 125.6153 0.08031842 3.39673
1980 422.738 0.05501969 11.43115
1981 206.4641 0.05938269 5.582941
1982 139.3997 0.07979421 3.769473
1983 420.8912 0.05520098 11.38121
1984 234.841 0.05810226 6.350274
1985 152.3119 0.07950867 4.118627
1986 419.14 0.05536732 11.33386
1987 261.0352 0.05737462 7.058585
1988 164.5023 0.0793342 4.448265
1989 417.4667 0.05552217 11.28861
1990 285.4458 0.0569509 7.718667
1991 175.9083 0.07928281 4.75669
1992 415.8558 0.05566832 11.24505
1993 308.1457 0.05673267 8.332489
1994 186.5647 0.07932608 5.044848
1995 414.2844 0.05580869 11.20256
1996 329.3279 0.05663942 8.905272
1997 196.5045 0.07944549 5.313627
1998 412.7668 0.05594261 11.16152
1999 348.9839 0.05665146 9.436784
2000 205.7509 0.07963071 5.563656
2001 509.0208 0.05082299 13.7643
2002 367.1564 0.0567445 9.928181
2003 219.4528 0.07943521 5.934167
2004 600.6947 0.04770054 16.24323
2005 383.8143 0.05691489 10.37862
2006 236.3908 0.07905317 6.392181
2007 687.7548 0.04563415 18.5974
2008 407.5 0.0567732 11.0191
2009 256.1544 0.07857459 6.926606
2010 770.4236 0.04418548 20.83282
2011 437.4067 0.0564573 11.8278
2012 278.2594 0.07809324 7.524341
2013 849.0492 0.0431199 22.95892
2014 472.7548 0.05608503 12.78364
2015 302.4599 0.07761202 8.178739
2016 923.7528 0.04231167 24.97896
2017 512.9861 0.05572257 13.87152
2018 328.3297 0.07717517 8.878279
2019 995.0751 0.04167093 26.90757
2020 557.2508 0.05543227 15.06848
2021 355.6786 0.07676186 9.617814
2022 1062.666 0.04116584 28.73528
2023 604.8856 0.05522349 16.35655
Hawaii
1970 73.34417 0.08470158 0.1619421
1971 106.3662 0.07466719 0.2348539
1972 108.2918 0.0633375 0.2391057
1973 72.38579 0.08580189 0.1598261
1974 134.1618 0.0706469 0.2962259
1975 104.1754 0.06521908 0.2300168
1976 88.65551 0.08245617 0.1957492
1977 157.1045 0.06849698 0.3468829
1978 102.7922 0.06583429 0.2269626
1979 101.6396 0.08235296 0.2244177
1980 178.6546 0.06710899 0.394465
1981 101.4969 0.06637835 0.2241026
1982 115.7035 0.08132027 0.2554706
1983 199.6252 0.06605234 0.4407675
1984 100.4355 0.06684253 0.221759
1985 128.8845 0.08071402 0.2845739
1986 219.5608 0.0652712 0.4847849
1987 99.27301 0.0673489 0.2191924
1988 141.3202 0.08032417 0.3120316
1989 238.5339 0.06467302 0.5266769
1990 98.14316 0.06784122 0.2166977
1991 152.9662 0.08012061 0.3377456
1992 256.5996 0.06420148 0.5665655
1993 97.03125 0.06832888 0.2142426
1994 163.8583 0.08005186 0.3617952
1995 273.8023 0.06382056 0.6045488
1996 95.96398 0.0687967 0.2118861
1997 174.0304 0.08008591 0.3842548
1998 290.184 0.06350744 0.6407193
1999 94.90763 0.06926498 0.2095537
2000 183.507 0.08020419 0.405179
2001 305.7367 0.06325064 0.6750591
2002 116.2316 0.06537493 0.2566365
2003 192.2305 0.08042994 0.4244402
2004 328.3707 0.06262832 0.7250345
2005 136.1313 0.06323108 0.3005745
2006 204.4987 0.08028469 0.4515282
2007 356.1658 0.06187076 0.7864053
2008 154.6683 0.06197583 0.3415039
2009 219.9218 0.07991451 0.4855819
2010 388.5695 0.06108621 0.8579519
2011 171.9505 0.06121887 0.3796626
2012 238.0153 0.07945494 0.525532
2013 425.0948 0.0603433 0.9385988
2014 188.0825 0.06076289 0.4152816
2015 258.502 0.07894506 0.570766
2016 465.2733 0.05967828 1.027312
2017 203.2216 0.06048573 0.4487083
2018 280.9533 0.07845471 0.6203381
2019 508.6591 0.05910441 1.123107
2020 217.3743 0.06034227 0.479957
2021 305.1476 0.07797893 0.6737584
2022 554.7487 0.05862071 1.224872
2023 230.5893 0.0602863 0.5091356
MX_AR
1970 52.90972 0.08470158 0.6915537
1971 101.3011 0.07466719 1.324051
1972 42.60066 0.08935358 0.5568097
1973 52.21836 0.08580189 0.6825173
1974 99.57519 0.07537508 1.301492
1975 51.88722 0.08759 0.6781891
1976 51.69849 0.0866043 0.6757224
1977 122.6793 0.07138384 1.603473
1978 60.19815 0.08667083 0.7868167
1979 50.05907 0.0890316 0.6542944
1980 144.4978 0.06903855 1.88865
1981 67.9877 0.08618083 0.8886296
1982 49.60847 0.08975037 0.6484048
1983 165.627 0.06742559 2.164819
1984 75.1827 0.08605465 0.9826714
1985 49.17057 0.09044849 0.6426814
1986 185.7197 0.06629641 2.427439
1987 81.68678 0.08608715 1.067683
1988 48.77341 0.09108275 0.6374903
1989 204.844 0.06546715 2.677402
1990 87.70721 0.08619923 1.146372
1991 48.37907 0.09171496 0.632336
1992 223.0544 0.0648349 2.915421
1993 93.2629 0.0863679 1.218988
1994 47.98583 0.09234904 0.6271963
1995 240.3959 0.06433798 3.142081
1996 98.38441 0.08657209 1.285928
1997 47.59241 0.09298809 0.622054
1998 256.9106 0.06393849 3.357937
1999 102.9879 0.0868907 1.346098
2000 58.38529 0.08953356 0.7631218
2001 272.5961 0.06361577 3.562953
2002 107.1942 0.0872256 1.401076
2003 68.51105 0.08772502 0.89547
2004 287.5081 0.06334906 3.75786
2005 113.708 0.0873182 1.486214
2006 78.00503 0.08667727 1.019561
2007 307.9512 0.06277667 4.02506
2008 121.8335 0.08730598 1.592418
2009 86.91019 0.08605041 1.135955
2010 333.4078 0.06204056 4.357789
2011 131.2486 0.08732391 1.715478
2012 95.23342 0.08570547 1.244743
2013 363.3754 0.06125633 4.749479
2014 141.8545 0.08733821 1.854102
2015 103.0495 0.08551507 1.346903
2016 397.3702 0.06050209 5.193806
2017 153.6272 0.08736695 2.007976
2018 110.3591 0.08544991 1.442442
2019 434.9318 0.05982098 5.684753
2020 166.1249 0.0874837 2.171327
2021 117.2305 0.08544874 1.532255
2022 475.5543 0.05923025 6.215707
2023 179.3012 0.08762797 2.343546
MX_ML
1970 632.9918 0.05363905 2.302677
1971 73.07756 0.07466719 0.2658391
1972 40.57206 0.08935358 0.1475917
1973 798.7922 0.04847445 2.90582
1974 71.8325 0.07537508 0.2613099
1975 38.46935 0.09097048 0.1399425
1976 933.9196 0.0457587 3.397382
1977 71.49329 0.07553788 0.2600759
1978 46.97381 0.08865954 0.1708798
1979 1061.981 0.04394583 3.863239
1980 71.09237 0.07571906 0.2586175
1981 54.95109 0.08747889 0.1998993
1982 1184.324 0.04264642 4.308294
1983 70.91421 0.07578554 0.2579694
1984 62.33554 0.08696374 0.2267622
1985 1300.433 0.0416964 4.730673
1986 70.73128 0.07585133 0.2573039
1987 69.04908 0.0867595 0.2511845
1988 1410.635 0.04098081 5.13156
1989 70.55244 0.07591491 0.2566534
1990 75.26839 0.08671694 0.2738089
1991 1515.221 0.04042975 5.512022
1992 70.37987 0.07597552 0.2560256
1993 81.01566 0.08677942 0.2947161
1994 1614.424 0.03999927 5.872898
1995 70.21294 0.07603288 0.2554183
1996 86.32218 0.08690769 0.31402
1997 1708.587 0.03965713 6.215441
1998 70.05113 0.07608783 0.2548297
1999 91.11754 0.08717018 0.3314644
2000 1797.818 0.03938517 6.540043
2001 86.50598 0.07195681 0.3146886
2002 95.51066 0.08746245 0.3474455
2003 1928.419 0.03862006 7.01514
2004 102.2179 0.0694713 0.371845
2005 99.46596 0.08778255 0.361834
2006 2089.086 0.03766918 7.599606
2007 117.1753 0.06783557 0.4262564
2008 105.2249 0.08788344 0.3827836
2009 2276.376 0.03668457 8.280924
2010 131.4162 0.06668686 0.4780616
2011 112.4737 0.08792455 0.4091531
2012 2487.509 0.03576002 9.048978
2013 144.9873 0.06583884 0.52743
2014 121.0854 0.08790426 0.4404805
2015 2719.29 0.03495239 9.892142
2016 157.9282 0.06518851 0.5745061
2017 130.9987 0.08786837 0.4765427
2018 2970.011 0.03426885 10.80421
2019 170.273 0.06467525 0.6194135
2020 141.7999 0.08791062 0.515835
2021 3235.577 0.03372611 11.77027
2022 182.0238 0.06426163 0.66216
2023 153.4162 0.08798196 0.5580925
Central_Am
1970 602.8493 0.05363905 14.44929
1971 157.6214 0.0633375 3.777921
1972 29.26826 0.08935358 0.7015111
1973 592.9616 0.05449508 14.2123
1974 194.6789 0.06026123 4.666127
1975 27.75139 0.09097048 0.6651542
1976 729.3518 0.04951514 17.48134
1977 226.079 0.05846205 5.418735
1978 27.34904 0.09165012 0.6555107
1979 859.0311 0.04649058 20.58954
1980 255.3616 0.05737845 6.120589
1981 26.99377 0.09222621 0.6469955
1982 982.7182 0.04447519 23.55411
1983 283.1486 0.05668171 6.786597
1984 26.632 0.0928588 0.6383244
1985 1100.098 0.04307069 26.36751
1986 308.7106 0.05631784 7.399275
1987 26.22534 0.09347331 0.6285774
1988 1211.507 0.04205026 29.03779
1989 332.5103 0.05613477 7.969716
1990 25.83785 0.09404447 0.6192898
1991 1317.247 0.0412856 31.5722
1992 354.6133 0.05608329 8.499487
1993 25.4629 0.09458765 0.6103031
1994 1417.561 0.04070002 33.97655
1995 375.2249 0.05611001 8.993511
1996 25.09929 0.09510581 0.601588
1997 1512.788 0.04024189 36.25899
1998 394.3201 0.05621105 9.451191
1999 24.71911 0.09569157 0.5924757
2000 1603.056 0.039881 38.42256
2001 411.9363 0.05637185 9.873422
2002 30.16718 0.09319286 0.7230567
2003 1688.611 0.03959452 40.47318
2004 438.5742 0.05617935 10.51189
2005 35.19879 0.09194329 0.8436561
2006 1806.489 0.03889179 43.29852
2007 471.5674 0.05585225 11.30268
2008 39.84422 0.09128983 0.9549993
2009 1953.47 0.03796792 46.82141
2010 510.1064 0.05549245 12.2264
2011 44.10268 0.09102314 1.057067
2012 2126.65 0.03697842 50.97224
2013 553.4568 0.05516847 13.26543
2014 48.03862 0.09093012 1.151405
2015 2322.786 0.03603714 55.67329
2016 601.1312 0.05490269 14.40811
2017 51.73417 0.09093017 1.239981
2018 2539.942 0.0351933 60.87815
2019 652.2879 0.05472621 15.63425
2020 55.12001 0.09104895 1.321134
2021 2774.154 0.03449014 66.49182
2022 706.2899 0.05462959 16.92858
2023 58.25242 0.0912013 1.396213

Feeding stock abundance: Estimate SD_log Estimate/K
RUS+WAL
1970 102.8725 0.1030289 1.582873
1971 105.3133 0.07735343 1.620429
1972 30.10056 0.07759483 0.4631498
1973 131.0555 0.09944427 2.016518
1974 134.9665 0.07343613 2.076697
1975 38.46551 0.07193987 0.5918592
1976 149.1978 0.1005403 2.295669
1977 158.6278 0.07161533 2.440766
1978 45.08741 0.06915386 0.6937488
1979 169.5414 0.09958629 2.608692
1980 181.2291 0.07042547 2.788527
1981 51.3869 0.06725394 0.7906774
1982 188.7385 0.09896085 2.904071
1983 202.8164 0.06959764 3.120686
1984 57.38148 0.06588755 0.8829146
1985 206.9353 0.09851108 3.184062
1986 223.3464 0.06902301 3.436575
1987 63.08905 0.06486403 0.9707355
1988 224.1032 0.0982073 3.44822
1989 242.9533 0.06859118 3.738262
1990 68.42366 0.06416712 1.052818
1991 240.2926 0.09800959 3.697322
1992 261.6838 0.0682567 4.026463
1993 73.49584 0.06362657 1.130862
1994 255.5432 0.09789212 3.93198
1995 279.5734 0.06799167 4.301727
1996 78.30903 0.0632032 1.204921
1997 269.8962 0.09783818 4.152826
1998 296.66 0.0677776 4.564634
1999 82.8806 0.06286661 1.275263
2000 283.3033 0.09786158 4.359118
2001 312.9793 0.06760195 4.815734
2002 87.22217 0.06259685 1.342066
2003 303.1256 0.0975111 4.664118
2004 336.5083 0.06718838 5.177769
2005 93.49798 0.06182061 1.43863
2006 327.5655 0.09699794 5.040169
2007 365.3026 0.06670765 5.620821
2008 101.2447 0.06078837 1.557827
2009 355.9884 0.09642236 5.477504
2010 398.894 0.06622269 6.137682
2011 110.3081 0.05965187 1.697283
2012 387.964 0.09581939 5.969505
2013 436.6554 0.0657987 6.718707
2014 120.4363 0.05856574 1.853124
2015 422.94 0.09523878 6.507672
2016 478.1909 0.06544154 7.357805
2017 131.5835 0.05753846 2.024643
2018 460.562 0.09467977 7.086553
2019 522.8396 0.06518071 8.044802
2020 143.6277 0.05660019 2.209963
2021 500.3381 0.09416281 7.698577
2022 570.3488 0.06498392 8.775815
2023 156.3466 0.05579758 2.405666
EAL+BER
1970 97.9738 0.1030289 0.4613386
1971 100.2983 0.07735343 0.4722844
1972 28.6672 0.07759483 0.134988
1973 97.35263 0.1035273 0.4584136
1974 100.1857 0.07741821 0.4717538
1975 28.53874 0.07784974 0.1343831
1976 116.57 0.1030345 0.5489041
1977 123.8808 0.07397275 0.5833292
1978 35.19938 0.07289516 0.1657467
1979 137.1905 0.1013297 0.6460021
1980 146.5963 0.07196364 0.6902921
1981 41.55315 0.06982944 0.1956653
1982 156.665 0.1002729 0.7377034
1983 168.294 0.0706727 0.792462
1984 47.59865 0.06776697 0.2241323
1985 175.1167 0.09955149 0.8245886
1986 188.944 0.06981408 0.8896985
1987 53.35391 0.06629626 0.2512327
1988 192.5331 0.09906537 0.9065992
1989 208.6642 0.06919706 0.982557
1990 58.74771 0.06529571 0.276631
1991 208.9651 0.09873876 0.983974
1992 227.5016 0.06873576 1.071259
1993 63.87486 0.06453995 0.3007736
1994 224.4537 0.0985263 1.056907
1995 245.4932 0.06838039 1.155977
1996 68.74087 0.06395863 0.3236867
1997 239.0407 0.09839986 1.125594
1998 262.677 0.06809983 1.236892
1999 73.36279 0.06350273 0.3454504
2000 252.6878 0.09836628 1.189855
2001 279.0894 0.06787388 1.314175
2002 77.75259 0.06314064 0.366121
2003 265.5425 0.09837412 1.250385
2004 294.6836 0.06770749 1.387605
2005 81.84094 0.06291022 0.3853722
2006 283.3962 0.09806067 1.334455
2007 315.9153 0.06734105 1.487581
2008 87.51084 0.06219303 0.4120706
2009 305.6626 0.09757651 1.439303
2010 342.3468 0.06686745 1.612041
2011 94.61345 0.06118315 0.4455154
2012 331.8872 0.09699164 1.562789
2013 373.3567 0.06639096 1.75806
2014 102.9073 0.06009268 0.4845693
2015 361.5117 0.09638626 1.702285
2016 408.5235 0.06595122 1.923653
2017 112.3278 0.05898296 0.5289286
2018 394.1511 0.09578105 1.855977
2019 447.2025 0.06560047 2.105785
2020 122.7474 0.05792353 0.5779924
2021 429.3079 0.09520968 2.021523
2022 489.0998 0.06531933 2.303071
2023 133.9537 0.05698693 0.6307603
GOA
1970 70.67728 0.1030289 0.8348412
1971 72.35418 0.07735343 0.8546488
1972 20.68022 0.07759483 0.2442751
1973 70.22917 0.1035273 0.8295482
1974 72.2729 0.07741821 0.8536887
1975 20.58755 0.07784974 0.2431805
1976 67.98337 0.1066043 0.8030208
1977 72.20169 0.07747217 0.8528476
1978 20.50644 0.0780604 0.2422224
1979 67.57999 0.1070695 0.7982561
1980 72.13929 0.07751825 0.8521105
1981 20.43333 0.07824167 0.2413588
1982 67.18604 0.1075209 0.7936027
1983 72.07731 0.0775606 0.8513784
1984 20.36514 0.07840339 0.2405534
1985 66.82714 0.1079297 0.7893633
1986 71.98732 0.0776291 0.8503154
1987 20.30158 0.07854993 0.2398026
1988 66.47024 0.1083368 0.7851476
1989 71.90325 0.07769184 0.8493225
1990 20.21207 0.07877698 0.2387453
1991 66.11502 0.1087447 0.7809517
1992 71.82518 0.07774961 0.8484002
1993 20.12897 0.07898609 0.2377637
1994 65.75912 0.109155 0.7767478
1995 71.75091 0.07780371 0.847523
1996 20.04854 0.07918432 0.2368137
1997 65.40167 0.1095689 0.7725257
1998 71.6798 0.07785478 0.846683
1999 19.9715 0.0793722 0.2359038
2000 80.42919 0.1064489 0.950031
2001 88.63555 0.0744059 1.046965
2002 24.6382 0.07438827 0.2910268
2003 94.67609 0.1047172 1.118316
2004 104.853 0.07241621 1.238526
2005 29.05574 0.07137341 0.3432069
2006 108.1424 0.1036316 1.277379
2007 120.308 0.07116076 1.42108
2008 33.24927 0.06936174 0.392741
2009 120.8431 0.1029258 1.427401
2010 135.0646 0.07030372 1.595385
2011 37.23507 0.06793612 0.4398213
2012 132.8508 0.1024358 1.569236
2013 149.1225 0.06970244 1.761437
2014 40.99076 0.06692801 0.4841836
2015 144.1815 0.1021001 1.703075
2016 162.5474 0.06925449 1.920013
2017 44.55922 0.06616084 0.5263343
2018 154.9037 0.1018552 1.829725
2019 175.3038 0.06893407 2.070692
2020 47.95399 0.06555927 0.5664334
2021 165.0244 0.1016863 1.949271
2022 187.4831 0.06868387 2.214554
2023 51.15111 0.06511172 0.6041978
SEA+NBC
1970 243.9639 0.09083509 0.8277607
1971 383.8901 0.06395769 1.302525
1972 129.051 0.04815205 0.4378654
1973 310.8736 0.0870842 1.054783
1974 488.3618 0.06006786 1.656993
1975 163.3539 0.04213989 0.5542537
1976 364.5423 0.08521841 1.236879
1977 570.293 0.05843197 1.934983
1978 189.7317 0.03929634 0.6437526
1979 415.6436 0.08399923 1.410263
1980 647.6643 0.057458 2.197501
1981 214.3346 0.0374285 0.7272294
1982 464.2992 0.08315665 1.57535
1983 720.727 0.0568608 2.4454
1984 236.6175 0.03624959 0.8028344
1985 510.6631 0.08254817 1.732661
1986 789.7647 0.05649117 2.679642
1987 257.2049 0.03545083 0.8726866
1988 554.835 0.08209522 1.882535
1989 854.9886 0.05626888 2.900945
1990 276.1845 0.03491263 0.9370839
1991 596.9427 0.081749 2.025405
1992 916.5016 0.05615328 3.109656
1993 293.6888 0.03455777 0.9964752
1994 637.0608 0.08148032 2.161524
1995 974.5669 0.0561087 3.30667
1996 309.6467 0.03435378 1.05062
1997 675.0804 0.0812932 2.290523
1998 1029.352 0.05611651 3.492553
1999 324.2142 0.03425867 1.100047
2000 711.2641 0.08114905 2.413293
2001 1080.913 0.05616947 3.667498
2002 337.2541 0.03427137 1.144291
2003 764.0276 0.08065712 2.592317
2004 1157.265 0.05594421 3.926558
2005 357.7003 0.03368774 1.213664
2006 828.9297 0.0800255 2.812528
2007 1251.344 0.05563538 4.245764
2008 383.1565 0.03286743 1.300036
2009 904.6792 0.07935319 3.069543
2010 1361.286 0.05532074 4.618793
2011 412.9991 0.03197118 1.401291
2012 990.077 0.07870422 3.359295
2013 1485.004 0.05505994 5.038563
2014 447.0381 0.03108308 1.516784
2015 1084.023 0.07811216 3.678048
2016 1621.546 0.05484779 5.501847
2017 484.0977 0.03031809 1.642526
2018 1185.488 0.07758985 4.022317
2019 1767.854 0.05473786 5.998265
2020 523.7403 0.02969908 1.777032
2021 1293.466 0.07713852 4.388682
2022 1921.254 0.05475034 6.518745
2023 565.4416 0.029232 1.918522
SBC+WA
1970 232.3466 0.09083509 7.794261
1971 365.6096 0.06395769 12.26468
1972 122.9057 0.04815205 4.122976
1973 230.7148 0.09138088 7.739519
1974 362.5561 0.06444232 12.16225
1975 121.1065 0.04873514 4.062617
1976 284.6489 0.08783909 9.548784
1977 445.4007 0.06101149 14.94134
1978 148.0476 0.04346384 4.966379
1979 336.1651 0.08575404 11.27694
1980 523.9212 0.05913787 17.57537
1981 173.2316 0.0402918 5.811198
1982 385.2117 0.08441062 12.92225
1983 598.0682 0.05803379 20.06269
1984 196.1794 0.03833206 6.581002
1985 431.9407 0.08348852 14.48981
1986 668.1289 0.05735465 22.41294
1987 217.4072 0.03703175 7.293106
1988 476.4581 0.08282709 15.98318
1989 734.3259 0.05693132 24.63357
1990 237.0092 0.0361537 7.95067
1991 518.8912 0.08233565 17.40664
1992 796.7822 0.05667855 26.72872
1993 255.1149 0.03555845 8.558042
1994 559.3203 0.08196194 18.76287
1995 855.7546 0.05653657 28.707
1996 271.6758 0.03517847 9.113591
1997 597.661 0.08169648 20.04904
1998 911.4158 0.05647285 30.5742
1999 286.8376 0.03495067 9.622205
2000 634.1542 0.08149243 21.27323
2001 963.8373 0.05647179 32.33272
2002 300.4872 0.03486087 10.08009
2003 668.9328 0.08133028 22.43991
2004 1013.388 0.05650527 33.99496
2005 312.8862 0.03485164 10.49603
2006 716.6927 0.08087478 24.04205
2007 1082.113 0.0563096 36.30039
2008 330.9088 0.03433952 11.10061
2009 776.2221 0.08025643 26.03902
2010 1168.237 0.05599757 39.18948
2011 353.9016 0.03353565 11.87192
2012 846.2961 0.07958081 28.38971
2013 1269.634 0.0556719 42.59094
2014 381.5637 0.03259072 12.79987
2015 925.782 0.07891827 31.05613
2016 1385.171 0.05536434 46.46672
2017 412.7651 0.03168208 13.84655
2018 1013.619 0.07830775 34.0027
2019 1511.935 0.05515302 50.71912
2020 447.0181 0.03088026 14.99559
2021 1108.773 0.07776645 37.19471
2022 1647.344 0.05507174 55.26151
2023 483.7724 0.03022295 16.22855
OR+CA
1970 167.6124 0.09083509 0.8531967
1971 263.747 0.06395769 1.34255
1972 88.66292 0.04815205 0.4513204
1973 166.4352 0.09138088 0.8472044
1974 261.5442 0.06444232 1.331337
1975 87.36494 0.04873514 0.4447133
1976 165.8733 0.09160666 0.8443439
1977 259.622 0.06485294 1.321553
1978 86.19321 0.049228 0.4387489
1979 165.3752 0.091802 0.8418083
1980 257.8613 0.06522295 1.31259
1981 85.09224 0.04967292 0.4331446
1982 164.9087 0.09197739 0.8394339
1983 256.1947 0.06556751 1.304106
1984 83.80836 0.05018263 0.4266092
1985 164.4775 0.09213634 0.8372388
1986 254.6156 0.0658915 1.296069
1987 82.56443 0.05066908 0.4202773
1988 164.0701 0.09228333 0.8351654
1989 253.1037 0.06620034 1.288373
1990 81.34942 0.05114071 0.4140925
1991 163.6884 0.09241968 0.8332223
1992 251.6192 0.06650388 1.280816
1993 80.16967 0.05159907 0.4080873
1994 163.3215 0.09254849 0.8313547
1995 250.1774 0.06679868 1.273477
1996 78.97961 0.05206348 0.4020295
1997 162.9184 0.09269464 0.8293027
1998 248.7694 0.06708698 1.26631
1999 77.80029 0.05252715 0.3960264
2000 201.1974 0.0890674 1.024154
2001 306.1386 0.06357903 1.558336
2002 94.89159 0.04728436 0.4830262
2003 237.7777 0.08691661 1.210358
2004 360.5902 0.06163642 1.83551
2005 110.7027 0.0441694 0.5635093
2006 272.6473 0.08551692 1.387855
2007 412.0755 0.06047206 2.097586
2008 125.2764 0.04218117 0.6376937
2009 305.8954 0.08454502 1.557098
2010 460.8455 0.0597305 2.34584
2011 138.7405 0.04084483 0.7062299
2012 337.6045 0.08383673 1.718506
2013 507.0101 0.05924666 2.580831
2014 151.3431 0.03988333 0.7703809
2015 367.8584 0.08330041 1.872508
2016 551.0022 0.05889981 2.804764
2017 162.9662 0.03920194 0.8295462
2018 396.7358 0.0828815 2.019502
2019 592.4788 0.05868421 3.015892
2020 173.7111 0.03870911 0.8842407
2021 424.2931 0.08254664 2.159777
2022 631.1963 0.0585926 3.212975
2023 183.6264 0.03835201 0.9347123

Parameters: Estimate  Std. Error      z value    Pr(>|z^2|)
rval 0.09109935 0.00181003 50.33019872 0
logK 8.21558078 0.63256915 12.98764066 0
logK 10.72084945 0.27044784 39.6410979 0
logK 8.94257177 0.68797434 12.99840893 0
logK 10.22155544 0.45473498 22.47804947 0
logK 8.33619235 0.85313468 9.77125009 0
logBK 3.90038567 0.68028838 5.73342984 1e-08
logBK 4.30578201 0.27936046 15.41299716 0
logBK 4.31114553 0.70277337 6.13447478 0
logBK 5.2046738 0.46296416 11.24206629 0
logBK 4.62334071 0.85826995 5.38681415 7e-08
MixPars -1.92249932 0.2919006 -6.58614379 0
MixPars -2.96583421 0.20754021 -14.29040735 0
MixPars -0.89857268 0.12172881 -7.38175824 0
MixPars -1.49188071 0.087621 -17.02651979 0
MixPars -2.95757776 0.09512915 -31.09013193 0
MixPars -1.52252185 0.24231617 -6.28320372 0
MixPars -0.97479896 0.18329756 -5.31812289 1e-07
MixPars -1.51662739 0.29035118 -5.22342427 1.8e-07
MixPars -3.33532072 0.27459829 -12.14618189 0
MixPars -1.64071167 0.24964232 -6.57224963 0
MixPars -1.74982851 0.36538568 -4.78899035 1.68e-06
MixPars -1.68715712 0.33419592 -5.04840724 4.5e-07
MixPars -0.917517 0.40884089 -2.24419087 0.02482012
MixPars -1.6026104 0.21061333 -7.60925447 0
MixPars 0.8488649 0.17038936 4.9819126 6.3e-07
MixPars -2.96838595 0.25946678 -11.44033151 0
AddV 0.0174734 0.01445894 1.20848403 0.22686113
AddV 0.00822152 0.00269858 3.04661203 0.00231436
AddV 0.03250282 0.02033563 1.59831906 0.10997199
SFdev -0.46000547 0.51674568 -0.89019703 0.3733601
SFdev -0.4662171 0.51421092 -0.90666512 0.36458391
SFdev -0.44132187 0.52380956 -0.84252352 0.39949498
SFdev -0.40166897 0.53994388 -0.74390874 0.45693169
SFdev -0.33572192 0.56331332 -0.59597724 0.55119043
SFdev -0.38237857 0.54933878 -0.69607059 0.48638463
SFdev -0.38407935 0.54831891 -0.70046709 0.48363565
SFdev -0.05134248 0.5235821 -0.09806003 0.92188463
SFdev -0.03149391 0.52418482 -0.06008168 0.95209058
SFdev 0.33209599 0.12242337 2.71268464 0.00667406
SFdev -0.34501693 0.57120596 -0.60401494 0.54583371
SFdev -0.34155194 0.57330613 -0.59575839 0.55133664
SFdev 0.20301612 0.20329078 0.99864893 0.31796479
SFdev -0.32513584 0.57966721 -0.56090086 0.57486512
SFdev -0.30888482 0.58702125 -0.52619018 0.59875608
SFdev 0.28093396 0.12896435 2.17838466 0.02937741
SFdev 0.13235476 0.24515433 0.53988344 0.58927742
SFdev 0.32511044 0.12257251 2.65239275 0.00799235
SFdev 0.39799613 0.09958227 3.99665656 6.424e-05
SFdev -0.22171783 0.60954033 -0.36374596 0.71604772
SFdev -0.14738239 0.71168685 -0.20708882 0.83594049
SFdev -3.31e-05 0.9999187 -3.311e-05 0.99997359
SFdev 1.99e-06 1.00000484 1.99e-06 0.99999841
SFdev 0 1 0 1
SFdev 0.03638119 0.11785647 0.30869066 0.75755685
SFdev -0.3896761 0.53702635 -0.72561821 0.46807285
SFdev -0.36535387 0.54095743 -0.67538377 0.49943197
SFdev 0.18668142 0.06954314 2.68439724 0.00726607
SFdev -0.21502464 0.41771933 -0.51475865 0.60672169
SFdev 0.13983168 0.08063926 1.73403966 0.08291105
SFdev -0.39775713 0.52640987 -0.75560348 0.44988697
SFdev 0.16154834 0.07180222 2.24990735 0.02445483
SFdev -0.41927834 0.50948867 -0.82293949 0.41054241
SFdev 0.0996083 0.08161582 1.22045338 0.22229305
SFdev -0.40209897 0.52607848 -0.76433267 0.44466902
SFdev 0.17347004 0.05396905 3.21425014 0.00130786
SFdev -0.17795062 0.47338443 -0.37591143 0.70698275
SFdev 0.27201033 0.07728115 3.51975022 0.00043195
SFdev 0.37817388 0.04527182 8.35340546 0
SFdev 0.17896707 0.05724972 3.1260775 0.00177155
SFdev 0.36449653 0.03422443 10.65018475 0
SFdev 0.21584838 0.12588362 1.71466611 0.08640646
SFdev -0.11271944 0.54857843 -0.20547553 0.83720062
SFdev 0.10407348 0.07317734 1.42220905 0.15496557
SFdev 0.32391567 0.08263638 3.91977096 8.863e-05
SFdev -1.535e-05 0.99996321 -1.535e-05 0.99998775
SFdev 2.6e-07 1.00000054 2.6e-07 0.9999998
SFdev 0 1 0 1
SFdev -0.39104525 0.54786066 -0.71376771 0.47537083
SFdev -0.4512677 0.52235833 -0.86390447 0.38764037
SFdev -0.48167073 0.51037482 -0.9437588 0.34529292
SFdev -0.49819481 0.50400437 -0.98847319 0.32292096
SFdev -0.49709817 0.50465989 -0.98501621 0.32461611
SFdev -0.49775836 0.50350986 -0.98857717 0.32287006
SFdev -0.52226878 0.49516257 -1.05474203 0.29154332
SFdev -0.48954019 0.50675611 -0.96602721 0.33403056
SFdev -0.4300281 0.52859747 -0.8135266 0.4159162
SFdev -0.37016853 0.55185984 -0.67076549 0.50236993
SFdev -0.37763329 0.55005699 -0.68653485 0.49237589
SFdev -0.37695378 0.5520881 -0.6827783 0.49474694
SFdev -0.29535559 0.59276587 -0.49826686 0.61829596
SFdev -0.00432769 0.48570751 -0.00891008 0.99289088
SFdev 0.03501852 0.50324338 0.06958565 0.94452346
SFdev 0.25295263 0.20288263 1.24679294 0.21247343
SFdev 0.07344809 0.36083812 0.20354859 0.83870627
SFdev -0.26186405 0.60676772 -0.43157215 0.6660524
SFdev -0.23009531 0.59632414 -0.38585612 0.69960323
SFdev -0.26280934 0.58659034 -0.44802876 0.65413244
SFdev -0.28746855 0.58506185 -0.49134728 0.62318084
SFdev -0.20907717 0.61091576 -0.34223568 0.73217354
SFdev -0.04450843 0.52684094 -0.08448172 0.93267343
SFdev 0 1 0 1
SFdev 0.11212293 0.14604218 0.76774344 0.44263962
SFdev -0.17040917 0.54762772 -0.31117703 0.75566605
SFdev -0.31074189 0.5624227 -0.55250595 0.58060176
SFdev -0.37126449 0.54552834 -0.68055948 0.49615027
SFdev -0.40161789 0.53578054 -0.74959402 0.45349925
SFdev 0.08847646 0.20404247 0.43361788 0.66456595
SFdev 0.16571416 0.15924646 1.04061442 0.29805453
SFdev 0.09163138 0.21310909 0.42997407 0.6672145
SFdev 0.09260102 0.20089372 0.4609453 0.64483785
SFdev 0.01650257 0.26895004 0.06135923 0.95107312
SFdev -0.03053344 0.318049 -0.09600231 0.92351874
SFdev 0.13787232 0.1470875 0.93734899 0.34857907
SFdev 0.11043435 0.14572992 0.75780144 0.44856986
SFdev -0.42377127 0.52228024 -0.81138675 0.4171436
SFdev -0.54333568 0.48437418 -1.12172717 0.26197846
SFdev -0.59686007 0.46829064 -1.27455051 0.20246838
SFdev -0.52738852 0.49008146 -1.07612421 0.28187171
SFdev -0.45204424 0.51400301 -0.87945836 0.3791528
SFdev -0.27408448 0.52212354 -0.52494182 0.59962364
SFdev 0.11915127 0.10738459 1.10957516 0.26718214
SFdev -0.36897057 0.53417263 -0.69073282 0.48973346
SFdev 0.12442717 0.17219625 0.72258931 0.46993224
SFdev 0.03517431 0.30475736 0.11541741 0.90811428
SFdev 0 1 0 1

Mixing matrix
0.87241688 0.12758312 0 0 0 0 ,# Asia
0.02968346 0.23459287 0.12961176 0.57618236 0.02992955 0 ,# Hawaii
0.10671542 0.48915897 0.18454412 0.10734631 0.01741561 0.09481957 ,# MX_AR
0.04045032 0.2327356 0.04306652 0.09298015 0.04686601 0.54390139 ,# MX_ML
0 0 0 0 0.0488747 0.9511253 ,# Central_Am

Split of breeding stock to feeding grounds over time
Split for: Asia
Year RUS+WAL EAL+BER GOA SEA+NBC SBC+WA OR+CA
1970 NaN NaN NaN NaN NaN NaN
1971 NaN NaN NaN NaN NaN NaN
1972 NaN NaN NaN NaN NaN NaN
1973 NaN NaN NaN NaN NaN NaN
1974 NaN NaN NaN NaN NaN NaN
1975 NaN NaN NaN NaN NaN NaN
1976 NaN NaN NaN NaN NaN NaN
1977 NaN NaN NaN NaN NaN NaN
1978 NaN NaN NaN NaN NaN NaN
1979 NaN NaN NaN NaN NaN NaN
1980 NaN NaN NaN NaN NaN NaN
1981 NaN NaN NaN NaN NaN NaN
1982 NaN NaN NaN NaN NaN NaN
1983 NaN NaN NaN NaN NaN NaN
1984 NaN NaN NaN NaN NaN NaN
1985 NaN NaN NaN NaN NaN NaN
1986 NaN NaN NaN NaN NaN NaN
1987 NaN NaN NaN NaN NaN NaN
1988 NaN NaN NaN NaN NaN NaN
1989 NaN NaN NaN NaN NaN NaN
1990 NaN NaN NaN NaN NaN NaN
1991 NaN NaN NaN NaN NaN NaN
1992 NaN NaN NaN NaN NaN NaN
1993 NaN NaN NaN NaN NaN NaN
1994 NaN NaN NaN NaN NaN NaN
1995 NaN NaN NaN NaN NaN NaN
1996 NaN NaN NaN NaN NaN NaN
1997 NaN NaN NaN NaN NaN NaN
1998 NaN NaN NaN NaN NaN NaN
1999 NaN NaN NaN NaN NaN NaN
2000 NaN NaN NaN NaN NaN NaN
2001 NaN NaN NaN NaN NaN NaN
2002 NaN NaN NaN NaN NaN NaN
2003 NaN NaN NaN NaN NaN NaN
2004 NaN NaN NaN NaN NaN NaN
2005 NaN NaN NaN NaN NaN NaN
2006 NaN NaN NaN NaN NaN NaN
2007 NaN NaN NaN NaN NaN NaN
2008 NaN NaN NaN NaN NaN NaN
2009 NaN NaN NaN NaN NaN NaN
2010 NaN NaN NaN NaN NaN NaN
2011 NaN NaN NaN NaN NaN NaN
2012 NaN NaN NaN NaN NaN NaN
2013 NaN NaN NaN NaN NaN NaN
2014 NaN NaN NaN NaN NaN NaN
2015 NaN NaN NaN NaN NaN NaN
2016 NaN NaN NaN NaN NaN NaN
2017 NaN NaN NaN NaN NaN NaN
2018 NaN NaN NaN NaN NaN NaN
2019 NaN NaN NaN NaN NaN NaN
2020 NaN NaN NaN NaN NaN NaN
2021 NaN NaN NaN NaN NaN NaN
2022 NaN NaN NaN NaN NaN NaN
2023 NaN NaN NaN NaN NaN NaN
2024 NaN NaN NaN NaN NaN NaN
Split for: Hawaii
Year RUS+WAL EAL+BER GOA SEA+NBC SBC+WA OR+CA
1970 NaN NaN NaN NaN NaN NaN
1971 NaN NaN NaN NaN NaN NaN
1972 NaN NaN NaN NaN NaN NaN
1973 NaN NaN NaN NaN NaN NaN
1974 NaN NaN NaN NaN NaN NaN
1975 NaN NaN NaN NaN NaN NaN
1976 NaN NaN NaN NaN NaN NaN
1977 NaN NaN NaN NaN NaN NaN
1978 NaN NaN NaN NaN NaN NaN
1979 NaN NaN NaN NaN NaN NaN
1980 NaN NaN NaN NaN NaN NaN
1981 NaN NaN NaN NaN NaN NaN
1982 NaN NaN NaN NaN NaN NaN
1983 NaN NaN NaN NaN NaN NaN
1984 NaN NaN NaN NaN NaN NaN
1985 NaN NaN NaN NaN NaN NaN
1986 NaN NaN NaN NaN NaN NaN
1987 NaN NaN NaN NaN NaN NaN
1988 NaN NaN NaN NaN NaN NaN
1989 NaN NaN NaN NaN NaN NaN
1990 NaN NaN NaN NaN NaN NaN
1991 NaN NaN NaN NaN NaN NaN
1992 NaN NaN NaN NaN NaN NaN
1993 NaN NaN NaN NaN NaN NaN
1994 NaN NaN NaN NaN NaN NaN
1995 NaN NaN NaN NaN NaN NaN
1996 NaN NaN NaN NaN NaN NaN
1997 NaN NaN NaN NaN NaN NaN
1998 NaN NaN NaN NaN NaN NaN
1999 NaN NaN NaN NaN NaN NaN
2000 NaN NaN NaN NaN NaN NaN
2001 NaN NaN NaN NaN NaN NaN
2002 NaN NaN NaN NaN NaN NaN
2003 NaN NaN NaN NaN NaN NaN
2004 NaN NaN NaN NaN NaN NaN
2005 NaN NaN NaN NaN NaN NaN
2006 NaN NaN NaN NaN NaN NaN
2007 NaN NaN NaN NaN NaN NaN
2008 NaN NaN NaN NaN NaN NaN
2009 NaN NaN NaN NaN NaN NaN
2010 NaN NaN NaN NaN NaN NaN
2011 NaN NaN NaN NaN NaN NaN
2012 NaN NaN NaN NaN NaN NaN
2013 NaN NaN NaN NaN NaN NaN
2014 0 0 0 0 0 1
2015 NaN NaN NaN NaN NaN NaN
2016 NaN NaN NaN NaN NaN NaN
2017 NaN NaN NaN NaN NaN NaN
2018 NaN NaN NaN NaN NaN NaN
2019 NaN NaN NaN NaN NaN NaN
2020 NaN NaN NaN NaN NaN NaN
2021 NaN NaN NaN NaN NaN NaN
2022 NaN NaN NaN NaN NaN NaN
2023 NaN NaN NaN NaN NaN NaN
2024 NaN NaN NaN NaN NaN NaN
Split for: MX_AR
Year RUS+WAL EAL+BER GOA SEA+NBC SBC+WA OR+CA
1970 0 0 0 0 0 1
1971 0 0 0 0 0 1
1972 0 0 0 0 0 1
1973 0 0 0 0 0 1
1974 0 0 0 0 0 1
1975 0 0 0 0 0 1
1976 0 0 0 0 0 1
1977 0 0 0 0 0 1
1978 0 0 0 0 0 1
1979 0 0 0 0 0 1
1980 0 0 0 0 0 1
1981 0 0 0 0 0 1
1982 0 0 0 0 0 1
1983 0 0 0 0 0 1
1984 0 0 0 0 0 1
1985 0 0 0 0 0 1
1986 0 0 0 0 0 1
1987 0 0 0 0 0 1
1988 0 0 0 0 0 1
1989 0 0 0 0 0 1
1990 0 0 0 0 0 1
1991 0 0 0 0 0 1
1992 0 0 0 0 0 1
1993 0 0 0 0 0 1
1994 0 0 0 0 0 1
1995 0 0 0 0 0 1
1996 0 0 0 0 0 1
1997 0 0 0 0 0 1
1998 0 0 0 0 0 1
1999 0 0 0 0 0 1
2000 0 0 0 0 0 1
2001 0 0 0 0 0 1
2002 0 0 0 0 0 1
2003 0 0 0 0 0 1
2004 0 0 0 0 0 1
2005 0 0 0 0 0 1
2006 0 0 0 0 0 1
2007 0 0 0 0 0 1
2008 0 0 0 0 0 1
2009 0 0 0 0 0 1
2010 0 0 0 0 0 1
2011 0 0 0 0 0 1
2012 0 0 0 0 0 1
2013 0 0 0 0 0 1
2014 0 0 0 0 0 1
2015 0 0 0 0 0 1
2016 0 0 0 0 0 1
2017 0 0 0 0 0 1
2018 0 0 0 0 0 1
2019 0 0 0 0 0 1
2020 0 0 0 0 0 1
2021 0 0 0 0 0 1
2022 0 0 0 0 0 1
2023 0 0 0 0 0 1
2024 0 0 0 0 0 1
Split for: MX_ML
Year RUS+WAL EAL+BER GOA SEA+NBC SBC+WA OR+CA
1970 0 0 0 0 0 1
1971 0 0 0 0 0 1
1972 0 0 0 0 0 1
1973 0 0 0 0 0 1
1974 0 0 0 0 0 1
1975 0 0 0 0 0 1
1976 0 0 0 0 0 1
1977 0 0 0 0 0 1
1978 0 0 0 0 0 1
1979 0 0 0 0 0 1
1980 0 0 0 0 0 1
1981 0 0 0 0 0 1
1982 0 0 0 0 0 1
1983 0 0 0 0 0 1
1984 0 0 0 0 0 1
1985 0 0 0 0 0 1
1986 0 0 0 0 0 1
1987 0 0 0 0 0 1
1988 0 0 0 0 0 1
1989 0 0 0 0 0 1
1990 0 0 0 0 0 1
1991 0 0 0 0 0 1
1992 0 0 0 0 0 1
1993 0 0 0 0 0 1
1994 0 0 0 0 0 1
1995 0 0 0 0 0 1
1996 0 0 0 0 0 1
1997 0 0 0 0 0 1
1998 0 0 0 0 0 1
1999 0 0 0 0 0 1
2000 0 0 0 0 0 1
2001 0 0 0 0 0 1
2002 0 0 0 0 0 1
2003 0 0 0 0 0 1
2004 0 0 0 0 0 1
2005 0 0 0 0 0 1
2006 0 0 0 0 0 1
2007 0 0 0 0 0 1
2008 0 0 0 0 0 1
2009 0 0 0 0 0 1
2010 0 0 0 0 0 1
2011 0 0 0 0 0 1
2012 0 0 0 0 0 1
2013 0 0 0 0 0 1
2014 0 0 0 0 0 1
2015 0 0 0 0 0 1
2016 0 0 0 0 0 1
2017 0 0 0 0 0 1
2018 0 0 0 0 0 1
2019 0 0 0 0 0 1
2020 0 0 0 0 0 1
2021 0 0 0 0 0 1
2022 0 0 0 0 0 1
2023 0 0 0 0 0 1
2024 0 0 0 0 0 1
Split for: Central_Am
Year RUS+WAL EAL+BER GOA SEA+NBC SBC+WA OR+CA
1970 0 0 0 0 0 1
1971 0 0 0 0 0 1
1972 0 0 0 0 0 1
1973 0 0 0 0 0 1
1974 0 0 0 0 0 1
1975 0 0 0 0 0 1
1976 0 0 0 0 0 1
1977 0 0 0 0 0 1
1978 0 0 0 0 0 1
1979 0 0 0 0 0 1
1980 0 0 0 0 0 1
1981 0 0 0 0 0 1
1982 0 0 0 0 0 1
1983 0 0 0 0 0 1
1984 0 0 0 0 0 1
1985 0 0 0 0 0 1
1986 0 0 0 0 0 1
1987 0 0 0 0 0 1
1988 0 0 0 0 0 1
1989 0 0 0 0 0 1
1990 0 0 0 0 0 1
1991 0 0 0 0 0 1
1992 0 0 0 0 0 1
1993 0 0 0 0 0 1
1994 0 0 0 0 0 1
1995 0 0 0 0 0 1
1996 0 0 0 0 0 1
1997 0 0 0 0 0 1
1998 0 0 0 0 0 1
1999 0 0 0 0 0 1
2000 0 0 0 0 0 1
2001 0 0 0 0 0 1
2002 0 0 0 0 0 1
2003 0 0 0 0 0 1
2004 0 0 0 0 0 1
2005 0 0 0 0 0 1
2006 0 0 0 0 0 1
2007 0 0 0 0 0 1
2008 0 0 0 0 0 1
2009 0 0 0 0 0 1
2010 0 0 0 0 0 1
2011 0 0 0 0 0 1
2012 0 0 0 0 0 1
2013 0 0 0 0 0 1
2014 0 0 0 0 0 1
2015 0 0 0 0 0 1
2016 0 0 0 0 0 1
2017 0 0 0 0 0 1
2018 0 0 0 0 0 1
2019 0 0 0 0 0 1
2020 0 0 0 0 0 1
2021 0 0 0 0 0 1
2022 0 0 0 0 0 1
2023 0 0 0 0 0 1
2024 0 0 0 0 0 1

Difference in mortality over time
Difference for: Asia
Year RUS+WAL EAL+BER GOA SEA+NBC SBC+WA OR+CA
1970 0 0 0 0 0 0
1971 0 0 0 0 0 0
1972 0 0 0 0 0 0
1973 0 0 0 0 0 0
1974 0 0 0 0 0 0
1975 0 0 0 0 0 0
1976 0 0 0 0 0 0
1977 0 0 0 0 0 0
1978 0 0 0 0 0 0
1979 0 0 0 0 0 0
1980 0 0 0 0 0 0
1981 0 0 0 0 0 0
1982 0 0 0 0 0 0
1983 0 0 0 0 0 0
1984 0 0 0 0 0 0
1985 0 0 0 0 0 0
1986 0 0 0 0 0 0
1987 0 0 0 0 0 0
1988 0 0 0 0 0 0
1989 0 0 0 0 0 0
1990 0 0 0 0 0 0
1991 0 0 0 0 0 0
1992 0 0 0 0 0 0
1993 0 0 0 0 0 0
1994 0 0 0 0 0 0
1995 0 0 0 0 0 0
1996 0 0 0 0 0 0
1997 0 0 0 0 0 0
1998 0 0 0 0 0 0
1999 0 0 0 0 0 0
2000 0 4 0 0 0 0
2001 0 5 0 0 0 0
2002 0 5 0 0 0 0
2003 0 6 0 0 0 0
2004 0 6 0 0 0 0
2005 0 7 0 0 0 0
2006 0 8 0 0 0 0
2007 0 2 0 0 0 0
2008 0 2 0 0 0 0
2009 0 -53 0 0 0 0
2010 0 8 0 0 0 0
2011 0 9 0 0 0 0
2012 0 -23 0 0 0 0
2013 0 9 0 0 0 0
2014 0 10 0 0 0 0
2015 0 -45 0 0 0 0
2016 0 -12 0 0 0 0
2017 0 -52 0 0 0 0
2018 0 -64 0 0 0 0
2019 0 5 0 0 0 0
2020 0 5 0 0 0 0
2021 0 0 0 0 0 0
2022 0 0 0 0 0 0
2023 0 0 0 0 0 0
Difference for: Hawaii
Year RUS+WAL EAL+BER GOA SEA+NBC SBC+WA OR+CA
1970 0 0 0 0 0 0
1971 0 0 0 0 0 0
1972 0 0 0 0 0 0
1973 0 0 0 0 0 0
1974 0 0 0 0 0 0
1975 0 0 0 0 0 0
1976 0 0 0 0 0 0
1977 0 0 0 0 0 0
1978 0 0 0 0 0 0
1979 0 0 0 0 0 0
1980 0 0 0 0 0 0
1981 0 0 0 0 0 0
1982 0 0 0 0 0 0
1983 0 0 0 0 0 0
1984 0 0 0 0 0 0
1985 0 0 0 0 0 0
1986 0 0 0 0 0 0
1987 0 0 0 0 0 0
1988 0 0 0 0 0 0
1989 0 0 0 0 0 0
1990 0 0 0 0 0 0
1991 0 0 0 0 0 0
1992 0 0 0 0 0 0
1993 0 0 0 0 0 0
1994 0 0 0 0 0 0
1995 0 0 0 0 0 0
1996 0 0 0 0 0 0
1997 0 0 0 0 0 0
1998 0 0 0 0 0 0
1999 0 0 0 0 0 0
2000 0 83 -11 -45 10 0
2001 0 94 46 186 12 0
2002 0 106 51 207 13 0
2003 0 117 -119 -481 15 0
2004 0 124 46 184 17 0
2005 0 144 -85 -342 19 0
2006 0 161 65 260 21 0
2007 0 51 -118 -477 23 0
2008 0 36 73 294 25 0
2009 0 -1106 -68 -274 27 0
2010 0 166 83 335 30 0
2011 0 185 -168 -678 33 0
2012 0 -499 65 263 33 0
2013 0 195 -376 -1520 1 0
2014 0 214 -616 -2491 -10 0
2015 0 -1017 -134 -540 -143 0
2016 0 -278 -442 -1783 -22 0
2017 0 -1175 -143 -576 35 0
2018 0 -1450 29 116 36 0
2019 0 117 -54 -216 41 0
2020 0 105 -323 -1295 46 0
2021 0 0 0 0 43 0
2022 0 0 0 0 15 0
2023 0 0 0 0 0 0
Difference for: MX_AR
Year RUS+WAL EAL+BER GOA SEA+NBC SBC+WA OR+CA
1970 0 0 0 0 0 0
1971 0 0 0 0 0 0
1972 0 0 0 0 0 0
1973 0 0 0 0 0 0
1974 0 0 0 0 0 0
1975 0 0 0 0 0 0
1976 0 0 0 0 0 0
1977 0 0 0 0 0 0
1978 0 0 0 0 0 0
1979 0 0 0 0 0 0
1980 0 0 0 0 0 0
1981 0 0 0 0 0 0
1982 0 0 0 0 0 0
1983 0 0 0 0 0 0
1984 0 0 0 0 0 0
1985 0 0 0 0 0 0
1986 0 0 0 0 0 0
1987 0 0 0 0 0 0
1988 0 0 0 0 0 0
1989 0 0 0 0 0 0
1990 0 0 0 0 0 0
1991 0 0 0 0 0 0
1992 0 0 0 0 0 0
1993 0 0 0 0 0 0
1994 0 0 0 0 0 0
1995 0 0 0 0 0 0
1996 0 0 0 0 0 0
1997 0 0 0 0 0 0
1998 0 0 0 0 0 0
1999 0 0 0 0 0 0
2000 0 29 -3 -1 1 -4
2001 0 33 11 6 1 3
2002 0 37 12 6 1 5
2003 0 41 -29 -15 1 5
2004 0 44 11 6 2 6
2005 0 51 -20 -11 2 -5
2006 0 56 15 8 2 -12
2007 0 18 -28 -15 2 -5
2008 0 12 17 9 2 -6
2009 0 -388 -16 -9 3 -1
2010 0 58 20 10 3 1
2011 0 65 -40 -21 3 -12
2012 0 -175 16 8 3 -9
2013 0 69 -90 -48 0 10
2014 0 75 -148 -78 -1 11
2015 0 -357 -32 -17 -14 13
2016 0 -98 -106 -56 -2 14
2017 0 -412 -34 -18 3 15
2018 0 -509 7 4 3 14
2019 0 41 -13 -7 4 -19
2020 0 37 -77 -41 4 17
2021 0 0 0 0 4 -22
2022 0 0 0 0 1 -5
2023 0 0 0 0 0 0
Difference for: MX_ML
Year RUS+WAL EAL+BER GOA SEA+NBC SBC+WA OR+CA
1970 0 0 0 0 0 0
1971 0 0 0 0 0 0
1972 0 0 0 0 0 0
1973 0 0 0 0 0 0
1974 0 0 0 0 0 0
1975 0 0 0 0 0 0
1976 0 0 0 0 0 0
1977 0 0 0 0 0 0
1978 0 0 0 0 0 0
1979 0 0 0 0 0 0
1980 0 0 0 0 0 0
1981 0 0 0 0 0 0
1982 0 0 0 0 0 0
1983 0 0 0 0 0 0
1984 0 0 0 0 0 0
1985 0 0 0 0 0 0
1986 0 0 0 0 0 0
1987 0 0 0 0 0 0
1988 0 0 0 0 0 0
1989 0 0 0 0 0 0
1990 0 0 0 0 0 0
1991 0 0 0 0 0 0
1992 0 0 0 0 0 0
1993 0 0 0 0 0 0
1994 0 0 0 0 0 0
1995 0 0 0 0 0 0
1996 0 0 0 0 0 0
1997 0 0 0 0 0 0
1998 0 0 0 0 0 0
1999 0 0 0 0 0 0
2000 0 18 -1 -2 3 -31
2001 0 20 3 7 4 23
2002 0 23 4 7 5 34
2003 0 25 -9 -17 5 40
2004 0 27 3 6 6 46
2005 0 31 -6 -12 6 -37
2006 0 34 5 9 7 -89
2007 0 11 -8 -17 8 -39
2008 0 8 5 10 8 -41
2009 0 -235 -5 -9 9 -6
2010 0 35 6 12 10 11
2011 0 39 -12 -23 11 -84
2012 0 -105 5 9 11 -63
2013 0 41 -26 -52 0 69
2014 0 45 -43 -85 -3 82
2015 0 -212 -9 -18 -47 91
2016 0 -58 -31 -60 -7 98
2017 0 -244 -10 -19 11 106
2018 0 -300 2 4 12 100
2019 0 24 -4 -7 13 -132
2020 0 22 -22 -43 15 123
2021 0 0 0 0 14 -156
2022 0 0 0 0 5 -34
2023 0 0 0 0 0 1
Difference for: Central_Am
Year RUS+WAL EAL+BER GOA SEA+NBC SBC+WA OR+CA
1970 0 0 0 0 0 0
1971 0 0 0 0 0 0
1972 0 0 0 0 0 0
1973 0 0 0 0 0 0
1974 0 0 0 0 0 0
1975 0 0 0 0 0 0
1976 0 0 0 0 0 0
1977 0 0 0 0 0 0
1978 0 0 0 0 0 0
1979 0 0 0 0 0 0
1980 0 0 0 0 0 0
1981 0 0 0 0 0 0
1982 0 0 0 0 0 0
1983 0 0 0 0 0 0
1984 0 0 0 0 0 0
1985 0 0 0 0 0 0
1986 0 0 0 0 0 0
1987 0 0 0 0 0 0
1988 0 0 0 0 0 0
1989 0 0 0 0 0 0
1990 0 0 0 0 0 0
1991 0 0 0 0 0 0
1992 0 0 0 0 0 0
1993 0 0 0 0 0 0
1994 0 0 0 0 0 0
1995 0 0 0 0 0 0
1996 0 0 0 0 0 0
1997 0 0 0 0 0 0
1998 0 0 0 0 0 0
1999 0 0 0 0 0 0
2000 0 0 0 0 1 -15
2001 0 0 0 0 1 11
2002 0 0 0 0 1 16
2003 0 0 0 0 1 19
2004 0 0 0 0 2 22
2005 0 0 0 0 2 -17
2006 0 0 0 0 2 -42
2007 0 0 0 0 2 -19
2008 0 0 0 0 2 -20
2009 0 0 0 0 3 -3
2010 0 0 0 0 3 5
2011 0 0 0 0 3 -40
2012 0 0 0 0 3 -30
2013 0 0 0 0 0 33
2014 0 0 0 0 -1 38
2015 0 0 0 0 -13 43
2016 0 0 0 0 -2 46
2017 0 0 0 0 3 50
2018 0 0 0 0 3 47
2019 0 0 0 0 4 -63
2020 0 0 0 0 4 58
2021 0 0 0 0 4 -74
2022 0 0 0 0 1 -16
2023 0 0 0 0 0 0

Total survival over time
Values for breeding stock: Asia
Year RUS+WAL EAL+BER GOA SEA+NBC SBC+WA OR+CA
1970 0.996 0.985 0 0 0 0
1971 1.28 1.274 0 0 0 0
1972 1.186 1.216 0 0 0 0
1973 1.176 1.174 0 0 0 0
1974 1.147 1.145 0 0 0 0
1975 1.125 1.124 0 0 0 0
1976 1.109 1.107 0 0 0 0
1977 1.095 1.094 0 0 0 0
1978 1.084 1.083 0 0 0 0
1979 1.075 1.074 0 0 0 0
1980 1.067 1.066 0 0 0 0
1981 1.086 1.086 0 0 0 0
1982 1.1 1.1 0 0 0 0
1983 1.108 1.108 0 0 0 0
1984 1.113 1.113 0 0 0 0
1985 1.114 1.114 0 0 0 0
1986 1.113 1.113 0 0 0 0
1987 1.11 1.11 0 0 0 0
1988 1.106 1.106 0 0 0 0
1989 1.102 1.102 0 0 0 0
1990 1.097 1.097 0 0 0 0
1991 1.095 1.096 0 0 0 0
1992 1.095 1.096 0 0 0 0
1993 1.096 1.096 0 0 0 0
1994 1.097 1.098 0 0 0 0
1995 1.098 1.099 0 0 0 0
1996 1.098 1.099 0 0 0 0
1997 1.098 1.1 0 0 0 0
1998 1.098 1.099 0 0 0 0
1999 1.097 1.098 0 0 0 0
2000 1.095 1.14 0 0 0 0
2001 1.094 1.13 0 0 0 0
2002 1.092 1.124 0 0 0 0
2003 1.09 1.12 0 0 0 0
2004 1.089 1.114 0 0 0 0
2005 1.088 1.113 0 0 0 0
2006 1.087 1.109 0 0 0 0
2007 1.085 1.078 0 0 0 0
2008 1.084 1.074 0 0 0 0
2009 1.082 0.851 0 0 0 0
2010 1.08 1.143 0 0 0 0
2011 1.078 1.117 0 0 0 0
2012 1.076 0.979 0 0 0 0
2013 1.068 1.119 0 0 0 0
2014 1.081 1.12 0 0 0 0
2015 1.043 0.884 0 0 0 0
2016 1.071 1.041 0 0 0 0
2017 1.069 0.877 0 0 0 0
2018 1.065 0.8 0 0 0 0
2019 1.067 1.193 0 0 0 0
2020 1.055 1.124 0 0 0 0
2021 1.052 1.089 0 0 0 0
2022 1.049 1.08 0 0 0 0
2023 1.046 1.078 0 0 0 0
Values for breeding stock: Hawaii
Year RUS+WAL EAL+BER GOA SEA+NBC SBC+WA OR+CA
1970 1.008 0.997 0.979 0.99 1.005 0
1971 1.292 1.286 1.292 1.283 1.291 0
1972 1.197 1.227 1.228 1.22 1.227 0
1973 1.186 1.185 1.186 1.179 1.185 0
1974 1.156 1.155 1.156 1.15 1.155 0
1975 1.134 1.133 1.134 1.128 1.133 0
1976 1.117 1.116 1.117 1.111 1.115 0
1977 1.104 1.103 1.103 1.098 1.102 0
1978 1.093 1.092 1.092 1.087 1.091 0
1979 1.084 1.083 1.083 1.078 1.082 0
1980 1.076 1.075 1.076 1.071 1.074 0
1981 1.096 1.095 1.095 1.09 1.093 0
1982 1.11 1.109 1.109 1.104 1.107 0
1983 1.118 1.118 1.117 1.113 1.116 0
1984 1.122 1.122 1.121 1.117 1.12 0
1985 1.123 1.123 1.122 1.119 1.121 0
1986 1.122 1.122 1.121 1.118 1.12 0
1987 1.119 1.119 1.118 1.114 1.117 0
1988 1.115 1.115 1.114 1.111 1.113 0
1989 1.11 1.111 1.11 1.108 1.109 0
1990 1.106 1.106 1.105 1.103 1.104 0
1991 1.104 1.104 1.103 1.101 1.102 0
1992 1.104 1.104 1.103 1.101 1.102 0
1993 1.104 1.105 1.104 1.103 1.103 0
1994 1.105 1.106 1.105 1.103 1.104 0
1995 1.106 1.107 1.106 1.104 1.105 0
1996 1.107 1.108 1.107 1.104 1.105 0
1997 1.107 1.108 1.107 1.105 1.107 0
1998 1.106 1.107 1.106 1.104 1.106 0
1999 1.105 1.106 1.105 1.103 1.104 0
2000 1.104 1.148 1.093 1.092 1.145 0
2001 1.102 1.138 1.145 1.144 1.137 0
2002 1.1 1.133 1.133 1.133 1.133 0
2003 1.099 1.128 1.006 1.005 1.129 0
2004 1.097 1.123 1.139 1.138 1.126 0
2005 1.096 1.121 1.036 1.034 1.118 0
2006 1.095 1.118 1.142 1.142 1.117 0
2007 1.094 1.086 1.019 1.02 1.12 0
2008 1.092 1.083 1.142 1.143 1.103 0
2009 1.091 0.858 1.051 1.051 1.112 0
2010 1.089 1.153 1.134 1.131 1.105 0
2011 1.087 1.126 1.009 1.009 1.1 0
2012 1.085 0.987 1.125 1.129 1.103 0
2013 1.083 1.135 0.928 0.928 1.064 0
2014 1.081 1.12 0.82 0.822 1.049 0
2015 1.078 0.914 1.061 1.061 0.927 0
2016 1.077 1.046 0.855 0.854 1.054 0
2017 1.074 0.881 1.055 1.054 1.111 0
2018 1.072 0.805 1.168 1.166 1.089 0
2019 1.069 1.195 1.075 1.074 1.096 0
2020 1.066 1.136 0.905 0.903 1.082 0
2021 1.064 1.101 1.149 1.148 1.075 0
2022 1.061 1.092 1.117 1.115 1.049 0
2023 1.059 1.091 1.1 1.1 1.028 0
Values for breeding stock: MX_AR
Year RUS+WAL EAL+BER GOA SEA+NBC SBC+WA OR+CA
1970 1.008 0.997 0.979 0.99 1.005 0.96
1971 1.292 1.286 1.292 1.283 1.291 1.283
1972 1.197 1.227 1.228 1.22 1.227 1.22
1973 1.186 1.185 1.186 1.179 1.185 1.178
1974 1.157 1.155 1.156 1.15 1.155 1.146
1975 1.134 1.133 1.134 1.128 1.133 1.124
1976 1.117 1.116 1.117 1.111 1.115 1.107
1977 1.104 1.103 1.103 1.098 1.102 1.094
1978 1.093 1.092 1.092 1.087 1.091 1.083
1979 1.084 1.083 1.083 1.078 1.082 1.074
1980 1.076 1.075 1.076 1.071 1.074 1.065
1981 1.096 1.095 1.095 1.091 1.093 1.085
1982 1.11 1.109 1.109 1.104 1.107 1.099
1983 1.118 1.118 1.117 1.113 1.116 1.107
1984 1.122 1.122 1.121 1.118 1.12 1.113
1985 1.123 1.123 1.123 1.119 1.121 1.114
1986 1.122 1.122 1.121 1.118 1.12 1.113
1987 1.119 1.119 1.118 1.114 1.117 1.111
1988 1.115 1.115 1.114 1.111 1.113 1.107
1989 1.11 1.111 1.11 1.108 1.109 1.104
1990 1.106 1.106 1.105 1.103 1.104 1.1
1991 1.104 1.104 1.103 1.101 1.102 1.097
1992 1.104 1.104 1.103 1.101 1.102 1.097
1993 1.104 1.105 1.104 1.103 1.103 1.098
1994 1.105 1.106 1.105 1.103 1.104 1.1
1995 1.106 1.107 1.106 1.105 1.105 1.101
1996 1.107 1.108 1.107 1.104 1.106 1.103
1997 1.107 1.108 1.107 1.105 1.107 1.103
1998 1.106 1.107 1.106 1.104 1.106 1.103
1999 1.105 1.106 1.105 1.103 1.104 1.102
2000 1.104 1.148 1.093 1.092 1.145 1.062
2001 1.102 1.138 1.145 1.144 1.137 1.138
2002 1.1 1.133 1.133 1.133 1.133 1.135
2003 1.099 1.128 1.006 1.005 1.129 1.132
2004 1.097 1.123 1.139 1.138 1.126 1.131
2005 1.096 1.121 1.036 1.034 1.118 1.057
2006 1.095 1.118 1.143 1.142 1.117 1.027
2007 1.094 1.086 1.019 1.02 1.12 1.076
2008 1.092 1.083 1.142 1.143 1.103 1.077
2009 1.091 0.858 1.051 1.051 1.112 1.105
2010 1.089 1.153 1.134 1.131 1.105 1.105
2011 1.087 1.126 1.009 1.009 1.1 1.049
2012 1.085 0.987 1.125 1.129 1.103 1.076
2013 1.083 1.135 0.928 0.928 1.064 1.163
2014 1.081 1.12 0.82 0.822 1.049 1.136
2015 1.078 0.914 1.061 1.061 0.927 1.112
2016 1.077 1.046 0.855 0.854 1.054 1.094
2017 1.074 0.881 1.055 1.054 1.111 1.115
2018 1.072 0.805 1.168 1.166 1.089 1.095
2019 1.069 1.195 1.075 1.074 1.096 1.027
2020 1.066 1.136 0.905 0.903 1.082 1.127
2021 1.064 1.101 1.149 1.149 1.075 1.024
2022 1.061 1.092 1.117 1.115 1.049 1.07
2023 1.059 1.091 1.1 1.1 1.028 1.082
Values for breeding stock: MX_ML
Year RUS+WAL EAL+BER GOA SEA+NBC SBC+WA OR+CA
1970 1.001 0.99 0.972 0.984 0.998 0.954
1971 1.284 1.278 1.284 1.275 1.283 1.275
1972 1.19 1.22 1.221 1.213 1.22 1.213
1973 1.18 1.179 1.18 1.173 1.179 1.172
1974 1.151 1.149 1.151 1.144 1.15 1.14
1975 1.129 1.128 1.128 1.123 1.128 1.118
1976 1.112 1.111 1.111 1.106 1.109 1.102
1977 1.099 1.098 1.098 1.093 1.097 1.089
1978 1.088 1.087 1.088 1.082 1.086 1.078
1979 1.079 1.078 1.079 1.073 1.077 1.069
1980 1.071 1.07 1.071 1.066 1.07 1.06
1981 1.091 1.09 1.09 1.086 1.088 1.08
1982 1.105 1.104 1.104 1.099 1.102 1.094
1983 1.113 1.113 1.113 1.108 1.111 1.103
1984 1.117 1.117 1.117 1.113 1.115 1.108
1985 1.118 1.118 1.118 1.115 1.116 1.11
1986 1.117 1.117 1.116 1.113 1.116 1.109
1987 1.114 1.115 1.114 1.109 1.112 1.106
1988 1.111 1.111 1.11 1.107 1.109 1.103
1989 1.106 1.107 1.106 1.104 1.104 1.1
1990 1.102 1.102 1.101 1.099 1.1 1.096
1991 1.1 1.1 1.099 1.097 1.098 1.093
1992 1.1 1.1 1.099 1.097 1.098 1.093
1993 1.1 1.101 1.1 1.099 1.099 1.094
1994 1.101 1.102 1.101 1.1 1.1 1.096
1995 1.102 1.104 1.102 1.101 1.101 1.098
1996 1.103 1.104 1.103 1.101 1.102 1.099
1997 1.103 1.105 1.103 1.101 1.104 1.1
1998 1.103 1.104 1.103 1.101 1.103 1.099
1999 1.102 1.103 1.102 1.099 1.101 1.099
2000 1.1 1.145 1.09 1.088 1.142 1.059
2001 1.099 1.135 1.142 1.14 1.133 1.135
2002 1.097 1.13 1.13 1.13 1.13 1.132
2003 1.096 1.126 1.003 1.002 1.126 1.129
2004 1.095 1.12 1.136 1.135 1.123 1.128
2005 1.093 1.118 1.033 1.032 1.115 1.054
2006 1.092 1.115 1.14 1.139 1.115 1.024
2007 1.091 1.083 1.016 1.018 1.118 1.074
2008 1.09 1.08 1.139 1.14 1.101 1.074
2009 1.088 0.855 1.048 1.048 1.109 1.103
2010 1.086 1.15 1.131 1.128 1.102 1.102
2011 1.084 1.123 1.007 1.007 1.097 1.047
2012 1.082 0.984 1.122 1.126 1.1 1.074
2013 1.08 1.132 0.926 0.926 1.061 1.16
2014 1.078 1.117 0.818 0.819 1.046 1.132
2015 1.075 0.911 1.058 1.058 0.924 1.109
2016 1.074 1.043 0.853 0.851 1.051 1.091
2017 1.072 0.879 1.052 1.051 1.108 1.112
2018 1.069 0.803 1.165 1.163 1.087 1.092
2019 1.066 1.192 1.073 1.072 1.094 1.025
2020 1.062 1.131 0.901 0.899 1.078 1.122
2021 1.061 1.098 1.146 1.146 1.073 1.022
2022 1.059 1.09 1.115 1.113 1.047 1.068
2023 1.056 1.088 1.097 1.097 1.025 1.079
Values for breeding stock: Central_Am
Year RUS+WAL EAL+BER GOA SEA+NBC SBC+WA OR+CA
1970 0 0 0 0 0.998 0.954
1971 0 0 0 0 1.283 1.276
1972 0 0 0 0 1.221 1.214
1973 0 0 0 0 1.178 1.172
1974 0 0 0 0 1.149 1.14
1975 0 0 0 0 1.128 1.118
1976 0 0 0 0 1.11 1.102
1977 0 0 0 0 1.097 1.089
1978 0 0 0 0 1.085 1.077
1979 0 0 0 0 1.077 1.068
1980 0 0 0 0 1.069 1.06
1981 0 0 0 0 1.088 1.08
1982 0 0 0 0 1.102 1.093
1983 0 0 0 0 1.111 1.102
1984 0 0 0 0 1.115 1.109
1985 0 0 0 0 1.116 1.109
1986 0 0 0 0 1.115 1.109
1987 0 0 0 0 1.113 1.106
1988 0 0 0 0 1.109 1.102
1989 0 0 0 0 1.104 1.1
1990 0 0 0 0 1.1 1.096
1991 0 0 0 0 1.098 1.093
1992 0 0 0 0 1.098 1.093
1993 0 0 0 0 1.099 1.094
1994 0 0 0 0 1.1 1.096
1995 0 0 0 0 1.101 1.097
1996 0 0 0 0 1.102 1.099
1997 0 0 0 0 1.103 1.1
1998 0 0 0 0 1.103 1.099
1999 0 0 0 0 1.101 1.098
2000 0 0 0 0 1.142 1.059
2001 0 0 0 0 1.133 1.135
2002 0 0 0 0 1.129 1.132
2003 0 0 0 0 1.126 1.129
2004 0 0 0 0 1.123 1.128
2005 0 0 0 0 1.115 1.054
2006 0 0 0 0 1.114 1.024
2007 0 0 0 0 1.118 1.074
2008 0 0 0 0 1.1 1.074
2009 0 0 0 0 1.109 1.102
2010 0 0 0 0 1.102 1.102
2011 0 0 0 0 1.097 1.047
2012 0 0 0 0 1.1 1.074
2013 0 0 0 0 1.061 1.16
2014 0 0 0 0 1.046 1.133
2015 0 0 0 0 0.925 1.109
2016 0 0 0 0 1.052 1.092
2017 0 0 0 0 1.109 1.112
2018 0 0 0 0 1.087 1.093
2019 0 0 0 0 1.095 1.026
2020 0 0 0 0 1.079 1.124
2021 0 0 0 0 1.073 1.021
2022 0 0 0 0 1.047 1.068
2023 0 0 0 0 1.026 1.08

Numbers over time by herd
Values for breeding stock: Asia
Year RUS+WAL EAL+BER GOA SEA+NBC SBC+WA OR+CA
1970 0 0 0 0 0 0
1971 0 0 0 0 0 0
1972 0 0 0 0 0 0
1973 0 0 0 0 0 0
1974 0 0 0 0 0 0
1975 0 0 0 0 0 0
1976 0 0 0 0 0 0
1977 0 0 0 0 0 0
1978 0 0 0 0 0 0
1979 0 0 0 0 0 0
1980 0 0 0 0 0 0
1981 0 0 0 0 0 0
1982 0 0 0 0 0 0
1983 0 0 0 0 0 0
1984 0 0 0 0 0 0
1985 0 0 0 0 0 0
1986 0 0 0 0 0 0
1987 0 0 0 0 0 0
1988 0 0 0 0 0 0
1989 0 0 0 0 0 0
1990 0 0 0 0 0 0
1991 0 0 0 0 0 0
1992 0 0 0 0 0 0
1993 0 0 0 0 0 0
1994 0 0 0 0 0 0
1995 0 0 0 0 0 0
1996 0 0 0 0 0 0
1997 0 0 0 0 0 0
1998 0 0 0 0 0 0
1999 0 0 0 0 0 0
2000 0 0 0 0 0 0
2001 0 0 0 0 0 0
2002 0 0 0 0 0 0
2003 0 0 0 0 0 0
2004 0 0 0 0 0 0
2005 0 0 0 0 0 0
2006 0 0 0 0 0 0
2007 0 0 0 0 0 0
2008 0 0 0 0 0 0
2009 0 0 0 0 0 0
2010 0 0 0 0 0 0
2011 0 0 0 0 0 0
2012 0 0 0 0 0 0
2013 0 0 0 0 0 0
2014 0 0 0 0 0 0
2015 0 0 0 0 0 0
2016 0 0 0 0 0 0
2017 0 0 0 0 0 0
2018 0 0 0 0 0 0
2019 0 0 0 0 0 0
2020 0 0 0 0 0 0
2021 0 0 0 0 0 0
2022 0 0 0 0 0 0
2023 0 0 0 0 0 0
Values for breeding stock: Hawaii
Year RUS+WAL EAL+BER GOA SEA+NBC SBC+WA OR+CA
1970 0 0 0 0 0 0
1971 0 0 0 0 0 0
1972 0 0 0 0 0 0
1973 0 0 0 0 0 0
1974 0 0 0 0 0 0
1975 0 0 0 0 0 0
1976 0 0 0 0 0 0
1977 0 0 0 0 0 0
1978 0 0 0 0 0 0
1979 0 0 0 0 0 0
1980 0 0 0 0 0 0
1981 0 0 0 0 0 0
1982 0 0 0 0 0 0
1983 0 0 0 0 0 0
1984 0 0 0 0 0 0
1985 0 0 0 0 0 0
1986 0 0 0 0 0 0
1987 0 0 0 0 0 0
1988 0 0 0 0 0 0
1989 0 0 0 0 0 0
1990 0 0 0 0 0 0
1991 0 0 0 0 0 0
1992 0 0 0 0 0 0
1993 0 0 0 0 0 0
1994 0 0 0 0 0 0
1995 0 0 0 0 0 0
1996 0 0 0 0 0 0
1997 0 0 0 0 0 0
1998 0 0 0 0 0 0
1999 0 0 0 0 0 0
2000 0 0 0 0 0 0
2001 0 0 0 0 0 0
2002 0 0 0 0 0 0
2003 0 0 0 0 0 0
2004 0 0 0 0 0 0
2005 0 0 0 0 0 0
2006 0 0 0 0 0 0
2007 0 0 0 0 0 0
2008 0 0 0 0 0 0
2009 0 0 0 0 0 0
2010 0 0 0 0 0 0
2011 0 0 0 0 0 0
2012 0 0 0 0 0 0
2013 0 0 0 0 0 0
2014 0 0 0 0 0 0
2015 0 0 0 0 0 0
2016 0 0 0 0 0 0
2017 0 0 0 0 0 0
2018 0 0 0 0 0 0
2019 0 0 0 0 0 0
2020 0 0 0 0 0 0
2021 0 0 0 0 0 0
2022 0 0 0 0 0 0
2023 0 0 0 0 0 0
Values for breeding stock: MX_AR
Year RUS+WAL EAL+BER GOA SEA+NBC SBC+WA OR+CA
1970 0 0 0 0 0 0
1971 0 0 0 0 0 3
1972 0 0 0 0 0 3
1973 0 0 0 0 0 3
1974 0 0 0 0 0 3
1975 0 0 0 0 0 3
1976 0 0 0 0 0 3
1977 0 0 0 0 0 3
1978 0 0 0 0 0 3
1979 0 0 0 0 0 3
1980 0 0 0 0 0 3
1981 0 0 0 0 0 4
1982 0 0 0 0 0 4
1983 0 0 0 0 0 5
1984 0 0 0 0 0 5
1985 0 0 0 0 0 6
1986 0 0 0 0 0 6
1987 0 0 0 0 0 7
1988 0 0 0 0 0 7
1989 0 0 0 0 0 7
1990 0 0 0 0 0 8
1991 0 0 0 0 0 8
1992 0 0 0 0 0 9
1993 0 0 0 0 0 9
1994 0 0 0 0 0 10
1995 0 0 0 0 0 11
1996 0 0 0 0 0 12
1997 0 0 0 0 0 13
1998 0 0 0 0 0 14
1999 0 0 0 0 0 15
2000 0 0 0 0 0 16
2001 0 0 0 0 0 17
2002 0 0 0 0 0 18
2003 0 0 0 0 0 20
2004 0 0 0 0 0 22
2005 0 0 0 0 0 24
2006 0 0 0 0 0 26
2007 0 0 0 0 0 28
2008 0 0 0 0 0 28
2009 0 0 0 0 0 29
2010 0 0 0 0 0 30
2011 0 0 0 0 0 33
2012 0 0 0 0 0 36
2013 0 0 0 0 0 38
2014 0 0 0 0 0 39
2015 0 0 0 0 0 41
2016 0 0 0 0 0 43
2017 0 0 0 0 0 47
2018 0 0 0 0 0 50
2019 0 0 0 0 0 55
2020 0 0 0 0 0 59
2021 0 0 0 0 0 60
2022 0 0 0 0 0 64
2023 0 0 0 0 0 69
Values for breeding stock: MX_ML
Year RUS+WAL EAL+BER GOA SEA+NBC SBC+WA OR+CA
1970 0 0 0 0 0 4
1971 0 0 0 0 0 27
1972 0 0 0 0 0 26
1973 0 0 0 0 0 26
1974 0 0 0 0 0 25
1975 0 0 0 0 0 25
1976 0 0 0 0 0 25
1977 0 0 0 0 0 24
1978 0 0 0 0 0 24
1979 0 0 0 0 0 23
1980 0 0 0 0 0 23
1981 0 0 0 0 0 28
1982 0 0 0 0 0 33
1983 0 0 0 0 0 37
1984 0 0 0 0 0 41
1985 0 0 0 0 0 45
1986 0 0 0 0 0 48
1987 0 0 0 0 0 51
1988 0 0 0 0 0 54
1989 0 0 0 0 0 56
1990 0 0 0 0 0 59
1991 0 0 0 0 0 62
1992 0 0 0 0 0 67
1993 0 0 0 0 0 72
1994 0 0 0 0 0 78
1995 0 0 0 0 0 84
1996 0 0 0 0 0 91
1997 0 0 0 0 0 98
1998 0 0 0 0 0 105
1999 0 0 0 0 0 112
2000 0 0 0 0 0 120
2001 0 0 0 0 0 128
2002 0 0 0 0 0 132
2003 0 0 0 0 0 144
2004 0 0 0 0 0 159
2005 0 0 0 0 0 175
2006 0 0 0 0 0 194
2007 0 0 0 0 0 203
2008 0 0 0 0 0 206
2009 0 0 0 0 0 215
2010 0 0 0 0 0 220
2011 0 0 0 0 0 240
2012 0 0 0 0 0 261
2013 0 0 0 0 0 272
2014 0 0 0 0 0 281
2015 0 0 0 0 0 296
2016 0 0 0 0 0 307
2017 0 0 0 0 0 334
2018 0 0 0 0 0 356
2019 0 0 0 0 0 387
2020 0 0 0 0 0 420
2021 0 0 0 0 0 424
2022 0 0 0 0 0 454
2023 0 0 0 0 0 482
Values for breeding stock: Central_Am
Year RUS+WAL EAL+BER GOA SEA+NBC SBC+WA OR+CA
1970 0 0 0 0 0 2
1971 0 0 0 0 0 13
1972 0 0 0 0 0 12
1973 0 0 0 0 0 12
1974 0 0 0 0 0 12
1975 0 0 0 0 0 12
1976 0 0 0 0 0 12
1977 0 0 0 0 0 11
1978 0 0 0 0 0 11
1979 0 0 0 0 0 11
1980 0 0 0 0 0 11
1981 0 0 0 0 0 13
1982 0 0 0 0 0 15
1983 0 0 0 0 0 17
1984 0 0 0 0 0 19
1985 0 0 0 0 0 21
1986 0 0 0 0 0 23
1987 0 0 0 0 0 24
1988 0 0 0 0 0 25
1989 0 0 0 0 0 27
1990 0 0 0 0 0 28
1991 0 0 0 0 0 29
1992 0 0 0 0 0 31
1993 0 0 0 0 0 34
1994 0 0 0 0 0 37
1995 0 0 0 0 0 40
1996 0 0 0 0 0 43
1997 0 0 0 0 0 46
1998 0 0 0 0 0 50
1999 0 0 0 0 0 53
2000 0 0 0 0 0 57
2001 0 0 0 0 0 60
2002 0 0 0 0 0 62
2003 0 0 0 0 0 68
2004 0 0 0 0 0 75
2005 0 0 0 0 0 83
2006 0 0 0 0 0 91
2007 0 0 0 0 0 95
2008 0 0 0 0 0 97
2009 0 0 0 0 0 101
2010 0 0 0 0 0 104
2011 0 0 0 0 0 113
2012 0 0 0 0 0 123
2013 0 0 0 0 0 128
2014 0 0 0 0 0 132
2015 0 0 0 0 0 139
2016 0 0 0 0 0 145
2017 0 0 0 0 0 157
2018 0 0 0 0 0 168
2019 0 0 0 0 0 183
2020 0 0 0 0 0 199
2021 0 0 0 0 0 201
2022 0 0 0 0 0 215
2023 0 0 0 0 0 228

Catch numbers by breeding stock
Year Asia Hawaii MX_AR MX_ML Central_Am
1970 0.9 0 0 1.1 0.3
1971 0.9 0 0 1.2 0.3
1972 1 0 0 1.3 0.3
1973 1.1 0 0 1.3 0.4
1974 1.2 0.1 0 1.4 0.4
1975 1.2 0.1 0 1.5 0.4
1976 1.3 0.1 0 1.6 0.4
1977 1.4 0.1 0 1.6 0.4
1978 1.5 0.1 0 1.7 0.5
1979 1.6 0.1 0 1.8 0.5
1980 1.8 0.1 0 1.9 0.5
1981 1.9 0.1 0 2 0.5
1982 2 0.1 0 2.1 0.6
1983 2.2 0.1 0 2.2 0.6
1984 2.3 0.1 0 2.4 0.6
1985 2.5 0.1 0 2.5 0.7
1986 2.6 0.1 0 2.6 0.7
1987 2.8 0.1 0 2.8 0.7
1988 3 0.1 0 2.9 0.8
1989 3.2 0.1 0 3.1 0.8
1990 3.5 0.2 0 3.2 0.8
1991 3.7 0.2 0 3.4 0.9
1992 4 0.2 0 3.6 0.9
1993 4.3 0.2 0 3.8 1
1994 4.6 0.2 0 4 1
1995 4.9 0.2 0 4.2 1.1
1996 5.2 0.2 0 4.4 1.1
1997 5.6 0.2 0 4.7 1.2
1998 6 0.2 0 4.9 1.2
1999 6.4 0.2 0 5.2 1.3
2000 6.9 0.3 0 5.5 1.4
2001 7.3 0.3 0 5.8 1.4
2002 7.9 0 0 5.8 1.5
2003 8.4 0 0 5.8 1.6
2004 9 0 0 6.7 1.7
2005 9.6 0 0 8.1 1.8
2006 10.3 1 0 6.8 1.8
2007 11.1 0 0 7.7 1.9
2008 11.8 0 0 7.9 2
2009 12.7 0 0 9 2.1
2010 13.6 0 0 9.3 2.2
2011 14.5 0.8 0 10.6 2.4
2012 15.5 0 0 10.9 2.5
2013 28 0 0 10.8 2.6
2014 0 5 0 13 2.7
2015 72 0 0 14.2 2.9
2016 12 0.1 0 14.2 3
2017 12 0.1 0 13.4 3.2
2018 16 0.1 0 13.4 3.3
2019 4 0.4 0 13.4 1.7
2020 26.8 0.4 0 23.8 5
2021 28.6 0.4 0 12.8 4.7
2022 30.7 0.4 0 10.5 3.7
2023 32.8 0.4 0 18.4 4.2

Catch numbers by feeding ground
Year RUS+WAL EAL+BER GOA SEA+NBC SBC+WA OR+CA
1970 0 2.7 3.1 6.8 0.1 6.4
1971 0 1.8 0.1 4 0.1 1.5
1972 4 0.8 0.1 4.1 0.1 1.6
1973 0 0.8 0.1 4.3 0.1 1.7
1974 0 0.8 0.1 4.5 0.1 2.5
1975 0 0.8 0.2 4.7 0.1 2.7
1976 0 0.8 0.2 4.9 0.2 2.9
1977 0 0.8 0.2 5.2 0.2 3.1
1978 0 0.8 0.2 5.4 0.2 3.3
1979 0 1 0.2 5.6 0.2 3.5
1980 0 1 0.2 5.9 0.2 3.9
1981 0 1 0.3 6.1 0.3 4.2
1982 0 1 0.4 6.5 0.3 4.5
1983 0 1 0.4 6.7 0.3 4.8
1984 0 1 0.5 7.1 0.4 4.6
1985 0 1 0.5 6.7 0.4 5
1986 0 1 0.7 7.8 0.4 5.4
1987 0 1 0.7 10 0.5 5.8
1988 0 1.1 0.8 8.5 0.5 6.3
1989 0 0.9 0.8 6.1 0.6 6.1
1990 0 1 0.8 7.4 0.7 5.8
1991 0 1 0.9 8.2 0.7 7.6
1992 0 1.1 0.9 9.8 0.8 8.3
1993 0 1.1 1 7.1 0.9 8.6
1994 0 1.2 1 9.3 1 8.8
1995 0 1.2 1 9.3 1.1 9.6
1996 0 1.2 1.1 12.7 1.2 9.9
1997 0 1.2 1.3 12.7 0.9 10.7
1998 0 3 1.4 14.7 1.2 12
1999 0 2.6 1.4 17.4 1.7 13.5
2000 0 1.2 1.5 14.1 1.5 11.6
2001 0 1.2 1.8 16.4 1.7 13.4
2002 0 2.4 1.9 13.8 1.9 13.7
2003 0 1.4 2 18.9 2.3 16
2004 0 1.4 2.3 22 2.5 15.9
2005 0 1.6 2.3 23.3 5.8 20.1
2006 0 1.6 2.4 22.7 5.3 22.1
2007 0 0.1 7.3 18.4 0 18.1
2008 0 0.1 4.3 19.7 12.4 8.8
2009 0 0.1 4.3 24.1 0 9.8
2010 0 6.1 0.8 44.5 7 24.5
2011 0 3.1 4 28.4 11 11.9
2012 0 4.1 8.8 11.6 0 10
2013 0 0.1 4 31.6 0 4.7
2014 0 0.1 11.8 43.7 7 45.2
2015 0 4.1 12 51 9.1 103.4
2016 0 4.1 4.8 34.8 7.1 150.3
2017 0 4.1 2.1 16.3 11.1 60.3
2018 0 1.1 4 26.6 30.1 111.1
2019 0 4.1 6 27.3 9.1 61
2020 0 1.1 0 24 23 31.2
2021 0 2.2 7 33.7 13 62.4
2022 0 4.3 0.8 22.3 8 56
2023 0 3.6 9.1 40.1 19.2 59.7
