Stock structure: B2F1; Model type = BC
Mortality impacts feeding grounds
Recruitment related to unfished
Staying rate: 0
Age-at-matrity: 8
Base adult survival: 0
Sigma for survival devs: 
Additional variance estimated
Weight for mark-recapture proportions: 1
Weight for genetics proportions: 1


Total objective fn: 201.935881446753
Negative log-likelihood fn: 131.868892163501

Natural Survival by feeding ground
RUS+WAL,EAL+BER,GOA,SEA+NBC,SBC+WA,OR+CA
1970 0.96 0.96 0.96 0.96 0.96 0.96
1971 0.96 0.96 0.96 0.96 0.96 0.96
1972 0.96 0.96 0.96 0.96 0.96 0.96
1973 0.96 0.96 0.96 0.96 0.96 0.96
1974 0.96 0.96 0.96 0.96 0.96 0.96
1975 0.96 0.96 0.96 0.96 0.96 0.96
1976 0.96 0.96 0.96 0.96 0.96 0.96
1977 0.96 0.96 0.96 0.96 0.96 0.96
1978 0.96 0.96 0.96 0.96 0.96 0.96
1979 0.96 0.96 0.96 0.96 0.96 0.96
1980 0.96 0.96 0.96 0.96 0.96 0.96
1981 0.96 0.96 0.96 0.96 0.96 0.96
1982 0.96 0.96 0.96 0.96 0.96 0.96
1983 0.96 0.96 0.96 0.96 0.96 0.96
1984 0.96 0.96 0.96 0.96 0.96 0.96
1985 0.96 0.96 0.96 0.96 0.96 0.96
1986 0.96 0.96 0.96 0.96 0.96 0.96
1987 0.96 0.96 0.96 0.96 0.96 0.96
1988 0.96 0.96 0.96 0.96 0.96 0.96
1989 0.96 0.96 0.96 0.96 0.96 0.96
1990 0.96 0.96 0.96 0.96 0.96 0.96
1991 0.96 0.96 0.96 0.96 0.96 0.96
1992 0.96 0.96 0.96 0.96 0.96 0.96
1993 0.96 0.96 0.96 0.96 0.96 0.96
1994 0.96 0.96 0.96 0.96 0.96 0.96
1995 0.96 0.96 0.96 0.96 0.96 0.96
1996 0.96 0.96 0.96 0.96 0.96 0.96
1997 0.96 0.96 0.96 0.96 0.96 0.96
1998 0.96 0.96 0.96 0.96 0.96 0.96
1999 0.96 0.96 0.96 0.96 0.96 0.96
2000 0.96 0.9621116 0.9532731 0.9576571 0.9449836 0.964319
2001 0.96 0.9854772 0.9581537 0.9669996 0.9479498 0.9669428
2002 0.96 0.9911538 0.9596423 0.9928199 0.9673551 0.9682726
2003 0.96 0.9820977 0.8704644 0.973923 0.9658273 0.9762836
2004 0.96 0.9772173 0.9564781 0.9785533 0.9565311 0.9659117
2005 0.96 0.9841933 0.8850439 0.9103979 0.9645991 0.9661497
2006 0.96 0.9841015 0.9702708 0.9488282 0.9704763 0.9471401
2007 0.96 0.9764113 0.986628 0.9878532 0.9670136 0.9177921
2008 0.96 0.9912897 0.9954355 0.993236 0.9649637 0.9117855
2009 0.96 0.9246487 0.947853 0.9506848 0.9688702 0.9343554
2010 0.96 0.9595761 0.9806222 0.9843525 0.9678757 0.9656324
2011 0.96 0.9815938 0.9476244 0.9169782 0.9627222 0.9398178
2012 0.96 0.9676546 0.9417942 0.9770592 0.9660389 0.9596104
2013 0.96 0.9376782 0.942114 0.8241408 0.9585761 0.9735397
2014 0.96 0.9198231 0.6395918 0.7494746 0.9515393 0.9821433
2015 0.96 0.8971719 0.7254289 0.877349 0.9482535 0.9834724
2016 0.96 0.8079703 0.8933602 0.767432 0.9591031 0.9816579
2017 0.96 0.776945 0.7864926 0.909117 0.9604356 0.9744628
2018 0.96 0.9048108 0.906467 0.9246344 0.9536143 0.9631353
2019 0.96 0.8819484 0.8222675 0.9242922 0.9631214 0.9776998
2020 0.96 0.7810298 0.8658528 0.9720799 0.9672622 0.9780761
2021 0.96 0.6672676 0.9396561 0.9851842 0.9747961 0.9311865
2022 0.96 0.7821742 0.9636344 0.9661318 0.965611 0.9573659
2023 0.96 0.7308709 0.9724736 0.9853185 0.9708573 0.9669451

Naturak Survival by breeding stock
RUS+WAL,EAL+BER,GOA,SEA+NBC,SBC+WA,OR+CA
1970 0.96 0.96 0.96 0.96 0.96
1971 0.96 0.96 0.96 0.96 0.96
1972 0.96 0.96 0.96 0.96 0.96
1973 0.96 0.96 0.96 0.96 0.96
1974 0.96 0.96 0.96 0.96 0.96
1975 0.96 0.96 0.96 0.96 0.96
1976 0.96 0.96 0.96 0.96 0.96
1977 0.96 0.96 0.96 0.96 0.96
1978 0.96 0.96 0.96 0.96 0.96
1979 0.96 0.96 0.96 0.96 0.96
1980 0.96 0.96 0.96 0.96 0.96
1981 0.96 0.96 0.96 0.96 0.96
1982 0.96 0.96 0.96 0.96 0.96
1983 0.96 0.96 0.96 0.96 0.96
1984 0.96 0.96 0.96 0.96 0.96
1985 0.96 0.96 0.96 0.96 0.96
1986 0.96 0.96 0.96 0.96 0.96
1987 0.96 0.96 0.96 0.96 0.96
1988 0.96 0.96 0.96 0.96 0.96
1989 0.96 0.96 0.96 0.96 0.96
1990 0.96 0.96 0.96 0.96 0.96
1991 0.96 0.96 0.96 0.96 0.96
1992 0.96 0.96 0.96 0.96 0.96
1993 0.96 0.96 0.96 0.96 0.96
1994 0.96 0.96 0.96 0.96 0.96
1995 0.96 0.96 0.96 0.96 0.96
1996 0.96 0.96 0.96 0.96 0.96
1997 0.96 0.96 0.96 0.96 0.96
1998 0.96 0.96 0.96 0.96 0.96
1999 0.96 0.96 0.96 0.96 0.96
2000 0.96 0.96 0.96 0.96 0.96
2001 0.96 0.96 0.96 0.96 0.96
2002 0.96 0.96 0.96 0.96 0.96
2003 0.96 0.96 0.96 0.96 0.96
2004 0.96 0.96 0.96 0.96 0.96
2005 0.96 0.96 0.96 0.96 0.96
2006 0.96 0.96 0.96 0.96 0.96
2007 0.96 0.96 0.96 0.96 0.96
2008 0.96 0.96 0.96 0.96 0.96
2009 0.96 0.96 0.96 0.96 0.96
2010 0.96 0.96 0.96 0.96 0.96
2011 0.96 0.96 0.96 0.96 0.96
2012 0.96 0.96 0.96 0.96 0.96
2013 0.96 0.96 0.96 0.96 0.96
2014 0.96 0.96 0.96 0.96 0.96
2015 0.96 0.96 0.96 0.96 0.96
2016 0.96 0.96 0.96 0.96 0.96
2017 0.96 0.96 0.96 0.96 0.96
2018 0.96 0.96 0.96 0.96 0.96
2019 0.96 0.96 0.96 0.96 0.96
2020 0.96 0.96 0.96 0.96 0.96
2021 0.96 0.96 0.96 0.96 0.96
2022 0.96 0.96 0.96 0.96 0.96
2023 0.96 0.96 0.96 0.96 0.96

Fecundity by feeding ground
RUS+WAL,EAL+BER,GOA,SEA+NBC,SBC+WA,OR+CA
1970 0.9608076 0.961883 0.9591479 0.956128 0.9637732 0.9680842
1971 0.960881 0.9619512 0.9591607 0.9562593 0.9638047 0.9681455
1972 0.9586184 0.9595205 0.956051 0.9526045 0.9618036 0.9672069
1973 0.9561864 0.9571979 0.9530693 0.9491389 0.9598927 0.966329
1974 0.9538889 0.9549867 0.9502235 0.9458711 0.958073 0.965528
1975 0.9517114 0.9528802 0.9475157 0.9427879 0.9563395 0.9647862
1976 0.9496555 0.9508735 0.9449318 0.9398792 0.9547061 0.9641003
1977 0.9477152 0.948961 0.9424656 0.9371388 0.9531513 0.9634661
1978 0.9458857 0.9471391 0.9401119 0.9345552 0.9516736 0.962885
1979 0.9441621 0.9454108 0.9378657 0.9321202 0.9502681 0.9623522
1980 0.9425491 0.9437658 0.935722 0.9298303 0.9489315 0.9618716
1981 0.9410292 0.9421983 0.9336851 0.9276691 0.9476774 0.9614341
1982 0.9389176 0.9400481 0.9309151 0.9246786 0.9459463 0.9607992
1983 0.9362836 0.9373697 0.927471 0.9209369 0.9437823 0.9599899
1984 0.9331802 0.9342186 0.9234344 0.9165409 0.9412504 0.9590165
1985 0.929673 0.9306466 0.9188642 0.911545 0.9383766 0.9579179
1986 0.9258068 0.9267022 0.9138436 0.9060802 0.9351994 0.956711
1987 0.92164 0.9224326 0.9084162 0.9002629 0.9317754 0.9554149
1988 0.9172183 0.9178832 0.9026475 0.8940287 0.9281225 0.9540497
1989 0.9125845 0.9130846 0.8965821 0.8873991 0.9242911 0.9526084
1990 0.9077866 0.9080843 0.8902696 0.8805624 0.9203116 0.9510981
1991 0.9028514 0.9029129 0.8837638 0.8735535 0.916196 0.9495942
1992 0.8976505 0.8974368 0.876885 0.8662167 0.9118471 0.9480172
1993 0.8920701 0.8915366 0.8695003 0.8582392 0.9071719 0.9463192
1994 0.8860206 0.8851228 0.8614888 0.8496765 0.9020929 0.9444626
1995 0.8794339 0.8781205 0.8527667 0.8403663 0.8965522 0.9424427
1996 0.8722622 0.8704776 0.8432865 0.8303774 0.8905051 0.9402243
1997 0.864485 0.862162 0.8330261 0.8195629 0.8838515 0.9378125
1998 0.8560894 0.8532213 0.8219666 0.8079902 0.8766767 0.9352103
1999 0.8470777 0.8435809 0.8101091 0.7957089 0.8690191 0.9324251
2000 0.8374741 0.8332163 0.7974927 0.7825381 0.8607629 0.9293587
2001 0.8272958 0.8217191 0.7860543 0.7694386 0.8546664 0.9258028
2002 0.816551 0.8036213 0.772506 0.752499 0.8475387 0.9217984
2003 0.8052061 0.7827175 0.7578844 0.7253771 0.8361887 0.9174396
2004 0.7932368 0.7630653 0.7698874 0.7046508 0.824722 0.9119826
2005 0.7806032 0.7434753 0.7537531 0.6804874 0.8152883 0.9072792
2006 0.7672613 0.7197621 0.7612265 0.6842873 0.8029711 0.9021029
2007 0.7531875 0.6944024 0.7398774 0.6701468 0.7873192 0.8985252
2008 0.7383507 0.6707346 0.7122988 0.637122 0.7739839 0.8975313
2009 0.7227588 0.6381893 0.6792428 0.6000708 0.7581137 0.8968483
2010 0.706433 0.6372313 0.6660755 0.5865521 0.7411045 0.893811
2011 0.6893986 0.6176254 0.6363909 0.5517664 0.7244687 0.8864138
2012 0.6716877 0.5849546 0.6233758 0.5561523 0.7069192 0.8822838
2013 0.6543733 0.5591138 0.6120959 0.5229256 0.6867362 0.8745692
2014 0.6339941 0.5504032 0.6019293 0.5810872 0.6702665 0.8653697
2015 0.6193714 0.5519549 0.7260738 0.6634231 0.6566713 0.8558487
2016 0.5991475 0.5647649 0.7799793 0.6741847 0.6435343 0.8467586
2017 0.5781438 0.6212746 0.7770361 0.7266129 0.6250162 0.8347846
2018 0.5571191 0.6797124 0.8054552 0.7190413 0.6089009 0.8251959
2019 0.5346305 0.67457 0.7993023 0.7085062 0.5922527 0.8161476
2020 0.5141392 0.6822531 0.8159808 0.6993732 0.5721824 0.8019498
2021 0.4938231 0.7275184 0.8206965 0.6697586 0.5473111 0.7872214
2022 0.4737395 0.796901 0.8082883 0.6344481 0.5161562 0.7846091
2023 0.4540253 0.8184551 0.7917878 0.6097747 0.4932414 0.7735926

Total abundance: Estimate SD_log
1970 1080.891 0.04966822
1971 1358.492 0.04469351
1972 1586.078 0.04201258
1973 1797.86 0.04029985
1974 2002.175 0.03901373
1975 2194.746 0.03808325
1976 2376.831 0.03738185
1977 2548.838 0.0368434
1978 2711.347 0.03642275
1979 2864.701 0.03609229
1980 3009.212 0.03583314
1981 3221.593 0.03504753
1982 3483.007 0.03404371
1983 3787.462 0.03297184
1984 4129.951 0.03192739
1985 4505.653 0.03096371
1986 4910.327 0.0301008
1987 5338.153 0.02935053
1988 5783.85 0.02870988
1989 6247.409 0.02814667
1990 6727.65 0.02764083
1991 7236.548 0.0271617
1992 7782.795 0.02670369
1993 8374.518 0.02626866
1994 9022.464 0.02585311
1995 9725.936 0.02548736
1996 10488.87 0.0251813
1997 11309.01 0.02495452
1998 12188.62 0.02480946
1999 13120.98 0.02476325
2000 14103.95 0.02481889
2001 15123.69 0.02431678
2002 16430.6 0.02387966
2003 18115.79 0.02301011
2004 19440.05 0.02073942
2005 21058.11 0.01964006
2006 21954.79 0.02274002
2007 23501.54 0.02320018
2008 25462.89 0.02312685
2009 27785.7 0.02335676
2010 28747.11 0.03086373
2011 30859.55 0.03070027
2012 32175.06 0.02912346
2013 34286.89 0.03162634
2014 33938.54 0.04305865
2015 31546.11 0.03966124
2016 30927.88 0.03775388
2017 28929.27 0.04167781
2018 28015.04 0.03646512
2019 28800.1 0.03430541
2020 29428.66 0.03506696
2021 29743.42 0.03685756
2022 29368.44 0.06748186
2023 30032.06 0.07817632
2024 30910.16 0.08287272

Breeding stock abundance: Estimate SD_log Estimate/K
Asia
1 76.8413 0.0783358 1.711755
2 97.25563 0.07488333 2.166514
3 113.2528 0.07345058 2.522874
4 125.3745 0.07417824 2.792904
5 139.1433 0.07366988 3.099624
6 152.0431 0.07337889 3.386987
7 164.2243 0.0731876 3.658342
8 175.6239 0.07310776 3.912284
9 186.2764 0.07311367 4.149585
10 196.2145 0.07318873 4.370971
11 205.4611 0.07332355 4.576952
12 219.1668 0.07310391 4.882266
13 236.1121 0.07271313 5.259749
14 255.8896 0.07223105 5.700321
15 278.0171 0.07174183 6.193245
16 302.2511 0.07124645 6.733094
17 328.1678 0.0707847 7.310426
18 355.5785 0.07033726 7.921041
19 384.1118 0.06992642 8.556663
20 413.5159 0.06955004 9.211684
21 443.5765 0.06920521 9.881327
22 475.2293 0.06886427 10.58644
23 509.2493 0.0685 11.34429
24 546.0434 0.06812619 12.16393
25 585.9886 0.06774869 13.05377
26 629.3312 0.06737954 14.01929
27 676.2133 0.06703496 15.06366
28 726.6748 0.06673474 16.18776
29 780.5613 0.06651106 17.38817
30 837.68 0.06638933 18.66057
31 897.908 0.06639468 20.00224
32 961.573 0.0665143 21.42047
33 1033.105 0.06678423 23.01394
34 1109.754 0.06732911 24.72143
35 1188.648 0.06817151 26.4789
36 1270.554 0.0693423 28.30349
37 1358.744 0.07093091 30.26805
38 1451.44 0.07296013 32.33299
39 1546.065 0.07549642 34.44091
40 1650.178 0.07849297 36.76017
41 1734.49 0.08205819 38.63834
42 1834.269 0.08600779 40.86107
43 1945.928 0.09054312 43.34845
44 2054.265 0.09579462 45.76181
45 2140.138 0.1022064 47.67476
46 2249.953 0.1077567 50.12106
47 2280.828 0.1172417 50.80884
48 2343.578 0.1256724 52.20669
49 2405.454 0.1348756 53.58507
50 2504.145 0.1439962 55.78355
51 2609 0.1534089 58.11936
52 2666.288 0.1655053 59.39553
53 2703.092 0.1800544 60.21541
54 2764.197 0.1933957 61.5766
Hawaii
1 683.3253 0.05355408 2.423034
2 862.3365 0.04903239 3.057799
3 1008.064 0.04668348 3.57454
4 1146.066 0.04512704 4.063886
5 1277.747 0.04401083 4.530823
6 1402.638 0.04319145 4.973677
7 1521.095 0.04256895 5.39372
8 1633.444 0.04208358 5.792105
9 1739.946 0.04169852 6.169754
10 1840.972 0.04138664 6.527988
11 1936.656 0.04113332 6.867277
12 2076.395 0.04044748 7.362783
13 2248.108 0.03959205 7.971667
14 2447.977 0.03869147 8.680393
15 2672.881 0.03782022 9.47789
16 2919.295 0.03702379 10.35166
17 3185.209 0.03630503 11.29458
18 3466.236 0.03568184 12.29109
19 3758.742 0.03515387 13.3283
20 4063.901 0.03467691 14.41037
21 4380.775 0.03423606 15.53399
22 4715.826 0.03382731 16.72206
23 5076.313 0.03343959 18.00033
24 5466.51 0.03308271 19.38395
25 5894.418 0.03274375 20.90129
26 6357.881 0.03246424 22.5447
27 6860.439 0.03224741 24.32674
28 7398.988 0.0321225 26.23641
29 7976.339 0.03208707 28.28367
30 8587.581 0.03216563 30.4511
31 9231.097 0.03236852 32.73297
32 9883.943 0.03185097 35.04793
33 10735.45 0.03152062 38.06734
34 11894.3 0.03051433 42.17654
35 12727.06 0.02817448 45.12945
36 13807.5 0.02706443 48.96064
37 14194.92 0.03049234 50.33443
38 15175.88 0.03023343 53.81285
39 16623.11 0.02958057 58.94465
40 18341.7 0.02974523 65.03867
41 18961.05 0.0367891 67.23485
42 20396.49 0.03694933 72.32486
43 21070.53 0.03442075 74.71495
44 22459.71 0.03725747 79.64092
45 21581.39 0.05506852 76.52643
46 19011.27 0.04599044 67.41292
47 18201.1 0.04425379 64.5401
48 16302.09 0.04997508 57.80634
49 15428.48 0.04543173 54.70854
50 15770.67 0.04166154 55.92193
51 15861.04 0.04122077 56.24237
52 15893.6 0.04333786 56.35785
53 15798.63 0.07850361 56.02107
54 16132.87 0.09327054 57.20627
MX_AR
1 114.9605 0.074784 1.25994
2 145.1537 0.07118986 1.590849
3 169.9977 0.06928911 1.863134
4 193.3582 0.0680855 2.11916
5 216.049 0.06715909 2.367845
6 237.6236 0.06647722 2.604298
7 258.1568 0.06595555 2.829337
8 277.7078 0.06554426 3.043611
9 296.3246 0.0652118 3.247647
10 314.0527 0.06493813 3.441942
11 330.8866 0.06471396 3.626438
12 355.3506 0.06416799 3.894557
13 385.3758 0.06350222 4.223627
14 420.3557 0.06280974 4.606998
15 459.7525 0.0621486 5.038778
16 503.0489 0.0615482 5.513295
17 549.7541 0.06101937 6.025173
18 599.3248 0.06056165 6.568456
19 651.3265 0.06016604 7.138382
20 705.4257 0.05982543 7.731296
21 761.4238 0.05952657 8.345023
22 820.9911 0.05924258 8.997866
23 885.1771 0.05897135 9.70133
24 954.9758 0.05871141 10.46631
25 1031.268 0.05846751 11.30245
26 1114.422 0.05824512 12.2138
27 1204.787 0.05805101 13.20418
28 1302.417 0.05788877 14.27417
29 1407.346 0.05776213 15.42417
30 1518.856 0.05767911 16.6463
31 1637.095 0.0576344 17.94216
32 1761.833 0.05749184 19.30926
33 1930.082 0.05709428 21.15324
34 2127.875 0.05684078 23.321
35 2277.225 0.05675061 24.95784
36 2470.553 0.05641092 27.07667
37 2634.412 0.05779634 28.87253
38 2861.89 0.05857422 31.36563
39 3100.56 0.05997546 33.9814
40 3398.675 0.06068375 37.24866
41 3492.042 0.07078896 38.27194
42 3730.639 0.07059577 40.88691
43 3983.865 0.06987984 43.66221
44 4226.768 0.07286066 46.32437
45 4327.473 0.0798466 47.42807
46 4138.019 0.08477796 45.35169
47 4032.22 0.08285799 44.19216
48 3759.411 0.0880137 41.20225
49 3469.566 0.08357026 38.02561
50 3542.06 0.0794298 38.82013
51 3552.044 0.08138361 38.92955
52 3398.366 0.09022985 37.24528
53 3098.801 0.1520588 33.96212
54 3049.322 0.1766437 33.41983
MX_ML
1 162.2945 0.06336933 0.4516042
2 200.7041 0.06038314 0.5584836
3 233.1931 0.05862092 0.6488881
4 263.4901 0.05755948 0.7331932
5 292.2619 0.05687398 0.8132541
6 318.7613 0.05651552 0.8869919
7 343.457 0.05633356 0.9557107
8 366.4153 0.05628002 1.019595
9 387.8442 0.0563035 1.079223
10 407.7197 0.0564 1.13453
11 426.083 0.05655508 1.185627
12 453.7863 0.0563507 1.262716
13 488.0781 0.05600316 1.358136
14 528.1222 0.0556126 1.469564
15 573.1568 0.05524628 1.594878
16 622.6746 0.0549263 1.732668
17 675.8018 0.05468432 1.880501
18 731.8881 0.05451418 2.036567
19 790.2345 0.05441398 2.198923
20 850.4975 0.05437677 2.366612
21 912.6481 0.05438048 2.539554
22 978.9692 0.05437411 2.724101
23 1049.445 0.05441192 2.920208
24 1125.824 0.05446137 3.132741
25 1209.354 0.05452413 3.365174
26 1300.571 0.05459516 3.618998
27 1399.553 0.05469482 3.894426
28 1506.718 0.05481111 4.192626
29 1621.851 0.05495882 4.512997
30 1744.146 0.05513661 4.853298
31 1873.281 0.05535058 5.212633
32 2015.172 0.055489 5.607461
33 2189.988 0.05555797 6.093906
34 2395.851 0.05588071 6.666746
35 2603.658 0.05552523 7.244995
36 2815.016 0.05631891 7.833122
37 3017.758 0.05805944 8.397276
38 3222.641 0.06509807 8.967389
39 3386.871 0.06323623 9.424381
40 3575.347 0.06240276 9.948836
41 3701.977 0.06349968 10.3012
42 3970.854 0.06214834 11.04938
43 4199.179 0.06163922 11.68472
44 4493.44 0.06200824 12.50354
45 4734.217 0.06266126 13.17353
46 4881.021 0.06232378 13.58203
47 5045.984 0.06060196 14.04106
48 5065.213 0.05942063 14.09457
49 5142.124 0.05640272 14.30858
50 5335.956 0.05635625 14.84794
51 5622.471 0.05663043 15.64521
52 5848.67 0.05718333 16.27463
53 5787.395 0.07237163 16.10413
54 5991.646 0.07719563 16.67248
Central_Am
1 43.46985 0.09024325 0.9813588
2 53.04205 0.08842468 1.197457
3 61.57049 0.08740821 1.389992
4 69.57213 0.08684508 1.570634
5 76.97337 0.0866613 1.737721
6 83.6803 0.08665869 1.889135
7 89.89831 0.08674616 2.02951
8 95.64674 0.08689743 2.159284
9 100.9559 0.08709097 2.279141
10 105.7419 0.0874028 2.387189
11 110.1257 0.08773573 2.486157
12 116.8945 0.08779162 2.638966
13 125.3338 0.08772213 2.829487
14 135.1176 0.08766826 3.050363
15 146.1437 0.08760346 3.299284
16 158.3836 0.08754547 3.575608
17 171.394 0.08757457 3.869325
18 185.1251 0.08763358 4.179313
19 199.4351 0.08772189 4.50237
20 214.0686 0.08787999 4.83273
21 229.2273 0.08804845 5.174948
22 245.5322 0.0882047 5.543042
23 262.6104 0.08840304 5.928593
24 281.1647 0.08859581 6.347467
25 301.436 0.08881658 6.805104
26 323.7306 0.08903792 7.308419
27 347.8794 0.08929915 7.853594
28 374.2083 0.08957206 8.447984
29 402.5202 0.08988568 9.087142
30 432.7181 0.09022269 9.76888
31 464.574 0.09060635 10.48805
32 501.1688 0.09194064 11.3142
33 541.974 0.09222988 12.2354
34 588.0132 0.09283214 13.27476
35 643.4625 0.09249561 14.52657
36 694.4939 0.09374393 15.67863
37 748.9565 0.09585793 16.90816
38 789.6843 0.1093001 17.82761
39 806.2855 0.1037634 18.2024
40 819.8072 0.0999416 18.50766
41 857.5479 0.09926973 19.35968
42 927.293 0.09670908 20.93421
43 975.558 0.09598175 22.02383
44 1052.7 0.09522332 23.76536
45 1155.329 0.09416709 26.08226
46 1265.847 0.09367234 28.57729
47 1367.752 0.09351186 30.87784
48 1458.977 0.09341997 32.93732
49 1569.413 0.09411945 35.43048
50 1647.27 0.09463701 37.18815
51 1784.111 0.09505567 40.27742
52 1936.493 0.0962037 43.71752
53 1980.529 0.1052389 44.71166
54 2094.033 0.1078227 47.27409

Feeding stock abundance: Estimate SD_log Estimate/K
RUS+WAL
1 101.3984 0.09975753 1.454075
2 129.2111 0.09644803 1.852917
3 147.0618 0.09764049 2.1089
4 167.1367 0.09676153 2.396779
5 186.0863 0.09617373 2.66852
6 204.054 0.09573934 2.92618
7 221.0108 0.09543402 3.169345
8 237.0063 0.09522274 3.398724
9 252.0789 0.09508296 3.614869
10 266.2689 0.0950002 3.818357
11 279.5282 0.09498833 4.008498
12 299.1374 0.09462749 4.289698
13 323.3199 0.0941155 4.63648
14 351.4538 0.09354021 5.039928
15 383.1188 0.09293064 5.49401
16 417.7735 0.0923314 5.990966
17 455.0719 0.09174115 6.525835
18 494.5317 0.09117949 7.091697
19 535.7894 0.09064789 7.683342
20 578.503 0.090146 8.295864
21 622.2788 0.08968372 8.92362
22 668.6923 0.08921209 9.589199
23 718.624 0.08873227 10.30523
24 772.825 0.08824474 11.08249
25 831.8567 0.08775743 11.92901
26 896.108 0.08728387 12.85039
27 965.811 0.0868419 13.84995
28 1040.966 0.08645832 14.92768
29 1121.536 0.08615663 16.08308
30 1207.364 0.08596254 17.31387
31 1298.113 0.08590848 18.61523
32 1393.95 0.08601836 19.98956
33 1495.017 0.08633213 21.43888
34 1601.757 0.08688367 22.96956
35 1714.429 0.08772111 24.58531
36 1833.378 0.08889333 26.29106
37 1958.927 0.0904579 28.09146
38 2091.158 0.09246856 29.98768
39 2230.201 0.09497462 31.98158
40 2375.792 0.09802434 34.0694
41 2527.544 0.1016641 36.24556
42 2685.119 0.1059176 38.50522
43 2848.165 0.1108062 40.84333
44 3006.517 0.1166518 43.11413
45 3193.453 0.1223071 45.79484
46 3323.73 0.1306741 47.66304
47 3509.786 0.1376525 50.33113
48 3698.829 0.1452985 53.04204
49 3886.727 0.1536974 55.73655
50 4087.398 0.162261 58.61421
51 4267.226 0.1721653 61.19299
52 4446.051 0.1825224 63.75739
53 4621.745 0.1932881 66.27687
54 4793.043 0.2043586 68.73332
EAL+BER
1 263.3904 0.09031337 1.318644
2 335.677 0.08712818 1.680542
3 393.6471 0.08557515 1.970765
4 448.8335 0.08456689 2.247052
5 501.3761 0.08387222 2.510102
6 551.4399 0.08336959 2.760743
7 599.1328 0.08299316 2.999514
8 644.5904 0.08270213 3.227094
9 687.8963 0.08247305 3.443902
10 728.9494 0.08231228 3.649431
11 768.0189 0.08218562 3.84503
12 824.9206 0.08177174 4.129904
13 894.8739 0.08124443 4.48012
14 976.4679 0.08068183 4.888614
15 1068.396 0.08013382 5.348843
16 1169.45 0.07962507 5.854764
17 1278.505 0.0791639 6.400742
18 1394.461 0.07875032 6.981267
19 1516.25 0.07838375 7.590996
20 1643.221 0.07804286 8.226665
21 1774.221 0.07773558 8.882507
22 1913.65 0.07743104 9.580545
23 2064.206 0.07712657 10.3343
24 2228.218 0.07681787 11.15541
25 2407.286 0.07651126 12.0519
26 2602.718 0.07620765 13.03031
27 2815.27 0.07591116 14.09444
28 3045.244 0.07562528 15.24579
29 3290.825 0.07539313 16.47527
30 3553.694 0.07516307 17.79131
31 3834.146 0.07491828 19.19537
32 4142.633 0.07277275 20.73979
33 4611.625 0.07147888 23.08776
34 5160.261 0.07048703 25.83447
35 5684.576 0.06933657 28.45941
36 6206.536 0.0675313 31.07256
37 6827.469 0.06840567 34.18122
38 7492.546 0.06938 37.51088
39 8117.844 0.07221276 40.64139
40 8952.771 0.0728192 44.82139
41 9033.501 0.09575927 45.22556
42 9553.066 0.09590753 47.82672
43 10393.22 0.09218804 52.03287
44 11062.15 0.09802239 55.38181
45 11312 0.1144485 56.6327
46 11315.95 0.1182418 56.65247
47 11047.74 0.1121719 55.30968
48 9719.377 0.1306802 48.65934
49 8310.56 0.1343915 41.6062
50 8332.744 0.1273253 41.71727
51 8137.299 0.1409693 40.73879
52 7043.914 0.1852601 35.26483
53 5284.462 0.3939155 26.45627
54 4546.588 0.5244852 22.76216
GOA
1 125.9152 0.1139457 1.663099
2 161.25 0.1112657 2.129805
3 189.4546 0.110034 2.502333
4 216.3667 0.109228 2.85779
5 242.0497 0.1086649 3.197014
6 266.4723 0.1082909 3.519589
7 289.7788 0.1080105 3.827424
8 312.0257 0.1077936 4.121262
9 333.2572 0.1076222 4.401691
10 353.5197 0.1074843 4.66932
11 372.8571 0.1073718 4.924729
12 400.7091 0.1070887 5.292601
13 434.7746 0.1067533 5.742542
14 474.4564 0.1063953 6.266662
15 519.0073 0.1060708 6.855095
16 567.9184 0.1057749 7.501116
17 620.4209 0.1055479 8.194573
18 676.162 0.1053529 8.930806
19 734.5508 0.1052015 9.702012
20 795.216 0.1050748 10.50328
21 857.723 0.1049701 11.32888
22 924.0012 0.1048831 12.20429
23 995.4531 0.1047993 13.14803
24 1072.992 0.1047311 14.17217
25 1157.458 0.1046735 15.28781
26 1249.349 0.1046335 16.50152
27 1348.833 0.1046267 17.81551
28 1455.859 0.1046669 19.22911
29 1570.388 0.1047529 20.74182
30 1692.21 0.1048859 22.35086
31 1820.765 0.1050802 24.04882
32 1938.813 0.0992141 25.60802
33 2075.321 0.09724428 27.41102
34 2223.032 0.09580923 29.362
35 2129.907 0.08947129 28.13199
36 2274.663 0.08251935 30.04394
37 2222.09 0.09916648 29.34956
38 2416.842 0.09658478 31.92186
39 2685.336 0.09752177 35.46815
40 3006.814 0.09472532 39.71426
41 3147.667 0.1274365 41.57466
42 3432.008 0.1347279 45.33026
43 3567.771 0.1298082 47.12344
44 3672.875 0.1508692 48.51166
45 3781.858 0.1517166 49.95112
46 2657.672 0.2534623 35.10276
47 2116.004 0.2435128 27.94836
48 2099.944 0.225535 27.73625
49 1844.143 0.2166949 24.35761
50 1865.876 0.2181474 24.64465
51 1716.577 0.2922587 22.6727
52 1649.589 0.3631459 21.78791
53 1750.059 0.3834355 23.11493
54 1902.113 0.377222 25.12328
SEA+NBC
1 395.1216 0.06429242 2.043426
2 501.9873 0.06094844 2.596096
3 585.8521 0.05957723 3.029814
4 664.9006 0.05875259 3.438624
5 739.4389 0.05823548 3.824109
6 809.7665 0.05790148 4.187818
7 876.1105 0.05768524 4.530925
8 938.5873 0.05755546 4.854032
9 997.4756 0.05748298 5.158581
10 1052.956 0.05745346 5.445503
11 1105.095 0.0574627 5.715151
12 1182.123 0.05720144 6.113509
13 1276.895 0.05684623 6.603637
14 1387.399 0.05645666 7.175126
15 1511.417 0.05608325 7.816497
16 1647.868 0.05571816 8.522172
17 1793.57 0.05541724 9.27569
18 1945.746 0.05520628 10.06269
19 2106.482 0.05497719 10.89396
20 2275.442 0.05471217 11.76776
21 2447.824 0.05450151 12.65925
22 2629.775 0.054317 13.60024
23 2824.086 0.0541755 14.60515
24 3037.723 0.0540052 15.71
25 3267.922 0.053907 16.90051
26 3518.029 0.05385759 18.19397
27 3785.242 0.05392333 19.5759
28 4072.779 0.05407142 21.06294
29 4378.125 0.05434794 22.64207
30 4699.495 0.05477991 24.30408
31 5041.338 0.05532069 26.07197
32 5381.544 0.0550271 27.83139
33 5811.298 0.05515067 30.05392
34 6482.364 0.05354003 33.52443
35 7017.447 0.05080094 36.29168
36 7626.751 0.05010822 39.44278
37 7589.631 0.05869495 39.25081
38 7942.088 0.05792424 41.07359
39 8747.03 0.05529961 45.23646
40 9656.511 0.05492744 49.93997
41 10013.84 0.05989425 51.78795
42 10864.23 0.06044843 56.18586
43 10817.62 0.05480541 55.94479
44 11622.11 0.05827113 60.10533
45 10299.68 0.1073802 53.26621
46 8377.337 0.0599992 43.32454
47 8060.069 0.06016392 41.68375
48 6845.369 0.06864095 35.40176
49 6933.318 0.07639502 35.8566
50 7157.809 0.06155894 37.01759
51 7378.294 0.05451111 38.15786
52 8045.761 0.06688457 41.60975
53 8894.526 0.07341704 45.99926
54 9451.997 0.09130179 48.88229
SBC+WA
1 42.52155 0.1342247 1.080591
2 54.37403 0.1311301 1.381796
3 63.77371 0.1297225 1.620668
4 72.72275 0.1287993 1.848088
5 81.245 0.1281581 2.064662
6 89.3646 0.1276931 2.271004
7 97.00076 0.1274762 2.46506
8 104.2709 0.1273294 2.649813
9 111.1795 0.1272362 2.825381
10 117.75 0.1271801 2.992356
11 123.9981 0.127152 3.151138
12 133.0371 0.126907 3.380844
13 144.1741 0.1265168 3.663865
14 157.1903 0.1260562 3.994644
15 171.7707 0.1256513 4.365173
16 187.8117 0.1252533 4.772819
17 205.1388 0.1248758 5.213148
18 223.4768 0.1245807 5.67917
19 242.7613 0.1243083 6.169241
20 262.7477 0.1241034 6.677153
21 283.299 0.1239555 7.199419
22 305.1967 0.1237835 7.755899
23 328.8066 0.123613 8.355894
24 354.482 0.1234366 9.008377
25 382.5079 0.1232509 9.720593
26 413.0783 0.1230571 10.49747
27 446.3322 0.1228563 11.34255
28 482.7233 0.1225499 12.26734
29 521.7045 0.1222952 13.25797
30 563.0095 0.1221294 14.30764
31 607.2227 0.1218991 15.43122
32 641.4069 0.1115938 16.29994
33 679.5955 0.1092365 17.27042
34 738.1673 0.1042103 18.75889
35 799.194 0.09669202 20.30975
36 850.5982 0.09375616 21.61607
37 915.4149 0.09323697 23.26325
38 997.6987 0.08896998 25.35431
39 1068.309 0.08843849 27.1487
40 1152.743 0.08603686 29.29441
41 1240.363 0.08645831 31.52107
42 1326.902 0.08706046 33.72027
43 1420.768 0.08637033 36.10569
44 1525.755 0.08860899 38.7737
45 1611.703 0.08861956 40.95786
46 1684.409 0.08955296 42.80554
47 1755.176 0.09757461 44.60391
48 1849.878 0.09623408 47.01057
49 1931.532 0.1005647 49.08561
50 2019.546 0.1028789 51.3223
51 2119.757 0.1011293 53.86895
52 2243.859 0.09881867 57.0227
53 2397.389 0.1048954 60.92435
54 2508.26 0.1117419 63.74188
OR+CA
1 131.1444 0.05111054 0.5376678
2 166.0926 0.04538695 0.680949
3 192.9887 0.04270406 0.7912182
4 218.1002 0.04096128 0.8941707
5 240.8788 0.03989231 0.9875589
6 261.9488 0.03918852 1.073942
7 281.3977 0.03873519 1.153679
8 299.3576 0.03845818 1.227311
9 315.7594 0.03832778 1.294556
10 330.7575 0.03830258 1.356045
11 344.2148 0.03838448 1.411218
12 365.2661 0.03788838 1.497524
13 391.4699 0.03715745 1.604954
14 422.1941 0.03634272 1.730918
15 457.2418 0.03551748 1.874607
16 495.4326 0.03479855 2.031183
17 536.3204 0.03420693 2.198815
18 579.3747 0.03374919 2.37533
19 624.0158 0.03342691 2.55835
20 670.5785 0.03318724 2.749249
21 718.9046 0.03301301 2.947377
22 768.6335 0.03294956 3.151256
23 822.0188 0.03293184 3.370126
24 880.2787 0.03295314 3.608981
25 944.3334 0.03302153 3.871593
26 1014.054 0.03317688 4.157433
27 1090.382 0.03341342 4.470366
28 1172.934 0.03375752 4.808815
29 1261.44 0.03422105 5.171672
30 1355.508 0.03480643 5.557334
31 1458.371 0.0354209 5.979051
32 1576.042 0.04003738 6.461483
33 1708.846 0.04125914 7.005954
34 1853.814 0.04291027 7.600295
35 2032.997 0.04232014 8.334913
36 2193.589 0.04491567 8.993312
37 2367.261 0.05077286 9.705336
38 2496.604 0.07643868 10.23562
39 2547.174 0.0654711 10.44295
40 2578.973 0.05748366 10.57331
41 2676.19 0.05577291 10.97188
42 2911.521 0.05002303 11.9367
43 3064.12 0.04762843 12.56233
44 3315.683 0.04517011 13.59369
45 3611.346 0.04203778 14.80586
46 3918.308 0.04054102 16.06434
47 4208.71 0.03951395 17.25494
48 4593.275 0.03752287 18.83158
49 4903.055 0.03885077 20.10162
50 5209.726 0.03970259 21.35892
51 5674.208 0.04090056 23.26321
52 6149.447 0.04319215 25.2116
53 6283.562 0.06165609 25.76145
54 6642.561 0.06636413 27.23328

Parameters: Estimate  Std. Error      z value    Pr(>|z^2|)
rval 0.09109862 0.00177251 51.39532433 0
logK 8.40939359 0.69976199 12.01750554 0
logK 10.24712058 0.33809075 30.30878738 0
logK 9.11869503 0.72405188 12.59398024 0
logK 10.48953207 0.3903631 26.87121832 0
logK 8.39605491 0.91647066 9.16129153 0
logBK 4.10000468 0.74534455 5.50081795 4e-08
logBK 3.74559278 0.34609858 10.82232934 0
logBK 4.41082442 0.73998516 5.96069309 0
logBK 5.44459921 0.40182918 13.54953656 0
logBK 4.6633873 0.91771206 5.08153647 3.7e-07
MixPars -1.81700118 0.2937657 -6.18520529 0
MixPars -3.02554188 0.21082202 -14.35116643 0
MixPars -0.84745318 0.12686446 -6.67998911 0
MixPars -1.34457882 0.12602587 -10.66907005 0
MixPars -2.64571189 0.152369 -17.3638467 0
MixPars -1.63430803 0.24083964 -6.7858765 0
MixPars -0.90948725 0.2011965 -4.52039305 6.17e-06
MixPars -1.61438952 0.28845964 -5.59658723 2e-08
MixPars -3.1121852 0.29343814 -10.60593286 0
MixPars -1.75986302 0.24888786 -7.0709074 0
MixPars -1.7100047 0.36620866 -4.6694819 3.02e-06
MixPars -1.57609854 0.34267209 -4.59943651 4.24e-06
MixPars -1.0515372 0.40022272 -2.62738005 0.00860452
MixPars -1.24423407 0.2351323 -5.29163394 1.2e-07
MixPars 0.87263122 0.17182073 5.07873073 3.8e-07
MixPars -2.68380679 0.27616206 -9.71823136 0
AddV 0.12879814 0.05652328 2.27867439 0.02268643
AddV 0.0136584 0.0044326 3.08134848 0.00206065
AddV 0.02011878 0.01458097 1.37979747 0.16764901
log_sigmaEnv -0.33209916 0.2282355 -1.45507233 0.14564924
envParams -0.55692455 0.53336478 -1.04417196 0.29640584
envParams -1.32936641 0.50963643 -2.60846032 0.00909506
envParams -0.80011293 0.44699944 -1.78996405 0.07345969
envParams -0.20675078 0.51308228 -0.40295832 0.68697888
envParams 0.11823751 0.20272026 0.5832545 0.55972199
envParams -1.11938536 0.2957316 -3.78513951 0.00015362
envParams -0.3143791 0.42413254 -0.74122844 0.45855494
envParams -0.38338523 0.49765072 -0.77039019 0.44106847
envParams -0.12485734 0.68281202 -0.18285756 0.85490978
envParams 0.12310975 0.30109277 0.40887649 0.68263031

Mixing matrix
0.8602059 0.1397941 0 0 0 0 ,# Asia
0.02683314 0.23692095 0.14411346 0.55290142 0.03923102 0 ,# Hawaii
0.09689436 0.49667177 0.20002495 0.0988437 0.02210368 0.08546153 ,# MX_AR
0.04093443 0.22632593 0.04679974 0.07907834 0.06521843 0.54164314 ,# MX_ML
0 0 0 0 0.06393567 0.93606433 ,# Central_Am

Split of breeding stock to feeding grounds over time
Split for: Asia
Year RUS+WAL EAL+BER GOA SEA+NBC SBC+WA OR+CA
1970 0.86143 0.13857 0 0 0 0
1971 0.86203 0.13797 0 0 0 0
1972 0.85904 0.14096 0 0 0 0
1973 0.85924 0.14076 0 0 0 0
1974 0.85942 0.14058 0 0 0 0
1975 0.85959 0.14041 0 0 0 0
1976 0.85974 0.14026 0 0 0 0
1977 0.85989 0.14011 0 0 0 0
1978 0.86002 0.13998 0 0 0 0
1979 0.86018 0.13982 0 0 0 0
1980 0.86033 0.13967 0 0 0 0
1981 0.86047 0.13953 0 0 0 0
1982 0.86059 0.13941 0 0 0 0
1983 0.86071 0.13929 0 0 0 0
1984 0.86081 0.13919 0 0 0 0
1985 0.8609 0.1391 0 0 0 0
1986 0.86099 0.13901 0 0 0 0
1987 0.86107 0.13893 0 0 0 0
1988 0.86115 0.13885 0 0 0 0
1989 0.86122 0.13878 0 0 0 0
1990 0.86128 0.13872 0 0 0 0
1991 0.86135 0.13865 0 0 0 0
1992 0.86142 0.13858 0 0 0 0
1993 0.86148 0.13852 0 0 0 0
1994 0.86155 0.13845 0 0 0 0
1995 0.86162 0.13838 0 0 0 0
1996 0.86169 0.13831 0 0 0 0
1997 0.86176 0.13824 0 0 0 0
1998 0.8619 0.1381 0 0 0 0
1999 0.86202 0.13798 0 0 0 0
2000 0.8621 0.1379 0 0 0 0
2001 0.86185 0.13815 0 0 0 0
2002 0.85786 0.14214 0 0 0 0
2003 0.85299 0.14701 0 0 0 0
2004 0.84987 0.15013 0 0 0 0
2005 0.84772 0.15228 0 0 0 0
2006 0.84445 0.15555 0 0 0 0
2007 0.84134 0.15866 0 0 0 0
2008 0.83977 0.16023 0 0 0 0
2009 0.83561 0.16439 0 0 0 0
2010 0.8433 0.1567 0 0 0 0
2011 0.84445 0.15555 0 0 0 0
2012 0.84165 0.15835 0 0 0 0
2013 0.84152 0.15848 0 0 0 0
2014 0.84649 0.15351 0 0 0 0
2015 0.85374 0.14626 0 0 0 0
2016 0.86358 0.13642 0 0 0 0
2017 0.88376 0.11624 0 0 0 0
2018 0.90361 0.09639 0 0 0 0
2019 0.90775 0.09225 0 0 0 0
2020 0.9136 0.0864 0 0 0 0
2021 0.92753 0.07247 0 0 0 0
2022 0.94692 0.05308 0 0 0 0
2023 0.95581 0.04419 0 0 0 0
2024 0.96505 0.03495 0 0 0 0
Split for: Hawaii
Year RUS+WAL EAL+BER GOA SEA+NBC SBC+WA OR+CA
1970 0.02725 0.23816 0.14284 0.552 0.03975 0
1971 0.02743 0.2385 0.14361 0.5505 0.03996 0
1972 0.02685 0.23937 0.1443 0.54934 0.04014 0
1973 0.02697 0.24004 0.14483 0.54787 0.04028 0
1974 0.02708 0.24069 0.14533 0.54647 0.04041 0
1975 0.02719 0.24134 0.14577 0.54516 0.04055 0
1976 0.0273 0.24198 0.14619 0.5439 0.04063 0
1977 0.02741 0.24262 0.14661 0.54263 0.04073 0
1978 0.02751 0.24326 0.14702 0.54139 0.04082 0
1979 0.02761 0.24384 0.14743 0.54021 0.04091 0
1980 0.02771 0.24443 0.14785 0.539 0.04101 0
1981 0.02782 0.24507 0.14822 0.5378 0.04109 0
1982 0.02792 0.24575 0.14856 0.53659 0.04118 0
1983 0.02803 0.24642 0.14889 0.53539 0.04127 0
1984 0.02813 0.24712 0.14919 0.5342 0.04135 0
1985 0.02823 0.24777 0.14945 0.53313 0.04143 0
1986 0.02833 0.24849 0.14969 0.53196 0.04153 0
1987 0.02844 0.24934 0.15 0.53058 0.04164 0
1988 0.02855 0.25006 0.15021 0.52945 0.04173 0
1989 0.02863 0.25064 0.15032 0.52862 0.04179 0
1990 0.02872 0.25127 0.15046 0.5277 0.04185 0
1991 0.02881 0.25195 0.15061 0.52671 0.04193 0
1992 0.02891 0.25269 0.15078 0.52561 0.04201 0
1993 0.029 0.25332 0.15086 0.52475 0.04207 0
1994 0.0291 0.25404 0.15099 0.52371 0.04215 0
1995 0.0292 0.25478 0.1511 0.52268 0.04224 0
1996 0.02932 0.25566 0.15126 0.52142 0.04235 0
1997 0.02943 0.25653 0.15138 0.52015 0.0425 0
1998 0.02957 0.25739 0.15153 0.51886 0.04266 0
1999 0.02971 0.25836 0.15171 0.51742 0.0428 0
2000 0.02984 0.25932 0.15179 0.5161 0.04295 0
2001 0.03007 0.26187 0.151 0.51465 0.04241 0
2002 0.02982 0.26846 0.14878 0.51155 0.04139 0
2003 0.02898 0.27134 0.14389 0.51517 0.04062 0
2004 0.02913 0.27954 0.12888 0.52132 0.04113 0
2005 0.02885 0.28152 0.1269 0.52234 0.04039 0
2006 0.03011 0.30137 0.12059 0.50562 0.04231 0
2007 0.03019 0.30935 0.12263 0.49468 0.04314 0
2008 0.02954 0.30624 0.12445 0.49756 0.04221 0
2009 0.02864 0.30614 0.12626 0.49767 0.04129 0
2010 0.02965 0.29935 0.12803 0.4999 0.04306 0
2011 0.0294 0.29423 0.12969 0.50385 0.04283 0
2012 0.0303 0.30973 0.1304 0.48519 0.04438 0
2013 0.03026 0.30965 0.12602 0.48931 0.04476 0
2014 0.0335 0.33005 0.13523 0.4519 0.0493 2e-05
2015 0.04035 0.37554 0.10797 0.41757 0.05858 0
2016 0.04459 0.38274 0.08971 0.41923 0.06374 0
2017 0.05259 0.37583 0.09933 0.39725 0.075 0
2018 0.05871 0.34023 0.09232 0.42581 0.08293 0
2019 0.06042 0.33363 0.09133 0.4298 0.08482 0
2020 0.0631 0.32419 0.08356 0.44055 0.08861 0
2021 0.06604 0.28035 0.08019 0.4797 0.09372 0
2022 0.06943 0.21147 0.0855 0.53294 0.10067 0
2023 0.07112 0.17862 0.09118 0.55567 0.10341 0
2024 0.07175 0.14119 0.09643 0.58458 0.10605 0
Split for: MX_AR
Year RUS+WAL EAL+BER GOA SEA+NBC SBC+WA OR+CA
1970 0.09842 0.4994 0.1983 0.09871 0.0224 0.08277
1971 0.09884 0.49899 0.19893 0.09822 0.02247 0.08254
1972 0.09672 0.50059 0.19979 0.09797 0.02256 0.08236
1973 0.09694 0.50089 0.20009 0.09749 0.02259 0.082
1974 0.09717 0.50131 0.20041 0.09706 0.02262 0.08143
1975 0.09739 0.50178 0.20066 0.09666 0.02266 0.08086
1976 0.09761 0.50226 0.2009 0.09627 0.02267 0.08029
1977 0.09782 0.50276 0.20114 0.09589 0.02268 0.07971
1978 0.09803 0.50326 0.20138 0.09551 0.02269 0.07913
1979 0.09824 0.5037 0.20164 0.09516 0.02271 0.07854
1980 0.09846 0.50418 0.20191 0.09481 0.02273 0.0779
1981 0.09868 0.50473 0.20211 0.09445 0.02274 0.07729
1982 0.0989 0.50531 0.20225 0.09409 0.02276 0.07669
1983 0.09911 0.50589 0.20238 0.09373 0.02277 0.07612
1984 0.0993 0.50646 0.20244 0.09336 0.02278 0.07566
1985 0.09949 0.50702 0.20247 0.09303 0.02279 0.0752
1986 0.09968 0.50763 0.20245 0.09267 0.0228 0.07476
1987 0.09988 0.50828 0.20244 0.09223 0.02281 0.07435
1988 0.10007 0.50889 0.20239 0.09189 0.02283 0.07393
1989 0.10023 0.50944 0.20229 0.09163 0.02283 0.07359
1990 0.10039 0.50996 0.20218 0.09133 0.02283 0.07332
1991 0.10056 0.51057 0.20207 0.09102 0.02283 0.07295
1992 0.10074 0.51119 0.20196 0.09068 0.02284 0.07259
1993 0.10091 0.51177 0.20179 0.09041 0.02284 0.07227
1994 0.10109 0.51236 0.20161 0.09007 0.02285 0.07202
1995 0.10126 0.51295 0.20141 0.08974 0.02286 0.07178
1996 0.10144 0.51358 0.20118 0.08933 0.02287 0.0716
1997 0.10163 0.51421 0.2009 0.08891 0.0229 0.07145
1998 0.10185 0.51475 0.20065 0.08849 0.02293 0.07134
1999 0.10208 0.51537 0.20037 0.08802 0.02295 0.07122
2000 0.10227 0.51598 0.19996 0.08757 0.02297 0.07125
2001 0.10253 0.51838 0.1979 0.08688 0.02257 0.07174
2002 0.10085 0.52707 0.1934 0.08565 0.02184 0.07119
2003 0.09846 0.53522 0.18792 0.08666 0.02153 0.07021
2004 0.09893 0.55123 0.16826 0.08766 0.0218 0.07211
2005 0.09798 0.55517 0.16569 0.08784 0.02141 0.07192
2006 0.09863 0.57302 0.15181 0.08198 0.02162 0.07293
2007 0.09735 0.57906 0.15198 0.07896 0.0217 0.07095
2008 0.09625 0.57925 0.15585 0.08026 0.02146 0.06694
2009 0.09395 0.58296 0.15918 0.08082 0.02113 0.06196
2010 0.09781 0.57327 0.16233 0.08164 0.02216 0.06278
2011 0.09768 0.56755 0.16563 0.08288 0.0222 0.06406
2012 0.09748 0.57846 0.16124 0.07727 0.02227 0.06327
2013 0.09772 0.58046 0.1564 0.07822 0.02255 0.06465
2014 0.10153 0.58077 0.15754 0.06781 0.02332 0.06902
2015 0.11276 0.6093 0.11598 0.05778 0.02554 0.07864
2016 0.12265 0.61113 0.09483 0.05708 0.02735 0.08695
2017 0.13879 0.57583 0.10077 0.0519 0.03088 0.10182
2018 0.15892 0.53469 0.09606 0.05707 0.03503 0.11823
2019 0.16366 0.52464 0.09509 0.05764 0.03585 0.12312
2020 0.17125 0.5108 0.08717 0.0592 0.03753 0.13406
2021 0.18785 0.46297 0.08767 0.06755 0.04159 0.15235
2022 0.21546 0.38098 0.10198 0.08188 0.04874 0.17095
2023 0.22883 0.33367 0.11277 0.08852 0.05192 0.18429
2024 0.24208 0.27656 0.12506 0.09765 0.05583 0.20282
Split for: MX_ML
Year RUS+WAL EAL+BER GOA SEA+NBC SBC+WA OR+CA
1970 0.04221 0.23099 0.04709 0.08015 0.06709 0.53248
1971 0.04245 0.23115 0.04732 0.07988 0.0674 0.5318
1972 0.04158 0.23213 0.04757 0.07976 0.06774 0.53122
1973 0.04177 0.23282 0.04775 0.07956 0.06799 0.5301
1974 0.04202 0.23385 0.048 0.07949 0.06833 0.5283
1975 0.04227 0.2349 0.04823 0.07944 0.06868 0.52648
1976 0.04252 0.23598 0.04846 0.07941 0.06896 0.52467
1977 0.04277 0.23708 0.0487 0.07939 0.06925 0.52282
1978 0.04302 0.2382 0.04894 0.07937 0.06955 0.52091
1979 0.04327 0.2393 0.04919 0.07937 0.06987 0.51899
1980 0.04354 0.24051 0.04945 0.0794 0.07022 0.51687
1981 0.04381 0.24172 0.0497 0.07942 0.07052 0.51483
1982 0.04408 0.24293 0.04992 0.07942 0.07083 0.51282
1983 0.04433 0.24411 0.05014 0.07941 0.07115 0.51087
1984 0.04456 0.24512 0.05031 0.07933 0.07138 0.5093
1985 0.04477 0.24612 0.05047 0.07929 0.07162 0.50772
1986 0.04499 0.24712 0.0506 0.07921 0.07187 0.50621
1987 0.0452 0.24812 0.05074 0.07905 0.07211 0.50478
1988 0.04541 0.24909 0.05087 0.07896 0.07234 0.50333
1989 0.04559 0.24993 0.05095 0.07892 0.07252 0.5021
1990 0.04574 0.25063 0.05102 0.0788 0.07264 0.50117
1991 0.04593 0.25153 0.05111 0.07873 0.07284 0.49986
1992 0.04612 0.25244 0.05121 0.07862 0.07303 0.49859
1993 0.0463 0.25325 0.05127 0.07854 0.0732 0.49744
1994 0.04646 0.25398 0.05131 0.07839 0.07334 0.49652
1995 0.04661 0.25468 0.05135 0.07822 0.07348 0.49566
1996 0.04675 0.2553 0.05135 0.07796 0.0736 0.49504
1997 0.04688 0.25586 0.05133 0.07767 0.07377 0.49449
1998 0.04702 0.25633 0.0513 0.07736 0.07393 0.49406
1999 0.04716 0.25684 0.05127 0.07701 0.07404 0.49367
2000 0.04724 0.25709 0.05116 0.07661 0.07411 0.49379
2001 0.04725 0.2577 0.05051 0.07583 0.07264 0.49606
2002 0.04671 0.26331 0.04961 0.07512 0.07065 0.49461
2003 0.04585 0.26882 0.04846 0.07642 0.07003 0.49043
2004 0.04524 0.27189 0.04261 0.07592 0.06963 0.49471
2005 0.04488 0.27427 0.04203 0.07619 0.06848 0.49415
2006 0.04481 0.28079 0.0382 0.07053 0.0686 0.49708
2007 0.04483 0.28762 0.03876 0.06886 0.06979 0.49014
2008 0.04554 0.29562 0.04084 0.07191 0.07091 0.47518
2009 0.04603 0.30807 0.04319 0.07498 0.07231 0.45542
2010 0.04755 0.30057 0.0437 0.07515 0.07525 0.45779
2011 0.04709 0.29509 0.04422 0.07565 0.07474 0.46321
2012 0.04728 0.30262 0.04331 0.07097 0.07545 0.46036
2013 0.04685 0.30016 0.04153 0.07101 0.07551 0.46494
2014 0.0474 0.29247 0.04074 0.05996 0.07603 0.4834
2015 0.04899 0.28553 0.02791 0.04753 0.07751 0.51254
2016 0.05031 0.2704 0.02154 0.04434 0.07836 0.53504
2017 0.05224 0.23376 0.021 0.03699 0.08118 0.57484
2018 0.05451 0.19784 0.01825 0.03707 0.08392 0.60841
2019 0.05476 0.18934 0.01762 0.03652 0.08377 0.61799
2020 0.05427 0.17459 0.0153 0.03552 0.08305 0.63727
2021 0.05461 0.14518 0.01412 0.03719 0.08446 0.66444
2022 0.05756 0.10979 0.01509 0.04143 0.09096 0.68517
2023 0.05799 0.09121 0.01583 0.04248 0.09189 0.70061
2024 0.05727 0.07057 0.01638 0.04375 0.09224 0.71978
Split for: Central_Am
Year RUS+WAL EAL+BER GOA SEA+NBC SBC+WA OR+CA
1970 0 0 0 0 0.0667 0.9333
1971 0 0 0 0 0.06708 0.93292
1972 0 0 0 0 0.06746 0.93254
1973 0 0 0 0 0.06782 0.93218
1974 0 0 0 0 0.06835 0.93165
1975 0 0 0 0 0.0689 0.9311
1976 0 0 0 0 0.06938 0.93062
1977 0 0 0 0 0.06989 0.93011
1978 0 0 0 0 0.07041 0.92959
1979 0 0 0 0 0.07095 0.92905
1980 0 0 0 0 0.07155 0.92845
1981 0 0 0 0 0.0721 0.9279
1982 0 0 0 0 0.07266 0.92734
1983 0 0 0 0 0.07322 0.92678
1984 0 0 0 0 0.07365 0.92635
1985 0 0 0 0 0.07409 0.92591
1986 0 0 0 0 0.07454 0.92546
1987 0 0 0 0 0.07496 0.92504
1988 0 0 0 0 0.07539 0.92461
1989 0 0 0 0 0.07572 0.92428
1990 0 0 0 0 0.07597 0.92403
1991 0 0 0 0 0.07635 0.92365
1992 0 0 0 0 0.07672 0.92328
1993 0 0 0 0 0.07704 0.92296
1994 0 0 0 0 0.07731 0.92269
1995 0 0 0 0 0.07757 0.92243
1996 0 0 0 0 0.07777 0.92223
1997 0 0 0 0 0.07802 0.92198
1998 0 0 0 0 0.07824 0.92176
1999 0 0 0 0 0.07841 0.92159
2000 0 0 0 0 0.07845 0.92155
2001 0 0 0 0 0.07669 0.92331
2002 0 0 0 0 0.07496 0.92504
2003 0 0 0 0 0.07493 0.92507
2004 0 0 0 0 0.07393 0.92607
2005 0 0 0 0 0.07288 0.92712
2006 0 0 0 0 0.0726 0.9274
2007 0 0 0 0 0.07474 0.92526
2008 0 0 0 0 0.07804 0.92196
2009 0 0 0 0 0.08262 0.91738
2010 0 0 0 0 0.08529 0.91471
2011 0 0 0 0 0.08386 0.91614
2012 0 0 0 0 0.08506 0.91494
2013 0 0 0 0 0.08435 0.91565
2014 0 0 0 0 0.08192 0.91808
2015 0 0 0 0 0.07901 0.92099
2016 0 0 0 0 0.07671 0.92329
2017 0 0 0 0 0.07417 0.92583
2018 0 0 0 0 0.07256 0.92744
2019 0 0 0 0 0.0714 0.9286
2020 0 0 0 0 0.06884 0.93116
2021 0 0 0 0 0.06725 0.93275
2022 0 0 0 0 0.07003 0.92997
2023 0 0 0 0 0.06925 0.93075
2024 0 0 0 0 0.06777 0.93223

Difference in mortality over time
Difference for: Asia
Year RUS+WAL EAL+BER GOA SEA+NBC SBC+WA OR+CA
1970 0 0 0 0 0 0
1971 0 0 0 0 0 0
1972 0 0 0 0 0 0
1973 0 0 0 0 0 0
1974 0 0 0 0 0 0
1975 0 0 0 0 0 0
1976 0 0 0 0 0 0
1977 0 0 0 0 0 0
1978 0 0 0 0 0 0
1979 0 0 0 0 0 0
1980 0 0 0 0 0 0
1981 0 0 0 0 0 0
1982 0 0 0 0 0 0
1983 0 0 0 0 0 0
1984 0 0 0 0 0 0
1985 0 0 0 0 0 0
1986 0 0 0 0 0 0
1987 0 0 0 0 0 0
1988 0 0 0 0 0 0
1989 0 0 0 0 0 0
1990 0 0 0 0 0 0
1991 0 0 0 0 0 0
1992 0 0 0 0 0 0
1993 0 0 0 0 0 0
1994 0 0 0 0 0 0
1995 0 0 0 0 0 0
1996 0 0 0 0 0 0
1997 0 0 0 0 0 0
1998 0 0 0 0 0 0
1999 0 0 0 0 0 0
2000 0 0 0 0 0 0
2001 0 3 0 0 0 0
2002 0 5 0 0 0 0
2003 0 4 0 0 0 0
2004 0 3 0 0 0 0
2005 0 5 0 0 0 0
2006 0 5 0 0 0 0
2007 0 4 0 0 0 0
2008 0 8 0 0 0 0
2009 0 -10 0 0 0 0
2010 0 0 0 0 0 0
2011 0 6 0 0 0 0
2012 0 2 0 0 0 0
2013 0 -7 0 0 0 0
2014 0 -13 0 0 0 0
2015 0 -20 0 0 0 0
2016 0 -47 0 0 0 0
2017 0 -50 0 0 0 0
2018 0 -13 0 0 0 0
2019 0 -18 0 0 0 0
2020 0 -40 0 0 0 0
2021 0 -56 0 0 0 0
2022 0 -25 0 0 0 0
2023 0 -28 0 0 0 0
Difference for: Hawaii
Year RUS+WAL EAL+BER GOA SEA+NBC SBC+WA OR+CA
1970 0 0 0 0 0 0
1971 0 0 0 0 0 0
1972 0 0 0 0 0 0
1973 0 0 0 0 0 0
1974 0 0 0 0 0 0
1975 0 0 0 0 0 0
1976 0 0 0 0 0 0
1977 0 0 0 0 0 0
1978 0 0 0 0 0 0
1979 0 0 0 0 0 0
1980 0 0 0 0 0 0
1981 0 0 0 0 0 0
1982 0 0 0 0 0 0
1983 0 0 0 0 0 0
1984 0 0 0 0 0 0
1985 0 0 0 0 0 0
1986 0 0 0 0 0 0
1987 0 0 0 0 0 0
1988 0 0 0 0 0 0
1989 0 0 0 0 0 0
1990 0 0 0 0 0 0
1991 0 0 0 0 0 0
1992 0 0 0 0 0 0
1993 0 0 0 0 0 0
1994 0 0 0 0 0 0
1995 0 0 0 0 0 0
1996 0 0 0 0 0 0
1997 0 0 0 0 0 0
1998 0 0 0 0 0 0
1999 0 0 0 0 0 0
2000 0 5 -9 -11 -6 0
2001 0 66 -3 36 -5 0
2002 0 90 -1 180 3 0
2003 0 71 -153 85 3 0
2004 0 61 -6 123 -2 0
2005 0 94 -131 -357 3 0
2006 0 103 18 -80 6 0
2007 0 77 49 209 5 0
2008 0 159 73 274 3 0
2009 0 -198 -28 -85 7 0
2010 0 -2 50 230 6 0
2011 0 129 -33 -441 2 0
2012 0 50 -50 174 6 0
2013 0 -155 -51 -1491 -1 0
2014 0 -285 -932 -2047 -9 0
2015 0 -447 -480 -654 -13 0
2016 0 -1057 -109 -1466 -1 0
2017 0 -1120 -280 -329 1 0
2018 0 -289 -76 -232 -8 0
2019 0 -410 -198 -241 4 0
2020 0 -918 -124 84 10 0
2021 0 -1300 -26 191 22 0
2022 0 -593 5 52 9 0
2023 0 -658 18 226 18 0
Difference for: MX_AR
Year RUS+WAL EAL+BER GOA SEA+NBC SBC+WA OR+CA
1970 0 0 0 0 0 0
1971 0 0 0 0 0 0
1972 0 0 0 0 0 0
1973 0 0 0 0 0 0
1974 0 0 0 0 0 0
1975 0 0 0 0 0 0
1976 0 0 0 0 0 0
1977 0 0 0 0 0 0
1978 0 0 0 0 0 0
1979 0 0 0 0 0 0
1980 0 0 0 0 0 0
1981 0 0 0 0 0 0
1982 0 0 0 0 0 0
1983 0 0 0 0 0 0
1984 0 0 0 0 0 0
1985 0 0 0 0 0 0
1986 0 0 0 0 0 0
1987 0 0 0 0 0 0
1988 0 0 0 0 0 0
1989 0 0 0 0 0 0
1990 0 0 0 0 0 0
1991 0 0 0 0 0 0
1992 0 0 0 0 0 0
1993 0 0 0 0 0 0
1994 0 0 0 0 0 0
1995 0 0 0 0 0 0
1996 0 0 0 0 0 0
1997 0 0 0 0 0 0
1998 0 0 0 0 0 0
1999 0 0 0 0 0 0
2000 0 2 -2 0 -1 1
2001 0 23 -1 1 0 1
2002 0 32 0 5 0 1
2003 0 25 -36 3 0 2
2004 0 22 -1 4 0 1
2005 0 33 -31 -11 0 1
2006 0 36 4 -2 1 -2
2007 0 27 12 6 0 -9
2008 0 56 17 8 0 -10
2009 0 -70 -7 -3 1 -5
2010 0 -1 12 7 1 1
2011 0 46 -8 -13 0 -5
2012 0 18 -12 5 1 0
2013 0 -55 -12 -45 0 4
2014 0 -101 -218 -62 -1 7
2015 0 -158 -112 -20 -1 8
2016 0 -373 -25 -44 0 8
2017 0 -395 -66 -10 0 6
2018 0 -102 -18 -7 -1 1
2019 0 -145 -46 -7 0 8
2020 0 -324 -29 3 1 9
2021 0 -459 -6 6 2 -15
2022 0 -209 1 2 1 -1
2023 0 -232 4 7 2 4
Difference for: MX_ML
Year RUS+WAL EAL+BER GOA SEA+NBC SBC+WA OR+CA
1970 0 0 0 0 0 0
1971 0 0 0 0 0 0
1972 0 0 0 0 0 0
1973 0 0 0 0 0 0
1974 0 0 0 0 0 0
1975 0 0 0 0 0 0
1976 0 0 0 0 0 0
1977 0 0 0 0 0 0
1978 0 0 0 0 0 0
1979 0 0 0 0 0 0
1980 0 0 0 0 0 0
1981 0 0 0 0 0 0
1982 0 0 0 0 0 0
1983 0 0 0 0 0 0
1984 0 0 0 0 0 0
1985 0 0 0 0 0 0
1986 0 0 0 0 0 0
1987 0 0 0 0 0 0
1988 0 0 0 0 0 0
1989 0 0 0 0 0 0
1990 0 0 0 0 0 0
1991 0 0 0 0 0 0
1992 0 0 0 0 0 0
1993 0 0 0 0 0 0
1994 0 0 0 0 0 0
1995 0 0 0 0 0 0
1996 0 0 0 0 0 0
1997 0 0 0 0 0 0
1998 0 0 0 0 0 0
1999 0 0 0 0 0 0
2000 0 1 -1 0 -2 4
2001 0 13 0 1 -2 7
2002 0 18 0 5 1 9
2003 0 14 -10 3 1 19
2004 0 12 0 4 -1 8
2005 0 19 -9 -11 1 8
2006 0 20 1 -2 2 -19
2007 0 15 3 6 2 -66
2008 0 31 5 8 1 -77
2009 0 -39 -2 -2 2 -42
2010 0 0 3 7 2 9
2011 0 25 -2 -13 1 -37
2012 0 10 -3 5 2 -1
2013 0 -30 -3 -43 0 28
2014 0 -55 -61 -59 -3 50
2015 0 -86 -31 -19 -4 58
2016 0 -203 -7 -42 0 57
2017 0 -214 -18 -9 0 42
2018 0 -55 -5 -7 -3 10
2019 0 -78 -13 -7 1 58
2020 0 -174 -8 2 3 64
2021 0 -246 -2 5 7 -111
2022 0 -112 0 1 3 -10
2023 0 -124 1 6 6 29
Difference for: Central_Am
Year RUS+WAL EAL+BER GOA SEA+NBC SBC+WA OR+CA
1970 0 0 0 0 0 0
1971 0 0 0 0 0 0
1972 0 0 0 0 0 0
1973 0 0 0 0 0 0
1974 0 0 0 0 0 0
1975 0 0 0 0 0 0
1976 0 0 0 0 0 0
1977 0 0 0 0 0 0
1978 0 0 0 0 0 0
1979 0 0 0 0 0 0
1980 0 0 0 0 0 0
1981 0 0 0 0 0 0
1982 0 0 0 0 0 0
1983 0 0 0 0 0 0
1984 0 0 0 0 0 0
1985 0 0 0 0 0 0
1986 0 0 0 0 0 0
1987 0 0 0 0 0 0
1988 0 0 0 0 0 0
1989 0 0 0 0 0 0
1990 0 0 0 0 0 0
1991 0 0 0 0 0 0
1992 0 0 0 0 0 0
1993 0 0 0 0 0 0
1994 0 0 0 0 0 0
1995 0 0 0 0 0 0
1996 0 0 0 0 0 0
1997 0 0 0 0 0 0
1998 0 0 0 0 0 0
1999 0 0 0 0 0 0
2000 0 0 0 0 -1 2
2001 0 0 0 0 0 3
2002 0 0 0 0 0 4
2003 0 0 0 0 0 9
2004 0 0 0 0 0 3
2005 0 0 0 0 0 4
2006 0 0 0 0 1 -9
2007 0 0 0 0 0 -31
2008 0 0 0 0 0 -36
2009 0 0 0 0 1 -19
2010 0 0 0 0 1 4
2011 0 0 0 0 0 -17
2012 0 0 0 0 0 0
2013 0 0 0 0 0 13
2014 0 0 0 0 -1 23
2015 0 0 0 0 -1 27
2016 0 0 0 0 0 26
2017 0 0 0 0 0 19
2018 0 0 0 0 -1 4
2019 0 0 0 0 0 27
2020 0 0 0 0 1 30
2021 0 0 0 0 2 -51
2022 0 0 0 0 1 -5
2023 0 0 0 0 2 13

Total survival over time
Values for breeding stock: Asia
Year RUS+WAL EAL+BER GOA SEA+NBC SBC+WA OR+CA
1970 0.996 0.986 0 0 0 0
1971 1.281 1.274 0 0 0 0
1972 1.186 1.216 0 0 0 0
1973 1.176 1.174 0 0 0 0
1974 1.147 1.145 0 0 0 0
1975 1.126 1.124 0 0 0 0
1976 1.109 1.107 0 0 0 0
1977 1.095 1.094 0 0 0 0
1978 1.084 1.083 0 0 0 0
1979 1.075 1.074 0 0 0 0
1980 1.067 1.066 0 0 0 0
1981 1.087 1.085 0 0 0 0
1982 1.1 1.099 0 0 0 0
1983 1.109 1.108 0 0 0 0
1984 1.113 1.112 0 0 0 0
1985 1.114 1.113 0 0 0 0
1986 1.113 1.112 0 0 0 0
1987 1.11 1.11 0 0 0 0
1988 1.107 1.106 0 0 0 0
1989 1.102 1.102 0 0 0 0
1990 1.097 1.097 0 0 0 0
1991 1.096 1.095 0 0 0 0
1992 1.095 1.095 0 0 0 0
1993 1.096 1.096 0 0 0 0
1994 1.097 1.097 0 0 0 0
1995 1.098 1.098 0 0 0 0
1996 1.099 1.098 0 0 0 0
1997 1.099 1.098 0 0 0 0
1998 1.099 1.097 0 0 0 0
1999 1.098 1.097 0 0 0 0
2000 1.096 1.098 0 0 0 0
2001 1.095 1.122 0 0 0 0
2002 1.093 1.121 0 0 0 0
2003 1.092 1.107 0 0 0 0
2004 1.09 1.099 0 0 0 0
2005 1.089 1.105 0 0 0 0
2006 1.088 1.102 0 0 0 0
2007 1.087 1.09 0 0 0 0
2008 1.086 1.105 0 0 0 0
2009 1.084 1.026 0 0 0 0
2010 1.082 1.07 0 0 0 0
2011 1.081 1.094 0 0 0 0
2012 1.079 1.075 0 0 0 0
2013 1.07 1.033 0 0 0 0
2014 1.083 1.029 0 0 0 0
2015 1.046 0.975 0 0 0 0
2016 1.074 0.909 0 0 0 0
2017 1.071 0.893 0 0 0 0
2018 1.067 1.065 0 0 0 0
2019 1.07 1.028 0 0 0 0
2020 1.058 0.905 0 0 0 0
2021 1.055 0.792 0 0 0 0
2022 1.052 0.971 0 0 0 0
2023 1.049 0.89 0 0 0 0
Values for breeding stock: Hawaii
Year RUS+WAL EAL+BER GOA SEA+NBC SBC+WA OR+CA
1970 1.008 0.998 0.984 0.991 1.006 0
1971 1.293 1.286 1.291 1.281 1.291 0
1972 1.196 1.227 1.228 1.219 1.228 0
1973 1.187 1.185 1.186 1.178 1.185 0
1974 1.157 1.155 1.156 1.149 1.156 0
1975 1.135 1.133 1.133 1.127 1.134 0
1976 1.118 1.116 1.116 1.11 1.116 0
1977 1.104 1.103 1.103 1.097 1.102 0
1978 1.093 1.092 1.092 1.086 1.091 0
1979 1.084 1.083 1.083 1.078 1.083 0
1980 1.076 1.075 1.075 1.07 1.075 0
1981 1.096 1.095 1.095 1.089 1.094 0
1982 1.11 1.109 1.108 1.103 1.108 0
1983 1.118 1.117 1.117 1.112 1.117 0
1984 1.122 1.122 1.12 1.116 1.121 0
1985 1.123 1.123 1.121 1.117 1.122 0
1986 1.122 1.121 1.12 1.115 1.121 0
1987 1.119 1.118 1.117 1.111 1.118 0
1988 1.115 1.115 1.113 1.109 1.114 0
1989 1.111 1.11 1.108 1.106 1.109 0
1990 1.106 1.106 1.104 1.1 1.104 0
1991 1.104 1.104 1.102 1.098 1.103 0
1992 1.104 1.103 1.101 1.098 1.103 0
1993 1.105 1.104 1.102 1.099 1.103 0
1994 1.106 1.105 1.103 1.099 1.104 0
1995 1.107 1.106 1.104 1.1 1.105 0
1996 1.107 1.107 1.104 1.1 1.106 0
1997 1.108 1.107 1.104 1.1 1.107 0
1998 1.107 1.106 1.103 1.099 1.107 0
1999 1.106 1.105 1.102 1.097 1.105 0
2000 1.105 1.106 1.092 1.094 1.087 0
2001 1.103 1.131 1.097 1.102 1.092 0
2002 1.101 1.13 1.096 1.129 1.113 0
2003 1.1 1.115 0.993 1.099 1.106 0
2004 1.099 1.108 1.107 1.103 1.094 0
2005 1.097 1.114 1.013 1.023 1.099 0
2006 1.096 1.11 1.123 1.075 1.105 0
2007 1.095 1.099 1.126 1.117 1.105 0
2008 1.094 1.114 1.13 1.115 1.088 0
2009 1.093 1.034 1.069 1.061 1.105 0
2010 1.091 1.079 1.11 1.097 1.094 0
2011 1.089 1.103 1.065 1.019 1.083 0
2012 1.087 1.083 1.058 1.094 1.096 0
2013 1.085 1.048 1.057 0.916 1.085 0
2014 1.083 1.029 0.717 0.847 1.071 0
2015 1.081 1.008 0.858 1.02 1.066 0
2016 1.079 0.914 1.08 0.891 1.08 0
2017 1.077 0.897 0.93 1.089 1.077 0
2018 1.074 1.072 1.101 1.087 1.057 0
2019 1.072 1.03 0.973 1.077 1.079 0
2020 1.069 0.914 1.047 1.129 1.074 0
2021 1.066 0.801 1.121 1.125 1.084 0
2022 1.064 0.983 1.131 1.094 1.072 0
2023 1.061 0.901 1.123 1.103 1.069 0
Values for breeding stock: MX_AR
Year RUS+WAL EAL+BER GOA SEA+NBC SBC+WA OR+CA
1970 1.008 0.998 0.984 0.991 1.006 0.961
1971 1.293 1.286 1.291 1.281 1.291 1.284
1972 1.196 1.227 1.228 1.219 1.228 1.22
1973 1.187 1.185 1.186 1.178 1.185 1.179
1974 1.157 1.155 1.156 1.149 1.156 1.146
1975 1.135 1.133 1.133 1.127 1.134 1.124
1976 1.118 1.116 1.116 1.111 1.116 1.107
1977 1.104 1.103 1.103 1.097 1.102 1.094
1978 1.093 1.092 1.092 1.086 1.092 1.083
1979 1.084 1.083 1.083 1.078 1.083 1.074
1980 1.076 1.075 1.075 1.07 1.075 1.066
1981 1.096 1.095 1.095 1.089 1.094 1.085
1982 1.11 1.109 1.108 1.103 1.108 1.099
1983 1.118 1.117 1.117 1.112 1.117 1.108
1984 1.123 1.122 1.121 1.116 1.121 1.114
1985 1.123 1.123 1.121 1.117 1.122 1.115
1986 1.122 1.121 1.12 1.115 1.121 1.114
1987 1.119 1.119 1.117 1.111 1.118 1.111
1988 1.115 1.115 1.113 1.109 1.114 1.108
1989 1.111 1.11 1.108 1.106 1.109 1.104
1990 1.106 1.106 1.104 1.101 1.105 1.101
1991 1.104 1.104 1.102 1.098 1.103 1.097
1992 1.104 1.103 1.101 1.098 1.103 1.097
1993 1.105 1.104 1.102 1.099 1.103 1.099
1994 1.106 1.105 1.103 1.1 1.104 1.101
1995 1.107 1.106 1.104 1.1 1.105 1.102
1996 1.108 1.107 1.104 1.1 1.106 1.104
1997 1.108 1.107 1.104 1.1 1.107 1.104
1998 1.107 1.106 1.103 1.099 1.107 1.104
1999 1.106 1.105 1.102 1.097 1.105 1.103
2000 1.105 1.106 1.092 1.094 1.087 1.109
2001 1.103 1.131 1.097 1.102 1.092 1.11
2002 1.101 1.13 1.096 1.129 1.113 1.11
2003 1.1 1.115 0.993 1.099 1.106 1.117
2004 1.099 1.108 1.107 1.103 1.094 1.103
2005 1.097 1.114 1.013 1.023 1.099 1.103
2006 1.096 1.11 1.123 1.075 1.105 1.081
2007 1.095 1.099 1.126 1.117 1.105 1.053
2008 1.094 1.114 1.13 1.115 1.088 1.057
2009 1.093 1.034 1.069 1.061 1.105 1.087
2010 1.091 1.079 1.11 1.097 1.094 1.114
2011 1.089 1.103 1.065 1.019 1.083 1.084
2012 1.087 1.083 1.058 1.094 1.096 1.112
2013 1.085 1.048 1.057 0.916 1.085 1.127
2014 1.083 1.029 0.717 0.847 1.071 1.119
2015 1.081 1.008 0.858 1.02 1.066 1.101
2016 1.079 0.914 1.08 0.891 1.08 1.085
2017 1.077 0.897 0.93 1.089 1.077 1.098
2018 1.074 1.072 1.101 1.087 1.057 1.072
2019 1.072 1.03 0.973 1.077 1.079 1.102
2020 1.069 0.914 1.047 1.129 1.074 1.107
2021 1.066 0.801 1.121 1.125 1.084 1.046
2022 1.064 0.983 1.131 1.094 1.072 1.085
2023 1.061 0.901 1.123 1.103 1.069 1.095
Values for breeding stock: MX_ML
Year RUS+WAL EAL+BER GOA SEA+NBC SBC+WA OR+CA
1970 1.001 0.991 0.977 0.984 0.999 0.955
1971 1.285 1.278 1.284 1.273 1.284 1.276
1972 1.19 1.22 1.221 1.213 1.221 1.214
1973 1.181 1.179 1.18 1.172 1.18 1.173
1974 1.151 1.149 1.15 1.143 1.15 1.141
1975 1.129 1.128 1.128 1.122 1.128 1.119
1976 1.112 1.111 1.111 1.105 1.111 1.102
1977 1.099 1.098 1.098 1.092 1.098 1.089
1978 1.088 1.087 1.087 1.082 1.087 1.078
1979 1.079 1.078 1.078 1.073 1.078 1.069
1980 1.072 1.07 1.071 1.065 1.07 1.061
1981 1.091 1.09 1.09 1.085 1.089 1.08
1982 1.105 1.104 1.103 1.098 1.103 1.094
1983 1.114 1.113 1.112 1.107 1.112 1.103
1984 1.118 1.117 1.116 1.111 1.116 1.109
1985 1.119 1.118 1.117 1.113 1.117 1.11
1986 1.118 1.117 1.115 1.111 1.117 1.11
1987 1.115 1.114 1.113 1.107 1.113 1.107
1988 1.111 1.111 1.109 1.105 1.11 1.103
1989 1.107 1.106 1.104 1.102 1.105 1.1
1990 1.102 1.102 1.1 1.097 1.101 1.097
1991 1.1 1.1 1.098 1.095 1.099 1.094
1992 1.1 1.1 1.098 1.094 1.099 1.094
1993 1.101 1.101 1.098 1.096 1.1 1.095
1994 1.102 1.102 1.099 1.096 1.101 1.097
1995 1.103 1.103 1.1 1.097 1.102 1.098
1996 1.104 1.103 1.1 1.096 1.103 1.1
1997 1.104 1.103 1.1 1.097 1.104 1.101
1998 1.104 1.103 1.1 1.096 1.103 1.101
1999 1.103 1.102 1.098 1.094 1.102 1.1
2000 1.101 1.103 1.089 1.09 1.084 1.106
2001 1.1 1.128 1.094 1.099 1.089 1.106
2002 1.098 1.127 1.093 1.126 1.11 1.107
2003 1.097 1.112 0.99 1.096 1.103 1.114
2004 1.096 1.105 1.104 1.1 1.091 1.1
2005 1.094 1.11 1.01 1.02 1.096 1.1
2006 1.094 1.108 1.121 1.072 1.102 1.078
2007 1.093 1.096 1.123 1.114 1.102 1.051
2008 1.091 1.111 1.127 1.112 1.086 1.055
2009 1.09 1.031 1.067 1.058 1.102 1.084
2010 1.088 1.076 1.107 1.094 1.091 1.112
2011 1.086 1.1 1.062 1.016 1.08 1.081
2012 1.084 1.08 1.055 1.091 1.093 1.109
2013 1.083 1.045 1.054 0.914 1.082 1.124
2014 1.08 1.026 0.715 0.845 1.068 1.116
2015 1.078 1.005 0.856 1.017 1.063 1.098
2016 1.076 0.911 1.077 0.888 1.077 1.082
2017 1.074 0.895 0.928 1.087 1.075 1.095
2018 1.072 1.07 1.098 1.084 1.055 1.07
2019 1.069 1.027 0.971 1.074 1.077 1.099
2020 1.064 0.91 1.042 1.124 1.069 1.102
2021 1.064 0.799 1.118 1.122 1.082 1.044
2022 1.062 0.981 1.129 1.092 1.07 1.083
2023 1.058 0.898 1.119 1.1 1.065 1.091
Values for breeding stock: Central_Am
Year RUS+WAL EAL+BER GOA SEA+NBC SBC+WA OR+CA
1970 0 0 0 0 0.999 0.954
1971 0 0 0 0 1.284 1.276
1972 0 0 0 0 1.222 1.214
1973 0 0 0 0 1.179 1.172
1974 0 0 0 0 1.15 1.14
1975 0 0 0 0 1.128 1.119
1976 0 0 0 0 1.111 1.102
1977 0 0 0 0 1.098 1.089
1978 0 0 0 0 1.086 1.078
1979 0 0 0 0 1.077 1.069
1980 0 0 0 0 1.07 1.061
1981 0 0 0 0 1.089 1.081
1982 0 0 0 0 1.103 1.094
1983 0 0 0 0 1.112 1.103
1984 0 0 0 0 1.116 1.109
1985 0 0 0 0 1.117 1.11
1986 0 0 0 0 1.116 1.109
1987 0 0 0 0 1.113 1.107
1988 0 0 0 0 1.11 1.103
1989 0 0 0 0 1.105 1.1
1990 0 0 0 0 1.101 1.097
1991 0 0 0 0 1.099 1.093
1992 0 0 0 0 1.099 1.094
1993 0 0 0 0 1.099 1.095
1994 0 0 0 0 1.101 1.097
1995 0 0 0 0 1.102 1.098
1996 0 0 0 0 1.103 1.1
1997 0 0 0 0 1.104 1.101
1998 0 0 0 0 1.103 1.101
1999 0 0 0 0 1.102 1.1
2000 0 0 0 0 1.084 1.106
2001 0 0 0 0 1.089 1.106
2002 0 0 0 0 1.11 1.107
2003 0 0 0 0 1.103 1.114
2004 0 0 0 0 1.091 1.1
2005 0 0 0 0 1.096 1.1
2006 0 0 0 0 1.102 1.078
2007 0 0 0 0 1.102 1.051
2008 0 0 0 0 1.086 1.055
2009 0 0 0 0 1.102 1.084
2010 0 0 0 0 1.091 1.112
2011 0 0 0 0 1.08 1.081
2012 0 0 0 0 1.093 1.109
2013 0 0 0 0 1.082 1.124
2014 0 0 0 0 1.068 1.117
2015 0 0 0 0 1.064 1.099
2016 0 0 0 0 1.078 1.083
2017 0 0 0 0 1.075 1.095
2018 0 0 0 0 1.055 1.07
2019 0 0 0 0 1.078 1.1
2020 0 0 0 0 1.071 1.104
2021 0 0 0 0 1.081 1.044
2022 0 0 0 0 1.07 1.083
2023 0 0 0 0 1.067 1.092

Numbers over time by herd
Values for breeding stock: Asia
Year RUS+WAL EAL+BER GOA SEA+NBC SBC+WA OR+CA
1970 65 11 0 0 0 0
1971 83 13 0 0 0 0
1972 94 15 0 0 0 0
1973 107 17 0 0 0 0
1974 119 19 0 0 0 0
1975 130 21 0 0 0 0
1976 140 23 0 0 0 0
1977 150 24 0 0 0 0
1978 159 26 0 0 0 0
1979 167 27 0 0 0 0
1980 175 28 0 0 0 0
1981 187 30 0 0 0 0
1982 201 33 0 0 0 0
1983 218 35 0 0 0 0
1984 237 38 0 0 0 0
1985 258 42 0 0 0 0
1986 280 45 0 0 0 0
1987 304 49 0 0 0 0
1988 328 53 0 0 0 0
1989 353 57 0 0 0 0
1990 379 61 0 0 0 0
1991 406 65 0 0 0 0
1992 435 70 0 0 0 0
1993 467 75 0 0 0 0
1994 501 80 0 0 0 0
1995 538 86 0 0 0 0
1996 578 93 0 0 0 0
1997 621 100 0 0 0 0
1998 668 107 0 0 0 0
1999 717 115 0 0 0 0
2000 768 123 0 0 0 0
2001 822 132 0 0 0 0
2002 879 146 0 0 0 0
2003 939 162 0 0 0 0
2004 1003 177 0 0 0 0
2005 1069 192 0 0 0 0
2006 1139 210 0 0 0 0
2007 1212 229 0 0 0 0
2008 1288 246 0 0 0 0
2009 1368 269 0 0 0 0
2010 1451 270 0 0 0 0
2011 1537 283 0 0 0 0
2012 1625 306 0 0 0 0
2013 1705 321 0 0 0 0
2014 1812 329 0 0 0 0
2015 1859 319 0 0 0 0
2016 1959 310 0 0 0 0
2017 2060 271 0 0 0 0
2018 2159 230 0 0 0 0
2019 2269 231 0 0 0 0
2020 2359 223 0 0 0 0
2021 2446 191 0 0 0 0
2022 2530 142 0 0 0 0
2023 2611 121 0 0 0 0
Values for breeding stock: Hawaii
Year RUS+WAL EAL+BER GOA SEA+NBC SBC+WA OR+CA
1970 18 160 96 371 27 0
1971 24 204 123 472 34 0
1972 27 240 145 551 40 0
1973 31 274 165 625 46 0
1974 34 306 185 696 51 0
1975 38 337 204 762 57 0
1976 41 367 222 824 62 0
1977 45 395 239 883 66 0
1978 48 422 255 939 71 0
1979 51 447 270 991 75 0
1980 53 472 285 1040 79 0
1981 58 507 307 1113 85 0
1982 63 551 333 1202 92 0
1983 68 601 363 1307 101 0
1984 75 659 398 1424 110 0
1985 82 721 435 1552 121 0
1986 90 789 475 1690 132 0
1987 98 862 518 1833 144 0
1988 107 937 563 1985 156 0
1989 116 1017 610 2144 170 0
1990 126 1099 658 2307 183 0
1991 136 1186 709 2479 197 0
1992 146 1280 764 2662 213 0
1993 158 1383 823 2864 230 0
1994 171 1495 888 3081 248 0
1995 185 1617 959 3317 268 0
1996 201 1750 1036 3570 290 0
1997 217 1894 1118 3841 314 0
1998 235 2048 1206 4129 339 0
1999 255 2213 1300 4433 367 0
2000 275 2390 1399 4756 396 0
2001 297 2583 1490 5077 418 0
2002 320 2877 1595 5483 444 0
2003 344 3221 1708 6116 482 0
2004 370 3551 1637 6622 522 0
2005 397 3879 1749 7197 557 0
2006 427 4269 1708 7163 599 0
2007 458 4688 1858 7496 654 0
2008 490 5081 2065 8256 700 0
2009 525 5607 2312 9115 756 0
2010 561 5661 2421 9453 814 0
2011 598 5990 2640 10257 872 0
2012 638 6520 2745 10213 934 0
2013 679 6944 2826 10974 1004 0
2014 721 7103 2910 9726 1061 0
2015 764 7115 2045 7911 1110 0
2016 810 6949 1629 7612 1157 0
2017 856 6117 1617 6465 1221 0
2018 903 5233 1420 6549 1275 0
2019 951 5248 1437 6761 1334 0
2020 998 5129 1322 6970 1402 0
2021 1046 4442 1271 7601 1485 0
2022 1095 3335 1348 8404 1587 0
2023 1143 2871 1465 8931 1662 0
Values for breeding stock: MX_AR
Year RUS+WAL EAL+BER GOA SEA+NBC SBC+WA OR+CA
1970 11 57 22 11 3 9
1971 14 72 29 14 3 12
1972 16 85 34 17 4 14
1973 19 97 39 19 4 16
1974 21 108 43 21 5 18
1975 23 119 48 23 5 19
1976 25 129 52 25 6 21
1977 27 139 56 27 6 22
1978 29 149 60 28 7 23
1979 31 158 63 30 7 25
1980 33 166 67 31 8 26
1981 35 179 72 33 8 27
1982 38 194 78 36 9 29
1983 42 212 85 39 10 32
1984 46 232 93 43 10 35
1985 50 255 102 47 11 38
1986 55 279 111 51 13 41
1987 60 304 121 55 14 44
1988 65 331 132 60 15 48
1989 71 359 142 65 16 52
1990 76 388 154 69 17 56
1991 82 419 166 75 19 60
1992 89 452 178 80 20 64
1993 96 488 192 86 22 69
1994 104 528 208 93 24 74
1995 113 571 224 100 25 80
1996 122 618 242 107 28 86
1997 132 669 261 116 30 93
1998 143 723 282 124 32 100
1999 155 781 304 133 35 108
2000 167 844 327 143 38 117
2001 180 912 348 153 40 126
2002 194 1016 373 165 42 137
2003 209 1137 399 184 46 149
2004 225 1254 383 199 50 164
2005 242 1370 409 217 53 177
2006 259 1508 399 216 57 192
2007 278 1655 434 226 62 203
2008 298 1794 483 249 66 207
2009 319 1980 541 274 72 210
2010 341 1999 566 285 77 219
2011 364 2115 617 309 83 239
2012 388 2302 642 308 89 252
2013 413 2452 661 330 95 273
2014 439 2509 681 293 101 298
2015 465 2513 478 238 105 324
2016 493 2455 381 229 110 349
2017 521 2160 378 195 116 382
2018 549 1848 332 197 121 409
2019 578 1854 336 204 127 435
2020 607 1812 309 210 133 476
2021 637 1569 297 229 141 516
2022 666 1178 315 253 151 529
2023 696 1014 343 269 158 560
Values for breeding stock: MX_ML
Year RUS+WAL EAL+BER GOA SEA+NBC SBC+WA OR+CA
1970 7 36 7 13 10 83
1971 8 46 9 16 13 105
1972 10 53 11 18 16 122
1973 11 61 12 21 18 138
1974 12 68 14 23 20 153
1975 13 74 15 25 22 166
1976 14 80 16 27 23 178
1977 16 86 18 29 25 190
1978 17 91 19 30 27 200
1979 17 97 20 32 28 209
1980 18 101 21 33 30 218
1981 20 108 22 36 32 231
1982 21 117 24 38 34 248
1983 23 128 26 41 37 267
1984 25 139 29 45 41 289
1985 28 152 31 49 44 313
1986 30 165 34 53 48 339
1987 33 180 37 57 52 366
1988 36 195 40 62 57 394
1989 38 211 43 67 61 423
1990 41 227 46 71 66 454
1991 45 244 50 76 71 485
1992 48 263 53 82 76 519
1993 52 283 57 88 82 555
1994 56 305 62 94 88 595
1995 60 328 66 101 95 639
1996 65 354 71 108 102 687
1997 70 382 77 116 110 739
1998 76 412 83 124 119 795
1999 82 444 89 133 128 854
2000 88 478 95 142 138 918
2001 95 515 101 152 145 992
2002 102 573 108 163 154 1075
2003 109 639 115 182 167 1167
2004 117 703 110 196 180 1279
2005 125 766 117 213 191 1380
2006 134 841 114 211 205 1489
2007 144 921 124 221 224 1570
2008 153 996 138 242 239 1601
2009 164 1097 154 267 257 1621
2010 175 1104 161 276 276 1682
2011 186 1165 175 299 295 1829
2012 198 1265 181 297 315 1925
2013 210 1344 186 318 338 2082
2014 222 1372 191 281 357 2267
2015 235 1370 134 228 372 2459
2016 248 1334 106 219 387 2640
2017 262 1171 105 185 407 2880
2018 275 999 92 187 424 3073
2019 289 1000 93 193 442 3263
2020 302 973 85 198 463 3552
2021 316 841 82 215 489 3849
2022 330 630 87 238 522 3932
2023 344 541 94 252 545 4154
Values for breeding stock: Central_Am
Year RUS+WAL EAL+BER GOA SEA+NBC SBC+WA OR+CA
1970 0 0 0 0 3 39
1971 0 0 0 0 4 49
1972 0 0 0 0 4 57
1973 0 0 0 0 5 64
1974 0 0 0 0 5 71
1975 0 0 0 0 6 77
1976 0 0 0 0 6 82
1977 0 0 0 0 7 88
1978 0 0 0 0 7 92
1979 0 0 0 0 7 97
1980 0 0 0 0 8 101
1981 0 0 0 0 8 107
1982 0 0 0 0 9 114
1983 0 0 0 0 10 123
1984 0 0 0 0 11 134
1985 0 0 0 0 12 145
1986 0 0 0 0 13 156
1987 0 0 0 0 14 169
1988 0 0 0 0 15 182
1989 0 0 0 0 16 195
1990 0 0 0 0 17 209
1991 0 0 0 0 19 224
1992 0 0 0 0 20 239
1993 0 0 0 0 21 256
1994 0 0 0 0 23 275
1995 0 0 0 0 25 295
1996 0 0 0 0 27 317
1997 0 0 0 0 29 341
1998 0 0 0 0 31 367
1999 0 0 0 0 34 394
2000 0 0 0 0 36 424
2001 0 0 0 0 38 458
2002 0 0 0 0 40 496
2003 0 0 0 0 44 538
2004 0 0 0 0 47 590
2005 0 0 0 0 50 636
2006 0 0 0 0 54 687
2007 0 0 0 0 58 724
2008 0 0 0 0 63 738
2009 0 0 0 0 67 748
2010 0 0 0 0 72 776
2011 0 0 0 0 77 844
2012 0 0 0 0 83 888
2013 0 0 0 0 88 960
2014 0 0 0 0 93 1046
2015 0 0 0 0 97 1135
2016 0 0 0 0 101 1219
2017 0 0 0 0 107 1331
2018 0 0 0 0 111 1421
2019 0 0 0 0 116 1511
2020 0 0 0 0 122 1647
2021 0 0 0 0 129 1784
2022 0 0 0 0 137 1823
2023 0 0 0 0 143 1928

Catch numbers by breeding stock
Year Asia Hawaii MX_AR MX_ML Central_Am
1970 0.9 0 0 1.1 0.3
1971 0.9 0 0 1.2 0.3
1972 1 0 0 1.3 0.3
1973 1.1 0 0 1.3 0.4
1974 1.2 0.1 0 1.4 0.4
1975 1.2 0.1 0 1.5 0.4
1976 1.3 0.1 0 1.6 0.4
1977 1.4 0.1 0 1.6 0.4
1978 1.5 0.1 0 1.7 0.5
1979 1.6 0.1 0 1.8 0.5
1980 1.8 0.1 0 1.9 0.5
1981 1.9 0.1 0 2 0.5
1982 2 0.1 0 2.1 0.6
1983 2.2 0.1 0 2.2 0.6
1984 2.3 0.1 0 2.4 0.6
1985 2.5 0.1 0 2.5 0.7
1986 2.6 0.1 0 2.6 0.7
1987 2.8 0.1 0 2.8 0.7
1988 3 0.1 0 2.9 0.8
1989 3.2 0.1 0 3.1 0.8
1990 3.5 0.2 0 3.2 0.8
1991 3.7 0.2 0 3.4 0.9
1992 4 0.2 0 3.6 0.9
1993 4.3 0.2 0 3.8 1
1994 4.6 0.2 0 4 1
1995 4.9 0.2 0 4.2 1.1
1996 5.2 0.2 0 4.4 1.1
1997 5.6 0.2 0 4.7 1.2
1998 6 0.2 0 4.9 1.2
1999 6.4 0.2 0 5.2 1.3
2000 6.9 0.3 0 5.5 1.4
2001 7.3 0.3 0 5.8 1.4
2002 7.9 0 0 5.8 1.5
2003 8.4 0 0 5.8 1.6
2004 9 0 0 6.7 1.7
2005 9.6 0 0 8.1 1.8
2006 10.3 1 0 6.8 1.8
2007 11.1 0 0 7.7 1.9
2008 11.8 0 0 7.9 2
2009 12.7 0 0 9 2.1
2010 13.6 0 0 9.3 2.2
2011 14.5 0.8 0 10.6 2.4
2012 15.5 0 0 10.9 2.5
2013 28 0 0 10.8 2.6
2014 0 5 0 13 2.7
2015 72 0 0 14.2 2.9
2016 12 0.1 0 14.2 3
2017 12 0.1 0 13.4 3.2
2018 16 0.1 0 13.4 3.3
2019 4 0.4 0 13.4 1.7
2020 26.8 0.4 0 23.8 5
2021 28.6 0.4 0 12.8 4.7
2022 30.7 0.4 0 10.5 3.7
2023 32.8 0.4 0 18.4 4.2

Catch numbers by feeding ground
Year RUS+WAL EAL+BER GOA SEA+NBC SBC+WA OR+CA
1970 0 2.7 3.1 6.8 0.1 6.4
1971 0 1.8 0.1 4 0.1 1.5
1972 4 0.8 0.1 4.1 0.1 1.6
1973 0 0.8 0.1 4.3 0.1 1.7
1974 0 0.8 0.1 4.5 0.1 2.5
1975 0 0.8 0.2 4.7 0.1 2.7
1976 0 0.8 0.2 4.9 0.2 2.9
1977 0 0.8 0.2 5.2 0.2 3.1
1978 0 0.8 0.2 5.4 0.2 3.3
1979 0 1 0.2 5.6 0.2 3.5
1980 0 1 0.2 5.9 0.2 3.9
1981 0 1 0.3 6.1 0.3 4.2
1982 0 1 0.4 6.5 0.3 4.5
1983 0 1 0.4 6.7 0.3 4.8
1984 0 1 0.5 7.1 0.4 4.6
1985 0 1 0.5 6.7 0.4 5
1986 0 1 0.7 7.8 0.4 5.4
1987 0 1 0.7 10 0.5 5.8
1988 0 1.1 0.8 8.5 0.5 6.3
1989 0 0.9 0.8 6.1 0.6 6.1
1990 0 1 0.8 7.4 0.7 5.8
1991 0 1 0.9 8.2 0.7 7.6
1992 0 1.1 0.9 9.8 0.8 8.3
1993 0 1.1 1 7.1 0.9 8.6
1994 0 1.2 1 9.3 1 8.8
1995 0 1.2 1 9.3 1.1 9.6
1996 0 1.2 1.1 12.7 1.2 9.9
1997 0 1.2 1.3 12.7 0.9 10.7
1998 0 3 1.4 14.7 1.2 12
1999 0 2.6 1.4 17.4 1.7 13.5
2000 0 1.2 1.5 14.1 1.5 11.6
2001 0 1.2 1.8 16.4 1.7 13.4
2002 0 2.4 1.9 13.8 1.9 13.7
2003 0 1.4 2 18.9 2.3 16
2004 0 1.4 2.3 22 2.5 15.9
2005 0 1.6 2.3 23.3 5.8 20.1
2006 0 1.6 2.4 22.7 5.3 22.1
2007 0 0.1 7.3 18.4 0 18.1
2008 0 0.1 4.3 19.7 12.4 8.8
2009 0 0.1 4.3 24.1 0 9.8
2010 0 6.1 0.8 44.5 7 24.5
2011 0 3.1 4 28.4 11 11.9
2012 0 4.1 8.8 11.6 0 10
2013 0 0.1 4 31.6 0 4.7
2014 0 0.1 11.8 43.7 7 45.2
2015 0 4.1 12 51 9.1 103.4
2016 0 4.1 4.8 34.8 7.1 150.3
2017 0 4.1 2.1 16.3 11.1 60.3
2018 0 1.1 4 26.6 30.1 111.1
2019 0 4.1 6 27.3 9.1 61
2020 0 1.1 0 24 23 31.2
2021 0 2.2 7 33.7 13 62.4
2022 0 4.3 0.8 22.3 8 56
2023 0 3.6 9.1 40.1 19.2 59.7
