Stock structure: B2F1; Model type = BC
Mortality impacts feeding grounds
Recruitment related to unfished
Staying rate: 0
Age-at-matrity: 8
Base adult survival: 0
Sigma for survival devs: 
Additional variance estimated
Weight for mark-recapture proportions: 1
Weight for genetics proportions: 1


Total objective fn: 127.201260107566
Negative log-likelihood fn: 52.8079743748884

Natural Survival by feeding ground
RUS+WAL,EAL+BER,GOA,SEA+NBC,SBC+WA,OR+CA
1970 0.96 0.96 0.96 0.96 0.96 0.96
1971 0.96 0.96 0.96 0.96 0.96 0.96
1972 0.96 0.96 0.96 0.96 0.96 0.96
1973 0.96 0.96 0.96 0.96 0.96 0.96
1974 0.96 0.96 0.96 0.96 0.96 0.96
1975 0.96 0.96 0.96 0.96 0.96 0.96
1976 0.96 0.96 0.96 0.96 0.96 0.96
1977 0.96 0.96 0.96 0.96 0.96 0.96
1978 0.96 0.96 0.96 0.96 0.96 0.96
1979 0.96 0.96 0.96 0.96 0.96 0.96
1980 0.96 0.96 0.96 0.96 0.96 0.96
1981 0.96 0.96 0.96 0.96 0.96 0.96
1982 0.96 0.96 0.96 0.96 0.96 0.96
1983 0.96 0.96 0.96 0.96 0.96 0.96
1984 0.96 0.96 0.96 0.96 0.96 0.96
1985 0.96 0.96 0.96 0.96 0.96 0.96
1986 0.96 0.96 0.96 0.96 0.96 0.96
1987 0.96 0.96 0.96 0.96 0.96 0.96
1988 0.96 0.96 0.96 0.96 0.96 0.96
1989 0.96 0.96 0.96 0.96 0.96 0.96
1990 0.96 0.96 0.96 0.96 0.96 0.96
1991 0.96 0.96 0.96 0.96 0.96 0.96
1992 0.96 0.96 0.96 0.96 0.96 0.96
1993 0.96 0.96 0.96 0.96 0.96 0.96
1994 0.96 0.96 0.96 0.96 0.96 0.96
1995 0.96 0.96 0.96 0.96 0.96 0.96
1996 0.96 0.96 0.96 0.96 0.96 0.96
1997 0.96 0.96 0.96 0.96 0.96 0.96
1998 0.96 0.96 0.96 0.96 0.96 0.96
1999 0.96 0.96 0.96 0.96 0.96 0.96
2000 0.96 0.9699425 0.96 0.9695655 0.9592073 0.9578973
2001 0.96 0.9702616 0.96 0.9713836 0.9602833 0.9591411
2002 0.96 0.9705663 0.96 0.9720095 0.9610041 0.9607871
2003 0.96 0.9708796 0.96 0.9711348 0.961548 0.9607938
2004 0.96 0.9707226 0.96 0.9723277 0.9614067 0.961137
2005 0.96 0.9635176 0.96 0.9669344 0.9648304 0.9599182
2006 0.96 0.9621552 0.96 0.9685824 0.9653547 0.9594053
2007 0.96 0.9606218 0.96 0.9625356 0.9649892 0.9602823
2008 0.96 0.9602233 0.96 0.9705824 0.9645067 0.9600383
2009 0.96 0.9586416 0.96 0.9602906 0.9639728 0.9606548
2010 0.96 0.9597488 0.96 0.9637302 0.9639528 0.9615591
2011 0.96 0.959445 0.96 0.9513144 0.9635756 0.9611068
2012 0.96 0.9581886 0.96 0.9537508 0.9628681 0.9633912
2013 0.96 0.9580048 0.96 0.9191399 0.9621866 0.9674014
2014 0.96 0.9564488 0.96 0.6966559 0.9615054 0.9706314
2015 0.96 0.9490272 0.96 0.8978466 0.9598118 0.971022
2016 0.96 0.9423194 0.96 0.7405885 0.9588841 0.9681109
2017 0.96 0.9341752 0.96 0.9072492 0.9588246 0.9661322
2018 0.96 0.9375188 0.96 0.9284658 0.9593598 0.9644392
2019 0.96 0.9470413 0.96 0.9371923 0.9602471 0.9633477
2020 0.96 0.9525132 0.96 0.92805 0.9609616 0.9646862
2021 0.96 0.9600007 0.96 0.9600001 0.9612731 0.9612607
2022 0.96 0.9600003 0.96 0.96 0.960627 0.9605466
2023 0.96 0.96 0.96 0.96 0.96 0.96

Naturak Survival by breeding stock
RUS+WAL,EAL+BER,GOA,SEA+NBC,SBC+WA,OR+CA
1970 0.96 0.96 0.96 0.96 0.96
1971 0.96 0.96 0.96 0.96 0.96
1972 0.96 0.96 0.96 0.96 0.96
1973 0.96 0.96 0.96 0.96 0.96
1974 0.96 0.96 0.96 0.96 0.96
1975 0.96 0.96 0.96 0.96 0.96
1976 0.96 0.96 0.96 0.96 0.96
1977 0.96 0.96 0.96 0.96 0.96
1978 0.96 0.96 0.96 0.96 0.96
1979 0.96 0.96 0.96 0.96 0.96
1980 0.96 0.96 0.96 0.96 0.96
1981 0.96 0.96 0.96 0.96 0.96
1982 0.96 0.96 0.96 0.96 0.96
1983 0.96 0.96 0.96 0.96 0.96
1984 0.96 0.96 0.96 0.96 0.96
1985 0.96 0.96 0.96 0.96 0.96
1986 0.96 0.96 0.96 0.96 0.96
1987 0.96 0.96 0.96 0.96 0.96
1988 0.96 0.96 0.96 0.96 0.96
1989 0.96 0.96 0.96 0.96 0.96
1990 0.96 0.96 0.96 0.96 0.96
1991 0.96 0.96 0.96 0.96 0.96
1992 0.96 0.96 0.96 0.96 0.96
1993 0.96 0.96 0.96 0.96 0.96
1994 0.96 0.96 0.96 0.96 0.96
1995 0.96 0.96 0.96 0.96 0.96
1996 0.96 0.96 0.96 0.96 0.96
1997 0.96 0.96 0.96 0.96 0.96
1998 0.96 0.96 0.96 0.96 0.96
1999 0.96 0.96 0.96 0.96 0.96
2000 0.96 0.96 0.96 0.96 0.96
2001 0.96 0.96 0.96 0.96 0.96
2002 0.96 0.96 0.96 0.96 0.96
2003 0.96 0.96 0.96 0.96 0.96
2004 0.96 0.96 0.96 0.96 0.96
2005 0.96 0.96 0.96 0.96 0.96
2006 0.96 0.96 0.96 0.96 0.96
2007 0.96 0.96 0.96 0.96 0.96
2008 0.96 0.96 0.96 0.96 0.96
2009 0.96 0.96 0.96 0.96 0.96
2010 0.96 0.96 0.96 0.96 0.96
2011 0.96 0.96 0.96 0.96 0.96
2012 0.96 0.96 0.96 0.96 0.96
2013 0.96 0.96 0.96 0.96 0.96
2014 0.96 0.96 0.96 0.96 0.96
2015 0.96 0.96 0.96 0.96 0.96
2016 0.96 0.96 0.96 0.96 0.96
2017 0.96 0.96 0.96 0.96 0.96
2018 0.96 0.96 0.96 0.96 0.96
2019 0.96 0.96 0.96 0.96 0.96
2020 0.96 0.96 0.96 0.96 0.96
2021 0.96 0.96 0.96 0.96 0.96
2022 0.96 0.96 0.96 0.96 0.96
2023 0.96 0.96 0.96 0.96 0.96

Fecundity by feeding ground
RUS+WAL,EAL+BER,GOA,SEA+NBC,SBC+WA,OR+CA
1970 0.9448972 0.9518859 0.9523178 0.9541655 0.9611668 0.9665341
1971 0.9450592 0.952026 0.9523433 0.9542971 0.9612214 0.9666243
1972 0.9395703 0.94719 0.9475221 0.9500385 0.9584865 0.9652028
1973 0.9337264 0.9425696 0.9429008 0.9459934 0.9558789 0.9638724
1974 0.9282249 0.9381865 0.9385021 0.9421755 0.9534019 0.9626591
1975 0.9230329 0.9340261 0.9343291 0.93857 0.9510482 0.9615355
1976 0.9181506 0.9300774 0.9303583 0.9351652 0.9488372 0.9604969
1977 0.9135619 0.9263274 0.9265785 0.9319539 0.9467376 0.9595368
1978 0.9092526 0.922768 0.9229815 0.9289229 0.9447484 0.9586572
1979 0.9052091 0.9194043 0.9195585 0.9260629 0.9428619 0.9578506
1980 0.9014391 0.9162146 0.9163012 0.9233694 0.9410731 0.957123
1981 0.8979014 0.9131863 0.9132158 0.9208247 0.9394006 0.956461
1982 0.8930185 0.9090437 0.9090274 0.9173158 0.9370879 0.9555017
1983 0.8869528 0.903895 0.9038273 0.9129337 0.9341953 0.9542796
1984 0.8798472 0.8978612 0.8977499 0.9077912 0.9308151 0.9528099
1985 0.8718738 0.8910543 0.8908928 0.9019581 0.9269845 0.9511528
1986 0.8631568 0.8835803 0.8833926 0.8955804 0.9227571 0.9493345
1987 0.8538484 0.8755425 0.875323 0.8887888 0.9182133 0.9473836
1988 0.8440712 0.867039 0.8667911 0.8815305 0.9133787 0.9453316
1989 0.8339378 0.8581379 0.8578705 0.8738382 0.9083238 0.9431671
1990 0.8235701 0.8489389 0.8486415 0.8659131 0.9030902 0.9409009
1991 0.8130389 0.8395086 0.8391917 0.8577998 0.8976959 0.9386499
1992 0.80209 0.8296157 0.8292669 0.849317 0.8920155 0.9362938
1993 0.7905047 0.819058 0.8186864 0.8401301 0.8859301 0.9337606
1994 0.7781274 0.8076973 0.8072898 0.8302831 0.8793409 0.9309951
1995 0.7648606 0.7954279 0.7949776 0.8196066 0.8721786 0.9279925
1996 0.7506593 0.7821941 0.7817095 0.80817 0.8643907 0.924701
1997 0.7355458 0.7679825 0.7674869 0.7958296 0.8558495 0.9211309
1998 0.719563 0.7529402 0.7523139 0.782663 0.8466842 0.9172901
1999 0.7027882 0.7369697 0.7362266 0.7687337 0.8369621 0.9131925
2000 0.6853463 0.7200711 0.7193186 0.7538753 0.8265295 0.9086875
2001 0.6673398 0.698408 0.7017187 0.7349704 0.8156968 0.9041596
2002 0.6488764 0.6758737 0.6834421 0.714434 0.8040038 0.8991763
2003 0.6299745 0.6521768 0.6645137 0.6928087 0.7915633 0.893761
2004 0.6106759 0.6273891 0.6449824 0.6706352 0.7783334 0.8879788
2005 0.5909999 0.6017997 0.6248153 0.646878 0.7652811 0.8819366
2006 0.5709847 0.5794 0.6040271 0.6247985 0.750175 0.8756826
2007 0.5506976 0.556987 0.5834044 0.6006752 0.7326587 0.8688489
2008 0.5301879 0.534942 0.5618126 0.5791398 0.7174899 0.8609106
2009 0.5095923 0.512727 0.5397482 0.5522293 0.6985299 0.8524898
2010 0.4890247 0.491712 0.5167902 0.5319405 0.6805463 0.8440107
2011 0.4686285 0.4694078 0.4941461 0.5082285 0.6628888 0.8342119
2012 0.4485492 0.4472282 0.4722647 0.4917066 0.6417735 0.8237523
2013 0.431314 0.4258871 0.4497722 0.4739739 0.6200725 0.8117691
2014 0.4087475 0.4048019 0.4288502 0.4805447 0.5999954 0.7998539
2015 0.4012922 0.3863323 0.4083596 0.6164764 0.5803476 0.7891505
2016 0.3826299 0.3740635 0.3871759 0.6203686 0.560658 0.7798464
2017 0.3632924 0.3677337 0.3660803 0.6943625 0.5420902 0.766672
2018 0.345542 0.3678451 0.3460572 0.6866816 0.5283335 0.7555008
2019 0.3262384 0.3648286 0.3273122 0.6734905 0.5085768 0.7418279
2020 0.3127468 0.3535048 0.3087065 0.6577631 0.4917623 0.7266331
2021 0.3009833 0.3374101 0.2921345 0.6479537 0.4715808 0.7111959
2022 0.2904038 0.3156919 0.2757325 0.622488 0.4495679 0.69601
2023 0.2809559 0.2955647 0.2618682 0.5989822 0.4314773 0.6806808

Total abundance: Estimate SD_log
1970 1148.688 0.05669162
1971 1443.1 0.04991664
1972 1684.159 0.0462471
1973 1908.268 0.0438458
1974 2123.919 0.04204968
1975 2326.911 0.04072981
1976 2518.565 0.03972205
1977 2699.35 0.0389367
1978 2869.903 0.03831302
1979 3030.62 0.03781268
1980 3181.863 0.03740924
1981 3403.507 0.03628606
1982 3675.857 0.03485737
1983 3992.251 0.03333156
1984 4347.076 0.03184445
1985 4734.935 0.03047319
1986 5151.047 0.02924859
1987 5589.102 0.02818307
1988 6043.386 0.02726867
1989 6513.5 0.02646815
1990 6997.926 0.02575487
1991 7508.385 0.02507513
1992 8053.161 0.02441558
1993 8639.672 0.02377682
1994 9277.685 0.02315824
1995 9965.324 0.02258877
1996 10705.15 0.02207731
1997 11493.41 0.02163803
1998 12330.79 0.02126742
1999 13208.99 0.02097279
2000 14124.28 0.02074885
2001 15208.3 0.02025208
2002 16359.82 0.01969687
2003 17577.7 0.01901253
2004 18836.73 0.0182416
2005 20158.08 0.01786272
2006 21409.63 0.01848671
2007 22715.31 0.01946109
2008 23985.29 0.02023042
2009 25394.91 0.02083499
2010 26687.14 0.02198438
2011 28026.05 0.02292635
2012 29206.29 0.02273787
2013 30460.16 0.02532782
2014 31173.47 0.03227886
2015 28878.76 0.02660425
2016 29346.52 0.02722877
2017 28149.58 0.029198
2018 28765.47 0.02937303
2019 29556.43 0.02897175
2020 30596.7 0.02943867
2021 31563.55 0.0314753
2022 32892.49 0.03344045
2023 34186.61 0.03552361
2024 35340.69 0.03778996

Breeding stock abundance: Estimate SD_log Estimate/K
Asia
1 90.24263 0.09894822 4.038019
2 113.9809 0.09469532 5.100219
3 132.6424 0.09288898 5.93525
4 146.9549 0.0936188 6.575678
5 162.9641 0.09274357 7.292032
6 177.9342 0.09208867 7.961885
7 192.0273 0.09153295 8.5925
8 205.1922 0.091093 9.18158
9 217.4745 0.0907441 9.731164
10 228.9168 0.0904705 10.24317
11 239.5519 0.09026374 10.71905
12 255.1788 0.08956962 11.41829
13 274.4087 0.08863816 12.27876
14 296.7177 0.08754564 13.277
15 321.5178 0.08637975 14.38671
16 348.4652 0.08514423 15.59251
17 377.0446 0.08388623 16.87133
18 406.9837 0.08259365 18.21099
19 437.8385 0.08129935 19.59163
20 469.2948 0.08001209 20.99918
21 501.0854 0.07874051 22.42169
22 534.1475 0.07744207 23.90109
23 569.2219 0.07609233 25.47054
24 606.6357 0.07471139 27.14467
25 646.6462 0.07331693 28.93499
26 689.3471 0.07193974 30.84569
27 734.7007 0.07062255 32.8751
28 782.5481 0.06941958 35.01609
29 832.5276 0.06840423 37.25248
30 884.2397 0.06764738 39.5664
31 937.359 0.06722298 41.94329
32 993.1629 0.06720316 44.4403
33 1050.233 0.06766326 46.99399
34 1108.269 0.06868126 49.59088
35 1167.385 0.07030509 52.23611
36 1227.259 0.072585 54.91522
37 1286.233 0.07554234 57.55409
38 1345.153 0.07919155 60.19055
39 1403.604 0.08351319 62.80599
40 1461.519 0.08846834 65.39747
41 1518.069 0.0940158 67.92789
42 1573.283 0.1000896 70.3985
43 1626.633 0.1066178 72.78572
44 1677.277 0.1135397 75.05183
45 1714.134 0.1214425 76.70106
46 1775.935 0.1277722 79.4664
47 1763.582 0.1389439 78.91368
48 1806.706 0.1458626 80.84329
49 1845.112 0.1529334 82.56184
50 1878.264 0.1603655 84.04524
51 1922.633 0.1667958 86.03061
52 1943.675 0.1748391 86.97214
53 1962.661 0.1826192 87.82169
54 1976.999 0.1902455 88.46327
Hawaii
1 668.7612 0.05918832 2.386421
2 843.6811 0.0527121 3.010609
3 985.7806 0.04932208 3.517679
4 1120.075 0.04706283 3.996897
5 1247.868 0.04544955 4.452918
6 1368.846 0.04426565 4.884617
7 1483.394 0.0433686 5.293373
8 1591.86 0.04267192 5.680425
9 1694.485 0.04212224 6.046634
10 1791.651 0.04168036 6.393364
11 1883.532 0.04132233 6.721233
12 2017.508 0.04035806 7.199317
13 2181.969 0.03915414 7.786183
14 2372.987 0.03789742 8.467815
15 2587.354 0.03670249 9.232768
16 2821.521 0.03563497 10.06837
17 3073.374 0.03470447 10.96709
18 3338.492 0.03392478 11.91314
19 3613.188 0.03328667 12.89337
20 3898.641 0.03273546 13.91199
21 4193.86 0.03224675 14.96546
22 4504.424 0.03180029 16.07368
23 4836.845 0.03137932 17.25989
24 5194.655 0.03099056 18.53671
25 5585.078 0.03061883 19.92991
26 6005.1 0.03030023 21.42872
27 6457.421 0.03002995 23.04279
28 6938.104 0.02982523 24.75807
29 7449.081 0.02966987 26.58145
30 7985.133 0.02956988 28.49431
31 8543.643 0.02952366 30.48731
32 9226.689 0.02921486 32.9247
33 9956.257 0.02880778 35.52811
34 10728.52 0.02811999 38.28388
35 11522.93 0.02713619 41.11866
36 12359.26 0.02663951 44.10303
37 13143.62 0.02715403 46.90196
38 13969.07 0.02813713 49.8475
39 14742.7 0.02887868 52.60816
40 15633.46 0.02914781 55.78674
41 16396.84 0.03039841 58.5108
42 17203.67 0.03120117 61.38992
43 17841.86 0.03019608 63.66725
44 18530.56 0.03387037 66.12483
45 18678.27 0.046208 66.65193
46 15964.47 0.03428668 56.96795
47 16034.33 0.03454314 57.21721
48 14544.17 0.03745748 51.89971
49 14732.67 0.03825351 52.57235
50 15128.93 0.03488805 53.98639
51 15642.2 0.03371337 55.81795
52 16052.97 0.03891703 57.28374
53 16811.08 0.04057837 59.98901
54 17535.27 0.04232022 62.57319
MX_AR
1 149.6388 0.0819989 4.46557
2 188.5947 0.07721763 5.628104
3 220.6721 0.07470003 6.585367
4 250.9179 0.07305354 7.487972
5 280.0934 0.07181583 8.358636
6 307.787 0.07089446 9.185079
7 334.0832 0.07018096 9.969819
8 359.0676 0.06961022 10.71541
9 382.8099 0.06914142 11.42394
10 405.3728 0.06874848 12.09727
11 426.7519 0.06841892 12.73527
12 457.7113 0.06767048 13.65917
13 495.6141 0.06676614 14.79028
14 539.6156 0.0658259 16.10338
15 588.9657 0.06492373 17.5761
16 642.9229 0.06409688 19.18631
17 700.8118 0.06335667 20.91385
18 761.8895 0.06270182 22.73655
19 825.5741 0.06212033 24.63705
20 891.3571 0.06160163 26.60017
21 958.9304 0.06113007 28.61671
22 1030.248 0.06067261 30.74501
23 1106.514 0.06022478 33.02093
24 1188.758 0.05978537 35.4753
25 1277.796 0.05935945 38.13239
26 1373.873 0.05895384 40.99957
27 1477.132 0.05857573 44.08105
28 1587.35 0.05822995 47.37022
29 1704.237 0.05792113 50.85838
30 1826.581 0.05765916 54.50941
31 1954.326 0.05744068 58.32162
32 2104.144 0.05719423 62.79256
33 2261.371 0.05696416 67.48455
34 2425.805 0.05677262 72.39166
35 2597.136 0.05677307 77.50458
36 2774.857 0.05696608 82.80819
37 2941.645 0.05763072 87.78551
38 3110.911 0.0585746 92.83681
39 3279.302 0.05950561 97.862
40 3453.448 0.06046613 103.0589
41 3624.49 0.06143624 108.1632
42 3798.963 0.06242577 113.3699
43 3969.284 0.06339142 118.4527
44 4137.724 0.0645112 123.4793
45 4294.268 0.06562975 128.1509
46 4361.065 0.06713468 130.1443
47 4475.588 0.06815885 133.5619
48 4523.772 0.06946264 134.9999
49 4602.158 0.06996939 137.3391
50 4692.199 0.07087283 140.0261
51 4816.809 0.07185315 143.7448
52 4955.68 0.07313042 147.889
53 5115.286 0.07489233 152.652
54 5266.231 0.07684818 157.1566
MX_ML
1 197.3213 0.07210358 2.036417
2 244.7331 0.06759042 2.525721
3 284.5965 0.06502159 2.937124
4 322.0203 0.06339807 3.323349
5 357.4566 0.06229863 3.689062
6 390.2544 0.06161841 4.027546
7 420.9017 0.06117756 4.343835
8 449.4682 0.06091084 4.63865
9 476.2009 0.06075457 4.914541
10 501.0924 0.06069393 5.171428
11 524.1823 0.06070964 5.409723
12 558.6837 0.06021397 5.765789
13 601.2389 0.05950896 6.204971
14 650.8051 0.05873675 6.71651
15 706.4164 0.05799238 7.290435
16 767.3472 0.05731594 7.91926
17 832.5533 0.05674121 8.592207
18 901.2114 0.05626632 9.30078
19 972.4652 0.05588927 10.03614
20 1045.808 0.05559202 10.79306
21 1121.095 0.05535045 11.57004
22 1200.985 0.05510514 12.39454
23 1285.671 0.05489272 13.26852
24 1377.01 0.05468512 14.21117
25 1476.256 0.05448048 15.23541
26 1583.923 0.0542828 16.34657
27 1699.954 0.05410983 17.54405
28 1824.607 0.0539563 18.8305
29 1957.485 0.0538318 20.20185
30 2097.256 0.0537405 21.64433
31 2243.44 0.05368739 23.15299
32 2407.741 0.05360883 24.84864
33 2581.976 0.05343376 26.64679
34 2768.419 0.0532122 28.57094
35 2963.95 0.05296984 30.58888
36 3169.687 0.05297498 32.71214
37 3368.512 0.05307204 34.76409
38 3575.678 0.05339141 36.9021
39 3794.697 0.05357623 39.16244
40 4026.12 0.05370756 41.5508
41 4266.999 0.053759 44.03675
42 4509.029 0.05384819 46.53457
43 4760.458 0.05384355 49.1294
44 5031.179 0.05380744 51.92332
45 5316.435 0.05364514 54.86725
46 5522.434 0.0534188 56.99322
47 5745.391 0.05364951 59.29421
48 5888.481 0.05403346 60.77094
49 6114.452 0.054054 63.10304
50 6315.899 0.05466249 65.18202
51 6583.984 0.05528748 67.94875
52 6879.013 0.0562441 70.99353
53 7180.378 0.05805467 74.10371
54 7488.534 0.06030455 77.28399
Central_Am
1 42.72386 0.0997297 0.3450662
2 52.1105 0.09713816 0.4208789
3 60.46772 0.09565704 0.4883774
4 68.30055 0.09480299 0.5516405
5 75.53701 0.09444079 0.6100869
6 82.08944 0.09432991 0.6630087
7 88.15907 0.09434786 0.7120311
8 93.76241 0.094457 0.7572874
9 98.93285 0.09462746 0.7990473
10 103.5868 0.09493984 0.836636
11 107.8455 0.09528385 0.8710319
12 114.4255 0.09525414 0.9241766
13 122.6263 0.09505492 0.9904114
14 132.1254 0.09486163 1.067133
15 142.8216 0.09465742 1.153522
16 154.6788 0.09446796 1.249288
17 167.2627 0.0943862 1.350924
18 180.5245 0.0943493 1.458036
19 194.3203 0.09435559 1.56946
20 208.3998 0.09444853 1.683175
21 222.9554 0.09456101 1.800735
22 238.5807 0.09465992 1.926936
23 254.9102 0.09480133 2.058824
24 272.6141 0.09493138 2.201812
25 291.9095 0.09508751 2.357655
26 313.0812 0.09524052 2.528651
27 335.9467 0.09543453 2.713328
28 360.8055 0.09564003 2.914105
29 387.4578 0.09589025 3.129366
30 415.7758 0.09616556 3.358081
31 445.5098 0.09649206 3.598232
32 476.564 0.09709158 3.849047
33 509.9856 0.09748522 4.118982
34 546.6822 0.09779253 4.415368
35 585.3252 0.09809807 4.727474
36 627.0203 0.09846754 5.064232
37 669.6169 0.09860626 5.40827
38 714.4977 0.09869199 5.770757
39 764.9862 0.09872144 6.178536
40 820.3657 0.09870419 6.625817
41 880.7447 0.09871012 7.113478
42 941.1066 0.09875998 7.601001
43 1008.054 0.09879814 8.141714
44 1083.419 0.09881706 8.750412
45 1170.355 0.09887619 9.452559
46 1254.857 0.09916377 10.13506
47 1327.63 0.09978322 10.72282
48 1386.456 0.1006481 11.19794
49 1471.074 0.1014587 11.88137
50 1541.133 0.1023747 12.44721
51 1631.074 0.1033444 13.17363
52 1732.216 0.1050067 13.99052
53 1823.078 0.107665 14.72439
54 1919.579 0.110819 15.50379

Feeding stock abundance: Estimate SD_log Estimate/K
RUS+WAL
1 112.5001 0.1163778 3.536061
2 142.831 0.1120074 4.489412
3 162.7009 0.1128292 5.113954
4 184.5897 0.1114741 5.801954
5 205.1659 0.110427 6.448697
6 224.5929 0.109541 7.05932
7 242.853 0.1087953 7.633266
8 260.0071 0.108154 8.172447
9 276.1073 0.1075954 8.678503
10 291.205 0.1071051 9.153048
11 305.2603 0.1067008 9.594827
12 325.9126 0.1057707 10.24396
13 351.2791 0.1046042 11.04127
14 380.6143 0.1032909 11.96333
15 413.3911 0.101863 12.99356
16 448.9601 0.1003733 14.11155
17 486.8826 0.09882711 15.30351
18 526.5896 0.09725576 16.55157
19 567.6426 0.09567175 17.84193
20 609.6398 0.09408738 19.16197
21 652.134 0.09252622 20.49763
22 696.5866 0.09091726 21.89485
23 743.7509 0.08926422 23.3773
24 794.2037 0.08757355 24.96311
25 848.2923 0.08586583 26.66321
26 906.1581 0.0841753 28.48203
27 967.7609 0.08254936 30.4183
28 1032.812 0.08105381 32.46296
29 1100.982 0.07975871 34.60566
30 1171.831 0.07874245 36.83256
31 1244.754 0.07809223 39.12463
32 1319.601 0.07788236 41.4772
33 1396.1 0.07820241 43.88171
34 1474.278 0.07912353 46.33897
35 1553.966 0.08071621 48.84368
36 1635.045 0.08303128 51.39212
37 1717.274 0.08610353 53.9767
38 1800.27 0.0899441 56.58541
39 1883.73 0.09452916 59.2087
40 1966.978 0.09982377 61.82531
41 2049.48 0.1057631 64.41851
42 2130.64 0.1122675 66.96948
43 2209.903 0.1192538 69.46086
44 2276.739 0.1271178 71.56161
45 2366.785 0.133876 74.39192
46 2390.216 0.1442907 75.12837
47 2468.19 0.1512724 77.57923
48 2542.153 0.1584268 79.904
49 2608.482 0.1658992 81.98882
50 2681.581 0.1727273 84.28646
51 2728.938 0.1807929 85.77496
52 2772.455 0.1885594 87.14278
53 2811.723 0.1959669 88.37704
54 2846.639 0.2029814 89.4745
EAL+BER
1 267.8692 0.1009504 2.656581
2 340.4308 0.09691875 3.376207
3 398.5991 0.09498085 3.953088
4 453.7426 0.0936926 4.499972
5 506.0576 0.09277843 5.018803
6 555.7205 0.09209224 5.511333
7 602.8578 0.09155549 5.978815
8 647.6284 0.09111881 6.422826
9 690.1226 0.09075593 6.84426
10 730.2524 0.0904728 7.242246
11 768.3023 0.0902315 7.619603
12 823.5861 0.08962899 8.167878
13 891.3953 0.08888342 8.840373
14 970.1737 0.08808286 9.621655
15 1058.475 0.08728401 10.49738
16 1154.977 0.08651318 11.45443
17 1258.435 0.08577883 12.48047
18 1367.639 0.08508148 13.5635
19 1481.438 0.08442036 14.6921
20 1599.099 0.08377377 15.85899
21 1719.423 0.08315161 17.0523
22 1846.293 0.08251597 18.31053
23 1981.976 0.0818637 19.65616
24 2128.291 0.08118915 21.10723
25 2286.281 0.08049872 22.67409
26 2456.646 0.07979358 24.36367
27 2639.499 0.07907965 26.17711
28 2834.472 0.07836409 28.11075
29 3039.09 0.07769941 30.14003
30 3254.423 0.07703492 32.2756
31 3480.15 0.07636008 34.51424
32 3763.053 0.07552943 37.31991
33 4058.58 0.07464324 40.25078
34 4368.644 0.07370559 43.32583
35 4691.929 0.07280278 46.532
36 5024.653 0.07212933 49.83177
37 5318.189 0.07352186 52.7429
38 5610.55 0.07526285 55.64238
39 5896.954 0.07675938 58.48277
40 6183.651 0.07805927 61.32609
41 6455.962 0.07922715 64.02672
42 6741.72 0.0802664 66.8607
43 7022.177 0.0813074 69.64213
44 7289.663 0.08225315 72.2949
45 7551.266 0.08304719 74.88934
46 7775.048 0.08385739 77.10869
47 7924.831 0.08412643 78.59415
48 8005.973 0.08393572 79.39888
49 8014.024 0.0831436 79.47872
50 8064.451 0.08324928 79.97883
51 8211.073 0.0835801 81.43295
52 8404.681 0.08485363 83.35305
53 8657.641 0.08713692 85.86176
54 8881.395 0.08997506 88.08084
GOA
1 122.5184 0.08320112 2.602235
2 156.5712 0.07783816 3.325501
3 183.7338 0.07528026 3.902422
4 209.57 0.07357014 4.45117
5 234.1594 0.07234988 4.973439
6 257.4722 0.07146067 5.468591
7 279.6565 0.07076881 5.939777
8 300.7752 0.07021232 6.388329
9 320.8726 0.06975356 6.815188
10 339.9976 0.06936732 7.221393
11 358.1964 0.06903642 7.607928
12 384.3688 0.06832222 8.163817
13 416.3256 0.06747305 8.842565
14 453.4468 0.06658636 9.631003
15 494.9635 0.06574714 10.5128
16 540.352 0.06497418 11.47683
17 588.8273 0.06429843 12.50642
18 640.0213 0.06369189 13.59376
19 693.3365 0.06315333 14.72615
20 748.393 0.06266191 15.89553
21 804.7613 0.06220729 17.09276
22 864.1192 0.06176253 18.3535
23 927.6753 0.06131166 19.7034
24 996.1378 0.06086043 21.15751
25 1070.137 0.06040592 22.72922
26 1149.955 0.05995312 24.42452
27 1235.546 0.05951144 26.24243
28 1326.645 0.05908842 28.17734
29 1423.022 0.05868145 30.22434
30 1524.279 0.0582895 32.375
31 1629.696 0.0579204 34.61399
32 1738.82 0.05758592 36.93175
33 1851.816 0.05728701 39.33173
34 1968.628 0.05703484 41.81277
35 2088.954 0.05684961 44.36843
36 2212.947 0.05673948 47.00198
37 2340.366 0.05672361 49.7083
38 2466.067 0.0569356 52.37815
39 2597.427 0.05720383 55.16817
40 2730.563 0.05762511 57.9959
41 2868.172 0.05814868 60.91867
42 3002.303 0.05893881 63.76754
43 3130.833 0.06002966 66.49747
44 3262.674 0.06123208 69.2977
45 3383.308 0.06280086 71.85991
46 3501.424 0.06456155 74.36865
47 3623.173 0.06636453 76.95454
48 3742.75 0.06830659 79.4943
49 3854.69 0.0704604 81.87186
50 3958.573 0.07278814 84.07828
51 4061.6 0.07509795 86.26652
52 4151.071 0.07762213 88.16685
53 4240.364 0.08003717 90.06339
54 4313.246 0.08261942 91.61138
SEA+NBC
1 454.9377 0.06741612 2.36971
2 578.3215 0.06133307 3.0124
3 675.4171 0.05848493 3.518157
4 767.0047 0.05666523 3.995225
5 853.4445 0.05544322 4.445478
6 935.0782 0.05459367 4.870697
7 1012.164 0.0539909 5.272227
8 1084.845 0.05356406 5.650813
9 1153.43 0.05326011 6.008064
10 1218.126 0.0530475 6.345055
11 1279.025 0.05290881 6.662271
12 1368.59 0.05226803 7.128801
13 1478.646 0.05143853 7.702069
14 1606.797 0.05056811 8.369593
15 1750.473 0.04976009 9.117979
16 1908.255 0.04904134 9.939847
17 2076.645 0.04846465 10.81697
18 2252.575 0.04804491 11.73336
19 2437.863 0.04768886 12.6985
20 2631.921 0.04736996 13.70932
21 2829.7 0.04714211 14.73953
22 3038.103 0.04695439 15.82507
23 3260.356 0.0468074 16.98276
24 3503.695 0.04664313 18.25028
25 3765.457 0.04653619 19.61376
26 4048.973 0.04646614 21.09056
27 4351.291 0.04647722 22.66529
28 4675.394 0.04653514 24.3535
29 5018.417 0.04666159 26.14026
30 5378.175 0.04686139 28.0142
31 5758.65 0.04708358 29.99604
32 6231.841 0.04680382 32.46082
33 6748.015 0.04637578 35.14951
34 7290.641 0.04555689 37.97597
35 7847.093 0.04422257 40.87446
36 8440.39 0.04352877 43.96486
37 8995.511 0.04441472 46.85642
38 9596.048 0.04579448 49.98453
39 10135.15 0.04687389 52.79263
40 10794.32 0.04704035 56.22619
41 11300.74 0.04865181 58.86405
42 11885.53 0.0494466 61.91014
43 12299.29 0.04794734 64.06535
44 12735.58 0.05284174 66.33792
45 12607.95 0.07239495 65.67312
46 9513.355 0.05425435 49.55379
47 9403.974 0.05445768 48.98404
48 7692.232 0.0601444 40.06781
49 7755.293 0.06452514 40.39629
50 8035.286 0.05367786 41.85473
51 8391.678 0.04842061 43.71113
52 8609.844 0.06348051 44.84753
53 9188.859 0.06517716 47.86354
54 9718.23 0.06681606 50.62096
SBC+WA
1 41.74591 0.1053572 1.488652
2 53.29462 0.1005904 1.900476
3 62.43082 0.09838249 2.226272
4 71.10476 0.09691949 2.535583
5 79.34508 0.09588292 2.829431
6 87.17566 0.09511154 3.108668
7 94.51673 0.09461528 3.370449
8 101.4899 0.09423141 3.619112
9 108.0945 0.0939377 3.85463
10 114.3573 0.09370414 4.077961
11 120.2947 0.09351638 4.289688
12 128.9025 0.09296597 4.596639
13 139.5079 0.09223293 4.974826
14 151.8926 0.09141934 5.416464
15 165.7368 0.09065288 5.910144
16 180.9355 0.08991667 6.452126
17 197.3163 0.08922179 7.036263
18 214.6005 0.08861311 7.652613
19 232.7236 0.08804538 8.29888
20 251.4418 0.08754394 8.966369
21 270.6244 0.08709677 9.650416
22 290.9966 0.08662644 10.37688
23 312.8891 0.08614385 11.15757
24 336.6131 0.08564373 12.00356
25 362.4177 0.08512204 12.92375
26 390.4543 0.08458259 13.92353
27 420.8263 0.08402589 15.00659
28 453.9418 0.08338281 16.18748
29 489.2201 0.08276601 17.4455
30 526.3535 0.08220437 18.76967
31 565.8974 0.08158901 20.1798
32 606.8728 0.07985738 21.64097
33 650.8844 0.07818109 23.21042
34 697.7008 0.0765838 24.87988
35 747.4963 0.07505583 26.65558
36 796.6204 0.07389451 28.40734
37 853.0996 0.07339164 30.42137
38 918.7553 0.07258349 32.76264
39 975.0679 0.07285408 34.77074
40 1046.105 0.07238661 37.3039
41 1112.466 0.07258224 39.67035
42 1177.512 0.07320114 41.98986
43 1255.566 0.07332934 44.77324
44 1334.839 0.07367874 47.60012
45 1407.501 0.07461424 50.19121
46 1478.867 0.07583831 52.73613
47 1550.502 0.07711583 55.29062
48 1617.422 0.07878725 57.67698
49 1666.077 0.08162056 59.41199
50 1738.341 0.08363857 61.9889
51 1796.95 0.08673317 64.07891
52 1868.775 0.08965614 66.64017
53 1945.678 0.09285729 69.3825
54 2006.881 0.0970362 71.56499
OR+CA
1 127.7165 0.06029592 0.8132163
2 161.751 0.05302946 1.029926
3 187.9776 0.04955742 1.19692
4 212.4565 0.04727253 1.352786
5 234.6468 0.04583044 1.494079
6 255.1716 0.0448509 1.624768
7 274.1172 0.04418919 1.745402
8 291.6045 0.04375232 1.856749
9 307.5757 0.04349989 1.958444
10 322.1817 0.0433809 2.051445
11 335.2846 0.04339508 2.134876
12 355.7478 0.0426363 2.265172
13 381.2035 0.04154586 2.427258
14 411.0259 0.04032065 2.617148
15 445.0367 0.03906267 2.833707
16 482.0558 0.03791736 3.069421
17 521.6408 0.03691708 3.321472
18 563.2764 0.0360739 3.586581
19 606.3824 0.03539155 3.861052
20 651.3059 0.03481338 4.147096
21 697.8833 0.03432084 4.443671
22 745.6868 0.03393585 4.748053
23 796.9141 0.03357932 5.074235
24 852.7314 0.03324107 5.429644
25 914.0001 0.03293215 5.819764
26 980.5381 0.03269912 6.243434
27 1053.231 0.03254379 6.706294
28 1131.649 0.03250011 7.205613
29 1215.457 0.03258671 7.739247
30 1304.223 0.03281092 8.304452
31 1401.13 0.03308615 8.921494
32 1498.815 0.03439098 9.543487
33 1605.527 0.03496829 10.22296
34 1721.406 0.03510896 10.9608
35 1845.79 0.0349969 11.7528
36 1975.827 0.03485074 12.5808
37 2111.189 0.03539122 13.44269
38 2259.016 0.0358136 14.38396
39 2429.967 0.0358205 15.47246
40 2611.188 0.03568626 16.62636
41 2792.317 0.0356743 17.77968
42 3001.645 0.0353728 19.11254
43 3225.119 0.03496928 20.53548
44 3478.871 0.03432412 22.15121
45 3728.158 0.03404503 23.73851
46 3951.153 0.03459682 25.15839
47 4145.447 0.03615064 26.39553
48 4426.454 0.03747382 28.1848
49 4661.2 0.03965102 29.67951
50 4951.197 0.04169142 31.52603
51 5271.165 0.04386014 33.56338
52 5591.926 0.04704274 35.60578
53 5911.523 0.05185063 37.64077
54 6232.717 0.05769978 39.68592

Parameters: Estimate  Std. Error      z value    Pr(>|z^2|)
rval 0.0911397 0.00218336 41.74286952 0
logK 7.71191803 0.46007896 16.76216195 0
logK 10.24080249 0.13297773 77.01140912 0
logK 8.11699786 0.49702957 16.33101612 0
logK 9.17881179 0.56168823 16.34147069 0
logK 9.42394669 0.51678388 18.23575987 0
logBK 3.21898989 0.54104353 5.94959498 0
logBK 3.76117557 0.12555082 29.95739665 0
logBK 3.11410329 0.52416398 5.94108602 0
logBK 3.92318358 0.58691783 6.68438297 0
logBK 5.71468746 0.52371933 10.91173677 0
MixPars -2.03540249 0.28296177 -7.19320672 0
MixPars -3.28872338 0.24226913 -13.5746698 0
MixPars -1.2761498 0.16526108 -7.72202261 0
MixPars -1.75276355 0.10691895 -16.3933848 0
MixPars -3.34614794 0.15947318 -20.98251151 0
MixPars -1.86782976 0.24212112 -7.71444375 0
MixPars -0.82327652 0.17140281 -4.8031682 1.56e-06
MixPars -1.87457763 0.27275085 -6.87285718 0
MixPars -3.0645355 0.27904082 -10.98239119 0
MixPars -2.12458466 0.24326849 -8.73349725 0
MixPars -2.47077355 0.3298897 -7.48969605 0
MixPars -1.36138736 0.23634487 -5.7601731 1e-08
MixPars -1.67355498 0.30157921 -5.54930481 3e-08
MixPars -1.15292097 0.17936026 -6.42796216 0
MixPars 0.36949607 0.13757741 2.68573222 0.00723711
MixPars -2.2830098 0.23462129 -9.7306164 0
AddV 0.12986696 0.04721825 2.75035502 0.00595307
AddV 0.01650189 0.00489878 3.36857169 0.00075559
AddV 0.12211125 0.07170713 1.7029164 0.08858371
SFdev -0.29607096 0.36498735 -0.81118143 0.41726149
SFdev -0.28321733 0.34615627 -0.81817768 0.41325574
SFdev 0.02044865 0.41194608 0.04963914 0.96040996
SFdev 0.05342404 0.40142864 0.13308477 0.89412634
SFdev -0.30707292 0.36372767 -0.84423856 0.39853611
SFdev -0.34668764 0.34698519 -0.99914248 0.31772567
SFdev -0.00740156 0.40742482 -0.01816669 0.98550588
SFdev 0.02214143 0.3977337 0.05566899 0.9556055
SFdev -0.31768642 0.36231679 -0.8768195 0.38058469
SFdev -0.36944589 0.34418451 -1.07339488 0.28309398
SFdev -0.02646924 0.40446045 -0.06544333 0.94782103
SFdev -0.02069244 0.39225013 -0.05275318 0.95792856
SFdev -0.32870886 0.36089449 -0.91081705 0.36239178
SFdev -0.337776 0.34533473 -0.97811186 0.328019
SFdev -0.04107978 0.40208979 -0.10216569 0.91862516
SFdev -0.02087098 0.39191515 -0.05325382 0.95752967
SFdev -0.32317249 0.36137309 -0.8942904 0.37116653
SFdev -0.38120531 0.34035073 -1.12003671 0.26269812
SFdev -0.03726443 0.40269468 -0.09253768 0.92627086
SFdev -0.03002113 0.39046019 -0.07688654 0.93871381
SFdev -0.09570685 0.39271044 -0.24370843 0.80745665
SFdev -0.1975824 0.35583252 -0.55526796 0.57871139
SFdev -0.13371708 0.38800785 -0.34462468 0.73037655
SFdev 0.0021287 0.39522141 0.0053861 0.99570253
SFdev -0.05762855 0.39896187 -0.14444627 0.88514809
SFdev -0.25041228 0.35207799 -0.71124093 0.47693495
SFdev -0.14927977 0.38622983 -0.38650502 0.69912268
SFdev 0.01537808 0.39700437 0.03873529 0.96910144
SFdev -0.0163138 0.40604908 -0.04017692 0.96795208
SFdev -0.0681263 0.36449171 -0.18690767 0.85173302
SFdev -0.13840687 0.38758805 -0.35709788 0.72101853
SFdev -0.00737601 0.3935614 -0.01874169 0.98504717
SFdev -0.00583061 0.40829438 -0.0142804 0.98860627
SFdev -0.31825041 0.34085126 -0.93369292 0.35046232
SFdev -0.12421911 0.38927783 -0.31910143 0.7496496
SFdev -0.00099861 0.39437273 -0.00253214 0.99797965
SFdev 0.03481147 0.41630013 0.08362109 0.9333577
SFdev -0.00759323 0.36263831 -0.02093886 0.98329442
SFdev -0.10873523 0.39133885 -0.27785442 0.78112411
SFdev -0.01718776 0.39186084 -0.0438619 0.96501449
SFdev 0.00652319 0.4117196 0.01584376 0.98735904
SFdev -0.1017707 0.36402471 -0.27957085 0.77980678
SFdev -0.1081598 0.39142733 -0.27632154 0.78230111
SFdev -0.04138032 0.38838704 -0.10654402 0.91515073
SFdev 0.0143588 0.41350173 0.0347249 0.97229911
SFdev 0.20559349 0.35764919 0.57484679 0.56539492
SFdev -0.09735741 0.39297972 -0.24774157 0.80433437
SFdev -0.02921134 0.38945637 -0.07500543 0.94021039
SFdev 0.04617905 0.41995805 0.1099611 0.91244022
SFdev 0.15169618 0.42233525 0.35918428 0.71945723
SFdev -0.07738639 0.3957791 -0.19552925 0.84497864
SFdev -0.09211601 0.3810665 -0.2417321 0.80898775
SFdev 0.05075758 0.42100047 0.12056419 0.90403623
SFdev 0.74733612 0.59944079 1.24672216 0.21249939
SFdev -0.05849029 0.39849644 -0.14677745 0.88330768
SFdev -0.21228998 0.36806574 -0.57677191 0.56409355
SFdev 0.08876501 0.42794312 0.20742246 0.83567994
SFdev 2.34662989 0.21756132 10.78606218 0
SFdev -0.03992929 0.40131098 -0.09949713 0.92074357
SFdev -0.31996715 0.35926923 -0.8906055 0.37314085
SFdev 0.2539088 0.46595618 0.54491992 0.5858086
SFdev 1.00453036 0.33652187 2.98503735 0.00283544
SFdev 0.00489103 0.40845717 0.0119744 0.99044604
SFdev -0.33375979 0.36075424 -0.92517218 0.35487635
SFdev 0.38462965 0.50130635 0.76725469 0.4429301
SFdev 2.1290241 0.19757977 10.77551673 0
SFdev 0.02867883 0.4123675 0.06954677 0.94455441
SFdev -0.23502877 0.37002354 -0.63517248 0.52531593
SFdev 0.52538672 0.54784548 0.9590053 0.33755607
SFdev 0.89755343 0.45177134 1.98674273 0.04695091
SFdev 0.03018602 0.41259163 0.07316197 0.94167723
SFdev -0.17278065 0.37494629 -0.4608144 0.64493177
SFdev 0.4696821 0.51911664 0.90477181 0.36558629
SFdev 0.61469662 0.4574762 1.34366906 0.17905543
SFdev 0.01654601 0.41041768 0.04031505 0.96784196
SFdev -0.12224774 0.37871927 -0.32279249 0.7468524
SFdev 0.29422317 0.46401859 0.63407626 0.52603105
SFdev 0.47524378 0.34713619 1.3690413 0.17098637
SFdev -0.00645467 0.40676097 -0.01586846 0.98733933
SFdev -0.09088321 0.38242865 -0.23764748 0.81215452
SFdev 0.17940155 0.43981416 0.40790307 0.68334484
SFdev 0.62093906 0.50066427 1.24023044 0.21489017
SFdev -0.02533474 0.40406735 -0.06269929 0.95000596
SFdev -0.12947498 0.37858826 -0.34199417 0.73235528
SFdev -1.845e-05 0.41028928 -4.496e-05 0.99996413
SFdev -2.58e-06 0.41029211 -6.28e-06 0.99999499
SFdev -0.03367112 0.40340911 -0.08346644 0.93348066
SFdev -0.033336 0.396882 -0.08399473 0.93306062
SFdev -8.22e-06 0.4102911 -2.004e-05 0.99998401
SFdev -1.09e-06 0.41029236 -2.65e-06 0.99999789
SFdev -0.01645158 0.40672953 -0.04044844 0.96773561
SFdev -0.01432879 0.40265373 -0.03558588 0.97161257
SFdev 0 0.41029254 0 1
SFdev 0 0.41029254 0 1
SFdev 0 0.41029254 0 1
SFdev 0 0.41029254 0 1
log_SFsigma -0.89088486 0.09093388 -9.79706213 0

Mixing matrix
0.88446429 0.11553571 0 0 0 0 ,# Asia
0.02446116 0.18303181 0.11364121 0.65576977 0.02309606 0 ,# Hawaii
0.08074036 0.52273169 0.22947447 0.08019737 0.02439877 0.06245733 ,# MX_AR
0.02568105 0.30384775 0.07787768 0.05699547 0.09592876 0.43966929 ,# MX_ML
0 0 0 0 0.09253989 0.90746011 ,# Central_Am

Split of breeding stock to feeding grounds over time
Split for: Asia
Year RUS+WAL EAL+BER GOA SEA+NBC SBC+WA OR+CA
1970 0.88549 0.11451 0 0 0 0
1971 0.88583 0.11417 0 0 0 0
1972 0.88345 0.11655 0 0 0 0
1973 0.88355 0.11645 0 0 0 0
1974 0.88362 0.11638 0 0 0 0
1975 0.88369 0.11631 0 0 0 0
1976 0.88374 0.11626 0 0 0 0
1977 0.88379 0.11621 0 0 0 0
1978 0.88384 0.11616 0 0 0 0
1979 0.88391 0.11609 0 0 0 0
1980 0.88397 0.11603 0 0 0 0
1981 0.884 0.116 0 0 0 0
1982 0.884 0.116 0 0 0 0
1983 0.88397 0.11603 0 0 0 0
1984 0.88393 0.11607 0 0 0 0
1985 0.88387 0.11613 0 0 0 0
1986 0.88379 0.11621 0 0 0 0
1987 0.8837 0.1163 0 0 0 0
1988 0.8836 0.1164 0 0 0 0
1989 0.88348 0.11652 0 0 0 0
1990 0.88336 0.11664 0 0 0 0
1991 0.88323 0.11677 0 0 0 0
1992 0.88309 0.11691 0 0 0 0
1993 0.88293 0.11707 0 0 0 0
1994 0.88276 0.11724 0 0 0 0
1995 0.88258 0.11742 0 0 0 0
1996 0.88238 0.11762 0 0 0 0
1997 0.88216 0.11784 0 0 0 0
1998 0.88199 0.11801 0 0 0 0
1999 0.88179 0.11821 0 0 0 0
2000 0.88153 0.11847 0 0 0 0
2001 0.8799 0.1201 0 0 0 0
2002 0.87832 0.12168 0 0 0 0
2003 0.87674 0.12326 0 0 0 0
2004 0.87519 0.12481 0 0 0 0
2005 0.87374 0.12626 0 0 0 0
2006 0.8734 0.1266 0 0 0 0
2007 0.87323 0.12677 0 0 0 0
2008 0.87328 0.12672 0 0 0 0
2009 0.87336 0.12664 0 0 0 0
2010 0.87371 0.12629 0 0 0 0
2011 0.8738 0.1262 0 0 0 0
2012 0.87394 0.12606 0 0 0 0
2013 0.87419 0.12581 0 0 0 0
2014 0.87453 0.12547 0 0 0 0
2015 0.87509 0.12491 0 0 0 0
2016 0.87691 0.12309 0 0 0 0
2017 0.87936 0.12064 0 0 0 0
2018 0.88247 0.11753 0 0 0 0
2019 0.88476 0.11524 0 0 0 0
2020 0.8855 0.1145 0 0 0 0
2021 0.88559 0.11441 0 0 0 0
2022 0.88492 0.11508 0 0 0 0
2023 0.88453 0.11547 0 0 0 0
2024 0.88436 0.11564 0 0 0 0
Split for: Hawaii
Year RUS+WAL EAL+BER GOA SEA+NBC SBC+WA OR+CA
1970 0.02482 0.18384 0.11245 0.65551 0.02338 0
1971 0.0249 0.18382 0.11297 0.65479 0.02351 0
1972 0.02439 0.18434 0.11346 0.65419 0.02362 0
1973 0.02447 0.18472 0.11384 0.65326 0.02371 0
1974 0.02453 0.18509 0.11421 0.65238 0.02379 0
1975 0.0246 0.18545 0.11451 0.65156 0.02388 0
1976 0.02466 0.18582 0.1148 0.65078 0.02394 0
1977 0.02472 0.18619 0.1151 0.65 0.024 0
1978 0.02478 0.18655 0.11539 0.64922 0.02406 0
1979 0.02484 0.18688 0.11568 0.64849 0.02412 0
1980 0.0249 0.18721 0.11597 0.64774 0.02418 0
1981 0.02495 0.18753 0.11622 0.64707 0.02423 0
1982 0.02499 0.18785 0.11643 0.64643 0.0243 0
1983 0.02502 0.18814 0.11663 0.64585 0.02437 0
1984 0.02505 0.18842 0.1168 0.64531 0.02443 0
1985 0.02506 0.18864 0.11692 0.64489 0.02449 0
1986 0.02508 0.18889 0.11703 0.64444 0.02457 0
1987 0.0251 0.18922 0.11719 0.64384 0.02465 0
1988 0.0251 0.18943 0.11727 0.64347 0.02472 0
1989 0.02509 0.18952 0.11726 0.64336 0.02478 0
1990 0.02507 0.18963 0.11728 0.64319 0.02483 0
1991 0.02505 0.18974 0.11729 0.64302 0.0249 0
1992 0.02504 0.18987 0.11732 0.6428 0.02498 0
1993 0.025 0.18988 0.11726 0.64282 0.02504 0
1994 0.02496 0.18991 0.11723 0.64277 0.02512 0
1995 0.02492 0.18991 0.11718 0.64278 0.0252 0
1996 0.02488 0.18997 0.11716 0.64268 0.02531 0
1997 0.02483 0.18999 0.1171 0.64264 0.02544 0
1998 0.02478 0.18992 0.11705 0.64267 0.02557 0
1999 0.02473 0.18989 0.11702 0.64265 0.02571 0
2000 0.02466 0.18981 0.11689 0.64279 0.02585 0
2001 0.02433 0.19021 0.11553 0.64423 0.02571 0
2002 0.02397 0.19018 0.11401 0.64627 0.02557 0
2003 0.02361 0.19016 0.11254 0.64821 0.02548 0
2004 0.0233 0.19031 0.11123 0.64971 0.02545 0
2005 0.02298 0.19018 0.1099 0.65163 0.02532 0
2006 0.02281 0.18937 0.1093 0.653 0.02552 0
2007 0.02261 0.18802 0.10834 0.65516 0.02588 0
2008 0.02255 0.18741 0.10817 0.65582 0.02606 0
2009 0.02233 0.18543 0.10724 0.65861 0.02639 0
2010 0.02234 0.18496 0.10757 0.65831 0.02682 0
2011 0.02225 0.18406 0.10726 0.65936 0.02707 0
2012 0.02237 0.1848 0.10776 0.65724 0.02784 0
2013 0.02244 0.18501 0.10823 0.65577 0.02855 0
2014 0.02317 0.19045 0.1115 0.64491 0.02993 3e-05
2015 0.02813 0.23 0.13516 0.56984 0.03687 0
2016 0.02901 0.23326 0.1391 0.56013 0.03849 0
2017 0.03305 0.25971 0.15831 0.50466 0.04427 0
2018 0.0337 0.25711 0.16118 0.50289 0.04512 0
2019 0.03377 0.25197 0.16116 0.50722 0.04587 0
2020 0.03353 0.24834 0.15995 0.51225 0.04594 0
2021 0.03352 0.24802 0.15941 0.51243 0.04662 0
2022 0.03274 0.24387 0.15535 0.5217 0.04634 0
2023 0.03215 0.24041 0.15175 0.52975 0.04594 0
2024 0.03163 0.23694 0.14873 0.5367 0.046 0
Split for: MX_AR
Year RUS+WAL EAL+BER GOA SEA+NBC SBC+WA OR+CA
1970 0.08198 0.52545 0.22724 0.08023 0.02471 0.06039
1971 0.08214 0.5247 0.228 0.08003 0.02482 0.0603
1972 0.08042 0.52579 0.22881 0.0799 0.02492 0.06016
1973 0.0805 0.52584 0.22914 0.07963 0.02496 0.05992
1974 0.08058 0.526 0.22948 0.07939 0.02501 0.05953
1975 0.08067 0.52623 0.22973 0.07917 0.02506 0.05914
1976 0.08075 0.52648 0.22999 0.07896 0.02509 0.05875
1977 0.08083 0.52674 0.23023 0.07874 0.02511 0.05835
1978 0.08091 0.52701 0.23047 0.07854 0.02514 0.05794
1979 0.08099 0.52722 0.23075 0.07834 0.02517 0.05753
1980 0.08108 0.52747 0.23102 0.07815 0.0252 0.05708
1981 0.08114 0.52774 0.23124 0.07798 0.02523 0.05667
1982 0.08119 0.52804 0.23141 0.07781 0.02526 0.05628
1983 0.08121 0.52832 0.23157 0.07766 0.02531 0.05592
1984 0.08122 0.52859 0.23166 0.07752 0.02535 0.05566
1985 0.08121 0.52882 0.23175 0.07741 0.0254 0.05541
1986 0.08119 0.5291 0.23178 0.0773 0.02545 0.05519
1987 0.08116 0.5294 0.23182 0.07713 0.02551 0.05498
1988 0.08112 0.52965 0.23183 0.07704 0.02557 0.05479
1989 0.08106 0.52985 0.23179 0.07702 0.02562 0.05466
1990 0.08099 0.53 0.23176 0.07698 0.02567 0.05459
1991 0.08092 0.53021 0.23173 0.07694 0.02574 0.05446
1992 0.08084 0.53041 0.23172 0.07689 0.02581 0.05434
1993 0.08074 0.53055 0.23166 0.07691 0.02588 0.05427
1994 0.08062 0.53065 0.2316 0.07691 0.02596 0.05426
1995 0.08049 0.53072 0.23154 0.07692 0.02605 0.05429
1996 0.08034 0.53079 0.23145 0.07689 0.02615 0.05437
1997 0.08018 0.53081 0.23133 0.07689 0.02629 0.05451
1998 0.08003 0.53069 0.23127 0.0769 0.02643 0.05468
1999 0.07986 0.53061 0.23119 0.0769 0.02657 0.05488
2000 0.07965 0.5305 0.23099 0.07693 0.02672 0.05522
2001 0.07882 0.53321 0.22899 0.07733 0.02666 0.05499
2002 0.07799 0.53552 0.22699 0.07793 0.02664 0.05494
2003 0.07716 0.53768 0.22499 0.07848 0.02665 0.05503
2004 0.07636 0.53975 0.22305 0.07891 0.0267 0.05524
2005 0.07561 0.54152 0.22126 0.07945 0.02667 0.05549
2006 0.07531 0.54101 0.22078 0.07989 0.02697 0.05604
2007 0.07506 0.54003 0.22002 0.08058 0.02749 0.05682
2008 0.0749 0.53872 0.21985 0.08073 0.02771 0.05809
2009 0.07467 0.53663 0.21944 0.08162 0.02825 0.05938
2010 0.07463 0.53465 0.21986 0.08149 0.02868 0.06068
2011 0.07445 0.5329 0.21956 0.08175 0.02899 0.06235
2012 0.07436 0.53162 0.21918 0.08096 0.02962 0.06426
2013 0.07424 0.52955 0.21902 0.08037 0.03022 0.06659
2014 0.07449 0.52966 0.21926 0.0768 0.03079 0.069
2015 0.07614 0.53866 0.22381 0.05715 0.03194 0.07229
2016 0.07696 0.53545 0.22577 0.05506 0.03268 0.07408
2017 0.07862 0.53454 0.23037 0.04448 0.03371 0.07828
2018 0.07983 0.52697 0.23357 0.04414 0.03421 0.08129
2019 0.08053 0.51983 0.23508 0.04481 0.03501 0.08475
2020 0.08047 0.51574 0.23485 0.04555 0.03529 0.0881
2021 0.08026 0.51391 0.23354 0.04547 0.03573 0.09109
2022 0.07959 0.51296 0.23104 0.04699 0.03605 0.09338
2023 0.07913 0.51197 0.2285 0.04831 0.03619 0.09591
2024 0.07865 0.50973 0.22622 0.04944 0.0366 0.09936
Split for: MX_ML
Year RUS+WAL EAL+BER GOA SEA+NBC SBC+WA OR+CA
1970 0.02639 0.30916 0.07806 0.05771 0.09836 0.43031
1971 0.02646 0.30886 0.07836 0.0576 0.09884 0.42988
1972 0.02591 0.30961 0.07867 0.05753 0.09925 0.42903
1973 0.02598 0.31012 0.0789 0.05742 0.09958 0.428
1974 0.02607 0.31101 0.07922 0.05739 0.10003 0.42627
1975 0.02616 0.31193 0.07951 0.05738 0.10048 0.42454
1976 0.02626 0.31289 0.0798 0.05737 0.10084 0.42282
1977 0.02636 0.31389 0.0801 0.05737 0.10121 0.42107
1978 0.02645 0.31491 0.08041 0.05738 0.1016 0.41926
1979 0.02655 0.31589 0.08072 0.05739 0.102 0.41744
1980 0.02666 0.317 0.08106 0.05742 0.10244 0.41542
1981 0.02676 0.31804 0.08136 0.05745 0.10283 0.41356
1982 0.02684 0.31902 0.08163 0.05748 0.10324 0.41179
1983 0.02691 0.31993 0.08187 0.0575 0.10367 0.41012
1984 0.02696 0.32063 0.08204 0.05749 0.104 0.40888
1985 0.027 0.32127 0.0822 0.0575 0.10435 0.40768
1986 0.02703 0.32187 0.08232 0.05749 0.10473 0.40657
1987 0.02705 0.32243 0.08243 0.05744 0.10508 0.40557
1988 0.02707 0.32294 0.08253 0.05743 0.10545 0.40459
1989 0.02706 0.32329 0.08257 0.05746 0.10574 0.40388
1990 0.02705 0.32346 0.08258 0.05744 0.10598 0.40349
1991 0.02704 0.3238 0.08263 0.05745 0.10632 0.40276
1992 0.02703 0.3241 0.08266 0.05744 0.10666 0.4021
1993 0.027 0.32423 0.08266 0.05747 0.10698 0.40166
1994 0.02695 0.32421 0.08261 0.05745 0.10729 0.40149
1995 0.02689 0.32408 0.08255 0.05743 0.1076 0.40145
1996 0.02682 0.32379 0.08243 0.05735 0.10791 0.4017
1997 0.02672 0.32334 0.08227 0.05726 0.10831 0.40209
1998 0.02663 0.32269 0.0821 0.05717 0.10872 0.40268
1999 0.02652 0.32204 0.08192 0.05706 0.10908 0.40338
2000 0.02637 0.32104 0.08161 0.05692 0.10939 0.40467
2001 0.02613 0.32298 0.08098 0.05727 0.10921 0.40342
2002 0.02584 0.32425 0.08024 0.05769 0.10909 0.40288
2003 0.02553 0.3251 0.07942 0.05802 0.10897 0.40296
2004 0.02521 0.32559 0.07855 0.05819 0.10892 0.40354
2005 0.0249 0.3259 0.07774 0.05846 0.10856 0.40443
2006 0.02468 0.32398 0.07719 0.05849 0.10924 0.40643
2007 0.02442 0.32103 0.07636 0.05857 0.11056 0.40907
2008 0.02414 0.31733 0.07561 0.05814 0.11039 0.41439
2009 0.02382 0.31278 0.07468 0.05816 0.11138 0.41918
2010 0.02357 0.30862 0.0741 0.05751 0.11199 0.42422
2011 0.02324 0.30399 0.07313 0.05701 0.11186 0.43077
2012 0.02289 0.29903 0.07198 0.05568 0.11269 0.43773
2013 0.02248 0.29303 0.07076 0.05438 0.11312 0.44622
2014 0.0222 0.28845 0.06971 0.05114 0.11343 0.45507
2015 0.02225 0.28769 0.06979 0.03732 0.1154 0.46754
2016 0.02223 0.28258 0.06957 0.03553 0.11666 0.47344
2017 0.02215 0.2752 0.06925 0.028 0.11738 0.48804
2018 0.0221 0.26657 0.06898 0.0273 0.11705 0.49799
2019 0.02182 0.25747 0.06798 0.02714 0.11728 0.50831
2020 0.0214 0.25059 0.06662 0.02706 0.11597 0.51836
2021 0.02097 0.24536 0.0651 0.02654 0.11539 0.52664
2022 0.02051 0.24156 0.06352 0.02705 0.11484 0.53253
2023 0.0201 0.23768 0.06193 0.02742 0.11365 0.53922
2024 0.0196 0.23211 0.06014 0.02753 0.11274 0.54789
Split for: Central_Am
Year RUS+WAL EAL+BER GOA SEA+NBC SBC+WA OR+CA
1970 0 0 0 0 0.09652 0.90348
1971 0 0 0 0 0.09704 0.90296
1972 0 0 0 0 0.09757 0.90243
1973 0 0 0 0 0.09808 0.90192
1974 0 0 0 0 0.09884 0.90116
1975 0 0 0 0 0.09961 0.90039
1976 0 0 0 0 0.10029 0.89971
1977 0 0 0 0 0.101 0.899
1978 0 0 0 0 0.10174 0.89826
1979 0 0 0 0 0.1025 0.8975
1980 0 0 0 0 0.10334 0.89666
1981 0 0 0 0 0.10411 0.89589
1982 0 0 0 0 0.10489 0.89511
1983 0 0 0 0 0.10566 0.89434
1984 0 0 0 0 0.10625 0.89375
1985 0 0 0 0 0.10685 0.89315
1986 0 0 0 0 0.10746 0.89254
1987 0 0 0 0 0.10802 0.89198
1988 0 0 0 0 0.10859 0.89141
1989 0 0 0 0 0.10903 0.89097
1990 0 0 0 0 0.10934 0.89066
1991 0 0 0 0 0.10983 0.89017
1992 0 0 0 0 0.11031 0.88969
1993 0 0 0 0 0.11071 0.88929
1994 0 0 0 0 0.11103 0.88897
1995 0 0 0 0 0.11133 0.88867
1996 0 0 0 0 0.11155 0.88845
1997 0 0 0 0 0.11183 0.88817
1998 0 0 0 0 0.11205 0.88795
1999 0 0 0 0 0.11221 0.88779
2000 0 0 0 0 0.11217 0.88783
2001 0 0 0 0 0.11232 0.88768
2002 0 0 0 0 0.11234 0.88766
2003 0 0 0 0 0.11221 0.88779
2004 0 0 0 0 0.11203 0.88797
2005 0 0 0 0 0.11148 0.88852
2006 0 0 0 0 0.11161 0.88839
2007 0 0 0 0 0.11215 0.88785
2008 0 0 0 0 0.11073 0.88927
2009 0 0 0 0 0.11047 0.88953
2010 0 0 0 0 0.10983 0.89017
2011 0 0 0 0 0.10823 0.89177
2012 0 0 0 0 0.10741 0.89259
2013 0 0 0 0 0.10594 0.89406
2014 0 0 0 0 0.10434 0.89566
2015 0 0 0 0 0.10343 0.89657
2016 0 0 0 0 0.10328 0.89672
2017 0 0 0 0 0.10105 0.89895
2018 0 0 0 0 0.09899 0.90101
2019 0 0 0 0 0.09734 0.90266
2020 0 0 0 0 0.09467 0.90533
2021 0 0 0 0 0.0929 0.9071
2022 0 0 0 0 0.09156 0.90844
2023 0 0 0 0 0.08968 0.91032
2024 0 0 0 0 0.08774 0.91226

Difference in mortality over time
Difference for: Asia
Year RUS+WAL EAL+BER GOA SEA+NBC SBC+WA OR+CA
1970 0 0 0 0 0 0
1971 0 0 0 0 0 0
1972 0 0 0 0 0 0
1973 0 0 0 0 0 0
1974 0 0 0 0 0 0
1975 0 0 0 0 0 0
1976 0 0 0 0 0 0
1977 0 0 0 0 0 0
1978 0 0 0 0 0 0
1979 0 0 0 0 0 0
1980 0 0 0 0 0 0
1981 0 0 0 0 0 0
1982 0 0 0 0 0 0
1983 0 0 0 0 0 0
1984 0 0 0 0 0 0
1985 0 0 0 0 0 0
1986 0 0 0 0 0 0
1987 0 0 0 0 0 0
1988 0 0 0 0 0 0
1989 0 0 0 0 0 0
1990 0 0 0 0 0 0
1991 0 0 0 0 0 0
1992 0 0 0 0 0 0
1993 0 0 0 0 0 0
1994 0 0 0 0 0 0
1995 0 0 0 0 0 0
1996 0 0 0 0 0 0
1997 0 0 0 0 0 0
1998 0 0 0 0 0 0
1999 0 0 0 0 0 0
2000 0 1 0 0 0 0
2001 0 1 0 0 0 0
2002 0 1 0 0 0 0
2003 0 1 0 0 0 0
2004 0 2 0 0 0 0
2005 0 1 0 0 0 0
2006 0 0 0 0 0 0
2007 0 0 0 0 0 0
2008 0 0 0 0 0 0
2009 0 0 0 0 0 0
2010 0 0 0 0 0 0
2011 0 0 0 0 0 0
2012 0 0 0 0 0 0
2013 0 0 0 0 0 0
2014 0 -1 0 0 0 0
2015 0 -2 0 0 0 0
2016 0 -4 0 0 0 0
2017 0 -6 0 0 0 0
2018 0 -5 0 0 0 0
2019 0 -3 0 0 0 0
2020 0 -2 0 0 0 0
2021 0 0 0 0 0 0
2022 0 0 0 0 0 0
2023 0 0 0 0 0 0
Difference for: Hawaii
Year RUS+WAL EAL+BER GOA SEA+NBC SBC+WA OR+CA
1970 0 0 0 0 0 0
1971 0 0 0 0 0 0
1972 0 0 0 0 0 0
1973 0 0 0 0 0 0
1974 0 0 0 0 0 0
1975 0 0 0 0 0 0
1976 0 0 0 0 0 0
1977 0 0 0 0 0 0
1978 0 0 0 0 0 0
1979 0 0 0 0 0 0
1980 0 0 0 0 0 0
1981 0 0 0 0 0 0
1982 0 0 0 0 0 0
1983 0 0 0 0 0 0
1984 0 0 0 0 0 0
1985 0 0 0 0 0 0
1986 0 0 0 0 0 0
1987 0 0 0 0 0 0
1988 0 0 0 0 0 0
1989 0 0 0 0 0 0
1990 0 0 0 0 0 0
1991 0 0 0 0 0 0
1992 0 0 0 0 0 0
1993 0 0 0 0 0 0
1994 0 0 0 0 0 0
1995 0 0 0 0 0 0
1996 0 0 0 0 0 0
1997 0 0 0 0 0 0
1998 0 0 0 0 0 0
1999 0 0 0 0 0 0
2000 0 16 0 52 0 0
2001 0 18 0 68 0 0
2002 0 20 0 77 0 0
2003 0 22 0 77 0 0
2004 0 23 0 92 0 0
2005 0 8 0 56 2 0
2006 0 5 0 74 2 0
2007 0 2 0 23 2 0
2008 0 1 0 102 2 0
2009 0 -4 0 3 2 0
2010 0 -1 0 40 2 0
2011 0 -2 0 -98 2 0
2012 0 -6 0 -73 1 0
2013 0 -7 0 -496 1 0
2014 0 -13 0 -3163 1 0
2015 0 -40 0 -563 0 0
2016 0 -66 0 -1966 -1 0
2017 0 -97 0 -387 -1 0
2018 0 -85 0 -233 0 0
2019 0 -49 0 -175 0 0
2020 0 -29 0 -255 1 0
2021 0 0 0 0 1 0
2022 0 0 0 0 0 0
2023 0 0 0 0 0 0
Difference for: MX_AR
Year RUS+WAL EAL+BER GOA SEA+NBC SBC+WA OR+CA
1970 0 0 0 0 0 0
1971 0 0 0 0 0 0
1972 0 0 0 0 0 0
1973 0 0 0 0 0 0
1974 0 0 0 0 0 0
1975 0 0 0 0 0 0
1976 0 0 0 0 0 0
1977 0 0 0 0 0 0
1978 0 0 0 0 0 0
1979 0 0 0 0 0 0
1980 0 0 0 0 0 0
1981 0 0 0 0 0 0
1982 0 0 0 0 0 0
1983 0 0 0 0 0 0
1984 0 0 0 0 0 0
1985 0 0 0 0 0 0
1986 0 0 0 0 0 0
1987 0 0 0 0 0 0
1988 0 0 0 0 0 0
1989 0 0 0 0 0 0
1990 0 0 0 0 0 0
1991 0 0 0 0 0 0
1992 0 0 0 0 0 0
1993 0 0 0 0 0 0
1994 0 0 0 0 0 0
1995 0 0 0 0 0 0
1996 0 0 0 0 0 0
1997 0 0 0 0 0 0
1998 0 0 0 0 0 0
1999 0 0 0 0 0 0
2000 0 10 0 1 0 0
2001 0 11 0 2 0 0
2002 0 13 0 2 0 0
2003 0 14 0 2 0 0
2004 0 15 0 3 0 0
2005 0 5 0 2 0 0
2006 0 3 0 2 0 0
2007 0 1 0 1 0 0
2008 0 0 0 3 0 0
2009 0 -3 0 0 0 0
2010 0 0 0 1 0 0
2011 0 -1 0 -3 0 0
2012 0 -4 0 -2 0 1
2013 0 -4 0 -14 0 2
2014 0 -8 0 -87 0 3
2015 0 -26 0 -15 0 3
2016 0 -42 0 -54 0 3
2017 0 -62 0 -11 0 2
2018 0 -54 0 -6 0 2
2019 0 -32 0 -5 0 1
2020 0 -19 0 -7 0 2
2021 0 0 0 0 0 1
2022 0 0 0 0 0 0
2023 0 0 0 0 0 0
Difference for: MX_ML
Year RUS+WAL EAL+BER GOA SEA+NBC SBC+WA OR+CA
1970 0 0 0 0 0 0
1971 0 0 0 0 0 0
1972 0 0 0 0 0 0
1973 0 0 0 0 0 0
1974 0 0 0 0 0 0
1975 0 0 0 0 0 0
1976 0 0 0 0 0 0
1977 0 0 0 0 0 0
1978 0 0 0 0 0 0
1979 0 0 0 0 0 0
1980 0 0 0 0 0 0
1981 0 0 0 0 0 0
1982 0 0 0 0 0 0
1983 0 0 0 0 0 0
1984 0 0 0 0 0 0
1985 0 0 0 0 0 0
1986 0 0 0 0 0 0
1987 0 0 0 0 0 0
1988 0 0 0 0 0 0
1989 0 0 0 0 0 0
1990 0 0 0 0 0 0
1991 0 0 0 0 0 0
1992 0 0 0 0 0 0
1993 0 0 0 0 0 0
1994 0 0 0 0 0 0
1995 0 0 0 0 0 0
1996 0 0 0 0 0 0
1997 0 0 0 0 0 0
1998 0 0 0 0 0 0
1999 0 0 0 0 0 0
2000 0 7 0 1 0 -2
2001 0 8 0 2 0 -1
2002 0 9 0 2 0 1
2003 0 10 0 2 0 1
2004 0 10 0 2 0 1
2005 0 4 0 1 2 0
2006 0 2 0 2 2 -1
2007 0 1 0 1 2 0
2008 0 0 0 2 2 0
2009 0 -2 0 0 2 1
2010 0 0 0 1 2 3
2011 0 -1 0 -2 2 2
2012 0 -3 0 -2 2 7
2013 0 -3 0 -11 1 17
2014 0 -5 0 -71 1 25
2015 0 -17 0 -13 0 28
2016 0 -28 0 -44 -1 22
2017 0 -41 0 -9 -1 17
2018 0 -36 0 -5 0 13
2019 0 -21 0 -4 0 11
2020 0 -12 0 -6 1 16
2021 0 0 0 0 1 5
2022 0 0 0 0 1 2
2023 0 0 0 0 0 0
Difference for: Central_Am
Year RUS+WAL EAL+BER GOA SEA+NBC SBC+WA OR+CA
1970 0 0 0 0 0 0
1971 0 0 0 0 0 0
1972 0 0 0 0 0 0
1973 0 0 0 0 0 0
1974 0 0 0 0 0 0
1975 0 0 0 0 0 0
1976 0 0 0 0 0 0
1977 0 0 0 0 0 0
1978 0 0 0 0 0 0
1979 0 0 0 0 0 0
1980 0 0 0 0 0 0
1981 0 0 0 0 0 0
1982 0 0 0 0 0 0
1983 0 0 0 0 0 0
1984 0 0 0 0 0 0
1985 0 0 0 0 0 0
1986 0 0 0 0 0 0
1987 0 0 0 0 0 0
1988 0 0 0 0 0 0
1989 0 0 0 0 0 0
1990 0 0 0 0 0 0
1991 0 0 0 0 0 0
1992 0 0 0 0 0 0
1993 0 0 0 0 0 0
1994 0 0 0 0 0 0
1995 0 0 0 0 0 0
1996 0 0 0 0 0 0
1997 0 0 0 0 0 0
1998 0 0 0 0 0 0
1999 0 0 0 0 0 0
2000 0 0 0 0 0 -1
2001 0 0 0 0 0 0
2002 0 0 0 0 0 0
2003 0 0 0 0 0 0
2004 0 0 0 0 0 1
2005 0 0 0 0 0 0
2006 0 0 0 0 0 0
2007 0 0 0 0 0 0
2008 0 0 0 0 0 0
2009 0 0 0 0 0 0
2010 0 0 0 0 0 1
2011 0 0 0 0 0 1
2012 0 0 0 0 0 3
2013 0 0 0 0 0 7
2014 0 0 0 0 0 11
2015 0 0 0 0 0 12
2016 0 0 0 0 0 9
2017 0 0 0 0 0 8
2018 0 0 0 0 0 6
2019 0 0 0 0 0 5
2020 0 0 0 0 0 7
2021 0 0 0 0 0 2
2022 0 0 0 0 0 1
2023 0 0 0 0 0 0

Total survival over time
Values for breeding stock: Asia
Year RUS+WAL EAL+BER GOA SEA+NBC SBC+WA OR+CA
1970 0.998 0.988 0 0 0 0
1971 1.277 1.273 0 0 0 0
1972 1.187 1.215 0 0 0 0
1973 1.175 1.174 0 0 0 0
1974 1.145 1.145 0 0 0 0
1975 1.124 1.124 0 0 0 0
1976 1.107 1.107 0 0 0 0
1977 1.094 1.094 0 0 0 0
1978 1.083 1.083 0 0 0 0
1979 1.074 1.073 0 0 0 0
1980 1.066 1.065 0 0 0 0
1981 1.085 1.084 0 0 0 0
1982 1.098 1.098 0 0 0 0
1983 1.105 1.106 0 0 0 0
1984 1.109 1.11 0 0 0 0
1985 1.11 1.111 0 0 0 0
1986 1.108 1.109 0 0 0 0
1987 1.105 1.106 0 0 0 0
1988 1.101 1.102 0 0 0 0
1989 1.096 1.098 0 0 0 0
1990 1.091 1.093 0 0 0 0
1991 1.089 1.091 0 0 0 0
1992 1.088 1.09 0 0 0 0
1993 1.088 1.09 0 0 0 0
1994 1.088 1.09 0 0 0 0
1995 1.088 1.091 0 0 0 0
1996 1.088 1.091 0 0 0 0
1997 1.087 1.09 0 0 0 0
1998 1.086 1.088 0 0 0 0
1999 1.084 1.087 0 0 0 0
2000 1.081 1.096 0 0 0 0
2001 1.079 1.092 0 0 0 0
2002 1.076 1.088 0 0 0 0
2003 1.074 1.085 0 0 0 0
2004 1.071 1.082 0 0 0 0
2005 1.069 1.07 0 0 0 0
2006 1.067 1.067 0 0 0 0
2007 1.064 1.063 0 0 0 0
2008 1.062 1.061 0 0 0 0
2009 1.059 1.056 0 0 0 0
2010 1.057 1.055 0 0 0 0
2011 1.054 1.053 0 0 0 0
2012 1.051 1.048 0 0 0 0
2013 1.041 1.039 0 0 0 0
2014 1.056 1.052 0 0 0 0
2015 1.01 0.998 0 0 0 0
2016 1.045 1.024 0 0 0 0
2017 1.043 1.015 0 0 0 0
2018 1.038 1.018 0 0 0 0
2019 1.042 1.036 0 0 0 0
2020 1.026 1.03 0 0 0 0
2021 1.023 1.035 0 0 0 0
2022 1.021 1.029 0 0 0 0
2023 1.019 1.024 0 0 0 0
Values for breeding stock: Hawaii
Year RUS+WAL EAL+BER GOA SEA+NBC SBC+WA OR+CA
1970 1.008 0.998 0.983 0.993 1.006 0
1971 1.287 1.283 1.289 1.282 1.29 0
1972 1.196 1.225 1.226 1.22 1.227 0
1973 1.183 1.183 1.184 1.179 1.185 0
1974 1.154 1.153 1.154 1.149 1.155 0
1975 1.132 1.131 1.132 1.128 1.133 0
1976 1.115 1.114 1.115 1.111 1.115 0
1977 1.101 1.101 1.102 1.098 1.102 0
1978 1.09 1.09 1.091 1.087 1.091 0
1979 1.081 1.081 1.082 1.078 1.082 0
1980 1.074 1.073 1.074 1.07 1.075 0
1981 1.093 1.092 1.093 1.09 1.093 0
1982 1.106 1.106 1.106 1.103 1.107 0
1983 1.114 1.114 1.114 1.111 1.116 0
1984 1.117 1.118 1.118 1.116 1.12 0
1985 1.118 1.119 1.119 1.117 1.121 0
1986 1.116 1.117 1.117 1.115 1.12 0
1987 1.113 1.114 1.114 1.111 1.116 0
1988 1.108 1.11 1.109 1.108 1.113 0
1989 1.104 1.105 1.105 1.105 1.108 0
1990 1.099 1.1 1.1 1.1 1.103 0
1991 1.096 1.098 1.098 1.097 1.101 0
1992 1.096 1.097 1.097 1.097 1.101 0
1993 1.096 1.098 1.097 1.098 1.101 0
1994 1.096 1.098 1.098 1.098 1.102 0
1995 1.096 1.098 1.098 1.099 1.103 0
1996 1.096 1.098 1.098 1.098 1.104 0
1997 1.095 1.098 1.097 1.098 1.105 0
1998 1.094 1.096 1.096 1.097 1.104 0
1999 1.092 1.094 1.094 1.095 1.102 0
2000 1.089 1.104 1.092 1.105 1.1 0
2001 1.087 1.1 1.089 1.102 1.099 0
2002 1.084 1.096 1.087 1.1 1.098 0
2003 1.082 1.094 1.085 1.095 1.097 0
2004 1.08 1.09 1.082 1.094 1.095 0
2005 1.078 1.079 1.08 1.085 1.093 0
2006 1.075 1.075 1.078 1.085 1.093 0
2007 1.073 1.072 1.074 1.076 1.098 0
2008 1.071 1.07 1.073 1.083 1.081 0
2009 1.069 1.066 1.071 1.068 1.093 0
2010 1.066 1.064 1.069 1.069 1.084 0
2011 1.064 1.062 1.065 1.055 1.079 0
2012 1.061 1.058 1.061 1.058 1.086 0
2013 1.058 1.056 1.06 1.017 1.083 0
2014 1.056 1.052 1.054 0.772 1.074 0
2015 1.053 1.04 1.051 1.036 1.069 0
2016 1.053 1.031 1.051 0.855 1.068 0
2017 1.05 1.022 1.049 1.086 1.064 0
2018 1.047 1.027 1.045 1.089 1.051 0
2019 1.044 1.039 1.041 1.089 1.064 0
2020 1.041 1.045 1.04 1.071 1.054 0
2021 1.039 1.05 1.036 1.101 1.059 0
2022 1.037 1.046 1.035 1.091 1.058 0
2023 1.036 1.041 1.03 1.08 1.049 0
Values for breeding stock: MX_AR
Year RUS+WAL EAL+BER GOA SEA+NBC SBC+WA OR+CA
1970 1.008 0.998 0.983 0.993 1.006 0.96
1971 1.287 1.283 1.289 1.282 1.29 1.283
1972 1.196 1.225 1.226 1.22 1.227 1.22
1973 1.183 1.183 1.184 1.179 1.185 1.178
1974 1.154 1.153 1.154 1.149 1.155 1.146
1975 1.132 1.131 1.132 1.128 1.133 1.124
1976 1.115 1.114 1.115 1.111 1.115 1.107
1977 1.101 1.101 1.102 1.098 1.102 1.093
1978 1.091 1.09 1.091 1.087 1.091 1.082
1979 1.082 1.081 1.082 1.078 1.082 1.073
1980 1.074 1.073 1.074 1.07 1.075 1.065
1981 1.093 1.093 1.093 1.09 1.093 1.084
1982 1.106 1.106 1.106 1.103 1.107 1.098
1983 1.114 1.114 1.114 1.112 1.116 1.107
1984 1.117 1.118 1.118 1.116 1.12 1.113
1985 1.118 1.119 1.119 1.117 1.121 1.114
1986 1.116 1.117 1.117 1.115 1.12 1.113
1987 1.113 1.114 1.114 1.111 1.116 1.11
1988 1.109 1.11 1.109 1.108 1.113 1.106
1989 1.104 1.105 1.105 1.105 1.108 1.103
1990 1.099 1.1 1.1 1.1 1.103 1.1
1991 1.096 1.098 1.098 1.097 1.101 1.096
1992 1.096 1.097 1.097 1.097 1.101 1.096
1993 1.096 1.098 1.097 1.098 1.101 1.097
1994 1.096 1.098 1.098 1.098 1.102 1.099
1995 1.096 1.098 1.098 1.099 1.103 1.1
1996 1.096 1.098 1.098 1.098 1.104 1.102
1997 1.095 1.098 1.097 1.098 1.105 1.102
1998 1.094 1.096 1.096 1.097 1.104 1.102
1999 1.092 1.094 1.094 1.095 1.102 1.101
2000 1.089 1.104 1.092 1.105 1.1 1.1
2001 1.087 1.1 1.089 1.102 1.099 1.1
2002 1.084 1.096 1.087 1.1 1.098 1.101
2003 1.082 1.094 1.085 1.095 1.097 1.099
2004 1.08 1.09 1.082 1.094 1.095 1.099
2005 1.078 1.079 1.08 1.085 1.093 1.095
2006 1.075 1.075 1.078 1.085 1.093 1.094
2007 1.073 1.072 1.074 1.076 1.098 1.098
2008 1.071 1.07 1.073 1.083 1.081 1.102
2009 1.069 1.066 1.071 1.068 1.093 1.102
2010 1.066 1.064 1.069 1.069 1.084 1.096
2011 1.064 1.062 1.065 1.055 1.079 1.1
2012 1.061 1.058 1.061 1.058 1.086 1.103
2013 1.058 1.056 1.06 1.017 1.083 1.107
2014 1.056 1.052 1.054 0.772 1.074 1.097
2015 1.053 1.04 1.051 1.036 1.069 1.08
2016 1.053 1.031 1.051 0.855 1.068 1.065
2017 1.05 1.022 1.049 1.086 1.064 1.086
2018 1.047 1.027 1.045 1.089 1.051 1.072
2019 1.044 1.039 1.041 1.089 1.064 1.083
2020 1.041 1.045 1.04 1.071 1.054 1.09
2021 1.039 1.05 1.036 1.101 1.059 1.079
2022 1.037 1.046 1.035 1.091 1.058 1.079
2023 1.036 1.041 1.03 1.08 1.049 1.077
Values for breeding stock: MX_ML
Year RUS+WAL EAL+BER GOA SEA+NBC SBC+WA OR+CA
1970 1.002 0.992 0.978 0.988 1 0.955
1971 1.281 1.277 1.283 1.275 1.284 1.276
1972 1.191 1.219 1.221 1.215 1.221 1.214
1973 1.179 1.178 1.179 1.174 1.18 1.173
1974 1.149 1.149 1.15 1.145 1.151 1.141
1975 1.127 1.127 1.128 1.123 1.129 1.119
1976 1.111 1.11 1.111 1.107 1.111 1.103
1977 1.097 1.097 1.098 1.094 1.098 1.089
1978 1.087 1.086 1.087 1.083 1.087 1.079
1979 1.078 1.077 1.078 1.074 1.078 1.069
1980 1.07 1.07 1.07 1.067 1.071 1.061
1981 1.089 1.089 1.089 1.086 1.089 1.081
1982 1.102 1.102 1.102 1.099 1.103 1.095
1983 1.11 1.11 1.111 1.108 1.112 1.103
1984 1.114 1.114 1.114 1.112 1.116 1.109
1985 1.114 1.115 1.115 1.113 1.117 1.11
1986 1.113 1.114 1.113 1.112 1.116 1.109
1987 1.109 1.111 1.11 1.108 1.113 1.107
1988 1.105 1.107 1.106 1.105 1.109 1.103
1989 1.1 1.102 1.101 1.102 1.105 1.1
1990 1.096 1.097 1.097 1.097 1.1 1.097
1991 1.093 1.095 1.094 1.094 1.098 1.093
1992 1.093 1.094 1.094 1.094 1.098 1.093
1993 1.093 1.095 1.094 1.095 1.098 1.094
1994 1.093 1.095 1.095 1.095 1.099 1.096
1995 1.093 1.096 1.095 1.096 1.1 1.098
1996 1.093 1.096 1.095 1.095 1.101 1.099
1997 1.092 1.095 1.094 1.095 1.102 1.1
1998 1.091 1.093 1.093 1.094 1.101 1.099
1999 1.089 1.092 1.092 1.092 1.099 1.098
2000 1.087 1.101 1.089 1.102 1.097 1.097
2001 1.084 1.097 1.087 1.1 1.097 1.097
2002 1.082 1.094 1.084 1.098 1.096 1.098
2003 1.08 1.091 1.082 1.093 1.094 1.096
2004 1.077 1.088 1.08 1.091 1.092 1.097
2005 1.075 1.076 1.077 1.082 1.09 1.093
2006 1.073 1.073 1.076 1.083 1.091 1.092
2007 1.071 1.07 1.071 1.074 1.095 1.095
2008 1.069 1.067 1.071 1.081 1.079 1.099
2009 1.066 1.063 1.068 1.066 1.091 1.099
2010 1.064 1.062 1.067 1.067 1.082 1.094
2011 1.061 1.06 1.063 1.052 1.076 1.097
2012 1.058 1.056 1.058 1.056 1.084 1.1
2013 1.056 1.054 1.057 1.015 1.08 1.105
2014 1.053 1.049 1.052 0.771 1.072 1.094
2015 1.05 1.038 1.049 1.033 1.066 1.077
2016 1.05 1.029 1.048 0.853 1.065 1.062
2017 1.047 1.02 1.046 1.084 1.061 1.084
2018 1.044 1.025 1.043 1.087 1.048 1.07
2019 1.042 1.036 1.039 1.087 1.062 1.08
2020 1.037 1.041 1.036 1.067 1.05 1.086
2021 1.037 1.048 1.034 1.099 1.057 1.077
2022 1.036 1.044 1.033 1.09 1.057 1.077
2023 1.033 1.039 1.027 1.077 1.046 1.074
Values for breeding stock: Central_Am
Year RUS+WAL EAL+BER GOA SEA+NBC SBC+WA OR+CA
1970 0 0 0 0 0.999 0.953
1971 0 0 0 0 1.283 1.275
1972 0 0 0 0 1.221 1.214
1973 0 0 0 0 1.178 1.171
1974 0 0 0 0 1.149 1.139
1975 0 0 0 0 1.128 1.118
1976 0 0 0 0 1.11 1.102
1977 0 0 0 0 1.097 1.089
1978 0 0 0 0 1.085 1.077
1979 0 0 0 0 1.077 1.068
1980 0 0 0 0 1.07 1.06
1981 0 0 0 0 1.089 1.08
1982 0 0 0 0 1.102 1.093
1983 0 0 0 0 1.111 1.102
1984 0 0 0 0 1.115 1.108
1985 0 0 0 0 1.116 1.109
1986 0 0 0 0 1.115 1.108
1987 0 0 0 0 1.112 1.106
1988 0 0 0 0 1.108 1.102
1989 0 0 0 0 1.104 1.099
1990 0 0 0 0 1.099 1.096
1991 0 0 0 0 1.097 1.092
1992 0 0 0 0 1.097 1.092
1993 0 0 0 0 1.097 1.093
1994 0 0 0 0 1.099 1.096
1995 0 0 0 0 1.099 1.097
1996 0 0 0 0 1.1 1.098
1997 0 0 0 0 1.101 1.099
1998 0 0 0 0 1.1 1.099
1999 0 0 0 0 1.098 1.097
2000 0 0 0 0 1.096 1.096
2001 0 0 0 0 1.096 1.096
2002 0 0 0 0 1.095 1.098
2003 0 0 0 0 1.093 1.096
2004 0 0 0 0 1.092 1.096
2005 0 0 0 0 1.09 1.092
2006 0 0 0 0 1.09 1.091
2007 0 0 0 0 1.095 1.095
2008 0 0 0 0 1.079 1.099
2009 0 0 0 0 1.09 1.099
2010 0 0 0 0 1.081 1.094
2011 0 0 0 0 1.076 1.097
2012 0 0 0 0 1.083 1.1
2013 0 0 0 0 1.08 1.105
2014 0 0 0 0 1.072 1.095
2015 0 0 0 0 1.067 1.078
2016 0 0 0 0 1.066 1.063
2017 0 0 0 0 1.061 1.084
2018 0 0 0 0 1.048 1.07
2019 0 0 0 0 1.063 1.081
2020 0 0 0 0 1.051 1.087
2021 0 0 0 0 1.056 1.076
2022 0 0 0 0 1.056 1.077
2023 0 0 0 0 1.046 1.075

Numbers over time by herd
Values for breeding stock: Asia
Year RUS+WAL EAL+BER GOA SEA+NBC SBC+WA OR+CA
1970 79 10 0 0 0 0
1971 100 13 0 0 0 0
1972 114 15 0 0 0 0
1973 129 17 0 0 0 0
1974 143 19 0 0 0 0
1975 156 21 0 0 0 0
1976 169 22 0 0 0 0
1977 180 24 0 0 0 0
1978 191 25 0 0 0 0
1979 201 26 0 0 0 0
1980 210 28 0 0 0 0
1981 224 29 0 0 0 0
1982 241 32 0 0 0 0
1983 260 34 0 0 0 0
1984 282 37 0 0 0 0
1985 306 40 0 0 0 0
1986 331 44 0 0 0 0
1987 357 47 0 0 0 0
1988 384 51 0 0 0 0
1989 412 54 0 0 0 0
1990 440 58 0 0 0 0
1991 468 62 0 0 0 0
1992 499 66 0 0 0 0
1993 532 71 0 0 0 0
1994 567 75 0 0 0 0
1995 604 80 0 0 0 0
1996 644 86 0 0 0 0
1997 685 92 0 0 0 0
1998 729 98 0 0 0 0
1999 774 104 0 0 0 0
2000 820 110 0 0 0 0
2001 867 118 0 0 0 0
2002 915 127 0 0 0 0
2003 964 136 0 0 0 0
2004 1014 145 0 0 0 0
2005 1064 154 0 0 0 0
2006 1114 162 0 0 0 0
2007 1165 169 0 0 0 0
2008 1215 176 0 0 0 0
2009 1265 183 0 0 0 0
2010 1314 190 0 0 0 0
2011 1362 197 0 0 0 0
2012 1408 203 0 0 0 0
2013 1442 207 0 0 0 0
2014 1499 215 0 0 0 0
2015 1491 213 0 0 0 0
2016 1536 216 0 0 0 0
2017 1578 216 0 0 0 0
2018 1614 215 0 0 0 0
2019 1658 216 0 0 0 0
2020 1679 217 0 0 0 0
2021 1696 219 0 0 0 0
2022 1710 222 0 0 0 0
2023 1720 224 0 0 0 0
Values for breeding stock: Hawaii
Year RUS+WAL EAL+BER GOA SEA+NBC SBC+WA OR+CA
1970 16 121 74 432 15 0
1971 21 154 95 549 20 0
1972 24 181 111 642 23 0
1973 27 206 127 729 26 0
1974 30 230 142 811 30 0
1975 34 253 156 889 33 0
1976 36 275 170 962 35 0
1977 39 295 183 1031 38 0
1978 42 315 195 1096 41 0
1979 44 334 207 1158 43 0
1980 47 351 218 1216 45 0
1981 50 377 234 1301 49 0
1982 54 409 253 1406 53 0
1983 59 445 276 1528 58 0
1984 65 486 301 1665 63 0
1985 71 531 329 1815 69 0
1986 77 579 359 1975 75 0
1987 84 630 390 2143 82 0
1988 90 683 423 2319 89 0
1989 98 738 456 2504 96 0
1990 105 794 491 2692 104 0
1991 113 853 527 2890 112 0
1992 121 916 566 3102 121 0
1993 130 985 608 3334 130 0
1994 139 1059 653 3583 140 0
1995 149 1138 702 3853 151 0
1996 160 1224 755 4141 163 0
1997 172 1315 811 4450 176 0
1998 184 1411 870 4776 190 0
1999 197 1513 932 5119 205 0
2000 210 1619 997 5482 220 0
2001 224 1752 1064 5932 237 0
2002 238 1890 1133 6424 254 0
2003 253 2036 1205 6941 273 0
2004 268 2188 1279 7471 293 0
2005 283 2345 1355 8036 312 0
2006 299 2484 1434 8565 335 0
2007 315 2622 1511 9137 361 0
2008 332 2758 1592 9651 383 0
2009 348 2894 1674 10279 412 0
2010 365 3024 1759 10762 439 0
2011 382 3160 1841 11320 465 0
2012 399 3294 1921 11714 496 0
2013 415 3422 2002 12130 528 0
2014 432 3546 2076 12009 557 1
2015 447 3658 2149 9062 586 0
2016 464 3731 2225 8958 616 0
2017 480 3771 2299 7328 643 0
2018 495 3778 2368 7389 663 0
2019 510 3803 2432 7656 692 0
2020 523 3876 2497 7996 717 0
2021 537 3971 2552 8204 746 0
2022 549 4093 2607 8756 778 0
2023 562 4203 2653 9261 803 0
Values for breeding stock: MX_AR
Year RUS+WAL EAL+BER GOA SEA+NBC SBC+WA OR+CA
1970 12 77 33 12 4 9
1971 15 99 43 15 5 11
1972 18 116 50 18 5 13
1973 20 132 57 20 6 15
1974 23 147 64 22 7 17
1975 25 162 71 24 8 18
1976 27 176 77 26 8 20
1977 29 189 83 28 9 21
1978 31 201 88 30 10 22
1979 33 213 93 32 10 23
1980 35 225 98 33 11 24
1981 37 241 106 36 12 26
1982 40 261 114 38 12 28
1983 44 285 125 42 14 30
1984 48 311 136 46 15 33
1985 52 339 149 50 16 36
1986 57 370 162 54 18 39
1987 62 403 176 59 19 42
1988 67 437 191 64 21 45
1989 72 472 206 69 23 49
1990 78 508 222 74 25 52
1991 83 546 238 79 26 56
1992 89 586 256 85 29 60
1993 96 630 275 91 31 64
1994 103 677 296 98 33 69
1995 110 728 318 106 36 74
1996 119 783 341 113 39 80
1997 127 842 367 122 42 86
1998 136 903 394 131 45 93
1999 146 968 422 140 48 100
2000 155 1036 451 150 52 108
2001 166 1121 481 163 56 116
2002 176 1209 513 176 60 124
2003 187 1303 545 190 65 133
2004 198 1400 579 205 69 143
2005 210 1501 613 220 74 154
2006 221 1589 649 235 79 165
2007 233 1678 684 250 85 177
2008 245 1765 720 264 91 190
2009 258 1852 757 282 97 205
2010 270 1935 796 295 104 220
2011 282 2022 833 310 110 237
2012 295 2108 869 321 117 255
2013 307 2190 906 332 125 275
2014 319 2270 940 329 132 296
2015 331 2341 973 248 139 314
2016 343 2388 1007 246 146 330
2017 355 2414 1040 201 152 353
2018 366 2418 1072 203 157 373
2019 377 2434 1101 210 164 397
2020 387 2481 1130 219 170 424
2021 397 2542 1155 225 177 451
2022 407 2620 1180 240 184 477
2023 416 2690 1201 254 190 504
Values for breeding stock: MX_ML
Year RUS+WAL EAL+BER GOA SEA+NBC SBC+WA OR+CA
1970 5 59 15 11 19 82
1971 6 75 19 14 24 104
1972 7 87 22 16 28 121
1973 8 99 25 18 32 137
1974 9 110 28 20 35 151
1975 10 121 31 22 39 164
1976 11 130 33 24 42 176
1977 12 140 36 26 45 188
1978 12 149 38 27 48 198
1979 13 157 40 28 51 207
1980 14 165 42 30 53 216
1981 15 176 45 32 57 229
1982 16 190 49 34 62 245
1983 17 206 53 37 67 265
1984 19 225 57 40 73 286
1985 21 244 63 44 79 310
1986 22 266 68 47 86 336
1987 24 288 74 51 94 363
1988 26 312 80 55 102 390
1989 28 336 86 60 110 419
1990 30 360 92 64 118 449
1991 32 386 98 68 127 480
1992 34 413 105 73 136 513
1993 37 443 113 79 146 549
1994 40 475 121 84 157 588
1995 42 510 130 90 169 631
1996 45 547 139 97 182 678
1997 48 586 149 104 196 729
1998 52 627 160 111 211 783
1999 55 670 171 119 227 840
2000 59 716 182 127 244 902
2001 62 773 194 137 261 965
2002 66 832 206 148 280 1034
2003 70 894 218 160 300 1108
2004 74 959 231 171 321 1188
2005 78 1025 245 184 341 1272
2006 83 1083 258 196 365 1359
2007 87 1141 271 208 393 1454
2008 91 1198 285 219 417 1564
2009 95 1254 299 233 447 1681
2010 100 1308 314 244 474 1797
2011 104 1363 328 256 502 1932
2012 109 1418 341 264 534 2075
2013 113 1470 355 273 567 2238
2014 117 1520 367 269 598 2398
2015 121 1564 379 203 627 2541
2016 125 1591 392 200 657 2665
2017 129 1604 404 163 684 2845
2018 133 1604 415 164 704 2996
2019 137 1611 425 170 734 3181
2020 140 1636 435 177 757 3385
2021 143 1673 444 181 787 3591
2022 146 1722 453 193 819 3796
2023 149 1764 460 203 843 4002
Values for breeding stock: Central_Am
Year RUS+WAL EAL+BER GOA SEA+NBC SBC+WA OR+CA
1970 0 0 0 0 4 37
1971 0 0 0 0 5 46
1972 0 0 0 0 6 54
1973 0 0 0 0 7 61
1974 0 0 0 0 7 67
1975 0 0 0 0 8 73
1976 0 0 0 0 9 78
1977 0 0 0 0 9 83
1978 0 0 0 0 10 88
1979 0 0 0 0 10 92
1980 0 0 0 0 11 95
1981 0 0 0 0 12 101
1982 0 0 0 0 13 108
1983 0 0 0 0 14 116
1984 0 0 0 0 15 126
1985 0 0 0 0 16 136
1986 0 0 0 0 18 147
1987 0 0 0 0 19 159
1988 0 0 0 0 21 171
1989 0 0 0 0 22 183
1990 0 0 0 0 24 196
1991 0 0 0 0 26 210
1992 0 0 0 0 28 224
1993 0 0 0 0 30 239
1994 0 0 0 0 32 256
1995 0 0 0 0 34 275
1996 0 0 0 0 37 295
1997 0 0 0 0 40 317
1998 0 0 0 0 43 340
1999 0 0 0 0 46 364
2000 0 0 0 0 49 391
2001 0 0 0 0 53 418
2002 0 0 0 0 57 448
2003 0 0 0 0 61 480
2004 0 0 0 0 65 514
2005 0 0 0 0 69 550
2006 0 0 0 0 74 587
2007 0 0 0 0 79 628
2008 0 0 0 0 84 675
2009 0 0 0 0 90 725
2010 0 0 0 0 96 775
2011 0 0 0 0 101 833
2012 0 0 0 0 108 895
2013 0 0 0 0 114 965
2014 0 0 0 0 120 1034
2015 0 0 0 0 126 1096
2016 0 0 0 0 132 1150
2017 0 0 0 0 138 1228
2018 0 0 0 0 142 1292
2019 0 0 0 0 148 1374
2020 0 0 0 0 153 1463
2021 0 0 0 0 159 1550
2022 0 0 0 0 165 1638
2023 0 0 0 0 170 1727

Catch numbers by breeding stock
Year Asia Hawaii MX_AR MX_ML Central_Am
1970 0.9 0 0 1.1 0.3
1971 0.9 0 0 1.2 0.3
1972 1 0 0 1.3 0.3
1973 1.1 0 0 1.3 0.4
1974 1.2 0.1 0 1.4 0.4
1975 1.2 0.1 0 1.5 0.4
1976 1.3 0.1 0 1.6 0.4
1977 1.4 0.1 0 1.6 0.4
1978 1.5 0.1 0 1.7 0.5
1979 1.6 0.1 0 1.8 0.5
1980 1.8 0.1 0 1.9 0.5
1981 1.9 0.1 0 2 0.5
1982 2 0.1 0 2.1 0.6
1983 2.2 0.1 0 2.2 0.6
1984 2.3 0.1 0 2.4 0.6
1985 2.5 0.1 0 2.5 0.7
1986 2.6 0.1 0 2.6 0.7
1987 2.8 0.1 0 2.8 0.7
1988 3 0.1 0 2.9 0.8
1989 3.2 0.1 0 3.1 0.8
1990 3.5 0.2 0 3.2 0.8
1991 3.7 0.2 0 3.4 0.9
1992 4 0.2 0 3.6 0.9
1993 4.3 0.2 0 3.8 1
1994 4.6 0.2 0 4 1
1995 4.9 0.2 0 4.2 1.1
1996 5.2 0.2 0 4.4 1.1
1997 5.6 0.2 0 4.7 1.2
1998 6 0.2 0 4.9 1.2
1999 6.4 0.2 0 5.2 1.3
2000 6.9 0.3 0 5.5 1.4
2001 7.3 0.3 0 5.8 1.4
2002 7.9 0 0 5.8 1.5
2003 8.4 0 0 5.8 1.6
2004 9 0 0 6.7 1.7
2005 9.6 0 0 8.1 1.8
2006 10.3 1 0 6.8 1.8
2007 11.1 0 0 7.7 1.9
2008 11.8 0 0 7.9 2
2009 12.7 0 0 9 2.1
2010 13.6 0 0 9.3 2.2
2011 14.5 0.8 0 10.6 2.4
2012 15.5 0 0 10.9 2.5
2013 28 0 0 10.8 2.6
2014 0 5 0 13 2.7
2015 72 0 0 14.2 2.9
2016 12 0.1 0 14.2 3
2017 12 0.1 0 13.4 3.2
2018 16 0.1 0 13.4 3.3
2019 4 0.4 0 13.4 1.7
2020 26.8 0.4 0 23.8 5
2021 28.6 0.4 0 12.8 4.7
2022 30.7 0.4 0 10.5 3.7
2023 32.8 0.4 0 18.4 4.2

Catch numbers by feeding ground
Year RUS+WAL EAL+BER GOA SEA+NBC SBC+WA OR+CA
1970 0 2.7 3.1 6.8 0.1 6.4
1971 0 1.8 0.1 4 0.1 1.5
1972 4 0.8 0.1 4.1 0.1 1.6
1973 0 0.8 0.1 4.3 0.1 1.7
1974 0 0.8 0.1 4.5 0.1 2.5
1975 0 0.8 0.2 4.7 0.1 2.7
1976 0 0.8 0.2 4.9 0.2 2.9
1977 0 0.8 0.2 5.2 0.2 3.1
1978 0 0.8 0.2 5.4 0.2 3.3
1979 0 1 0.2 5.6 0.2 3.5
1980 0 1 0.2 5.9 0.2 3.9
1981 0 1 0.3 6.1 0.3 4.2
1982 0 1 0.4 6.5 0.3 4.5
1983 0 1 0.4 6.7 0.3 4.8
1984 0 1 0.5 7.1 0.4 4.6
1985 0 1 0.5 6.7 0.4 5
1986 0 1 0.7 7.8 0.4 5.4
1987 0 1 0.7 10 0.5 5.8
1988 0 1.1 0.8 8.5 0.5 6.3
1989 0 0.9 0.8 6.1 0.6 6.1
1990 0 1 0.8 7.4 0.7 5.8
1991 0 1 0.9 8.2 0.7 7.6
1992 0 1.1 0.9 9.8 0.8 8.3
1993 0 1.1 1 7.1 0.9 8.6
1994 0 1.2 1 9.3 1 8.8
1995 0 1.2 1 9.3 1.1 9.6
1996 0 1.2 1.1 12.7 1.2 9.9
1997 0 1.2 1.3 12.7 0.9 10.7
1998 0 3 1.4 14.7 1.2 12
1999 0 2.6 1.4 17.4 1.7 13.5
2000 0 1.2 1.5 14.1 1.5 11.6
2001 0 1.2 1.8 16.4 1.7 13.4
2002 0 2.4 1.9 13.8 1.9 13.7
2003 0 1.4 2 18.9 2.3 16
2004 0 1.4 2.3 22 2.5 15.9
2005 0 1.6 2.3 23.3 5.8 20.1
2006 0 1.6 2.4 22.7 5.3 22.1
2007 0 0.1 7.3 18.4 0 18.1
2008 0 0.1 4.3 19.7 12.4 8.8
2009 0 0.1 4.3 24.1 0 9.8
2010 0 6.1 0.8 44.5 7 24.5
2011 0 3.1 4 28.4 11 11.9
2012 0 4.1 8.8 11.6 0 10
2013 0 0.1 4 31.6 0 4.7
2014 0 0.1 11.8 43.7 7 45.2
2015 0 4.1 12 51 9.1 103.4
2016 0 4.1 4.8 34.8 7.1 150.3
2017 0 4.1 2.1 16.3 11.1 60.3
2018 0 1.1 4 26.6 30.1 111.1
2019 0 4.1 6 27.3 9.1 61
2020 0 1.1 0 24 23 31.2
2021 0 2.2 7 33.7 13 62.4
2022 0 4.3 0.8 22.3 8 56
2023 0 3.6 9.1 40.1 19.2 59.7
