Stock structure: B2F1; Model type = BC
Mortality impacts feeding grounds
Recruitment related to unfished
Staying rate: 0
Age-at-matrity: 8
Base adult survival: 0
Sigma for survival devs: 
Additional variance estimated
Weight for mark-recapture proportions: 1
Weight for genetics proportions: 1


Total objective fn: 690.242069064937
Negative log-likelihood fn: 603.606459029831

Natural Survival by feeding ground
RUS+WAL,EAL+BER,GOA,SEA+NBC,SBC+WA,OR+CA
1970 0.9566917 0.957074 0.9564968 0.9555079 0.9589179 0.9595521
1971 0.9567191 0.957098 0.9565128 0.9555492 0.9589235 0.9595583
1972 0.9560447 0.9564202 0.9556938 0.9545279 0.9586705 0.9594588
1973 0.9553502 0.9557804 0.9549206 0.9535735 0.9584302 0.9593657
1974 0.9547011 0.955178 0.9541928 0.9526849 0.9582022 0.9592807
1975 0.9540944 0.9546119 0.9535115 0.9518605 0.957986 0.959202
1976 0.9535306 0.9540812 0.9528741 0.9510985 0.9577833 0.9591291
1977 0.9530084 0.9535848 0.9522794 0.9503976 0.9575916 0.9590618
1978 0.9525266 0.9531219 0.9517263 0.9497553 0.9574107 0.9590002
1979 0.9520836 0.9526928 0.9512136 0.9491694 0.9572402 0.9589437
1980 0.9516801 0.952295 0.9507398 0.9486379 0.9570796 0.9588928
1981 0.9513117 0.9519269 0.9503052 0.948157 0.9569304 0.9588465
1982 0.9507851 0.951409 0.9496948 0.9474658 0.9567219 0.9587792
1983 0.9501255 0.9507618 0.9489323 0.9465972 0.9564605 0.9586933
1984 0.9493532 0.9500049 0.9480442 0.9455845 0.9561548 0.95859
1985 0.9484908 0.9491569 0.9470522 0.944454 0.9558088 0.9584736
1986 0.9475563 0.9482355 0.9459823 0.9432425 0.9554277 0.9583457
1987 0.9465701 0.947258 0.9448527 0.9419837 0.9550192 0.9582085
1988 0.9455497 0.9462412 0.9436852 0.9406825 0.9545863 0.9580642
1989 0.9445114 0.9451982 0.9424968 0.9393564 0.9541359 0.9579122
1990 0.943472 0.9441452 0.941305 0.9380465 0.9536724 0.9577532
1991 0.9424427 0.9430944 0.9401271 0.9367681 0.9531983 0.9575954
1992 0.9413931 0.9420156 0.9389251 0.9354838 0.9527017 0.9574304
1993 0.9402996 0.9408854 0.9376752 0.9341402 0.9521722 0.9572529
1994 0.9391468 0.9396892 0.9363587 0.9327457 0.9516011 0.9570593
1995 0.9379262 0.9384179 0.9349673 0.93128 0.9509827 0.9568491
1996 0.9366358 0.9370693 0.9335015 0.9297614 0.9503131 0.9566188
1997 0.935281 0.9356468 0.9319684 0.9281787 0.9495824 0.9563689
1998 0.9338698 0.9341709 0.9303763 0.9265551 0.9488024 0.9561002
1999 0.932414 0.932638 0.928738 0.9249114 0.9479796 0.9558135
2000 0.93093 0.9310557 0.9270729 0.9232352 0.9471031 0.9554988
2001 0.9294323 0.92945 0.9254037 0.9215775 0.9461851 0.9551675
2002 0.9279326 0.9278376 0.923736 0.9199213 0.9452263 0.9548142
2003 0.9264325 0.9262073 0.9220748 0.9183127 0.9442304 0.9544438
2004 0.9249343 0.924569 0.9204252 0.9167404 0.9431935 0.9540482
2005 0.9234373 0.9229252 0.9187818 0.9151928 0.9421784 0.9536387
2006 0.9219412 0.9212695 0.9171444 0.91366 0.9411008 0.9532033
2007 0.9204482 0.9195949 0.9155959 0.9121158 0.9398632 0.9527239
2008 0.9189582 0.9179145 0.9140005 0.9105946 0.9388234 0.9521801
2009 0.9174792 0.9162352 0.9124165 0.9091163 0.937484 0.9516006
2010 0.9160165 0.9146037 0.9107891 0.9077696 0.9362331 0.9510249
2011 0.9145789 0.9129701 0.9092467 0.9063712 0.9350205 0.9503723
2012 0.9131746 0.9113667 0.9078194 0.9049225 0.9335439 0.9496704
2013 0.9120177 0.9097773 0.9063484 0.9036258 0.9320249 0.9489069
2014 0.9103837 0.9082142 0.9050695 0.9024592 0.9306195 0.9482215
2015 0.9100779 0.906775 0.9038295 0.9013601 0.9292247 0.9476783
2016 0.9087045 0.9053309 0.9025134 0.9002253 0.9277643 0.9472448
2017 0.9073675 0.9039326 0.901202 0.8990454 0.9263598 0.9465101
2018 0.9061382 0.9025654 0.8999754 0.8979712 0.9253156 0.9458881
2019 0.9047305 0.9012586 0.8988339 0.8969503 0.9238371 0.9450734
2020 0.903776 0.9000172 0.8976492 0.8959619 0.9226518 0.9441479
2021 0.9028784 0.8988149 0.8966254 0.8950679 0.9212325 0.9432496
2022 0.9020473 0.8976751 0.8955434 0.8941598 0.9197019 0.942279
2023 0.9012865 0.8965964 0.8946601 0.8933907 0.9184101 0.9412857

Naturak Survival by breeding stock
RUS+WAL,EAL+BER,GOA,SEA+NBC,SBC+WA,OR+CA
1970 0.96 0.96 0.96 0.96 0.96
1971 0.96 0.96 0.96 0.96 0.96
1972 0.96 0.96 0.96 0.96 0.96
1973 0.96 0.96 0.96 0.96 0.96
1974 0.96 0.96 0.96 0.96 0.96
1975 0.96 0.96 0.96 0.96 0.96
1976 0.96 0.96 0.96 0.96 0.96
1977 0.96 0.96 0.96 0.96 0.96
1978 0.96 0.96 0.96 0.96 0.96
1979 0.96 0.96 0.96 0.96 0.96
1980 0.96 0.96 0.96 0.96 0.96
1981 0.96 0.96 0.96 0.96 0.96
1982 0.96 0.96 0.96 0.96 0.96
1983 0.96 0.96 0.96 0.96 0.96
1984 0.96 0.96 0.96 0.96 0.96
1985 0.96 0.96 0.96 0.96 0.96
1986 0.96 0.96 0.96 0.96 0.96
1987 0.96 0.96 0.96 0.96 0.96
1988 0.96 0.96 0.96 0.96 0.96
1989 0.96 0.96 0.96 0.96 0.96
1990 0.96 0.96 0.96 0.96 0.96
1991 0.96 0.96 0.96 0.96 0.96
1992 0.96 0.96 0.96 0.96 0.96
1993 0.96 0.96 0.96 0.96 0.96
1994 0.96 0.96 0.96 0.96 0.96
1995 0.96 0.96 0.96 0.96 0.96
1996 0.96 0.96 0.96 0.96 0.96
1997 0.96 0.96 0.96 0.96 0.96
1998 0.96 0.96 0.96 0.96 0.96
1999 0.96 0.96 0.96 0.96 0.96
2000 0.96 0.96 0.96 0.96 0.96
2001 0.96 0.96 0.96 0.96 0.96
2002 0.96 0.96 0.96 0.96 0.96
2003 0.96 0.96 0.96 0.96 0.96
2004 0.96 0.96 0.96 0.96 0.96
2005 0.96 0.96 0.96 0.96 0.96
2006 0.96 0.96 0.96 0.96 0.96
2007 0.96 0.96 0.96 0.96 0.96
2008 0.96 0.96 0.96 0.96 0.96
2009 0.96 0.96 0.96 0.96 0.96
2010 0.96 0.96 0.96 0.96 0.96
2011 0.96 0.96 0.96 0.96 0.96
2012 0.96 0.96 0.96 0.96 0.96
2013 0.96 0.96 0.96 0.96 0.96
2014 0.96 0.96 0.96 0.96 0.96
2015 0.96 0.96 0.96 0.96 0.96
2016 0.96 0.96 0.96 0.96 0.96
2017 0.96 0.96 0.96 0.96 0.96
2018 0.96 0.96 0.96 0.96 0.96
2019 0.96 0.96 0.96 0.96 0.96
2020 0.96 0.96 0.96 0.96 0.96
2021 0.96 0.96 0.96 0.96 0.96
2022 0.96 0.96 0.96 0.96 0.96
2023 0.96 0.96 0.96 0.96 0.96

Fecundity by feeding ground
RUS+WAL,EAL+BER,GOA,SEA+NBC,SBC+WA,OR+CA
1970 0.9719465 0.9722505 0.9717914 0.9710045 0.9737163 0.9742203
1971 0.9719682 0.9722696 0.9718041 0.9710374 0.9737208 0.9742252
1972 0.9714317 0.9717305 0.9711525 0.9702244 0.9735197 0.9741461
1973 0.970879 0.9712214 0.9705371 0.9694643 0.9733288 0.9740722
1974 0.9703623 0.9707419 0.9699576 0.9687563 0.9731476 0.9740047
1975 0.9698792 0.9702912 0.9694149 0.9680992 0.9729757 0.9739421
1976 0.9694302 0.9698687 0.9689071 0.9674916 0.9728145 0.9738842
1977 0.9690141 0.9694733 0.9684331 0.9669326 0.9726621 0.9738307
1978 0.9686302 0.9691045 0.9679923 0.9664202 0.9725183 0.9737817
1979 0.9682771 0.9687626 0.9675835 0.9659526 0.9723827 0.9737368
1980 0.9679555 0.9684456 0.9672056 0.9655283 0.9722549 0.9736964
1981 0.9676617 0.9681522 0.9668589 0.9651444 0.9721363 0.9736596
1982 0.9672417 0.9677393 0.9663719 0.9645923 0.9719704 0.9736061
1983 0.9667156 0.9672231 0.9657633 0.9638983 0.9717625 0.9735379
1984 0.9660993 0.9666194 0.9650543 0.9630889 0.9715193 0.9734558
1985 0.9654109 0.9659426 0.9642619 0.9621849 0.971244 0.9733632
1986 0.9646646 0.965207 0.9634069 0.9612156 0.9709407 0.9732616
1987 0.9638767 0.9644263 0.9625038 0.9602078 0.9706155 0.9731526
1988 0.9630611 0.9636138 0.9615698 0.9591655 0.9702709 0.9730379
1989 0.9622308 0.96278 0.9606187 0.9581027 0.9699123 0.972917
1990 0.9613992 0.9619378 0.9596643 0.9570521 0.9695431 0.9727906
1991 0.9605754 0.961097 0.9587204 0.9560263 0.9691654 0.9726652
1992 0.9597348 0.9602334 0.9577569 0.9549951 0.9687697 0.9725339
1993 0.9588587 0.9593281 0.9567542 0.9539156 0.9683477 0.9723928
1994 0.9579346 0.9583694 0.9556976 0.9527946 0.9678924 0.9722388
1995 0.9569556 0.95735 0.9545802 0.9516155 0.9673993 0.9720717
1996 0.9559201 0.956268 0.9534023 0.9503931 0.9668652 0.9718884
1997 0.9548322 0.955126 0.9521694 0.9491182 0.9662822 0.9716896
1998 0.9536984 0.9539403 0.9508882 0.9478094 0.9656597 0.9714758
1999 0.9525279 0.952708 0.9495688 0.9464833 0.9650027 0.9712477
2000 0.9513339 0.951435 0.9482268 0.94513 0.9643026 0.9709973
2001 0.950128 0.9501423 0.9468805 0.9437906 0.963569 0.9707335
2002 0.9489198 0.9488433 0.9455345 0.9424515 0.9628025 0.9704524
2003 0.9477104 0.9475288 0.9441925 0.9411498 0.962006 0.9701574
2004 0.9465018 0.946207 0.942859 0.9398766 0.9611763 0.9698424
2005 0.9452932 0.9448796 0.9415295 0.9386225 0.9603637 0.9695163
2006 0.9440846 0.9435417 0.9402038 0.9373795 0.9595006 0.9691694
2007 0.9428776 0.9421874 0.9389492 0.9361264 0.958509 0.9687874
2008 0.9416722 0.9408274 0.9376557 0.9348911 0.9576753 0.968354
2009 0.9404749 0.9394673 0.9363705 0.9336898 0.9566008 0.967892
2010 0.9392901 0.9381449 0.9350491 0.9325947 0.9555968 0.967433
2011 0.9381248 0.9368197 0.9337958 0.9314569 0.954623 0.9669124
2012 0.9369857 0.9355182 0.9326353 0.9302773 0.9534364 0.9663525
2013 0.9360467 0.934227 0.9314383 0.9292209 0.9522148 0.9657431
2014 0.9347198 0.9329563 0.9303971 0.9282699 0.951084 0.9651959
2015 0.9344713 0.9317855 0.9293869 0.9273735 0.9499608 0.964762
2016 0.933355 0.9306099 0.9283141 0.9264475 0.9487842 0.9644158
2017 0.9322676 0.9294709 0.9272445 0.9254842 0.9476518 0.9638288
2018 0.9312672 0.9283566 0.9262435 0.9246067 0.9468095 0.9633316
2019 0.930121 0.9272907 0.9253114 0.9237723 0.945616 0.9626802
2020 0.9293433 0.9262777 0.9243436 0.9229642 0.9446587 0.96194
2021 0.9286117 0.9252959 0.9235068 0.9222329 0.9435117 0.9612212
2022 0.927934 0.9243647 0.9226219 0.9214898 0.942274 0.9604443
2023 0.9273135 0.923483 0.9218993 0.9208602 0.9412286 0.9596488

Total abundance: Estimate SD_log
1970 1539.893 0.06685732
1971 1947.878 0.05824798
1972 2275.91 0.05363165
1973 2580.423 0.05051879
1974 2869.215 0.04818827
1975 3137.803 0.04644022
1976 3387.354 0.04508058
1977 3618.288 0.04399874
1978 3831.288 0.0431206
1979 4026.873 0.04239854
1980 4205.596 0.04179979
1981 4477.937 0.04026792
1982 4814.687 0.03833144
1983 5205.494 0.03625628
1984 5641.011 0.03422325
1985 6112.166 0.03233907
1986 6610.539 0.03065095
1987 7126.287 0.02917525
1988 7650.321 0.0279012
1989 8179.007 0.02678924
1990 8707.803 0.02580704
1991 9252.964 0.02486516
1992 9824.41 0.02393697
1993 10430.03 0.02302132
1994 11078.85 0.02212575
1995 11767.41 0.02128567
1996 12495.88 0.02052085
1997 13257.59 0.01985146
1998 14049.86 0.01927791
1999 14860.82 0.01880252
2000 15683.18 0.0184122
2001 16524.81 0.01808372
2002 17373.93 0.01782594
2003 18237.16 0.01763355
2004 19107.99 0.01751792
2005 19990.3 0.01748019
2006 20878.47 0.01752792
2007 21782.09 0.01765195
2008 22711.21 0.01783984
2009 23651.67 0.01809551
2010 24607.65 0.01840505
2011 25523.84 0.01879947
2012 26464.74 0.01922149
2013 27430.23 0.01966471
2014 28378.09 0.02015447
2015 29276.43 0.02071198
2016 30030.6 0.02139331
2017 30814.18 0.02207861
2018 31701.37 0.02271209
2019 32498.75 0.02342818
2020 33371.16 0.02410952
2021 34232.63 0.02481539
2022 35060.96 0.0255629
2023 35912.94 0.02631441
2024 36710.32 0.0271298

Breeding stock abundance: Estimate SD_log Estimate/K
Asia
1 104.4025 0.1180546 2.811375
2 132.6735 0.1143327 3.572664
3 154.7091 0.1125657 4.166046
4 172.1912 0.1132905 4.636807
5 191.0082 0.1121611 5.143516
6 208.4457 0.1110874 5.613076
7 224.6479 0.109957 6.049374
8 239.5528 0.108801 6.450736
9 253.2012 0.1076086 6.818263
10 265.6366 0.1063784 7.153127
11 276.8975 0.1051162 7.456363
12 294.1597 0.1035776 7.921204
13 315.5794 0.1018825 8.497998
14 340.4843 0.1000792 9.168644
15 368.1317 0.09822293 9.913139
16 398.0205 0.0962882 10.71799
17 429.4752 0.0942966 11.56501
18 462.0614 0.09221696 12.4425
19 495.1728 0.0900692 13.33413
20 528.337 0.08785714 14.22719
21 561.1355 0.0855925 15.11039
22 594.7525 0.0833058 16.01564
23 630.0236 0.08101083 16.96543
24 667.3257 0.07875481 17.96991
25 706.92 0.07657336 19.03611
26 748.8638 0.07450696 20.16559
27 793.0486 0.07260088 21.35541
28 839.2152 0.07090557 22.59859
29 886.8774 0.06948479 23.88205
30 935.496 0.06839579 25.19126
31 984.5881 0.06769666 26.51323
32 1033.837 0.06745188 27.83942
33 1083.216 0.06770355 29.1691
34 1132.487 0.06849903 30.49588
35 1181.854 0.06984792 31.82526
36 1231.214 0.0717517 33.15442
37 1280.543 0.0741875 34.48277
38 1329.666 0.07712373 35.80558
39 1378.369 0.08051831 37.11707
40 1426.478 0.0843128 38.41254
41 1473.488 0.08846433 39.67843
42 1518.929 0.09292289 40.90209
43 1562.798 0.09763374 42.0834
44 1604.673 0.1025579 43.21104
45 1632.956 0.1083706 43.97263
46 1688.151 0.1124521 45.45894
47 1669.76 0.1213853 44.9637
48 1710.176 0.1261786 46.05203
49 1749.345 0.1309505 47.10679
50 1783.299 0.135967 48.0211
51 1827.796 0.1400318 49.21932
52 1848.224 0.1457312 49.76943
53 1865.448 0.1514817 50.23323
54 1879.131 0.157307 50.60169
Hawaii
1 978.6033 0.06859539 4.059907
2 1242.139 0.0599668 5.153229
3 1452.352 0.05544692 6.025335
4 1649.502 0.0523547 6.843247
5 1834.51 0.05010936 7.610785
6 2006.838 0.04843009 8.325717
7 2166.78 0.04713659 8.989264
8 2314.677 0.0461173 9.602839
9 2450.828 0.04530123 10.16769
10 2575.732 0.04463793 10.68587
11 2689.723 0.04409479 11.15878
12 2863.621 0.04269704 11.88023
13 3078.568 0.04095051 12.77197
14 3327.727 0.039113 13.80566
15 3604.981 0.03735481 14.95589
16 3903.918 0.0357759 16.19608
17 4219.624 0.03440684 17.50585
18 4544.969 0.03326104 18.8556
19 4873.722 0.03232227 20.21948
20 5204.626 0.03153622 21.5923
21 5534.443 0.0308691 22.9606
22 5872.084 0.0302579 24.36136
23 6225.251 0.02967462 25.82654
24 6597.75 0.02912226 27.37192
25 6996.123 0.02859587 29.02464
26 7416.045 0.02812972 30.76676
27 7858.301 0.02772649 32.60153
28 8316.672 0.02740051 34.50316
29 8790.465 0.02713594 36.46878
30 9271.724 0.02692805 38.46536
31 9755.207 0.02676419 40.47118
32 10244.82 0.0266185 42.50244
33 10733.55 0.02649951 44.53001
34 11226.03 0.0263943 46.57315
35 11716.11 0.02632177 48.60631
36 12205.59 0.02627919 50.63702
37 12695.08 0.02626607 52.66773
38 13186.31 0.02628006 54.70572
39 13683.11 0.02631301 56.76677
40 14174.27 0.02637791 58.80442
41 14662.24 0.02646941 60.82884
42 15121.11 0.02661717 62.73256
43 15583.41 0.02676982 64.65049
44 16052.39 0.02692181 66.59615
45 16495.87 0.02712788 68.43597
46 16902.56 0.02739576 70.12321
47 17293.77 0.02769329 71.74622
48 17693.21 0.02798956 73.40336
49 18097 0.02828756 75.07855
50 18470.44 0.02863337 76.62783
51 18835.27 0.02899775 78.14141
52 19189.45 0.0293781 79.61076
53 19519.93 0.02979007 80.98185
54 19851.89 0.03019603 82.35903
MX_AR
1 185.5915 0.0915933 2.931255
2 235.4116 0.08550784 3.718119
3 275.7006 0.0823141 4.354449
4 313.5401 0.08016786 4.95209
5 349.6143 0.07852441 5.521852
6 383.4695 0.07725105 6.056564
7 415.1651 0.07621458 6.557169
8 444.7686 0.07533695 7.024731
9 472.3446 0.07456988 7.460268
10 497.9587 0.07388337 7.864821
11 521.6203 0.0732633 8.238536
12 557.1234 0.07212639 8.799276
13 600.8682 0.07079539 9.490186
14 651.6565 0.06942325 10.29234
15 708.3673 0.0681051 11.18804
16 769.8911 0.06688749 12.15975
17 835.1777 0.06578454 13.1909
18 903.1173 0.06479132 14.26395
19 972.7554 0.0638914 15.36382
20 1043.23 0.06307123 16.47691
21 1113.887 0.06231246 17.59286
22 1187.147 0.06157992 18.74994
23 1264.37 0.06087248 19.96961
24 1346.625 0.06019375 21.26875
25 1434.648 0.05955546 22.659
26 1528.513 0.05896862 24.14152
27 1628.106 0.05844482 25.71451
28 1732.889 0.05798989 27.36945
29 1842.202 0.05760828 29.09596
30 1954.456 0.05730517 30.86892
31 2069.151 0.05707381 32.68042
32 2186.587 0.05691097 34.53522
33 2305.714 0.05682495 36.41673
34 2426.536 0.05682002 38.32501
35 2549.442 0.05689745 40.2662
36 2674.477 0.05706004 42.24103
37 2801.099 0.05731329 44.2409
38 2929.803 0.0576509 46.27367
39 3060.607 0.05806907 48.3396
40 3193.241 0.05856507 50.43445
41 3327.858 0.05912012 52.5606
42 3459.631 0.05974535 54.64184
43 3592.308 0.06042652 56.73736
44 3724.588 0.06115233 58.8266
45 3858.377 0.06190627 60.93968
46 3984.819 0.06272122 62.93672
47 4104.072 0.06357309 64.82021
48 4220.187 0.06443629 66.65415
49 4342.518 0.06528734 68.58627
50 4457.329 0.06616793 70.3996
51 4574.919 0.06702877 72.25684
52 4694.432 0.06787059 74.14443
53 4808.345 0.06871473 75.9436
54 4922.594 0.06952669 77.74805
MX_ML
1 227.1263 0.08456894 1.207036
2 283.6481 0.07887392 1.507415
3 330.4197 0.07564335 1.755977
4 374.2764 0.07353148 1.989048
5 415.6038 0.07204183 2.208678
6 453.7193 0.07103904 2.411238
7 489.0884 0.07031545 2.599203
8 521.7693 0.06979169 2.772882
9 552.0062 0.0693954 2.933572
10 579.7953 0.06910651 3.081255
11 605.1868 0.06890346 3.216194
12 643.9915 0.06805178 3.422417
13 692.0498 0.06692747 3.677818
14 748.0472 0.06570835 3.97541
15 810.7327 0.06451459 4.308544
16 879.0955 0.06339983 4.67185
17 951.8073 0.0624063 5.058269
18 1027.761 0.06153286 5.461914
19 1105.814 0.06077486 5.87672
20 1185.188 0.06011359 6.298544
21 1265.47 0.0595209 6.725193
22 1349.762 0.05892106 7.173154
23 1438.445 0.05834717 7.64445
24 1533.462 0.05777021 8.149402
25 1636.062 0.05719257 8.694662
26 1746.678 0.05662162 9.282518
27 1865.103 0.05608078 9.911869
28 1991.383 0.0555682 10.58297
29 2124.87 0.0550967 11.29237
30 2263.928 0.05467054 12.03138
31 2407.76 0.05429331 12.79576
32 2559.168 0.05392071 13.6004
33 2715.357 0.05358624 14.43045
34 2877.984 0.05326642 15.29471
35 3046.5 0.05297901 16.19027
36 3222.063 0.05271873 17.12328
37 3400.368 0.05253798 18.07086
38 3587.682 0.05235986 19.06632
39 3788.134 0.0521668 20.1316
40 3998.858 0.0519819 21.25146
41 4222.652 0.05179736 22.44079
42 4441.087 0.05172366 23.60164
43 4674.181 0.05164403 24.84039
44 4921.768 0.05156266 26.15616
45 5183.226 0.05150009 27.54565
46 5420.426 0.05167357 28.80622
47 5623.37 0.05211554 29.88474
48 5802.489 0.05277094 30.83665
49 6046.685 0.05318129 32.1344
50 6256.701 0.05387116 33.2505
51 6514.986 0.05444369 34.62313
52 6786.198 0.05514067 36.06445
53 7059.996 0.05594371 37.51952
54 7351.297 0.05683504 39.06761
Central_Am
1 44.16991 0.1071763 0.1484609
2 54.00565 0.1034813 0.1815201
3 62.72908 0.1012354 0.2108408
4 70.91287 0.09986137 0.2383476
5 78.47832 0.09913029 0.263776
6 85.33016 0.09877114 0.286806
7 91.67236 0.0986067 0.3081229
8 97.52088 0.09858054 0.3277806
9 102.9081 0.09865065 0.3458877
10 107.7502 0.09888972 0.3621627
11 112.1684 0.09918158 0.3770128
12 119.0416 0.09891805 0.4001147
13 127.6223 0.09839689 0.4289555
14 137.5787 0.09783947 0.4624203
15 148.7991 0.097262 0.5001336
16 161.2409 0.09670416 0.5419522
17 174.4544 0.09627679 0.5863643
18 188.3786 0.09592152 0.6331653
19 202.8572 0.09563624 0.68183
20 217.6255 0.09546129 0.7314682
21 232.8672 0.09532362 0.7826976
22 249.218 0.09516334 0.8376548
23 266.32 0.09503307 0.8951368
24 284.8694 0.09487079 0.9574839
25 305.1012 0.09471149 1.025486
26 327.312 0.09453047 1.100139
27 351.322 0.09437521 1.18084
28 377.436 0.09422072 1.268612
29 405.4465 0.09410224 1.362759
30 435.2159 0.09400213 1.462818
31 466.4787 0.09394437 1.567897
32 500.3914 0.09390508 1.681882
33 536.0951 0.09387824 1.801887
34 574.1258 0.09387411 1.929713
35 614.0928 0.0938977 2.064047
36 656.9555 0.09394122 2.208114
37 701.3857 0.09402149 2.35745
38 748.6261 0.09411553 2.516231
39 800.9855 0.09422198 2.692218
40 858.8244 0.09435674 2.886623
41 921.4173 0.09451319 3.097006
42 983.0794 0.09473796 3.30426
43 1052.047 0.09500121 3.536068
44 1126.81 0.0952975 3.787357
45 1207.67 0.09564121 4.059138
46 1280.475 0.09610921 4.303846
47 1339.633 0.09674728 4.502685
48 1388.12 0.09755981 4.665656
49 1465.827 0.09833962 4.926838
50 1530.98 0.09934058 5.145826
51 1618.19 0.1002251 5.438951
52 1714.33 0.1013797 5.762092
53 1807.235 0.1026914 6.074356
54 1908.027 0.1040535 6.41313

Feeding stock abundance: Estimate SD_log Estimate/K
RUS+WAL
1 131.7383 0.1401944 2.768996
2 168.1943 0.1364987 3.535261
3 192.6417 0.1374517 4.049118
4 218.7639 0.1359804 4.598178
5 243.1654 0.1346204 5.111071
6 265.9703 0.1332312 5.590405
7 287.1378 0.1318069 6.035323
8 306.7141 0.1303272 6.446795
9 324.7445 0.1287868 6.825775
10 341.2807 0.1271879 7.173347
11 356.2895 0.1255645 7.488816
12 379.2713 0.1236543 7.97187
13 407.7349 0.1215987 8.570143
14 440.7381 0.1194529 9.263835
15 477.5478 0.1172112 10.03753
16 517.3063 0.1148928 10.87321
17 559.3607 0.1124751 11.75715
18 602.926 0.1099686 12.67285
19 647.3465 0.1073727 13.60652
20 692.007 0.1046952 14.54523
21 736.258 0.1019636 15.47534
22 781.8987 0.09918757 16.43466
23 829.8171 0.0964113 17.44185
24 880.6633 0.0936709 18.51058
25 934.7963 0.09100573 19.6484
26 992.3145 0.08845966 20.85737
27 1053.087 0.08608206 22.13474
28 1116.694 0.08393391 23.4717
29 1182.642 0.08207543 24.85785
30 1250.298 0.0805713 26.2799
31 1318.844 0.07949239 27.72067
32 1388.052 0.07889923 29.17535
33 1457.659 0.07885742 30.63841
34 1527.761 0.07940343 32.11188
35 1598.313 0.08056163 33.59481
36 1669.354 0.08233 35.088
37 1740.833 0.0846892 36.5904
38 1812.565 0.08760368 38.09814
39 1884.439 0.09101597 39.60885
40 1955.957 0.09487301 41.11209
41 2026.74 0.09911122 42.59987
42 2096.343 0.1036665 44.06284
43 2164.393 0.1084819 45.49318
44 2220.5 0.1139527 46.6725
45 2300.017 0.1183792 48.34386
46 2314.83 0.1258748 48.6552
47 2381.933 0.1307218 50.06563
48 2447.629 0.1355659 51.44649
49 2508.286 0.1405519 52.72145
50 2577.992 0.1449374 54.18658
51 2625.475 0.1502791 55.18462
52 2670.182 0.1555619 56.12432
53 2711.634 0.1607816 56.99559
54 2749.615 0.1659235 57.79391
EAL+BER
1 350.6778 0.1191213 2.448026
2 447.7549 0.1139998 3.125706
3 524.7476 0.1114094 3.66318
4 597.4662 0.1095875 4.170817
5 665.9323 0.1081817 4.648768
6 730.2537 0.1070127 5.097786
7 790.5118 0.1059844 5.518438
8 846.8447 0.1050383 5.911689
9 899.3319 0.1041448 6.278093
10 947.8937 0.103306 6.617096
11 992.837 0.1024878 6.930838
12 1060.401 0.1012413 7.402488
13 1143.777 0.09981627 7.984526
14 1240.682 0.09832353 8.661006
15 1348.912 0.09683169 9.416542
16 1466.392 0.09537055 10.23665
17 1591.118 0.09394695 11.10734
18 1721.115 0.09255715 12.01483
19 1854.479 0.09119458 12.94583
20 1989.74 0.08983608 13.89006
21 2124.998 0.08848725 14.83427
22 2265.283 0.087118 15.81358
23 2413.328 0.08573161 16.84706
24 2571.166 0.08433178 17.94891
25 2739.807 0.08293321 19.12616
26 2919.694 0.08154567 20.38192
27 3110.495 0.08018171 21.71388
28 3311.232 0.07885319 23.11519
29 3518.69 0.07760883 24.56342
30 3733.104 0.0764067 26.06021
31 3953.265 0.07523755 27.59712
32 4176.845 0.07414064 29.1579
33 4402.394 0.07314839 30.73242
34 4632.015 0.07223737 32.33536
35 4864.524 0.07144165 33.95847
36 5099.616 0.07077802 35.59961
37 5338.023 0.07024557 37.26389
38 5580.532 0.06984237 38.95681
39 5824.963 0.06959049 40.66315
40 6069.939 0.06949388 42.37328
41 6308.315 0.06961568 44.03735
42 6547.253 0.06984986 45.70534
43 6782.121 0.07023469 47.34491
44 7015.46 0.07071624 48.97382
45 7245.632 0.07130485 50.58061
46 7458.316 0.07208783 52.06532
47 7672.595 0.07293282 53.56117
48 7881.007 0.07386029 55.01606
49 8085.67 0.07483112 56.44478
50 8282.104 0.07588176 57.81606
51 8469.337 0.07696533 59.1231
52 8651.171 0.07808002 60.39246
53 8823.922 0.07923087 61.5984
54 8987.705 0.08038734 62.74174
GOA
1 165.0343 0.09963174 2.932766
2 211.4962 0.0930308 3.758423
3 248.1579 0.08977621 4.409924
4 282.7869 0.087509 5.025304
5 315.3755 0.08580165 5.604424
6 345.8561 0.08445644 6.146083
7 374.3536 0.08332385 6.652502
8 400.9194 0.08233063 7.124594
9 425.5961 0.08143473 7.563114
10 448.4399 0.08060875 7.969063
11 469.5122 0.07983526 8.343532
12 501.1013 0.07856426 8.90489
13 539.9544 0.07710441 9.595335
14 585.0421 0.07558647 10.39657
15 635.1749 0.07411529 11.28746
16 689.4117 0.07272249 12.25129
17 746.5514 0.0714409 13.26669
18 805.8158 0.07024618 14.31986
19 866.2082 0.06913424 15.39307
20 926.9684 0.06808449 16.47282
21 987.3127 0.06708607 17.54518
22 1049.415 0.06610792 18.64877
23 1114.65 0.06513772 19.80805
24 1183.761 0.06418697 21.03618
25 1257.284 0.06326181 22.34274
26 1335.305 0.06237617 23.72922
27 1417.491 0.06154737 25.18971
28 1503.226 0.06078942 26.71328
29 1591.881 0.06010457 28.28874
30 1682.64 0.05949397 29.90159
31 1774.356 0.05896443 31.53143
32 1866.36 0.05852524 33.16641
33 1958.724 0.05817368 34.80778
34 2051.399 0.05791438 36.45467
35 2144.172 0.05775785 38.10331
36 2237.347 0.05769876 39.75908
37 2330.859 0.05773882 41.42085
38 2419.845 0.05799465 43.00218
39 2511.886 0.05826718 44.63782
40 2603.508 0.05862732 46.266
41 2697.729 0.05899287 47.94037
42 2787.102 0.05950869 49.52858
43 2869.871 0.06019513 50.99943
44 2955.322 0.06083763 52.51795
45 3029.778 0.06169257 53.84108
46 3102.192 0.06258705 55.12793
47 3179.373 0.06336403 56.49949
48 3256.629 0.0641168 57.87237
49 3329.205 0.06493196 59.1621
50 3397.01 0.06580065 60.36704
51 3467.586 0.06655656 61.62121
52 3528.76 0.06745599 62.70832
53 3593.499 0.06822945 63.85876
54 3646.445 0.06915424 64.79966
SEA+NBC
1 696.7171 0.07538387 3.764531
2 888.7389 0.06735803 4.802071
3 1038.449 0.06347002 5.610989
4 1178.42 0.06088741 6.367286
5 1308.676 0.05908495 7.071093
6 1429.437 0.05777849 7.723595
7 1540.91 0.05680593 8.32591
8 1643.251 0.05607154 8.878881
9 1736.833 0.05550847 9.384528
10 1821.974 0.0550746 9.844566
11 1898.916 0.05474391 10.2603
12 2017.868 0.05373657 10.90303
13 2165.113 0.05247639 11.69863
14 2335.935 0.0511694 12.62162
15 2525.452 0.0499558 13.64563
16 2730.003 0.04888927 14.75087
17 2943.895 0.04801701 15.90657
18 3161.972 0.04734446 17.0849
19 3384.115 0.04679299 18.28519
20 3607.897 0.04632824 19.49434
21 3826.581 0.04597441 20.67594
22 4049.442 0.04566469 21.88011
23 4280.491 0.04538941 23.12853
24 4527.038 0.04510275 24.46068
25 4785.74 0.04486138 25.85851
26 5058.8 0.04465122 27.33392
27 5341.69 0.04450608 28.86244
28 5635.588 0.0443962 30.45044
29 5935.595 0.04433262 32.07145
30 6237.476 0.04431108 33.70259
31 6543.275 0.0442799 35.35489
32 6845.809 0.04427089 36.98956
33 7149.61 0.04424788 38.63107
34 7446.897 0.04425772 40.23738
35 7739.959 0.044286 41.82087
36 8030.907 0.04432177 43.39293
37 8321.251 0.04435545 44.96173
38 8615.5 0.04436698 46.55163
39 8906.62 0.04438735 48.12462
40 9190.207 0.04443053 49.65691
41 9448.7 0.04456916 51.05361
42 9716.918 0.0446274 52.50286
43 9994.969 0.04460863 54.00523
44 10244.14 0.04468252 55.35154
45 10468.7 0.04481236 56.5649
46 10680.85 0.04496768 57.71119
47 10900.78 0.04505355 58.89955
48 11130.48 0.04506735 60.14066
49 11340.53 0.04513124 61.27562
50 11540.9 0.04520405 62.3583
51 11735.46 0.04527035 63.40952
52 11911.84 0.04537933 64.36255
53 12091.18 0.04544865 65.33158
54 12243.28 0.04559101 66.1534
SBC+WA
1 45.5261 0.110423 0.903635
2 58.29698 0.1051359 1.157121
3 68.37672 0.1026951 1.357191
4 77.95148 0.1010904 1.547238
5 87.03776 0.09993948 1.727589
6 95.65384 0.09905699 1.898607
7 103.716 0.09843581 2.05863
8 111.3421 0.09791275 2.209998
9 118.5299 0.09746543 2.352667
10 125.3049 0.09706051 2.487143
11 131.683 0.09668376 2.61374
12 141.0539 0.0959498 2.79974
13 152.6307 0.09504231 3.029526
14 166.1681 0.09406782 3.298226
15 181.3159 0.09314962 3.598889
16 197.9363 0.09226977 3.928783
17 215.8232 0.09142923 4.283815
18 234.662 0.09066106 4.657741
19 254.3492 0.0899152 5.048507
20 274.6012 0.08920634 5.450483
21 295.2454 0.08851714 5.860245
22 317.0938 0.08778902 6.293908
23 340.52 0.0870373 6.758889
24 365.8667 0.08626301 7.261988
25 393.4011 0.08546469 7.80851
26 423.2799 0.08464798 8.401566
27 455.5981 0.08381224 9.043042
28 490.7426 0.08289286 9.740617
29 528.0992 0.08198983 10.4821
30 567.3078 0.08112684 11.26034
31 608.857 0.08020109 12.08504
32 652.3665 0.0792671 12.94865
33 697.9388 0.07832975 13.8532
34 745.4959 0.07741705 14.79714
35 795.2772 0.07651905 15.78524
36 844.2678 0.07592756 16.75764
37 896.5176 0.07529923 17.79473
38 956.7394 0.0742884 18.99006
39 1007.546 0.07425988 19.99851
40 1073.05 0.07342274 21.29867
41 1134.328 0.07315481 22.51496
42 1193.785 0.07324746 23.69511
43 1266.296 0.07282846 25.13437
44 1341.089 0.07260137 26.6189
45 1410.472 0.07295525 27.99608
46 1479.551 0.07363267 29.3672
47 1552.14 0.07444199 30.808
48 1622.224 0.07568226 32.19908
49 1674.524 0.0780379 33.23718
50 1748.779 0.07963152 34.71104
51 1808.545 0.08208814 35.89732
52 1880.272 0.08426958 37.32101
53 1957.862 0.08642125 38.86107
54 2023.549 0.08926435 40.16487
OR+CA
1 128.7998 0.07279762 0.3737384
2 163.4964 0.06395854 0.4744175
3 190.2378 0.059672 0.552013
4 215.2344 0.05681966 0.6245457
5 237.9277 0.05498935 0.690395
6 258.9312 0.05372598 0.7513408
7 278.3244 0.05285411 0.8076142
8 296.2171 0.05226068 0.8595333
9 312.553 0.05189481 0.9069354
10 327.4799 0.05169397 0.9502486
11 340.8579 0.05165594 0.9890676
12 361.8423 0.05059624 1.049958
13 387.9772 0.04907038 1.125794
14 418.6285 0.04732704 1.214735
15 453.6084 0.04550323 1.316236
16 491.7167 0.04378278 1.426815
17 532.4906 0.04221521 1.545128
18 575.3964 0.04082327 1.669628
19 619.8234 0.03961674 1.798542
20 666.0931 0.03853587 1.932803
21 714.0077 0.03756152 2.071837
22 763.2312 0.03666883 2.214669
23 816.0043 0.03574776 2.3678
24 873.5366 0.03477491 2.534742
25 936.7259 0.03375849 2.718098
26 1005.419 0.03274966 2.917425
27 1080.519 0.03175957 3.135344
28 1161.612 0.03083289 3.370649
29 1248.352 0.02999815 3.622345
30 1340.295 0.02927077 3.889135
31 1440.588 0.028583 4.180155
32 1546.074 0.02799963 4.486244
33 1658.706 0.02748682 4.813069
34 1777.197 0.02707355 5.156893
35 1904.248 0.02672768 5.525558
36 2036.207 0.02651468 5.908464
37 2176.989 0.02640748 6.316971
38 2332.309 0.02635159 6.767663
39 2508.751 0.0263047 7.279644
40 2696.908 0.02638802 7.82562
41 2883.838 0.02673219 8.368034
42 3095.737 0.02709529 8.982901
43 3323.693 0.02757994 9.644363
44 3571.926 0.02817018 10.36466
45 3794.996 0.02923105 11.01194
46 3971.995 0.03091846 11.52554
47 4113.382 0.03316141 11.9358
48 4353.613 0.03487296 12.63288
49 4557.456 0.03716306 13.22437
50 4824.955 0.03920673 14.00058
51 5129.462 0.04122298 14.88416
52 5425.603 0.04364049 15.74348
53 5746.159 0.04616958 16.67363
54 6074.845 0.04892999 17.62738

Parameters: Estimate  Std. Error      z value    Pr(>|z^2|)
rval 0.09124055 0.00252236 36.17266295 0
logK 8.2197498 0.40281235 20.40590317 0
logK 10.09013662 0.17633375 57.22181104 0
logK 8.75328754 0.52877142 16.55401026 0
logK 9.84250854 0.44645109 22.04610691 0
logK 10.3006475 0.28997182 35.52292596 0
logBK 3.59314672 0.4979451 7.21594954 0
logBK 3.21336726 0.20513754 15.6644525 0
logBK 3.55021589 0.55449039 6.40266441 0
logBK 4.45423046 0.47588914 9.35980682 0
logBK 6.55997896 0.30302456 21.64834059 0
MixPars -1.96906933 0.29533069 -6.66733737 0
MixPars -3.47960946 0.26270352 -13.24538581 0
MixPars -1.3976534 0.18342249 -7.61985847 0
MixPars -1.82482518 0.12277591 -14.86305564 0
MixPars -3.66995646 0.17094624 -21.46848314 0
MixPars -1.92776021 0.25259467 -7.63183253 0
MixPars -0.85106916 0.17518885 -4.85800979 1.19e-06
MixPars -1.68093437 0.27640985 -6.08131135 0
MixPars -3.19107506 0.27896391 -11.43902474 0
MixPars -2.35404702 0.24246098 -9.70897253 0
MixPars -2.54771267 0.33136981 -7.68842726 0
MixPars -1.42943452 0.2213376 -6.45816389 0
MixPars -1.50895491 0.30547873 -4.93963983 7.8e-07
MixPars -1.33210842 0.17866171 -7.45603741 0
MixPars 0.10408734 0.13788123 0.75490577 0.45030552
MixPars -2.273826 0.22452168 -10.12742312 0
AddV 0.15878034 0.05321286 2.98387148 0.00284626
AddV 0.02056571 0.00580488 3.54283399 0.00039585
AddV 0.09528831 0.05808576 1.64047629 0.10090617
log_alphaK -2.03158103 0.19148388 -10.60967135 0
log_betaK -2.27700087 0.59365003 -3.83559464 0.00012526

Mixing matrix
0.87751112 0.12248888 0 0 0 0 ,# Asia
0.0210412 0.16875338 0.11008652 0.68272473 0.01739417 0 ,# Hawaii
0.0767775 0.52777595 0.22533827 0.09827184 0.02170618 0.05013026 ,# MX_AR
0.02687089 0.34335196 0.08221367 0.07592919 0.09061753 0.38101677 ,# MX_ML
0 0 0 0 0.093314 0.906686 ,# Central_Am

Split of breeding stock to feeding grounds over time
Split for: Asia
Year RUS+WAL EAL+BER GOA SEA+NBC SBC+WA OR+CA
1970 0.87833 0.12167 0 0 0 0
1971 0.87872 0.12128 0 0 0 0
1972 0.87664 0.12336 0 0 0 0
1973 0.87674 0.12326 0 0 0 0
1974 0.87682 0.12318 0 0 0 0
1975 0.87689 0.12311 0 0 0 0
1976 0.87694 0.12306 0 0 0 0
1977 0.87698 0.12302 0 0 0 0
1978 0.87701 0.12299 0 0 0 0
1979 0.87706 0.12294 0 0 0 0
1980 0.8771 0.1229 0 0 0 0
1981 0.87713 0.12287 0 0 0 0
1982 0.87716 0.12284 0 0 0 0
1983 0.87717 0.12283 0 0 0 0
1984 0.87718 0.12282 0 0 0 0
1985 0.87718 0.12282 0 0 0 0
1986 0.87718 0.12282 0 0 0 0
1987 0.87716 0.12284 0 0 0 0
1988 0.87715 0.12285 0 0 0 0
1989 0.87712 0.12288 0 0 0 0
1990 0.87709 0.12291 0 0 0 0
1991 0.87706 0.12294 0 0 0 0
1992 0.87704 0.12296 0 0 0 0
1993 0.87702 0.12298 0 0 0 0
1994 0.877 0.123 0 0 0 0
1995 0.87698 0.12302 0 0 0 0
1996 0.87696 0.12304 0 0 0 0
1997 0.87695 0.12305 0 0 0 0
1998 0.877 0.123 0 0 0 0
1999 0.87704 0.12296 0 0 0 0
2000 0.87705 0.12295 0 0 0 0
2001 0.87707 0.12293 0 0 0 0
2002 0.87712 0.12288 0 0 0 0
2003 0.87717 0.12283 0 0 0 0
2004 0.87722 0.12278 0 0 0 0
2005 0.8773 0.1227 0 0 0 0
2006 0.87739 0.12261 0 0 0 0
2007 0.87747 0.12253 0 0 0 0
2008 0.87757 0.12243 0 0 0 0
2009 0.87769 0.12231 0 0 0 0
2010 0.87794 0.12206 0 0 0 0
2011 0.87815 0.12185 0 0 0 0
2012 0.8784 0.1216 0 0 0 0
2013 0.87861 0.12139 0 0 0 0
2014 0.87887 0.12113 0 0 0 0
2015 0.87918 0.12082 0 0 0 0
2016 0.87961 0.12039 0 0 0 0
2017 0.88005 0.11995 0 0 0 0
2018 0.88046 0.11954 0 0 0 0
2019 0.88092 0.11908 0 0 0 0
2020 0.88133 0.11867 0 0 0 0
2021 0.88179 0.11821 0 0 0 0
2022 0.8823 0.1177 0 0 0 0
2023 0.88284 0.11716 0 0 0 0
2024 0.88337 0.11663 0 0 0 0
Split for: Hawaii
Year RUS+WAL EAL+BER GOA SEA+NBC SBC+WA OR+CA
1970 0.02125 0.16915 0.10914 0.68293 0.01753 0
1971 0.02135 0.1693 0.10957 0.68216 0.01762 0
1972 0.021 0.16982 0.10996 0.68152 0.01771 0
1973 0.02108 0.17029 0.11029 0.68053 0.0178 0
1974 0.02116 0.1708 0.11062 0.67951 0.0179 0
1975 0.02124 0.17135 0.11093 0.67847 0.01801 0
1976 0.02132 0.17194 0.11123 0.67738 0.01812 0
1977 0.02141 0.17256 0.11154 0.67624 0.01824 0
1978 0.0215 0.17321 0.11186 0.67506 0.01837 0
1979 0.02159 0.17386 0.11219 0.67385 0.01851 0
1980 0.02168 0.17454 0.11252 0.6726 0.01866 0
1981 0.02177 0.17524 0.11283 0.67135 0.01881 0
1982 0.02187 0.17597 0.11312 0.67008 0.01897 0
1983 0.02196 0.17671 0.11341 0.66878 0.01913 0
1984 0.02206 0.17749 0.11369 0.66746 0.0193 0
1985 0.02216 0.17827 0.11395 0.66614 0.01948 0
1986 0.02226 0.17912 0.11421 0.66471 0.01969 0
1987 0.02238 0.18008 0.11452 0.6631 0.01991 0
1988 0.02249 0.18101 0.11478 0.66157 0.02014 0
1989 0.0226 0.18189 0.11499 0.66014 0.02038 0
1990 0.02271 0.18284 0.11522 0.65858 0.02064 0
1991 0.02283 0.18385 0.11547 0.65693 0.02092 0
1992 0.02296 0.18491 0.11573 0.65517 0.02123 0
1993 0.02308 0.18593 0.11594 0.65351 0.02154 0
1994 0.02321 0.18702 0.11619 0.65171 0.02188 0
1995 0.02334 0.18813 0.11643 0.64987 0.02223 0
1996 0.02349 0.18934 0.11671 0.64785 0.02262 0
1997 0.02364 0.19056 0.11696 0.64579 0.02305 0
1998 0.0238 0.19176 0.11724 0.6437 0.0235 0
1999 0.02397 0.19305 0.11754 0.64147 0.02397 0
2000 0.02413 0.19434 0.11777 0.63929 0.02447 0
2001 0.0243 0.19568 0.118 0.63702 0.025 0
2002 0.02447 0.19693 0.1182 0.63486 0.02555 0
2003 0.02465 0.19831 0.11843 0.63249 0.02613 0
2004 0.02484 0.19973 0.11865 0.63004 0.02675 0
2005 0.02503 0.20116 0.11889 0.62762 0.02729 0
2006 0.02523 0.20255 0.1191 0.62523 0.02789 0
2007 0.02542 0.20392 0.11901 0.62298 0.02868 0
2008 0.02561 0.20531 0.11911 0.62083 0.02914 0
2009 0.02581 0.20665 0.11919 0.61835 0.02999 0
2010 0.02605 0.20808 0.1196 0.61554 0.03073 0
2011 0.02626 0.20937 0.11973 0.61327 0.03137 0
2012 0.02645 0.21035 0.11951 0.6114 0.03229 0
2013 0.02666 0.21161 0.1196 0.60888 0.03326 0
2014 0.0269 0.21305 0.1195 0.60639 0.03413 3e-05
2015 0.02716 0.21444 0.11947 0.60395 0.03499 0
2016 0.0274 0.21548 0.11955 0.6017 0.03588 0
2017 0.02761 0.21625 0.11959 0.5999 0.03665 0
2018 0.02785 0.21726 0.11966 0.59816 0.03707 0
2019 0.02808 0.21808 0.11962 0.59627 0.03795 0
2020 0.02829 0.21889 0.11976 0.59451 0.03855 0
2021 0.02853 0.21974 0.1197 0.59263 0.0394 0
2022 0.02874 0.22029 0.11975 0.59088 0.04033 0
2023 0.029 0.22112 0.11967 0.58912 0.04109 0
2024 0.02919 0.22139 0.11956 0.58774 0.04213 0
Split for: MX_AR
Year RUS+WAL EAL+BER GOA SEA+NBC SBC+WA OR+CA
1970 0.07768 0.52987 0.22377 0.09846 0.02191 0.04832
1971 0.0779 0.52949 0.22428 0.09819 0.02199 0.04815
1972 0.07655 0.53052 0.22483 0.09799 0.02207 0.04804
1973 0.07666 0.53073 0.22497 0.09761 0.02213 0.04789
1974 0.07676 0.53104 0.22511 0.09723 0.02221 0.04765
1975 0.07686 0.53141 0.22515 0.09684 0.02229 0.04744
1976 0.07695 0.53182 0.22517 0.09643 0.02237 0.04726
1977 0.07705 0.53224 0.22517 0.096 0.02245 0.0471
1978 0.07713 0.53268 0.22515 0.09555 0.02254 0.04695
1979 0.07722 0.53308 0.22513 0.09509 0.02265 0.04682
1980 0.07732 0.53352 0.2251 0.09462 0.02276 0.04668
1981 0.07741 0.53401 0.22502 0.09415 0.02287 0.04654
1982 0.0775 0.53452 0.22489 0.09368 0.02299 0.04642
1983 0.07759 0.53504 0.22473 0.09319 0.02311 0.04633
1984 0.07767 0.53556 0.22452 0.09269 0.02324 0.04632
1985 0.07775 0.53608 0.22427 0.09219 0.02338 0.04634
1986 0.07782 0.53665 0.22395 0.09165 0.02353 0.04639
1987 0.0779 0.53725 0.22361 0.09105 0.0237 0.04649
1988 0.07798 0.53783 0.22322 0.09047 0.02388 0.04663
1989 0.07803 0.53837 0.22275 0.08993 0.02407 0.04684
1990 0.07809 0.53889 0.22227 0.08933 0.02427 0.04715
1991 0.07815 0.53946 0.22175 0.08872 0.0245 0.04742
1992 0.07822 0.54004 0.22122 0.08806 0.02474 0.04772
1993 0.07828 0.54057 0.22063 0.08745 0.02499 0.04809
1994 0.07834 0.54109 0.22002 0.08678 0.02525 0.04852
1995 0.0784 0.54158 0.21937 0.0861 0.02554 0.04901
1996 0.07846 0.54208 0.21869 0.08537 0.02584 0.04956
1997 0.07852 0.54254 0.21795 0.08462 0.02618 0.05018
1998 0.0786 0.54288 0.21723 0.08387 0.02655 0.05086
1999 0.07869 0.54325 0.21648 0.08308 0.02691 0.05159
2000 0.07874 0.54357 0.2156 0.0823 0.02731 0.05248
2001 0.0788 0.54389 0.21467 0.08149 0.02772 0.05342
2002 0.07886 0.54406 0.21372 0.08072 0.02816 0.05448
2003 0.07892 0.54426 0.21273 0.07989 0.02862 0.05558
2004 0.07898 0.5444 0.21168 0.07904 0.02909 0.05681
2005 0.07906 0.54456 0.21065 0.0782 0.02948 0.05805
2006 0.07914 0.54461 0.20958 0.07737 0.02992 0.05938
2007 0.0792 0.54466 0.20805 0.07658 0.03056 0.06094
2008 0.07925 0.54451 0.20675 0.07578 0.03084 0.06287
2009 0.07927 0.54404 0.20536 0.07492 0.03151 0.06489
2010 0.07937 0.54342 0.20442 0.07398 0.03202 0.06679
2011 0.07943 0.54274 0.20313 0.07317 0.03245 0.06909
2012 0.07947 0.54181 0.20147 0.07248 0.03318 0.07159
2013 0.07947 0.5407 0.20001 0.0716 0.03391 0.07431
2014 0.0796 0.54027 0.19834 0.07077 0.03453 0.07649
2015 0.07982 0.54019 0.19697 0.07002 0.03517 0.07783
2016 0.08012 0.54005 0.1961 0.06941 0.03588 0.07845
2017 0.08027 0.53875 0.195 0.06879 0.03644 0.08076
2018 0.0805 0.53822 0.19402 0.0682 0.03664 0.08243
2019 0.08064 0.53677 0.1927 0.06755 0.03727 0.08507
2020 0.08068 0.53496 0.19157 0.06687 0.03759 0.08832
2021 0.08079 0.53337 0.19017 0.06621 0.03816 0.0913
2022 0.08087 0.53124 0.189 0.06558 0.0388 0.0945
2023 0.08101 0.52942 0.18752 0.06492 0.03925 0.09787
2024 0.08098 0.5265 0.18609 0.06433 0.03997 0.10212
Split for: MX_ML
Year RUS+WAL EAL+BER GOA SEA+NBC SBC+WA OR+CA
1970 0.02751 0.34879 0.08261 0.07697 0.09256 0.37157
1971 0.02762 0.34894 0.08289 0.07685 0.09298 0.37073
1972 0.02715 0.34972 0.08312 0.07672 0.09336 0.36994
1973 0.02721 0.35018 0.08325 0.07649 0.09371 0.36916
1974 0.02729 0.35092 0.08342 0.07631 0.09417 0.36788
1975 0.02736 0.35161 0.08355 0.0761 0.09465 0.36674
1976 0.02742 0.35227 0.08365 0.07586 0.09507 0.36573
1977 0.02748 0.35288 0.08373 0.07559 0.09552 0.36481
1978 0.02753 0.35345 0.08378 0.07529 0.09599 0.36395
1979 0.02758 0.35393 0.08383 0.07498 0.0965 0.36318
1980 0.02763 0.35447 0.08387 0.07466 0.09705 0.36231
1981 0.02769 0.35501 0.08389 0.07434 0.09757 0.3615
1982 0.02773 0.35553 0.08389 0.074 0.09811 0.36075
1983 0.02777 0.35596 0.08385 0.07364 0.09867 0.36011
1984 0.02779 0.35618 0.08374 0.07321 0.09917 0.35991
1985 0.0278 0.35631 0.0836 0.07277 0.0997 0.35982
1986 0.0278 0.35634 0.08339 0.07228 0.10028 0.35991
1987 0.02779 0.35628 0.08316 0.07171 0.10085 0.3602
1988 0.02777 0.35608 0.08288 0.07114 0.10147 0.36065
1989 0.02773 0.35565 0.08252 0.07055 0.10205 0.3615
1990 0.02767 0.35495 0.0821 0.06988 0.1026 0.3628
1991 0.02762 0.35435 0.08169 0.06921 0.10327 0.36387
1992 0.02756 0.35365 0.08124 0.06849 0.10395 0.36511
1993 0.02748 0.35275 0.08074 0.06777 0.10464 0.36661
1994 0.02739 0.35166 0.08019 0.06698 0.10533 0.36844
1995 0.02729 0.35043 0.07961 0.06617 0.10604 0.37046
1996 0.02717 0.34901 0.07896 0.06528 0.10676 0.37282
1997 0.02705 0.34738 0.07826 0.06435 0.10758 0.37539
1998 0.02691 0.34552 0.07754 0.0634 0.10842 0.37821
1999 0.02677 0.34358 0.07678 0.0624 0.10923 0.38122
2000 0.02659 0.34123 0.0759 0.06136 0.11001 0.38491
2001 0.0264 0.33877 0.07499 0.06028 0.11081 0.38876
2002 0.0262 0.33596 0.07401 0.0592 0.1116 0.39303
2003 0.02599 0.33312 0.07302 0.05808 0.11239 0.39741
2004 0.02576 0.32998 0.07195 0.0569 0.11315 0.40226
2005 0.02554 0.32696 0.07093 0.05576 0.11359 0.40722
2006 0.02531 0.32372 0.06986 0.05462 0.11414 0.41235
2007 0.02502 0.31982 0.06851 0.05341 0.11516 0.41808
2008 0.02471 0.31556 0.0672 0.05216 0.11469 0.42568
2009 0.02435 0.31067 0.06577 0.05081 0.11545 0.43294
2010 0.02406 0.30626 0.06461 0.04952 0.11582 0.43974
2011 0.02372 0.30124 0.06323 0.04823 0.11557 0.44802
2012 0.02333 0.2956 0.06164 0.04696 0.11618 0.45629
2013 0.02291 0.2897 0.0601 0.04556 0.1166 0.46513
2014 0.02261 0.28531 0.05874 0.04439 0.11702 0.47192
2015 0.02246 0.28258 0.05779 0.0435 0.11806 0.47561
2016 0.02242 0.28095 0.05721 0.04288 0.11977 0.47676
2017 0.02214 0.27625 0.05607 0.04189 0.11989 0.48375
2018 0.02199 0.27329 0.05525 0.04113 0.11938 0.48896
2019 0.02167 0.26819 0.054 0.04008 0.11951 0.49655
2020 0.02129 0.26245 0.05271 0.03896 0.11836 0.50623
2021 0.02096 0.25722 0.05143 0.03792 0.11809 0.51437
2022 0.0206 0.25158 0.0502 0.03689 0.11793 0.52281
2023 0.02027 0.24618 0.0489 0.03585 0.11713 0.53167
2024 0.0198 0.23928 0.04743 0.03472 0.11658 0.5422
Split for: Central_Am
Year RUS+WAL EAL+BER GOA SEA+NBC SBC+WA OR+CA
1970 0 0 0 0 0.09731 0.90269
1971 0 0 0 0 0.0979 0.9021
1972 0 0 0 0 0.09846 0.90154
1973 0 0 0 0 0.09897 0.90103
1974 0 0 0 0 0.09972 0.90028
1975 0 0 0 0 0.10046 0.89954
1976 0 0 0 0 0.10111 0.89889
1977 0 0 0 0 0.10177 0.89823
1978 0 0 0 0 0.10244 0.89756
1979 0 0 0 0 0.10312 0.89688
1980 0 0 0 0 0.10388 0.89612
1981 0 0 0 0 0.10458 0.89542
1982 0 0 0 0 0.10529 0.89471
1983 0 0 0 0 0.106 0.894
1984 0 0 0 0 0.10653 0.89347
1985 0 0 0 0 0.10707 0.89293
1986 0 0 0 0 0.10759 0.89241
1987 0 0 0 0 0.10807 0.89193
1988 0 0 0 0 0.10854 0.89146
1989 0 0 0 0 0.10886 0.89114
1990 0 0 0 0 0.10904 0.89096
1991 0 0 0 0 0.10938 0.89062
1992 0 0 0 0 0.10969 0.89031
1993 0 0 0 0 0.10993 0.89007
1994 0 0 0 0 0.11009 0.88991
1995 0 0 0 0 0.11021 0.88979
1996 0 0 0 0 0.11025 0.88975
1997 0 0 0 0 0.11034 0.88966
1998 0 0 0 0 0.11036 0.88964
1999 0 0 0 0 0.11031 0.88969
2000 0 0 0 0 0.11006 0.88994
2001 0 0 0 0 0.1098 0.8902
2002 0 0 0 0 0.10943 0.89057
2003 0 0 0 0 0.10903 0.89097
2004 0 0 0 0 0.10851 0.89149
2005 0 0 0 0 0.10771 0.89229
2006 0 0 0 0 0.10697 0.89303
2007 0 0 0 0 0.10651 0.89349
2008 0 0 0 0 0.10442 0.89558
2009 0 0 0 0 0.10346 0.89654
2010 0 0 0 0 0.10231 0.89769
2011 0 0 0 0 0.10042 0.89958
2012 0 0 0 0 0.09924 0.90076
2013 0 0 0 0 0.09786 0.90214
2014 0 0 0 0 0.09691 0.90309
2015 0 0 0 0 0.097 0.903
2016 0 0 0 0 0.09805 0.90195
2017 0 0 0 0 0.09686 0.90314
2018 0 0 0 0 0.09556 0.90444
2019 0 0 0 0 0.09433 0.90567
2020 0 0 0 0 0.09188 0.90812
2021 0 0 0 0 0.09037 0.90963
2022 0 0 0 0 0.08893 0.91107
2023 0 0 0 0 0.08704 0.91296
2024 0 0 0 0 0.08512 0.91488

Difference in mortality over time
Difference for: Asia
Year RUS+WAL EAL+BER GOA SEA+NBC SBC+WA OR+CA
1970 0 0 0 0 0 0
1971 0 0 0 0 0 0
1972 -1 0 0 0 0 0
1973 -1 0 0 0 0 0
1974 -1 0 0 0 0 0
1975 -1 0 0 0 0 0
1976 -1 0 0 0 0 0
1977 -1 0 0 0 0 0
1978 -2 0 0 0 0 0
1979 -2 0 0 0 0 0
1980 -2 0 0 0 0 0
1981 -2 0 0 0 0 0
1982 -3 0 0 0 0 0
1983 -3 0 0 0 0 0
1984 -3 0 0 0 0 0
1985 -4 -1 0 0 0 0
1986 -5 -1 0 0 0 0
1987 -5 -1 0 0 0 0
1988 -6 -1 0 0 0 0
1989 -7 -1 0 0 0 0
1990 -8 -1 0 0 0 0
1991 -9 -1 0 0 0 0
1992 -10 -1 0 0 0 0
1993 -11 -2 0 0 0 0
1994 -13 -2 0 0 0 0
1995 -14 -2 0 0 0 0
1996 -16 -2 0 0 0 0
1997 -18 -2 0 0 0 0
1998 -20 -3 0 0 0 0
1999 -22 -3 0 0 0 0
2000 -25 -3 0 0 0 0
2001 -28 -4 0 0 0 0
2002 -30 -4 0 0 0 0
2003 -33 -5 0 0 0 0
2004 -36 -5 0 0 0 0
2005 -39 -6 0 0 0 0
2006 -42 -6 0 0 0 0
2007 -46 -7 0 0 0 0
2008 -49 -7 0 0 0 0
2009 -53 -8 0 0 0 0
2010 -56 -8 0 0 0 0
2011 -60 -9 0 0 0 0
2012 -64 -9 0 0 0 0
2013 -66 -10 0 0 0 0
2014 -71 -10 0 0 0 0
2015 -71 -10 0 0 0 0
2016 -75 -11 0 0 0 0
2017 -79 -11 0 0 0 0
2018 -82 -12 0 0 0 0
2019 -87 -12 0 0 0 0
2020 -89 -13 0 0 0 0
2021 -92 -13 0 0 0 0
2022 -94 -13 0 0 0 0
2023 -96 -14 0 0 0 0
Difference for: Hawaii
Year RUS+WAL EAL+BER GOA SEA+NBC SBC+WA OR+CA
1970 0 0 0 -3 0 0
1971 0 -1 0 -4 0 0
1972 0 -1 -1 -5 0 0
1973 0 -1 -1 -7 0 0
1974 0 -2 -1 -9 0 0
1975 0 -2 -1 -11 0 0
1976 0 -2 -2 -13 0 0
1977 0 -3 -2 -15 0 0
1978 0 -3 -2 -17 0 0
1979 0 -3 -3 -19 0 0
1980 0 -4 -3 -21 0 0
1981 -1 -4 -3 -23 0 0
1982 -1 -5 -4 -26 0 0
1983 -1 -5 -4 -30 0 0
1984 -1 -6 -5 -35 0 0
1985 -1 -8 -6 -40 0 0
1986 -1 -9 -7 -47 0 0
1987 -1 -10 -8 -54 0 0
1988 -2 -12 -9 -62 -1 0
1989 -2 -14 -10 -71 -1 0
1990 -2 -16 -12 -80 -1 0
1991 -2 -18 -13 -89 -1 0
1992 -3 -21 -15 -100 -1 0
1993 -3 -23 -17 -111 -1 0
1994 -3 -27 -19 -124 -1 0
1995 -4 -30 -22 -138 -1 0
1996 -4 -34 -24 -154 -2 0
1997 -5 -39 -27 -171 -2 0
1998 -5 -43 -30 -189 -2 0
1999 -6 -49 -34 -208 -3 0
2000 -7 -55 -38 -229 -3 0
2001 -8 -61 -42 -250 -4 0
2002 -8 -68 -46 -273 -4 0
2003 -9 -75 -50 -295 -5 0
2004 -10 -83 -55 -319 -5 0
2005 -11 -91 -60 -342 -6 0
2006 -12 -99 -65 -367 -7 0
2007 -13 -108 -70 -393 -8 0
2008 -14 -118 -75 -419 -8 0
2009 -16 -128 -80 -445 -10 0
2010 -17 -138 -86 -470 -11 0
2011 -18 -149 -92 -496 -12 0
2012 -19 -159 -97 -524 -13 0
2013 -20 -170 -103 -550 -15 0
2014 -22 -181 -108 -574 -16 0
2015 -23 -192 -113 -596 -18 0
2016 -24 -203 -119 -621 -20 0
2017 -26 -214 -124 -646 -22 0
2018 -27 -225 -130 -670 -23 0
2019 -29 -236 -135 -693 -25 0
2020 -30 -247 -140 -716 -27 0
2021 -31 -257 -145 -737 -29 0
2022 -32 -268 -150 -758 -32 0
2023 -34 -278 -155 -777 -34 0
Difference for: MX_AR
Year RUS+WAL EAL+BER GOA SEA+NBC SBC+WA OR+CA
1970 0 0 0 0 0 0
1971 0 0 0 0 0 0
1972 0 -1 0 0 0 0
1973 0 -1 0 0 0 0
1974 0 -1 0 0 0 0
1975 0 -1 -1 0 0 0
1976 0 -1 -1 0 0 0
1977 0 -2 -1 0 0 0
1978 0 -2 -1 0 0 0
1979 0 -2 -1 -1 0 0
1980 0 -2 -1 -1 0 0
1981 0 -2 -1 -1 0 0
1982 0 -3 -1 -1 0 0
1983 0 -3 -2 -1 0 0
1984 -1 -4 -2 -1 0 0
1985 -1 -4 -2 -1 0 0
1986 -1 -5 -3 -1 0 0
1987 -1 -6 -3 -1 0 0
1988 -1 -7 -4 -2 0 0
1989 -1 -8 -4 -2 0 0
1990 -1 -10 -5 -2 0 0
1991 -2 -11 -5 -2 0 0
1992 -2 -12 -6 -3 0 0
1993 -2 -14 -7 -3 0 0
1994 -2 -16 -7 -3 0 0
1995 -3 -18 -8 -4 0 0
1996 -3 -20 -9 -4 0 0
1997 -3 -23 -11 -5 0 0
1998 -4 -26 -12 -5 -1 0
1999 -4 -29 -13 -6 -1 0
2000 -5 -33 -15 -6 -1 0
2001 -5 -36 -16 -7 -1 -1
2002 -6 -40 -18 -7 -1 -1
2003 -6 -45 -20 -8 -1 -1
2004 -7 -49 -21 -9 -1 -1
2005 -8 -54 -23 -9 -1 -1
2006 -8 -59 -25 -10 -2 -1
2007 -9 -64 -27 -11 -2 -1
2008 -10 -70 -29 -11 -2 -2
2009 -11 -76 -31 -12 -2 -2
2010 -12 -82 -33 -13 -3 -2
2011 -12 -88 -36 -14 -3 -2
2012 -13 -95 -38 -14 -3 -3
2013 -14 -101 -40 -15 -4 -3
2014 -15 -108 -42 -16 -4 -3
2015 -16 -114 -44 -16 -4 -4
2016 -17 -121 -46 -17 -5 -4
2017 -18 -127 -48 -18 -5 -5
2018 -19 -134 -50 -18 -6 -5
2019 -20 -140 -52 -19 -6 -6
2020 -21 -147 -55 -20 -6 -6
2021 -22 -153 -56 -20 -7 -7
2022 -23 -159 -58 -21 -8 -8
2023 -23 -165 -60 -21 -8 -9
Difference for: MX_ML
Year RUS+WAL EAL+BER GOA SEA+NBC SBC+WA OR+CA
1970 0 0 0 0 0 0
1971 0 0 0 0 0 0
1972 0 0 0 0 0 0
1973 0 -1 0 0 0 0
1974 0 -1 0 0 0 0
1975 0 -1 0 0 0 0
1976 0 -1 0 0 0 0
1977 0 -1 0 0 0 0
1978 0 -1 0 0 0 0
1979 0 -1 0 0 0 0
1980 0 -2 0 -1 0 0
1981 0 -2 -1 -1 0 0
1982 0 -2 -1 -1 0 0
1983 0 -2 -1 -1 0 0
1984 0 -3 -1 -1 0 0
1985 0 -3 -1 -1 0 0
1986 0 -4 -1 -1 0 -1
1987 0 -5 -1 -1 -1 -1
1988 0 -5 -1 -2 -1 -1
1989 -1 -6 -2 -2 -1 -1
1990 -1 -7 -2 -2 -1 -1
1991 -1 -8 -2 -2 -1 -1
1992 -1 -9 -2 -2 -1 -1
1993 -1 -10 -3 -3 -1 -2
1994 -1 -12 -3 -3 -1 -2
1995 -1 -13 -3 -3 -2 -2
1996 -1 -15 -4 -4 -2 -2
1997 -1 -17 -4 -4 -2 -3
1998 -1 -19 -5 -4 -3 -3
1999 -2 -21 -5 -5 -3 -4
2000 -2 -24 -6 -5 -3 -4
2001 -2 -26 -7 -6 -4 -5
2002 -2 -29 -7 -6 -4 -6
2003 -2 -32 -8 -7 -5 -6
2004 -3 -35 -9 -7 -6 -7
2005 -3 -39 -9 -8 -6 -8
2006 -3 -42 -10 -9 -7 -9
2007 -4 -46 -11 -9 -8 -11
2008 -4 -50 -12 -10 -9 -13
2009 -4 -54 -12 -10 -10 -14
2010 -4 -58 -13 -11 -12 -17
2011 -5 -63 -14 -11 -13 -19
2012 -5 -67 -15 -12 -14 -22
2013 -5 -71 -16 -13 -16 -25
2014 -6 -76 -17 -13 -18 -29
2015 -6 -80 -17 -14 -19 -31
2016 -6 -85 -18 -14 -21 -33
2017 -7 -89 -19 -15 -23 -37
2018 -7 -93 -20 -15 -25 -41
2019 -7 -98 -20 -16 -27 -46
2020 -8 -102 -21 -16 -29 -52
2021 -8 -106 -22 -17 -31 -58
2022 -8 -110 -23 -17 -33 -65
2023 -9 -114 -23 -17 -35 -72
Difference for: Central_Am
Year RUS+WAL EAL+BER GOA SEA+NBC SBC+WA OR+CA
1970 0 0 0 0 0 0
1971 0 0 0 0 0 0
1972 0 0 0 0 0 0
1973 0 0 0 0 0 0
1974 0 0 0 