Stock structure: B2F1; Model type = BC
Mortality impacts feeding grounds
Recruitment related to unfished
Staying rate: 0
Age-at-matrity: 8
Base adult survival: 0
Sigma for survival devs: 
Additional variance estimated
Weight for mark-recapture proportions: 1
Weight for genetics proportions: 1


Total objective fn: 248.977234277934
Negative log-likelihood fn: 180.714999430958

Natural Survival by feeding ground
RUS+WAL,EAL+BER,GOA,SEA+NBC,SBC+WA,OR+CA
1970 0.96 0.96 0.96 0.96 0.96 0.96
1971 0.96 0.96 0.96 0.96 0.96 0.96
1972 0.96 0.96 0.96 0.96 0.96 0.96
1973 0.96 0.96 0.96 0.96 0.96 0.96
1974 0.96 0.96 0.96 0.96 0.96 0.96
1975 0.96 0.96 0.96 0.96 0.96 0.96
1976 0.96 0.96 0.96 0.96 0.96 0.96
1977 0.96 0.96 0.96 0.96 0.96 0.96
1978 0.96 0.96 0.96 0.96 0.96 0.96
1979 0.96 0.96 0.96 0.96 0.96 0.96
1980 0.96 0.96 0.96 0.96 0.96 0.96
1981 0.96 0.96 0.96 0.96 0.96 0.96
1982 0.96 0.96 0.96 0.96 0.96 0.96
1983 0.96 0.96 0.96 0.96 0.96 0.96
1984 0.96 0.96 0.96 0.96 0.96 0.96
1985 0.96 0.96 0.96 0.96 0.96 0.96
1986 0.96 0.96 0.96 0.96 0.96 0.96
1987 0.96 0.96 0.96 0.96 0.96 0.96
1988 0.96 0.96 0.96 0.96 0.96 0.96
1989 0.96 0.96 0.96 0.96 0.96 0.96
1990 0.96 0.96 0.96 0.96 0.96 0.96
1991 0.96 0.96 0.96 0.96 0.96 0.96
1992 0.96 0.96 0.96 0.96 0.96 0.96
1993 0.96 0.96 0.96 0.96 0.96 0.96
1994 0.96 0.96 0.96 0.96 0.96 0.96
1995 0.96 0.96 0.96 0.96 0.96 0.96
1996 0.96 0.96 0.96 0.96 0.96 0.96
1997 0.96 0.96 0.96 0.96 0.96 0.96
1998 0.96 0.96 0.96 0.96 0.96 0.96
1999 0.96 0.96 0.96 0.96 0.96 0.96
2000 0.96 0.9653545 0.9616891 0.9545335 0.7708339 0.9725491
2001 0.96 0.9766178 0.9358516 0.9782867 0.7153048 0.9699894
2002 0.96 0.9916012 0.9462482 0.9872076 0.9566524 0.9796346
2003 0.96 0.9792507 0.8824287 0.9803333 0.9700631 0.9799764
2004 0.96 0.9888286 0.8491612 0.9694996 0.9095754 0.9761899
2005 0.96 0.9875175 0.9182925 0.9294408 0.9660461 0.9576695
2006 0.96 0.9884196 0.9757654 0.9616015 0.9755184 0.8725516
2007 0.96 0.9917921 0.9797149 0.9338908 0.9579398 0.9431119
2008 0.96 0.9935203 0.9891468 0.9955183 0.9535399 0.9215948
2009 0.96 0.9218585 0.9661084 0.950559 0.9625436 0.9530367
2010 0.96 0.9565855 0.9854709 0.9934909 0.973465 0.9653782
2011 0.96 0.9424764 0.963321 0.904178 0.941635 0.9545205
2012 0.96 0.9814168 0.9650435 0.9755874 0.9644182 0.9543137
2013 0.96 0.9689026 0.9417001 0.7741914 0.9434164 0.980841
2014 0.96 0.9628136 0.6521624 0.7846482 0.9481645 0.9809701
2015 0.96 0.8198993 0.7054461 0.8890901 0.9226387 0.9840761
2016 0.96 0.8757159 0.811188 0.7409032 0.9658841 0.9885345
2017 0.96 0.7364195 0.8795183 0.9447818 0.9628611 0.9763326
2018 0.96 0.8425498 0.911898 0.9160615 0.9341612 0.9744073
2019 0.96 0.9085836 0.8090841 0.9175917 0.9658884 0.9649882
2020 0.96 0.8750105 0.7887222 0.9511246 0.9709649 0.9840864
2021 0.96 0.7662877 0.9204553 0.9581324 0.9799944 0.949026
2022 0.96 0.7246353 0.9613241 0.9406776 0.960318 0.9590965
2023 0.96 0.8421989 0.9623951 0.9618135 0.9833313 0.9602751

Naturak Survival by breeding stock
RUS+WAL,EAL+BER,GOA,SEA+NBC,SBC+WA,OR+CA
1970 0.96 0.96 0.96 0.96 0.96
1971 0.96 0.96 0.96 0.96 0.96
1972 0.96 0.96 0.96 0.96 0.96
1973 0.96 0.96 0.96 0.96 0.96
1974 0.96 0.96 0.96 0.96 0.96
1975 0.96 0.96 0.96 0.96 0.96
1976 0.96 0.96 0.96 0.96 0.96
1977 0.96 0.96 0.96 0.96 0.96
1978 0.96 0.96 0.96 0.96 0.96
1979 0.96 0.96 0.96 0.96 0.96
1980 0.96 0.96 0.96 0.96 0.96
1981 0.96 0.96 0.96 0.96 0.96
1982 0.96 0.96 0.96 0.96 0.96
1983 0.96 0.96 0.96 0.96 0.96
1984 0.96 0.96 0.96 0.96 0.96
1985 0.96 0.96 0.96 0.96 0.96
1986 0.96 0.96 0.96 0.96 0.96
1987 0.96 0.96 0.96 0.96 0.96
1988 0.96 0.96 0.96 0.96 0.96
1989 0.96 0.96 0.96 0.96 0.96
1990 0.96 0.96 0.96 0.96 0.96
1991 0.96 0.96 0.96 0.96 0.96
1992 0.96 0.96 0.96 0.96 0.96
1993 0.96 0.96 0.96 0.96 0.96
1994 0.96 0.96 0.96 0.96 0.96
1995 0.96 0.96 0.96 0.96 0.96
1996 0.96 0.96 0.96 0.96 0.96
1997 0.96 0.96 0.96 0.96 0.96
1998 0.96 0.96 0.96 0.96 0.96
1999 0.96 0.96 0.96 0.96 0.96
2000 0.96 0.96 0.96 0.96 0.96
2001 0.96 0.96 0.96 0.96 0.96
2002 0.96 0.96 0.96 0.96 0.96
2003 0.96 0.96 0.96 0.96 0.96
2004 0.96 0.96 0.96 0.96 0.96
2005 0.96 0.96 0.96 0.96 0.96
2006 0.96 0.96 0.96 0.96 0.96
2007 0.96 0.96 0.96 0.96 0.96
2008 0.96 0.96 0.96 0.96 0.96
2009 0.96 0.96 0.96 0.96 0.96
2010 0.96 0.96 0.96 0.96 0.96
2011 0.96 0.96 0.96 0.96 0.96
2012 0.96 0.96 0.96 0.96 0.96
2013 0.96 0.96 0.96 0.96 0.96
2014 0.96 0.96 0.96 0.96 0.96
2015 0.96 0.96 0.96 0.96 0.96
2016 0.96 0.96 0.96 0.96 0.96
2017 0.96 0.96 0.96 0.96 0.96
2018 0.96 0.96 0.96 0.96 0.96
2019 0.96 0.96 0.96 0.96 0.96
2020 0.96 0.96 0.96 0.96 0.96
2021 0.96 0.96 0.96 0.96 0.96
2022 0.96 0.96 0.96 0.96 0.96
2023 0.96 0.96 0.96 0.96 0.96

Fecundity by feeding ground
RUS+WAL,EAL+BER,GOA,SEA+NBC,SBC+WA,OR+CA
1970 0.9599616 0.9614193 0.9596597 0.9574207 0.962477 0.9668722
1971 0.960039 0.961489 0.9596711 0.9575436 0.9625029 0.9669483
1972 0.9576323 0.9589757 0.956704 0.9542022 0.960215 0.965767
1973 0.9550459 0.9565741 0.9538588 0.9510348 0.9580272 0.9646616
1974 0.9526028 0.9542878 0.9511425 0.9480476 0.9559421 0.9636532
1975 0.9502877 0.9521097 0.9485567 0.9452289 0.9539542 0.9627193
1976 0.948102 0.950035 0.9460884 0.9425691 0.9520698 0.9618559
1977 0.9460396 0.9480577 0.9437318 0.9400632 0.9502735 0.9610576
1978 0.9440952 0.946174 0.9414821 0.9377002 0.9485637 0.960326
1979 0.9422636 0.9443871 0.9393344 0.9354729 0.946935 0.9596552
1980 0.9405496 0.9426864 0.9372841 0.9333782 0.9453839 0.9590499
1981 0.9389349 0.9410658 0.9353348 0.9314009 0.9439166 0.958499
1982 0.9366924 0.9388435 0.9326836 0.9286626 0.9419026 0.9577003
1983 0.9338957 0.9360756 0.9293873 0.9252345 0.9393915 0.9566825
1984 0.9306016 0.9328198 0.9255225 0.9212049 0.9364475 0.9554588
1985 0.92688 0.9291298 0.9211459 0.916622 0.9331096 0.9540782
1986 0.922779 0.9250558 0.9163351 0.9116061 0.9294224 0.9525624
1987 0.918361 0.9206468 0.9111325 0.9062638 0.925441 0.9509353
1988 0.9136747 0.91595 0.9055998 0.9005327 0.9211955 0.9492224
1989 0.908766 0.9109969 0.8997796 0.8944308 0.9167344 0.9474149
1990 0.9036861 0.9058371 0.8937191 0.8881326 0.9120927 0.9455217
1991 0.8984636 0.9005021 0.8874689 0.8816694 0.9072936 0.9436384
1992 0.8929631 0.8948545 0.8808568 0.8748967 0.9022169 0.9416652
1993 0.8870651 0.8887714 0.8737538 0.8675223 0.8967558 0.939542
1994 0.8806754 0.8821612 0.8660434 0.8595979 0.8908218 0.9372224
1995 0.8737234 0.8749472 0.8576441 0.8509697 0.8843492 0.9347011
1996 0.8661597 0.8670765 0.8485078 0.8416997 0.8772878 0.9319347
1997 0.8579645 0.858517 0.8386109 0.8316468 0.8695644 0.9289304
1998 0.8491258 0.8493185 0.8279337 0.8208701 0.8612226 0.9256934
1999 0.8396483 0.8394055 0.8164757 0.8094114 0.8522878 0.9222339
2000 0.8295597 0.8287545 0.8042714 0.797096 0.8426968 0.9184281
2001 0.8188803 0.816182 0.7909185 0.7856818 0.8656166 0.9132681
2002 0.8076236 0.7999988 0.7841181 0.7662356 0.8900729 0.9080402
2003 0.7957548 0.7783255 0.773617 0.7429519 0.8793748 0.9013812
2004 0.7832522 0.7591591 0.7810311 0.7209021 0.8695916 0.8941576
2005 0.7700747 0.7349657 0.7953252 0.7017503 0.8694121 0.8869436
2006 0.756182 0.7095494 0.7900922 0.6975637 0.85915 0.8816732
2007 0.7415551 0.6817603 0.7692939 0.6788016 0.8465258 0.8868411
2008 0.7261618 0.6503627 0.7467416 0.6718564 0.8381045 0.881574
2009 0.7100186 0.6159501 0.7191216 0.6346661 0.8285224 0.879764
2010 0.6931558 0.6172995 0.6991613 0.6210086 0.8169841 0.8735624
2011 0.6756058 0.5992211 0.6694466 0.5820676 0.8035281 0.8647747
2012 0.6574194 0.5881536 0.6499304 0.5916944 0.7971477 0.8573006
2013 0.6397257 0.5530467 0.6282429 0.5599589 0.7826724 0.8489377
2014 0.6188539 0.5250611 0.6192483 0.6365638 0.774397 0.8359589
2015 0.6040843 0.5009401 0.7330661 0.6913342 0.7644474 0.8245742
2016 0.5835447 0.563454 0.791498 0.6957371 0.7614008 0.8134517
2017 0.5622463 0.5853626 0.8097698 0.7530247 0.7435497 0.7975314
2018 0.5410298 0.6698194 0.8114495 0.7325104 0.7288216 0.7856749
2019 0.5183663 0.6910522 0.8063305 0.7271605 0.7218037 0.7716294
2020 0.4979264 0.6849414 0.8253275 0.7214189 0.7030779 0.7585941
2021 0.477749 0.6946255 0.8449249 0.7028477 0.6806306 0.738572
2022 0.4578826 0.7426962 0.8362814 0.6824335 0.6529329 0.7299779
2023 0.4385008 0.7916152 0.8217289 0.6704575 0.635297 0.7168457

Total abundance: Estimate SD_log
1970 1117.888 NaN
1971 1406.019 NaN
1972 1642.028 NaN
1973 1861.891 NaN
1974 2073.957 NaN
1975 2273.963 NaN
1976 2463.18 NaN
1977 2642.027 NaN
1978 2811.096 NaN
1979 2970.743 NaN
1980 3121.289 NaN
1981 3342.379 NaN
1982 3614.483 NaN
1983 3931.426 NaN
1984 4288.03 NaN
1985 4679.313 NaN
1986 5100.879 NaN
1987 5546.766 NaN
1988 6011.555 NaN
1989 6495.109 NaN
1990 6996.134 NaN
1991 7527.286 NaN
1992 8097.719 NaN
1993 8715.941 NaN
1994 9393.015 NaN
1995 10128.48 NaN
1996 10926.45 NaN
1997 11784.78 NaN
1998 12705.78 NaN
1999 13682.74 NaN
2000 14713.45 NaN
2001 15573.78 18.55076
2002 16618.56 1.412038
2003 18253.48 0.6865379
2004 19681.46 0.4484533
2005 21008.98 0.1865907
2006 22211.65 0.1247731
2007 23765.94 0.1162434
2008 25358.92 NaN
2009 27761.06 NaN
2010 28840.13 0.2737254
2011 31106.26 0.06329472
2012 31872.22 0.1741781
2013 34300.28 0.2087263
2014 33855.91 0.2291334
2015 32553.45 0.2413426
2016 30749.58 0.2196157
2017 29226.95 0.2293295
2018 28324.94 0.2160238
2019 28445.76 0.181984
2020 29185.9 0.1755015
2021 30031.93 0.1779407
2022 30098.94 0.04163841
2023 29971.97 NaN
2024 31034.61 NaN

Breeding stock abundance: Estimate SD_log Estimate/K
Asia
1 77.52301 NaN 1.809506
2 98.10912 NaN 2.290017
3 114.2439 NaN 2.666627
4 126.4773 NaN 2.952174
5 140.364 NaN 3.27631
6 153.3739 NaN 3.579982
7 165.6579 NaN 3.866709
8 177.1534 NaN 4.13503
9 187.8954 NaN 4.385766
10 197.9171 NaN 4.619687
11 207.2417 NaN 4.837338
12 221.056 NaN 5.159785
13 238.1315 NaN 5.558352
14 258.0551 NaN 6.023402
15 280.3402 NaN 6.54357
16 304.7386 NaN 7.113064
17 330.8219 NaN 7.721889
18 358.3978 NaN 8.365553
19 387.0911 NaN 9.035298
20 416.647 NaN 9.725177
21 446.8481 NaN 10.43012
22 478.6323 NaN 11.17201
23 512.774 NaN 11.96893
24 549.6773 NaN 12.83031
25 589.7144 NaN 13.76484
26 633.1248 NaN 14.7781
27 680.0424 NaN 15.87323
28 730.4971 NaN 17.05092
29 784.3236 NaN 18.30731
30 841.3176 NaN 19.63764
31 901.3441 NaN 21.03875
32 965.2921 NaN 22.53139
33 1034.701 NaN 24.1515
34 1110.892 NaN 25.92991
35 1188.401 0.07852751 27.7391
36 1272.443 NaN 29.70077
37 1360.581 NaN 31.75803
38 1453.408 NaN 33.92476
39 1551.734 NaN 36.21984
40 1655.038 NaN 38.63112
41 1735.766 NaN 40.51544
42 1831.764 NaN 42.75618
43 1925.33 NaN 44.94014
44 2036.468 NaN 47.53427
45 2132.158 NaN 49.76783
46 2255.628 NaN 52.64981
47 2249.953 NaN 52.51735
48 2332.284 NaN 54.43908
49 2374.08 NaN 55.41466
50 2449.883 NaN 57.18402
51 2556.855 NaN 59.68091
52 2631.304 NaN 61.41866
53 2678.517 NaN 62.52068
54 2719.049 NaN 63.46676
Hawaii
1 706.8005 NaN 2.082751
2 892.5859 NaN 2.63021
3 1043.729 NaN 3.075589
4 1186.951 NaN 3.497626
5 1323.653 NaN 3.900449
6 1453.373 NaN 4.282699
7 1576.476 NaN 4.645451
8 1693.293 NaN 4.989679
9 1804.09 NaN 5.316168
10 1909.247 NaN 5.626036
11 2008.901 NaN 5.919691
12 2154.395 NaN 6.348421
13 2333.187 NaN 6.875274
14 2541.358 NaN 7.488699
15 2775.688 NaN 8.179203
16 3032.556 NaN 8.936124
17 3309.867 NaN 9.753288
18 3603.149 NaN 10.61751
19 3908.679 NaN 11.51782
20 4227.568 NaN 12.4575
21 4558.81 NaN 13.43359
22 4909.348 NaN 14.46653
23 5286.779 NaN 15.57871
24 5695.668 NaN 16.7836
25 6144.283 NaN 18.10555
26 6630.666 NaN 19.53879
27 7158.542 NaN 21.09429
28 7724.928 NaN 22.76328
29 8332.75 NaN 24.55437
30 8977.147 NaN 26.45323
31 9656.519 NaN 28.45516
32 10191.6 18.88731 30.03189
33 10888.41 1.421443 32.08521
34 11982.63 0.6832635 35.30959
35 12903.61 0.4266902 38.02346
36 13717.47 0.1674209 40.42169
37 14390.97 0.1029813 42.4063
38 15572.26 0.09953883 45.88724
39 16560.32 NaN 48.7988
40 18326.34 NaN 54.00278
41 19008.31 0.2579929 56.01237
42 20608.3 0.05435865 60.72712
43 20876.59 0.1642528 61.51768
44 22509.98 0.2028613 66.33085
45 21379.33 0.225336 62.99911
46 19670.22 0.2457371 57.96284
47 18164.75 0.1833206 53.52662
48 16452.84 0.1953049 48.4821
49 15729.77 0.06004237 46.3514
50 15596.91 0.1273008 45.95988
51 15815.16 0.1955421 46.60303
52 16083.36 NaN 47.39332
53 16103.19 0.2053356 47.45175
54 15864.99 0.2803822 46.74984
MX_AR
1 118.0776 NaN 1.151949
2 149.1591 NaN 1.455176
3 174.7141 NaN 1.704487
4 198.7548 NaN 1.939025
5 222.0979 NaN 2.166757
6 244.299 NaN 2.383348
7 265.4329 NaN 2.589527
8 285.5604 NaN 2.785888
9 304.7305 NaN 2.972909
10 322.9894 NaN 3.15104
11 340.3328 NaN 3.320241
12 365.5254 NaN 3.566016
13 396.4411 NaN 3.867626
14 432.4565 NaN 4.218987
15 473.0178 NaN 4.614697
16 517.5919 NaN 5.049556
17 565.6736 NaN 5.518635
18 616.7075 NaN 6.016515
19 670.249 NaN 6.538858
20 725.9472 NaN 7.082242
21 783.5899 NaN 7.644596
22 844.9034 NaN 8.242762
23 910.9735 NaN 8.887333
24 982.8192 NaN 9.58825
25 1061.332 NaN 10.35421
26 1146.901 NaN 11.18901
27 1239.876 NaN 12.09606
28 1340.315 NaN 13.07593
29 1448.242 NaN 14.12885
30 1562.935 NaN 15.24778
31 1684.528 NaN 16.43402
32 1807.132 9.241319 17.63014
33 1941.379 0.6180629 18.93983
34 2133.335 0.2356196 20.81253
35 2285.044 NaN 22.29257
36 2442.446 NaN 23.82817
37 2633.185 NaN 25.689
38 2860.504 NaN 27.90668
39 3120.67 NaN 30.44483
40 3423.108 NaN 33.39538
41 3524.151 NaN 34.38114
42 3759.919 NaN 36.68126
43 3910.145 NaN 38.14684
44 4214.574 NaN 41.11681
45 4399.417 NaN 42.92012
46 4350.631 NaN 42.44417
47 3966.146 NaN 38.69318
48 3841.191 NaN 37.47414
49 3477.786 NaN 33.92881
50 3412.523 NaN 33.29211
51 3467.172 NaN 33.82526
52 3468.352 NaN 33.83677
53 3301.472 NaN 32.20871
54 3126.645 NaN 30.50313
MX_ML
1 169.2082 NaN 0.6139637
2 209.588 NaN 0.76048
3 243.6337 NaN 0.8840131
4 275.4279 NaN 0.9993768
5 305.619 NaN 1.108924
6 333.4782 NaN 1.21001
7 359.4743 NaN 1.304335
8 383.6773 NaN 1.392155
9 406.2972 NaN 1.47423
10 427.3125 NaN 1.550483
11 446.7667 NaN 1.621072
12 476.0292 NaN 1.727249
13 512.2262 NaN 1.858588
14 554.4814 NaN 2.011909
15 601.9956 NaN 2.184312
16 654.2251 NaN 2.373824
17 710.2643 NaN 2.57716
18 769.4336 NaN 2.791853
19 831.007 NaN 3.015269
20 894.611 NaN 3.246053
21 960.1883 NaN 3.483997
22 1030.128 NaN 3.737769
23 1104.49 NaN 4.00759
24 1185.069 NaN 4.299967
25 1273.14 NaN 4.619529
26 1369.259 NaN 4.968291
27 1473.508 NaN 5.346552
28 1586.295 NaN 5.755796
29 1707.38 NaN 6.195148
30 1835.934 NaN 6.661599
31 1971.6 NaN 7.153856
32 2080.215 30.38307 7.547962
33 2195.557 2.430148 7.966475
34 2413.342 1.220551 8.756697
35 2630.514 0.928483 9.544694
36 2844.214 0.3012143 10.32009
37 3046.089 0.03625144 11.05259
38 3123.551 0.1748901 11.33365
39 3332.95 NaN 12.09345
40 3541.247 NaN 12.84924
41 3700.717 0.3528641 13.42787
42 3965.272 NaN 14.3878
43 4155.766 NaN 15.079
44 4463.559 NaN 16.19581
45 4756.762 0.1890734 17.25968
46 4980.342 0.326005 18.07093
47 4977.124 0.2884167 18.05925
48 5105.713 0.337201 18.52584
49 5135.131 0.322192 18.63258
50 5281.566 0.3090613 19.16391
51 5533.449 0.3344277 20.07785
52 5869.266 0.3101915 21.29635
53 5953.424 0.3096379 21.60171
54 6083.961 0.3092802 22.07536
Central_Am
1 46.27832 NaN 0.960809
2 56.57637 NaN 1.174612
3 65.70754 NaN 1.364189
4 74.28002 NaN 1.542167
5 82.22283 NaN 1.707072
6 89.43865 NaN 1.856884
7 96.13823 NaN 1.995977
8 102.3426 NaN 2.124789
9 108.083 NaN 2.243969
10 113.2769 NaN 2.351802
11 118.0463 NaN 2.450822
12 125.3735 NaN 2.602947
13 134.4971 NaN 2.792366
14 145.0745 NaN 3.01197
15 156.9889 NaN 3.25933
16 170.2015 NaN 3.533646
17 184.252 NaN 3.825356
18 199.0786 NaN 4.133178
19 214.5287 NaN 4.453945
20 230.3358 NaN 4.782126
21 246.6978 NaN 5.121825
22 264.2744 NaN 5.486743
23 282.7016 NaN 5.869319
24 302.7069 NaN 6.284661
25 324.5454 NaN 6.738061
26 348.5295 NaN 7.236008
27 374.4865 NaN 7.774914
28 402.7413 NaN 8.361528
29 433.0841 NaN 8.991492
30 465.4039 NaN 9.662501
31 499.4568 NaN 10.36949
32 529.5473 31.21619 10.99422
33 558.5068 2.573566 11.59546
34 613.2754 1.350925 12.73254
35 673.8888 1.087541 13.99097
36 732.4106 0.5126427 15.20597
37 780.8328 0.341997 16.21129
38 756.2252 0.3791746 15.7004
39 793.2454 0.3351095 16.46899
40 815.3286 0.2873735 16.92747
41 871.1874 0.5687624 18.08719
42 940.998 0.177324 19.53656
43 1004.393 0.2643485 20.85274
44 1075.696 0.1892154 22.33311
45 1188.241 0.230915 24.66972
46 1296.629 0.2760859 26.92001
47 1391.605 0.2631335 28.89185
48 1494.919 0.3060817 31.03682
49 1608.167 0.2945937 33.38803
50 1704.885 0.2686862 35.39604
51 1813.256 0.2798566 37.64598
52 1979.654 0.2699904 41.10066
53 2062.344 0.2278237 42.81743
54 2177.334 0.1545515 45.20479

Feeding stock abundance: Estimate SD_log Estimate/K
RUS+WAL
1 101.7497 NaN 1.547466
2 129.636 NaN 1.971577
3 147.5477 NaN 2.243988
4 167.6772 NaN 2.550128
5 186.6757 NaN 2.839069
6 204.6873 NaN 3.112999
7 221.6835 NaN 3.371487
8 237.7138 NaN 3.615284
9 252.8174 NaN 3.844989
10 267.035 NaN 4.061218
11 280.3189 NaN 4.263246
12 299.9558 NaN 4.561897
13 324.1672 NaN 4.930116
14 352.3268 NaN 5.358383
15 384.0103 NaN 5.840244
16 418.6725 NaN 6.367405
17 455.9635 NaN 6.934549
18 495.398 NaN 7.53429
19 536.6092 NaN 8.161053
20 579.2529 NaN 8.809602
21 622.9329 NaN 9.473913
22 669.2173 NaN 10.17783
23 718.9793 NaN 10.93464
24 772.9603 NaN 11.75561
25 831.7101 NaN 12.64911
26 895.6044 NaN 13.62085
27 964.8605 NaN 14.67414
28 1039.463 NaN 15.80873
29 1119.357 NaN 17.02381
30 1204.37 NaN 18.31673
31 1294.147 NaN 19.68211
32 1388.831 NaN 21.12212
33 1488.519 NaN 22.63823
34 1593.645 NaN 24.23705
35 1704.43 NaN 25.92193
36 1821.203 0.07033872 27.69788
37 1944.228 0.0687355 29.56891
38 2073.535 NaN 31.53548
39 2209.249 NaN 33.5995
40 2351.032 NaN 35.75582
41 2498.436 NaN 37.99762
42 2651.077 NaN 40.31907
43 2808.458 NaN 42.7126
44 2960.517 NaN 45.02521
45 3140.521 NaN 47.7628
46 3263.901 NaN 49.63923
47 3441.644 NaN 52.34246
48 3621.672 NaN 55.08041
49 3799.642 NaN 57.78709
50 3989.503 NaN 60.6746
51 4157.655 NaN 63.23195
52 4324.314 NaN 65.76659
53 4487.375 NaN 68.24652
54 4645.334 NaN 70.64884
EAL+BER
1 265.5551 NaN 1.363869
2 338.4206 NaN 1.7381
3 396.8584 NaN 2.038232
4 452.4865 NaN 2.323933
5 505.4489 NaN 2.595943
6 555.9113 NaN 2.855114
7 603.9828 NaN 3.102005
8 649.7994 NaN 3.337315
9 693.4464 NaN 3.561483
10 734.8238 NaN 3.773993
11 774.2017 NaN 3.976235
12 831.5341 NaN 4.270689
13 902.0064 NaN 4.632629
14 984.1923 NaN 5.05473
15 1076.771 NaN 5.530208
16 1178.522 NaN 6.052791
17 1288.306 NaN 6.616631
18 1405.01 NaN 7.216016
19 1527.556 NaN 7.845402
20 1655.282 NaN 8.501391
21 1787.026 NaN 9.178019
22 1927.204 NaN 9.897957
23 2078.52 NaN 10.67511
24 2243.301 NaN 11.52141
25 2423.141 NaN 12.44505
26 2619.332 NaN 13.45267
27 2832.61 NaN 14.54805
28 3063.252 NaN 15.73261
29 3309.412 NaN 16.99687
30 3572.743 NaN 18.34931
31 3853.499 NaN 19.79125
32 4179.976 NaN 21.46801
33 4594.467 NaN 23.5968
34 5144.385 0.084245 26.42113
35 5644.791 0.2383441 28.99118
36 6260.393 0.2362909 32.15286
37 6910.511 0.2328536 35.49181
38 7617.267 0.2218875 39.12165
39 8408.816 0.2017324 43.18697
40 9270.429 0.1968186 47.61215
41 9295.632 0.1129874 47.74159
42 9762.405 0.1443136 50.13889
43 10077.7 0.1149293 51.7582
44 10939.87 0.1006742 56.18627
45 11639 0.05636639 59.77694
46 12238.72 0.09538333 62.85706
47 10812.23 0.1524715 55.53069
48 10338.46 NaN 53.09749
49 8383.43 NaN 43.05659
50 7769.937 NaN 39.90575
51 7858.49 NaN 40.36055
52 7613.894 NaN 39.10432
53 6475.697 0.409384 33.25864
54 5223.094 NaN 26.82537
GOA
1 134.0653 NaN 1.5855
2 171.7212 NaN 2.030831
3 201.7827 NaN 2.386349
4 230.4753 NaN 2.725677
5 257.8656 NaN 3.049604
6 283.9255 NaN 3.357797
7 308.8022 NaN 3.651997
8 332.5548 NaN 3.932903
9 355.2304 NaN 4.201072
10 376.8776 NaN 4.457079
11 397.5428 NaN 4.701472
12 427.3117 NaN 5.053529
13 463.73 NaN 5.484225
14 506.1601 NaN 5.986017
15 553.817 NaN 6.549624
16 606.1557 0.009235694 7.168598
17 662.3739 0.03998002 7.833452
18 722.0867 0.05584124 8.539636
19 784.6735 0.06805665 9.279809
20 849.7347 0.07834051 10.04924
21 916.8091 0.08731546 10.84249
22 987.9772 0.09573841 11.68415
23 1064.743 0.1038411 12.592
24 1148.104 0.111757 13.57786
25 1238.969 0.1195287 14.65246
26 1337.889 0.1271725 15.82232
27 1445.072 0.1346935 17.0899
28 1560.493 0.1420919 18.45491
29 1684.128 0.1493304 19.91706
30 1815.77 0.1563861 21.47389
31 1954.847 0.1632458 23.11867
32 2105.829 0.1739658 24.90423
33 2191.271 0.1473289 25.91469
34 2309.709 0.177286 27.31539
35 2249.004 0.787702 26.59747
36 2104.537 0.1281979 24.88895
37 2149.093 NaN 25.41589
38 2367.269 NaN 27.9961
39 2616.813 NaN 30.9473
40 2919.215 NaN 34.5236
41 3146.272 NaN 37.20885
42 3463.099 NaN 40.95576
43 3681.129 NaN 43.53425
44 3909.468 0.1110053 46.23466
45 4006.741 NaN 47.38504
46 2868.259 NaN 33.92098
47 2223.541 NaN 26.29633
48 1985.273 0.1900104 23.4785
49 1948.418 0.1410385 23.04264
50 1994.463 NaN 23.58718
51 1808.209 NaN 21.38448
52 1581.84 NaN 18.70736
53 1638.585 NaN 19.37845
54 1783.797 NaN 21.09578
SEA+NBC
1 384.8373 NaN 1.867505
2 488.995 NaN 2.372952
3 570.6952 NaN 2.769419
4 647.7208 NaN 3.143202
5 720.3642 NaN 3.49572
6 788.9141 NaN 3.828372
7 853.5905 NaN 4.142228
8 914.5021 NaN 4.437815
9 971.922 NaN 4.716457
10 1026.024 NaN 4.979
11 1076.872 NaN 5.225748
12 1152.066 NaN 5.590643
13 1244.621 NaN 6.039787
14 1352.603 NaN 6.563793
15 1473.865 NaN 7.15224
16 1607.393 NaN 7.800215
17 1750.07 NaN 8.492584
18 1899.176 NaN 9.216154
19 2056.847 NaN 9.981283
20 2222.796 NaN 10.78659
21 2392.27 NaN 11.609
22 2571.351 NaN 12.47802
23 2762.805 NaN 13.4071
24 2973.608 NaN 14.43006
25 3201.047 NaN 15.53376
26 3448.533 NaN 16.73474
27 3713.36 NaN 18.01986
28 3998.851 NaN 19.40527
29 4302.622 NaN 20.87938
30 4623.022 NaN 22.43419
31 4964.639 NaN 24.09196
32 5284.2 NaN 25.6427
33 5801.462 NaN 28.15282
34 6425.975 0.122341 31.1834
35 7026.399 0.141562 34.09709
36 7554.315 NaN 36.65891
37 7708.991 NaN 37.40951
38 8207.159 0.05725853 39.82698
39 8426.544 NaN 40.89159
40 9381.903 NaN 45.52767
41 9769.216 NaN 47.40718
42 10785.67 NaN 52.33972
43 10606.77 NaN 51.4716
44 11424.99 NaN 55.44216
45 9559.804 NaN 46.39097
46 8153.163 NaN 39.56495
47 7977.459 NaN 38.71231
48 6539.228 NaN 31.73299
49 6938.875 NaN 33.67236
50 7077.839 NaN 34.34671
51 7236.167 NaN 35.11503
52 7673.204 NaN 37.23585
53 8207.303 NaN 39.82767
54 8480.851 NaN 41.15512
SBC+WA
1 80.0737 NaN 1.230644
2 102.4623 NaN 1.574733
3 120.2586 NaN 1.848241
4 137.2153 NaN 2.108847
5 153.3759 NaN 2.357219
6 168.7844 NaN 2.594029
7 183.3754 NaN 2.818277
8 197.2863 NaN 3.032072
9 210.5263 NaN 3.235556
10 223.1365 NaN 3.429362
11 235.1455 NaN 3.613927
12 252.5251 NaN 3.881032
13 273.8905 NaN 4.209394
14 298.8261 NaN 4.592628
15 326.8244 NaN 5.022931
16 357.6049 NaN 5.495993
17 390.832 NaN 6.006656
18 426.07 NaN 6.548225
19 463.1092 NaN 7.117477
20 501.5701 NaN 7.708579
21 541.1924 NaN 8.31753
22 583.3699 NaN 8.965751
23 628.8782 NaN 9.665163
24 678.3851 NaN 10.42603
25 732.4228 NaN 11.25653
26 791.3502 NaN 12.16218
27 855.4144 NaN 13.14677
28 925.0996 NaN 14.21776
29 999.8536 NaN 15.36665
30 1079.335 NaN 16.58818
31 1164.015 NaN 17.88963
32 995.1671 291.3796 15.29462
33 786.0881 32.45533 12.08131
34 844.3327 18.2529 12.97646
35 928.0515 15.22171 14.26313
36 938.8979 8.282595 14.42982
37 1021.75 6.425953 15.70318
38 1130.937 4.877273 17.38126
39 1207.541 3.518123 18.55857
40 1293.31 2.282953 19.87674
41 1383.931 5.897277 21.2695
42 1491.974 1.370166 22.92999
43 1565.262 3.52746 24.05635
44 1691.618 4.346503 25.9983
45 1765.746 4.483063 27.13757
46 1857.262 4.512378 28.54407
47 1895.761 4.132733 29.13576
48 2042.206 3.903576 31.38645
49 2168.829 3.590239 33.33251
50 2239.835 3.08458 34.42379
51 2394.578 3.145199 36.80201
52 2579.125 2.730753 39.6383
53 2811.183 2.519304 43.20478
54 2960.809 2.496989 45.50436
OR+CA
1 130.2065 NaN 0.6770455
2 164.8834 NaN 0.8573578
3 191.5859 NaN 0.996205
4 216.5163 NaN 1.125838
5 239.1264 NaN 1.243406
6 260.0403 NaN 1.352153
7 279.3454 NaN 1.452535
8 297.1704 NaN 1.545222
9 313.4538 NaN 1.629892
10 328.3454 NaN 1.707325
11 341.7081 NaN 1.776808
12 362.5864 NaN 1.885371
13 388.568 NaN 2.020469
14 419.0173 NaN 2.178799
15 453.7421 NaN 2.35936
16 491.5644 NaN 2.556028
17 532.0343 NaN 2.766463
18 574.6251 NaN 2.987926
19 618.7599 NaN 3.217417
20 664.7728 NaN 3.456674
21 712.5029 NaN 3.704861
22 761.5669 NaN 3.959983
23 814.1929 NaN 4.233626
24 871.5817 NaN 4.532036
25 934.6245 NaN 4.859844
26 1003.172 NaN 5.216277
27 1078.137 NaN 5.60608
28 1159.118 NaN 6.02716
29 1245.808 NaN 6.477929
30 1337.799 NaN 6.956265
31 1438.3 NaN 7.478846
32 1570.482 0.04100605 8.166165
33 1707.849 0.02441802 8.880442
34 1879.031 0.03308313 9.770553
35 2067.282 0.02059734 10.74942
36 2257.039 NaN 11.73611
37 2403.078 0.1078017 12.49549
38 2305.176 NaN 11.98641
39 2422.956 NaN 12.59884
40 2483.07 NaN 12.91142
41 2638.643 NaN 13.72037
42 2865.336 0.03629628 14.89912
43 3069.504 NaN 15.96075
44 3292.014 NaN 17.11776
45 3615.59 NaN 18.80029
46 3903.44 NaN 20.29704
47 4168.544 NaN 21.67553
48 4577.51 NaN 23.80206
49 4880.043 NaN 25.37516
50 5247.187 NaN 27.28423
51 5595.497 NaN 29.09537
52 6094.757 0.05561758 31.69141
53 6342.098 NaN 32.97753
54 6690.59 NaN 34.78961

Parameters: Estimate  Std. Error      z value    Pr(>|z^2|)
rval 0.09109185 0.00074487 122.29248142 0
logK 8.36269132 NaN NaN NaN
logK 10.43222919 NaN NaN NaN
logK 9.23505694 NaN NaN NaN
logK 10.22411933 NaN NaN NaN
logK 8.47982338 NaN NaN NaN
logBK 4.04352305 NaN NaN NaN
logBK 3.90023575 0.30776191 12.67289963 0
logBK 4.50147359 NaN NaN NaN
logBK 5.13591532 0.4492467 11.43228288 0
logBK 4.68474732 NaN NaN NaN
MixPars -1.81837952 NaN NaN NaN
MixPars -3.00433427 NaN NaN NaN
MixPars -0.8161747 NaN NaN NaN
MixPars -1.2615048 0.1017682 -12.39586434 0
MixPars -1.96512901 NaN NaN NaN
MixPars -1.63681715 NaN NaN NaN
MixPars -0.84078831 0.24569997 -3.42201227 0.0006216
MixPars -1.69733897 NaN NaN NaN
MixPars -2.54672914 NaN NaN NaN
MixPars -1.79533713 NaN NaN NaN
MixPars -1.76076809 NaN NaN NaN
MixPars -1.54981775 NaN NaN NaN
MixPars -1.12033528 NaN NaN NaN
MixPars -0.66409424 NaN NaN NaN
MixPars 0.84713283 NaN NaN NaN
MixPars -2.1118146 NaN NaN NaN
AddV 0.70779676 NaN NaN NaN
AddV 0.01380122 NaN NaN NaN
AddV 0.01840686 0.01091675 1.68611112 0.0917744
log_sigmaEnv -0.0361467 NaN NaN NaN
envParams -0.14400574 NaN NaN NaN
envParams 0.35540956 NaN NaN NaN
envParams 0.22866209 NaN NaN NaN
envParams 0.09469966 NaN NaN NaN
envParams 0.53435879 NaN NaN NaN
envParams 0.20163407 NaN NaN NaN
envParams -0.08533011 NaN NaN NaN
envParams -0.44410786 NaN NaN NaN
envParams -0.00418769 NaN NaN NaN
envParams 0.32093502 0.5059246 0.63435347 0.52585017
envParams -0.9774773 NaN NaN NaN
envParams -0.21664044 NaN NaN NaN
envParams -0.17418486 NaN NaN NaN
envParams -0.43272282 NaN NaN NaN
envParams 0.58384615 NaN NaN NaN
envParams 0.24754821 NaN NaN NaN
envParams -1.01130091 NaN NaN NaN
envParams -0.47677606 NaN NaN NaN
envParams -0.3792113 NaN NaN NaN
envParams -0.1387798 NaN NaN NaN

Mixing matrix
0.86037157 0.13962843 0 0 0 0 ,# Asia
0.02588526 0.23086505 0.1478951 0.52217775 0.07317684 0 ,# Hawaii
0.09476206 0.48696208 0.21006099 0.08919699 0.03814738 0.0808705 ,# MX_AR
0.03771623 0.21939169 0.04657393 0.07155908 0.11292958 0.51182948 ,# MX_ML
0 0 0 0 0.1079538 0.8920462 ,# Central_Am

Split of breeding stock to feeding grounds over time
Split for: Asia
Year RUS+WAL EAL+BER GOA SEA+NBC SBC+WA OR+CA
1970 0.86158 0.13842 0 0 0 0
1971 0.86217 0.13783 0 0 0 0
1972 0.85918 0.14082 0 0 0 0
1973 0.85938 0.14062 0 0 0 0
1974 0.85955 0.14045 0 0 0 0
1975 0.85971 0.14029 0 0 0 0
1976 0.85985 0.14015 0 0 0 0
1977 0.85999 0.14001 0 0 0 0
1978 0.86012 0.13988 0 0 0 0
1979 0.86027 0.13973 0 0 0 0
1980 0.86042 0.13958 0 0 0 0
1981 0.86054 0.13946 0 0 0 0
1982 0.86066 0.13934 0 0 0 0
1983 0.86076 0.13924 0 0 0 0
1984 0.86085 0.13915 0 0 0 0
1985 0.86094 0.13906 0 0 0 0
1986 0.86101 0.13899 0 0 0 0
1987 0.86108 0.13892 0 0 0 0
1988 0.86115 0.13885 0 0 0 0
1989 0.86119 0.13881 0 0 0 0
1990 0.86125 0.13875 0 0 0 0
1991 0.86129 0.13871 0 0 0 0
1992 0.86135 0.13865 0 0 0 0
1993 0.86139 0.13861 0 0 0 0
1994 0.86144 0.13856 0 0 0 0
1995 0.86149 0.13851 0 0 0 0
1996 0.86154 0.13846 0 0 0 0
1997 0.86158 0.13842 0 0 0 0
1998 0.86169 0.13831 0 0 0 0
1999 0.86178 0.13822 0 0 0 0
2000 0.86183 0.13817 0 0 0 0
2001 0.86104 0.13896 0 0 0 0
2002 0.8585 0.1415 0 0 0 0
2003 0.85348 0.14652 0 0 0 0
2004 0.85077 0.14923 0 0 0 0
2005 0.84651 0.15349 0 0 0 0
2006 0.84265 0.15735 0 0 0 0
2007 0.83878 0.16122 0 0 0 0
2008 0.83449 0.16551 0 0 0 0
2009 0.83013 0.16987 0 0 0 0
2010 0.83873 0.16127 0 0 0 0
2011 0.84068 0.15932 0 0 0 0
2012 0.84468 0.15532 0 0 0 0
2013 0.84178 0.15822 0 0 0 0
2014 0.84135 0.15865 0 0 0 0
2015 0.8421 0.1579 0 0 0 0
2016 0.86455 0.13545 0 0 0 0
2017 0.87567 0.12433 0 0 0 0
2018 0.90142 0.09858 0 0 0 0
2019 0.91202 0.08798 0 0 0 0
2020 0.91481 0.08519 0 0 0 0
2021 0.92059 0.07941 0 0 0 0
2022 0.93434 0.06566 0 0 0 0
2023 0.94839 0.05161 0 0 0 0
2024 0.95344 0.04656 0 0 0 0
Split for: Hawaii
Year RUS+WAL EAL+BER GOA SEA+NBC SBC+WA OR+CA
1970 0.02627 0.23198 0.14673 0.52083 0.07419 0
1971 0.02643 0.2322 0.14749 0.51928 0.0746 0
1972 0.02586 0.23297 0.14817 0.51805 0.07495 0
1973 0.02597 0.23356 0.1487 0.51655 0.07522 0
1974 0.02607 0.23412 0.14919 0.51512 0.07549 0
1975 0.02617 0.23469 0.14962 0.51378 0.07574 0
1976 0.02626 0.23525 0.15004 0.5125 0.07595 0
1977 0.02636 0.23581 0.15046 0.51121 0.07616 0
1978 0.02645 0.23637 0.15086 0.50995 0.07637 0
1979 0.02654 0.23688 0.15127 0.50874 0.07657 0
1980 0.02663 0.23739 0.15168 0.50752 0.07678 0
1981 0.02672 0.23794 0.15205 0.50632 0.07698 0
1982 0.02681 0.23851 0.15239 0.50511 0.07718 0
1983 0.02689 0.23908 0.15271 0.50393 0.07738 0
1984 0.02698 0.23966 0.15301 0.50278 0.07757 0
1985 0.02706 0.24019 0.15326 0.50175 0.07774 0
1986 0.02714 0.24078 0.15349 0.50065 0.07794 0
1987 0.02724 0.24149 0.15379 0.49932 0.07816 0
1988 0.02732 0.24207 0.154 0.49827 0.07835 0
1989 0.02738 0.24251 0.1541 0.49753 0.07847 0
1990 0.02745 0.243 0.15424 0.4967 0.07861 0
1991 0.02752 0.24353 0.15438 0.49582 0.07876 0
1992 0.02759 0.2441 0.15455 0.49483 0.07892 0
1993 0.02766 0.24456 0.15462 0.49411 0.07905 0
1994 0.02773 0.2451 0.15473 0.49323 0.0792 0
1995 0.0278 0.24564 0.15484 0.49237 0.07936 0
1996 0.02788 0.24629 0.15499 0.4913 0.07955 0
1997 0.02797 0.24693 0.15509 0.49024 0.07977 0
1998 0.02806 0.24752 0.15523 0.48917 0.08001 0
1999 0.02816 0.24822 0.1554 0.48797 0.08025 0
2000 0.02825 0.24889 0.15546 0.48692 0.08047 0
2001 0.02886 0.256 0.15872 0.49117 0.06524 0
2002 0.02908 0.26345 0.15457 0.50463 0.04826 0
2003 0.02843 0.26825 0.1481 0.50807 0.04715 0
2004 0.02838 0.27353 0.13395 0.51599 0.04816 0
2005 0.02866 0.28557 0.11794 0.52196 0.04587 0
2006 0.02929 0.30059 0.1148 0.5077 0.04761 0
2007 0.02899 0.3062 0.11682 0.49928 0.04871 0
2008 0.02919 0.31813 0.12149 0.48224 0.04895 0
2009 0.02819 0.31698 0.12243 0.48501 0.04739 0
2010 0.02905 0.30699 0.1274 0.48757 0.04899 0
2011 0.02855 0.29732 0.12926 0.49617 0.04871 0
2012 0.02997 0.30285 0.13552 0.48123 0.05043 0
2013 0.02955 0.30527 0.13356 0.48101 0.05061 0
2014 0.03305 0.3425 0.14433 0.42437 0.05573 2e-05
2015 0.03806 0.39216 0.11237 0.39362 0.06379 0
2016 0.04355 0.375 0.09426 0.4167 0.07049 0
2017 0.05072 0.39575 0.09286 0.37684 0.08383 0
2018 0.05596 0.33633 0.09548 0.41891 0.09332 0
2019 0.05928 0.31429 0.09852 0.43071 0.0972 0
2020 0.0613 0.31373 0.0881 0.43429 0.10258 0
2021 0.06312 0.2992 0.07583 0.45309 0.10876 0
2022 0.06577 0.25401 0.07837 0.48352 0.11833 0
2023 0.06972 0.2085 0.08678 0.50817 0.12684 0
2024 0.06977 0.18725 0.09036 0.51947 0.13314 0
Split for: MX_AR
Year RUS+WAL EAL+BER GOA SEA+NBC SBC+WA OR+CA
1970 0.09621 0.48942 0.20845 0.08899 0.03868 0.07826
1971 0.09658 0.48892 0.20912 0.08855 0.03882 0.078
1972 0.09449 0.49039 0.21002 0.08831 0.03899 0.0778
1973 0.09469 0.49062 0.21033 0.08787 0.03905 0.07743
1974 0.09489 0.49096 0.21068 0.08748 0.03912 0.07687
1975 0.09509 0.49135 0.21094 0.08711 0.03919 0.07631
1976 0.09529 0.49176 0.2112 0.08676 0.03924 0.07575
1977 0.09548 0.49219 0.21146 0.08641 0.03929 0.07518
1978 0.09566 0.49262 0.21172 0.08607 0.03933 0.07461
1979 0.09585 0.49299 0.212 0.08574 0.03939 0.07403
1980 0.09605 0.49339 0.21228 0.08542 0.03944 0.07341
1981 0.09624 0.49385 0.21251 0.0851 0.03949 0.07281
1982 0.09643 0.49435 0.21268 0.08478 0.03953 0.07222
1983 0.09661 0.49484 0.21284 0.08447 0.03958 0.07165
1984 0.09678 0.49532 0.21294 0.08415 0.03962 0.07119
1985 0.09694 0.49579 0.21301 0.08387 0.03966 0.07073
1986 0.0971 0.49631 0.21304 0.08357 0.0397 0.07029
1987 0.09726 0.49686 0.21307 0.0832 0.03974 0.06987
1988 0.09741 0.49737 0.21307 0.08291 0.03979 0.06945
1989 0.09754 0.49783 0.21302 0.08271 0.03981 0.06909
1990 0.09767 0.49825 0.21296 0.08248 0.03983 0.06881
1991 0.09781 0.49876 0.2129 0.08224 0.03986 0.06843
1992 0.09795 0.49928 0.21286 0.08196 0.0399 0.06806
1993 0.09808 0.49975 0.21276 0.08177 0.03992 0.06772
1994 0.09822 0.50022 0.21265 0.08152 0.03995 0.06744
1995 0.09835 0.50069 0.21253 0.08128 0.03998 0.06718
1996 0.09849 0.50119 0.21238 0.08097 0.04001 0.06697
1997 0.09862 0.50169 0.21218 0.08066 0.04006 0.06678
1998 0.09879 0.50209 0.21203 0.08036 0.04011 0.06662
1999 0.09896 0.50256 0.21186 0.08001 0.04015 0.06646
2000 0.09909 0.50302 0.21157 0.07969 0.04019 0.06644
2001 0.0996 0.50896 0.21249 0.07908 0.03206 0.0678
2002 0.09984 0.52107 0.20586 0.08083 0.02359 0.06881
2003 0.09772 0.5312 0.19748 0.08148 0.02307 0.06904
2004 0.09803 0.54447 0.17954 0.08318 0.02369 0.07108
2005 0.09847 0.56536 0.15723 0.08369 0.02245 0.0728
2006 0.09795 0.57916 0.14895 0.07922 0.02267 0.07204
2007 0.0966 0.58789 0.15103 0.07763 0.02311 0.06375
2008 0.09475 0.59503 0.15301 0.07304 0.02263 0.06154
2009 0.09233 0.59823 0.15559 0.07413 0.0221 0.05762
2010 0.09583 0.58343 0.16303 0.07504 0.02301 0.05966
2011 0.09572 0.5744 0.16815 0.07763 0.02326 0.06084
2012 0.09797 0.57044 0.17188 0.07341 0.02348 0.06282
2013 0.09655 0.57466 0.1693 0.07333 0.02354 0.06262
2014 0.09826 0.58669 0.16648 0.05887 0.02359 0.06611
2015 0.10535 0.6255 0.12069 0.05084 0.02515 0.07247
2016 0.12235 0.60695 0.10273 0.05462 0.0282 0.08516
2017 0.13308 0.59833 0.09453 0.04614 0.03133 0.09659
2018 0.15509 0.53707 0.10266 0.05417 0.03683 0.11418
2019 0.16594 0.50688 0.10699 0.05625 0.03874 0.12521
2020 0.17108 0.50447 0.09539 0.05655 0.04077 0.13174
2021 0.17918 0.48941 0.08352 0.06002 0.04397 0.14389
2022 0.19653 0.43735 0.09086 0.06742 0.05035 0.15749
2023 0.21653 0.37312 0.10457 0.07364 0.0561 0.17605
2024 0.22204 0.34338 0.11158 0.07714 0.06034 0.18551
Split for: MX_ML
Year RUS+WAL EAL+BER GOA SEA+NBC SBC+WA OR+CA
1970 0.03883 0.22358 0.04686 0.07239 0.11611 0.50223
1971 0.03904 0.2237 0.04709 0.07214 0.11671 0.50133
1972 0.03823 0.22458 0.04733 0.07201 0.11732 0.50053
1973 0.0384 0.2252 0.04751 0.07182 0.11779 0.49929
1974 0.03861 0.22613 0.04775 0.07175 0.1184 0.49736
1975 0.03882 0.22708 0.04798 0.07169 0.11901 0.49542
1976 0.03904 0.22806 0.0482 0.07165 0.11957 0.49348
1977 0.03925 0.22906 0.04843 0.07161 0.12014 0.49152
1978 0.03947 0.23007 0.04866 0.07158 0.12071 0.48951
1979 0.03969 0.23107 0.0489 0.07156 0.1213 0.48747
1980 0.03993 0.23216 0.04916 0.07157 0.12194 0.48525
1981 0.04016 0.23325 0.04939 0.07158 0.12254 0.48307
1982 0.04038 0.23435 0.04962 0.07157 0.12315 0.48094
1983 0.0406 0.23541 0.04983 0.07156 0.12374 0.47886
1984 0.04079 0.23634 0.05 0.0715 0.12422 0.47715
1985 0.04098 0.23724 0.05016 0.07147 0.1247 0.47545
1986 0.04116 0.23815 0.05031 0.07141 0.12519 0.47379
1987 0.04134 0.23906 0.05045 0.07128 0.12565 0.47222
1988 0.04152 0.23994 0.05058 0.07122 0.12611 0.47062
1989 0.04166 0.2407 0.05069 0.07121 0.12648 0.46925
1990 0.04179 0.24134 0.05076 0.07114 0.12678 0.46819
1991 0.04195 0.24217 0.05087 0.0711 0.12718 0.46672
1992 0.04211 0.24299 0.05098 0.07103 0.12759 0.46529
1993 0.04226 0.24374 0.05106 0.07101 0.12794 0.46398
1994 0.04239 0.2444 0.05113 0.07093 0.12826 0.46289
1995 0.04252 0.24505 0.05119 0.07083 0.12856 0.46185
1996 0.04264 0.24562 0.05122 0.07066 0.12883 0.46103
1997 0.04274 0.24614 0.05123 0.07047 0.12914 0.46028
1998 0.04286 0.24657 0.05124 0.07027 0.12944 0.45962
1999 0.04298 0.24705 0.05125 0.07004 0.1297 0.45898
2000 0.04304 0.2473 0.05119 0.06977 0.12984 0.45887
2001 0.04387 0.25379 0.05214 0.07022 0.10504 0.47494
2002 0.04463 0.26369 0.05127 0.07284 0.07844 0.48913
2003 0.04357 0.2681 0.04905 0.07323 0.07652 0.48953
2004 0.04283 0.2693 0.0437 0.07326 0.077 0.4939
2005 0.04246 0.27593 0.03776 0.07273 0.07198 0.49914
2006 0.0424 0.28375 0.03591 0.06911 0.07299 0.49584
2007 0.04414 0.3041 0.03845 0.0715 0.07855 0.46326
2008 0.04412 0.31361 0.03969 0.06855 0.07837 0.45567
2009 0.04425 0.32458 0.04154 0.07162 0.07881 0.43919
2010 0.04524 0.31179 0.04288 0.07141 0.0808 0.44788
2011 0.0448 0.30432 0.04384 0.07323 0.08096 0.45284
2012 0.04534 0.29881 0.04431 0.06847 0.08081 0.46227
2013 0.0447 0.30115 0.04366 0.06843 0.08107 0.46098
2014 0.04465 0.30179 0.04214 0.05392 0.07974 0.47774
2015 0.04536 0.30487 0.02895 0.04413 0.08054 0.49615
2016 0.04816 0.27043 0.02253 0.04333 0.08256 0.533
2017 0.04884 0.24856 0.01933 0.03413 0.08551 0.56364
2018 0.05137 0.20138 0.01894 0.03617 0.09074 0.6014
2019 0.05199 0.17977 0.01867 0.03553 0.09028 0.62376
2020 0.05173 0.17267 0.01607 0.03447 0.09169 0.63338
2021 0.05097 0.15758 0.01323 0.03441 0.09302 0.6508
2022 0.05231 0.13177 0.01347 0.03617 0.09968 0.66659
2023 0.0533 0.10397 0.01434 0.03654 0.10271 0.68913
2024 0.05253 0.09196 0.01471 0.03679 0.10618 0.69784
Split for: Central_Am
Year RUS+WAL EAL+BER GOA SEA+NBC SBC+WA OR+CA
1970 0 0 0 0 0.11254 0.88746
1971 0 0 0 0 0.11323 0.88677
1972 0 0 0 0 0.11392 0.88608
1973 0 0 0 0 0.11457 0.88543
1974 0 0 0 0 0.11549 0.88451
1975 0 0 0 0 0.11642 0.88358
1976 0 0 0 0 0.11731 0.88269
1977 0 0 0 0 0.11821 0.88179
1978 0 0 0 0 0.11914 0.88086
1979 0 0 0 0 0.1201 0.8799
1980 0 0 0 0 0.12114 0.87886
1981 0 0 0 0 0.12214 0.87786
1982 0 0 0 0 0.12315 0.87685
1983 0 0 0 0 0.12414 0.87586
1984 0 0 0 0 0.12495 0.87505
1985 0 0 0 0 0.12577 0.87423
1986 0 0 0 0 0.12658 0.87342
1987 0 0 0 0 0.12736 0.87264
1988 0 0 0 0 0.12815 0.87185
1989 0 0 0 0 0.1288 0.8712
1990 0 0 0 0 0.12932 0.87068
1991 0 0 0 0 0.13003 0.86997
1992 0 0 0 0 0.13074 0.86926
1993 0 0 0 0 0.13137 0.86863
1994 0 0 0 0 0.13193 0.86807
1995 0 0 0 0 0.13246 0.86754
1996 0 0 0 0 0.1329 0.8671
1997 0 0 0 0 0.13336 0.86664
1998 0 0 0 0 0.1338 0.8662
1999 0 0 0 0 0.1342 0.8658
2000 0 0 0 0 0.13435 0.86565
2001 0 0 0 0 0.10818 0.89182
2002 0 0 0 0 0.08085 0.91915
2003 0 0 0 0 0.07896 0.92104
2004 0 0 0 0 0.07878 0.92122
2005 0 0 0 0 0.0733 0.9267
2006 0 0 0 0 0.0747 0.9253
2007 0 0 0 0 0.08509 0.91491
2008 0 0 0 0 0.0862 0.9138
2009 0 0 0 0 0.0896 0.9104
2010 0 0 0 0 0.09004 0.90996
2011 0 0 0 0 0.08931 0.91069
2012 0 0 0 0 0.08749 0.91251
2013 0 0 0 0 0.08798 0.91202
2014 0 0 0 0 0.08387 0.91613
2015 0 0 0 0 0.08175 0.91825
2016 0 0 0 0 0.0783 0.9217
2017 0 0 0 0 0.07682 0.92318
2018 0 0 0 0 0.07643 0.92357
2019 0 0 0 0 0.07355 0.92645
2020 0 0 0 0 0.07356 0.92644
2021 0 0 0 0 0.0727 0.9273
2022 0 0 0 0 0.07581 0.92419
2023 0 0 0 0 0.07557 0.92443
2024 0 0 0 0 0.07703 0.92297

Difference in mortality over time
Difference for: Asia
Year RUS+WAL EAL+BER GOA SEA+NBC SBC+WA OR+CA
1970 0 0 0 0 0 0
1971 0 0 0 0 0 0
1972 0 0 0 0 0 0
1973 0 0 0 0 0 0
1974 0 0 0 0 0 0
1975 0 0 0 0 0 0
1976 0 0 0 0 0 0
1977 0 0 0 0 0 0
1978 0 0 0 0 0 0
1979 0 0 0 0 0 0
1980 0 0 0 0 0 0
1981 0 0 0 0 0 0
1982 0 0 0 0 0 0
1983 0 0 0 0 0 0
1984 0 0 0 0 0 0
1985 0 0 0 0 0 0
1986 0 0 0 0 0 0
1987 0 0 0 0 0 0
1988 0 0 0 0 0 0
1989 0 0 0 0 0 0
1990 0 0 0 0 0 0
1991 0 0 0 0 0 0
1992 0 0 0 0 0 0
1993 0 0 0 0 0 0
1994 0 0 0 0 0 0
1995 0 0 0 0 0 0
1996 0 0 0 0 0 0
1997 0 0 0 0 0 0
1998 0 0 0 0 0 0
1999 0 0 0 0 0 0
2000 0 1 0 0 0 0
2001 0 2 0 0 0 0
2002 0 5 0 0 0 0
2003 0 3 0 0 0 0
2004 0 5 0 0 0 0
2005 0 5 0 0 0 0
2006 0 6 0 0 0 0
2007 0 7 0 0 0 0
2008 0 9 0 0 0 0
2009 0 -11 0 0 0 0
2010 0 -1 0 0 0 0
2011 0 -5 0 0 0 0
2012 0 6 0 0 0 0
2013 0 3 0 0 0 0
2014 0 1 0 0 0 0
2015 0 -48 0 0 0 0
2016 0 -26 0 0 0 0
2017 0 -64 0 0 0 0
2018 0 -27 0 0 0 0
2019 0 -11 0 0 0 0
2020 0 -18 0 0 0 0
2021 0 -40 0 0 0 0
2022 0 -41 0 0 0 0
2023 0 -16 0 0 0 0
Difference for: Hawaii
Year RUS+WAL EAL+BER GOA SEA+NBC SBC+WA OR+CA
1970 0 0 0 0 0 0
1971 0 0 0 0 0 0
1972 0 0 0 0 0 0
1973 0 0 0 0 0 0
1974 0 0 0 0 0 0
1975 0 0 0 0 0 0
1976 0 0 0 0 0 0
1977 0 0 0 0 0 0
1978 0 0 0 0 0 0
1979 0 0 0 0 0 0
1980 0 0 0 0 0 0
1981 0 0 0 0 0 0
1982 0 0 0 0 0 0
1983 0 0 0 0 0 0
1984 0 0 0 0 0 0
1985 0 0 0 0 0 0
1986 0 0 0 0 0 0
1987 0 0 0 0 0 0
1988 0 0 0 0 0 0
1989 0 0 0 0 0 0
1990 0 0 0 0 0 0
1991 0 0 0 0 0 0
1992 0 0 0 0 0 0
1993 0 0 0 0 0 0
1994 0 0 0 0 0 0
1995 0 0 0 0 0 0
1996 0 0 0 0 0 0
1997 0 0 0 0 0 0
1998 0 0 0 0 0 0
1999 0 0 0 0 0 0
2000 0 13 3 -26 -147 0
2001 0 43 -39 91 -162 0
2002 0 91 -23 149 -2 0
2003 0 62 -137 124 6 0
2004 0 102 -191 63 -31 0
2005 0 108 -67 -218 4 0
2006 0 123 26 12 11 0
2007 0 151 36 -203 -2 0
2008 0 176 59 283 -5 0
2009 0 -221 14 -84 2 0
2010 0 -20 62 310 13 0
2011 0 -107 9 -570 -18 0
2012 0 135 14 156 5 0
2013 0 61 -55 -2009 -19 0
2014 0 21 -947 -1586 -14 0
2015 0 -1077 -561 -547 -47 0
2016 0 -573 -254 -1654 8 0
2017 0 -1453 -123 -94 4 0
2018 0 -619 -72 -289 -38 0
2019 0 -251 -231 -284 9 0
2020 0 -421 -238 -61 18 0
2021 0 -929 -48 -14 35 0
2022 0 -961 2 -150 1 0
2023 0 -388 3 15 47 0
Difference for: MX_AR
Year RUS+WAL EAL+BER GOA SEA+NBC SBC+WA OR+CA
1970 0 0 0 0 0 0
1971 0 0 0 0 0 0
1972 0 0 0 0 0 0
1973 0 0 0 0 0 0
1974 0 0 0 0 0 0
1975 0 0 0 0 0 0
1976 0 0 0 0 0 0
1977 0 0 0 0 0 0
1978 0 0 0 0 0 0
1979 0 0 0 0 0 0
1980 0 0 0 0 0 0
1981 0 0 0 0 0 0
1982 0 0 0 0 0 0
1983 0 0 0 0 0 0
1984 0 0 0 0 0 0
1985 0 0 0 0 0 0
1986 0 0 0 0 0 0
1987 0 0 0 0 0 0
1988 0 0 0 0 0 0
1989 0 0 0 0 0 0
1990 0 0 0 0 0 0
1991 0 0 0 0 0 0
1992 0 0 0 0 0 0
1993 0 0 0 0 0 0
1994 0 0 0 0 0 0
1995 0 0 0 0 0 0
1996 0 0 0 0 0 0
1997 0 0 0 0 0 0
1998 0 0 0 0 0 0
1999 0 0 0 0 0 0
2000 0 5 1 -1 -13 1
2001 0 15 -9 3 -14 1
2002 0 32 -5 4 0 3
2003 0 22 -33 4 0 3
2004 0 36 -45 2 -3 3
2005 0 38 -16 -6 0 0
2006 0 43 6 0 1 -17
2007 0 53 9 -6 0 -3
2008 0 62 14 8 0 -7
2009 0 -78 3 -2 0 -1
2010 0 -7 15 9 1 1
2011 0 -38 2 -16 -2 -1
2012 0 48 3 4 0 -1
2013 0 22 -13 -57 -2 5
2014 0 7 -225 -45 -1 6
2015 0 -380 -133 -16 -4 8
2016 0 -202 -60 -47 1 10
2017 0 -513 -29 -3 0 6
2018 0 -219 -17 -8 -3 6
2019 0 -89 -55 -8 1 2
2020 0 -148 -57 -2 2 11
2021 0 -328 -11 0 3 -5
2022 0 -339 0 -4 0 0
2023 0 -137 1 0 4 0
Difference for: MX_ML
Year RUS+WAL EAL+BER GOA SEA+NBC SBC+WA OR+CA
1970 0 0 0 0 0 0
1971 0 0 0 0 0 0
1972 0 0 0 0 0 0
1973 0 0 0 0 0 0
1974 0 0 0 0 0 0
1975 0 0 0 0 0 0
1976 0 0 0 0 0 0
1977 0 0 0 0 0 0
1978 0 0 0 0 0 0
1979 0 0 0 0 0 0
1980 0 0 0 0 0 0
1981 0 0 0 0 0 0
1982 0 0 0 0 0 0
1983 0 0 0 0 0 0
1984 0 0 0 0 0 0
1985 0 0 0 0 0 0
1986 0 0 0 0 0 0
1987 0 0 0 0 0 0
1988 0 0 0 0 0 0
1989 0 0 0 0 0 0
1990 0 0 0 0 0 0
1991 0 0 0 0 0 0
1992 0 0 0 0 0 0
1993 0 0 0 0 0 0
1994 0 0 0 0 0 0
1995 0 0 0 0 0 0
1996 0 0 0 0 0 0
1997 0 0 0 0 0 0
1998 0 0 0 0 0 0
1999 0 0 0 0 0 0
2000 0 3 0 -1 -48 11
2001 0 9 -3 3 -53 10
2002 0 18 -2 4 -1 21
2003 0 12 -9 4 2 23
2004 0 20 -13 2 -10 21
2005 0 21 -4 -6 1 -3
2006 0 24 2 0 3 -131
2007 0 30 2 -6 -1 -24
2008 0 35 4 8 -2 -58
2009 0 -44 1 -2 1 -11
2010 0 -4 4 9 4 9
2011 0 -21 1 -16 -6 -10
2012 0 26 1 4 1 -11
2013 0 12 -4 -57 -6 43
2014 0 4 -61 -45 -4 47
2015 0 -209 -36 -15 -15 59
2016 0 -111 -16 -46 2 74
2017 0 -281 -8 -3 1 47
2018 0 -119 -5 -8 -12 44
2019 0 -48 -15 -8 3 16
2020 0 -80 -15 -2 6 84
2021 0 -177 -3 0 11 -42
2022 0 -183 0 -4 0 -4
2023 0 -74 0 0 14 1
Difference for: Central_Am
Year RUS+WAL EAL+BER GOA SEA+NBC SBC+WA OR+CA
1970 0 0 0 0 0 0
1971 0 0 0 0 0 0
1972 0 0 0 0 0 0
1973 0 0 0 0 0 0
1974 0 0 0 0 0 0
1975 0 0 0 0 0 0
1976 0 0 0 0 0 0
1977 0 0 0 0 0 0
1978 0 0 0 0 0 0
1979 0 0 0 0 0 0
1980 0 0 0 0 0 0
1981 0 0 0 0 0 0
1982 0 0 0 0 0 0
1983 0 0 0 0 0 0
1984 0 0 0 0 0 0
1985 0 0 0 0 0 0
1986 0 0 0 0 0 0
1987 0 0 0 0 0 0
1988 0 0 0 0 0 0
1989 0 0 0 0 0 0
1990 0 0 0 0 0 0
1991 0 0 0 0 0 0
1992 0 0 0 0 0 0
1993 0 0 0 0 0 0
1994 0 0 0 0 0 0
1995 0 0 0 0 0 0
1996 0 0 0 0 0 0
1997 0 0 0 0 0 0
1998 0 0 0 0 0 0
1999 0 0 0 0 0 0
2000 0 0 0 0 -13 5
2001 0 0 0 0 -14 5
2002 0 0 0 0 0 10
2003 0 0 0 0 0 11
2004 0 0 0 0 -3 10
2005 0 0 0 0 0 -2
2006 0 0 0 0 1 -62
2007 0 0 0 0 0 -12
2008 0 0 0 0 0 -28
2009 0 0 0 0 0 -5
2010 0 0 0 0 1 4
2011 0 0 0 0 -2 -5
2012 0 0 0 0 0 -5
2013 0 0 0 0 -2 20
2014 0 0 0 0 -1 23
2015 0 0 0 0 -4 28
2016 0 0 0 0 1 35
2017 0 0 0 0 0 22
2018 0 0 0 0 -3 21
2019 0 0 0 0 1 8
2020 0 0 0 0 1 40
2021 0 0 0 0 3 -20
2022 0 0 0 0 0 -2
2023 0 0 0 0 4 1

Total survival over time
Values for breeding stock: Asia
Year RUS+WAL EAL+BER GOA SEA+NBC SBC+WA OR+CA
1970 0.996 0.986 0 0 0 0
1971 1.281 1.274 0 0 0 0
1972 1.186 1.216 0 0 0 0
1973 1.176 1.174 0 0 0 0
1974 1.147 1.145 0 0 0 0
1975 1.126 1.124 0 0 0 0
1976 1.109 1.107 0 0 0 0
1977 1.095 1.094 0 0 0 0
1978 1.084 1.083 0 0 0 0
1979 1.075 1.074 0 0 0 0
1980 1.067 1.066 0 0 0 0
1981 1.087 1.085 0 0 0 0
1982 1.1 1.099 0 0 0 0
1983 1.109 1.108 0 0 0 0
1984 1.113 1.112 0 0 0 0
1985 1.114 1.113 0 0 0 0
1986 1.113 1.112 0 0 0 0
1987 1.11 1.11 0 0 0 0
1988 1.106 1.106 0 0 0 0
1989 1.102 1.102 0 0 0 0
1990 1.097 1.097 0 0 0 0
1991 1.095 1.095 0 0 0 0
1992 1.095 1.095 0 0 0 0
1993 1.096 1.095 0 0 0 0
1994 1.097 1.096 0 0 0 0
1995 1.098 1.097 0 0 0 0
1996 1.098 1.098 0 0 0 0
1997 1.099 1.098 0 0 0 0
1998 1.098 1.097 0 0 0 0
1999 1.097 1.096 0 0 0 0
2000 1.095 1.101 0 0 0 0
2001 1.094 1.111 0 0 0 0
2002 1.092 1.123 0 0 0 0
2003 1.091 1.104 0 0 0 0
2004 1.089 1.113 0 0 0 0
2005 1.088 1.107 0 0 0 0
2006 1.087 1.105 0 0 0 0
2007 1.086 1.105 0 0 0 0
2008 1.084 1.103 0 0 0 0
2009 1.083 1.019 0 0 0 0
2010 1.081 1.063 0 0 0 0
2011 1.079 1.047 0 0 0 0
2012 1.077 1.093 0 0 0 0
2013 1.069 1.068 0 0 0 0
2014 1.082 1.073 0 0 0 0
2015 1.045 0.882 0 0 0 0
2016 1.072 0.986 0 0 0 0
2017 1.07 0.838 0 0 0 0
2018 1.065 0.993 0 0 0 0
2019 1.068 1.073 0 0 0 0
2020 1.056 1.014 0 0 0 0
2021 1.053 0.89 0 0 0 0
2022 1.05 0.865 0 0 0 0
2023 1.047 1.029 0 0 0 0
Values for breeding stock: Hawaii
Year RUS+WAL EAL+BER GOA SEA+NBC SBC+WA OR+CA
1970 1.008 0.998 0.985 0.99 1.007 0
1971 1.292 1.286 1.292 1.281 1.292 0
1972 1.196 1.227 1.228 1.219 1.228 0
1973 1.186 1.185 1.186 1.178 1.186 0
1974 1.156 1.155 1.156 1.149 1.156 0
1975 1.134 1.133 1.133 1.127 1.134 0
1976 1.117 1.116 1.116 1.111 1.116 0
1977 1.104 1.103 1.103 1.097 1.103 0
1978 1.093 1.092 1.092 1.086 1.092 0
1979 1.084 1.083 1.083 1.078 1.083 0
1980 1.076 1.075 1.076 1.07 1.076 0
1981 1.096 1.095 1.095 1.09 1.095 0
1982 1.11 1.109 1.108 1.103 1.109 0
1983 1.118 1.117 1.117 1.112 1.117 0
1984 1.122 1.121 1.121 1.116 1.121 0
1985 1.123 1.122 1.122 1.118 1.123 0
1986 1.122 1.121 1.12 1.116 1.121 0
1987 1.119 1.118 1.117 1.112 1.118 0
1988 1.115 1.114 1.113 1.109 1.114 0
1989 1.111 1.11 1.109 1.106 1.11 0
1990 1.106 1.105 1.104 1.101 1.105 0
1991 1.104 1.103 1.102 1.099 1.103 0
1992 1.104 1.103 1.102 1.098 1.103 0
1993 1.104 1.104 1.102 1.1 1.104 0
1994 1.105 1.105 1.103 1.1 1.105 0
1995 1.106 1.106 1.104 1.101 1.106 0
1996 1.107 1.107 1.104 1.101 1.106 0
1997 1.107 1.107 1.104 1.101 1.107 0
1998 1.107 1.105 1.104 1.1 1.106 0
1999 1.105 1.105 1.102 1.098 1.105 0
2000 1.104 1.11 1.102 1.091 0.886 0
2001 1.102 1.12 1.071 1.117 0.854 0
2002 1.101 1.132 1.086 1.122 1.17 0
2003 1.099 1.112 1.011 1.108 1.127 0
2004 1.098 1.121 0.984 1.093 1.051 0
2005 1.096 1.115 1.076 1.047 1.123 0
2006 1.095 1.113 1.134 1.088 1.123 0
2007 1.094 1.113 1.123 1.054 1.104 0
2008 1.093 1.111 1.13 1.127 1.089 0
2009 1.091 1.027 1.097 1.066 1.11 0
2010 1.09 1.072 1.119 1.113 1.106 0
2011 1.088 1.056 1.085 1.008 1.059 0
2012 1.086 1.102 1.084 1.099 1.105 0
2013 1.084 1.083 1.054 0.865 1.079 0
2014 1.081 1.073 0.727 0.9 1.08 0
2015 1.079 0.911 0.831 1.037 1.051 0
2016 1.078 0.991 0.982 0.861 1.109 0
2017 1.075 0.842 1.058 1.137 1.096 0
2018 1.072 1 1.087 1.069 1.052 0
2019 1.07 1.074 0.956 1.068 1.102 0
2020 1.067 1.025 0.957 1.106 1.096 0
2021 1.064 0.899 1.122 1.099 1.105 0
2022 1.062 0.875 1.142 1.075 1.08 0
2023 1.059 1.042 1.119 1.088 1.1 0
Values for breeding stock: MX_AR
Year RUS+WAL EAL+BER GOA SEA+NBC SBC+WA OR+CA
1970 1.008 0.998 0.985 0.99 1.007 0.961
1971 1.292 1.286 1.292 1.281 1.292 1.283
1972 1.196 1.227 1.228 1.219 1.228 1.22
1973 1.186 1.185 1.186 1.178 1.186 1.178
1974 1.157 1.155 1.156 1.149 1.156 1.146
1975 1.134 1.133 1.133 1.127 1.134 1.124
1976 1.117 1.116 1.117 1.111 1.117 1.107
1977 1.104 1.103 1.103 1.097 1.103 1.094
1978 1.093 1.092 1.092 1.087 1.092 1.083
1979 1.084 1.083 1.083 1.078 1.083 1.074
1980 1.076 1.075 1.076 1.07 1.076 1.065
1981 1.096 1.095 1.095 1.09 1.095 1.085
1982 1.11 1.109 1.108 1.103 1.109 1.099
1983 1.118 1.117 1.117 1.112 1.118 1.108
1984 1.122 1.121 1.121 1.116 1.121 1.113
1985 1.123 1.122 1.122 1.118 1.123 1.114
1986 1.122 1.121 1.12 1.116 1.121 1.113
1987 1.119 1.118 1.117 1.112 1.118 1.111
1988 1.115 1.114 1.113 1.109 1.115 1.107
1989 1.111 1.11 1.109 1.106 1.11 1.104
1990 1.106 1.105 1.104 1.101 1.105 1.1
1991 1.104 1.103 1.102 1.099 1.103 1.097
1992 1.104 1.103 1.102 1.098 1.103 1.097
1993 1.104 1.104 1.102 1.1 1.104 1.098
1994 1.105 1.105 1.103 1.1 1.105 1.1
1995 1.106 1.106 1.104 1.101 1.106 1.101
1996 1.107 1.107 1.104 1.101 1.106 1.103
1997 1.107 1.107 1.104 1.101 1.107 1.103
1998 1.107 1.106 1.104 1.1 1.106 1.103
1999 1.105 1.105 1.102 1.098 1.105 1.102
2000 1.104 1.11 1.103 1.091 0.886 1.118
2001 1.102 1.12 1.071 1.117 0.854 1.11
2002 1.101 1.132 1.086 1.122 1.17 1.121
2003 1.099 1.112 1.011 1.108 1.127 1.117
2004 1.098 1.121 0.984 1.093 1.051 1.112
2005 1.096 1.115 1.076 1.047 1.123 1.089
2006 1.095 1.113 1.134 1.089 1.123 0.994
2007 1.094 1.113 1.123 1.054 1.104 1.095
2008 1.093 1.111 1.13 1.127 1.089 1.064
2009 1.091 1.027 1.097 1.066 1.11 1.105
2010 1.09 1.072 1.119 1.113 1.106 1.109
2011 1.088 1.056 1.085 1.008 1.059 1.099
2012 1.086 1.102 1.084 1.099 1.105 1.101
2013 1.084 1.083 1.054 0.865 1.079 1.133
2014 1.082 1.073 0.728 0.9 1.08 1.114
2015 1.079 0.911 0.831 1.037 1.051 1.098
2016 1.078 0.991 0.982 0.861 1.109 1.086
2017 1.075 0.842 1.058 1.137 1.096 1.094
2018 1.072 1 1.087 1.069 1.052 1.08
2019 1.07 1.074 0.956 1.068 1.102 1.081
2020 1.067 1.025 0.957 1.106 1.096 1.111
2021 1.064 0.9 1.122 1.099 1.105 1.062
2022 1.062 0.875 1.142 1.075 1.08 1.079
2023 1.059 1.042 1.119 1.088 1.1 1.081
Values for breeding stock: MX_ML
Year RUS+WAL EAL+BER GOA SEA+NBC SBC+WA OR+CA
1970 1.001 0.991 0.979 0.984 1 0.955
1971 1.285 1.279 1.284 1.274 1.285 1.276
1972 1.19 1.22 1.221 1.213 1.222 1.214
1973 1.181 1.179 1.18 1.172 1.18 1.173
1974 1.151 1.15 1.151 1.144 1.151 1.141
1975 1.129 1.128 1.128 1.122 1.129 1.119
1976 1.112 1.111 1.112 1.106 1.112 1.102
1977 1.099 1.098 1.098 1.093 1.099 1.089
1978 1.088 1.087 1.088 1.082 1.088 1.078
1979 1.079 1.078 1.079 1.073 1.079 1.069
1980 1.072 1.07 1.071 1.066 1.071 1.061
1981 1.091 1.09 1.09 1.085 1.09 1.08
1982 1.105 1.104 1.104 1.099 1.104 1.094
1983 1.114 1.113 1.112 1.107 1.113 1.103
1984 1.118 1.117 1.116 1.112 1.117 1.109
1985 1.119 1.118 1.117 1.113 1.118 1.11
1986 1.118 1.117 1.116 1.112 1.117 1.109
1987 1.115 1.114 1.113 1.108 1.114 1.107
1988 1.111 1.111 1.109 1.105 1.111 1.103
1989 1.107 1.106 1.105 1.102 1.106 1.1
1990 1.102 1.102 1.1 1.097 1.101 1.097
1991 1.1 1.1 1.098 1.095 1.1 1.093
1992 1.1 1.1 1.098 1.095 1.099 1.093
1993 1.101 1.1 1.099 1.097 1.1 1.095
1994 1.102 1.102 1.1 1.097 1.101 1.097
1995 1.103 1.103 1.101 1.098 1.102 1.098
1996 1.104 1.103 1.101 1.098 1.103 1.099
1997 1.104 1.103 1.101 1.098 1.104 1.1
1998 1.103 1.102 1.1 1.097 1.103 1.1
1999 1.102 1.101 1.099 1.095 1.102 1.099
2000 1.101 1.107 1.099 1.088 0.884 1.114
2001 1.099 1.116 1.068 1.114 0.851 1.107
2002 1.098 1.129 1.083 1.119 1.167 1.118
2003 1.096 1.109 1.008 1.105 1.124 1.114
2004 1.095 1.118 0.981 1.09 1.048 1.109
2005 1.093 1.112 1.073 1.044 1.12 1.086
2006 1.093 1.11 1.131 1.086 1.121 0.992
2007 1.091 1.111 1.12 1.052 1.101 1.092
2008 1.09 1.109 1.127 1.124 1.086 1.061
2009 1.088 1.024 1.094 1.063 1.107 1.102
2010 1.087 1.069 1.116 1.11 1.103 1.106
2011 1.085 1.053 1.082 1.006 1.056 1.096
2012 1.083 1.099 1.081 1.096 1.102 1.098
2013 1.081 1.08 1.051 0.863 1.076 1.131
2014 1.079 1.07 0.726 0.897 1.077 1.111
2015 1.076 0.909 0.828 1.034 1.048 1.095
2016 1.075 0.988 0.979 0.859 1.105 1.082
2017 1.072 0.84 1.056 1.134 1.093 1.091
2018 1.07 0.997 1.084 1.066 1.049 1.077
2019 1.067 1.072 0.954 1.065 1.1 1.079
2020 1.062 1.02 0.953 1.102 1.091 1.106
2021 1.062 0.898 1.12 1.097 1.103 1.06
2022 1.06 0.873 1.14 1.073 1.078 1.077
2023 1.056 1.039 1.115 1.085 1.097 1.077
Values for breeding stock: Central_Am
Year RUS+WAL EAL+BER GOA SEA+NBC SBC+WA OR+CA
1970 0 0 0 0 1 0.955
1971 0 0 0 0 1.285 1.276
1972 0 0 0 0 1.223 1.214
1973 0 0 0 0 1.18 1.172
1974 0 0 0 0 1.151 1.14
1975 0 0 0 0 1.129 1.119
1976 0 0 0 0 1.112 1.103
1977 0 0 0 0 1.099 1.089
1978 0 0 0 0 1.087 1.078
1979 0 0 0 0 1.078 1.069
1980 0 0 0 0 1.071 1.061
1981 0 0 0 0 1.091 1.081
1982 0 0 0 0 1.104 1.094
1983 0 0 0 0 1.113 1.103
1984 0 0 0 0 1.117 1.109
1985 0 0 0 0 1.118 1.11
1986 0 0 0 0 1.117 1.109
1987 0 0 0 0 1.114 1.107
1988 0 0 0 0 1.11 1.103
1989 0 0 0 0 1.106 1.1
1990 0 0 0 0 1.102 1.097
1991 0 0 0 0 1.1 1.093
1992 0 0 0 0 1.1 1.093
1993 0 0 0 0 1.1 1.094
1994 0 0 0 0 1.101 1.097
1995 0 0 0 0 1.102 1.098
1996 0 0 0 0 1.103 1.1
1997 0 0 0 0 1.104 1.1
1998 0 0 0 0 1.103 1.1
1999 0 0 0 0 1.102 1.099
2000 0 0 0 0 0.884 1.114
2001 0 0 0 0 0.852 1.107
2002 0 0 0 0 1.167 1.118
2003 0 0 0 0 1.124 1.114
2004 0 0 0 0 1.048 1.109
2005 0 0 0 0 1.12 1.086
2006 0 0 0 0 1.121 0.992
2007 0 0 0 0 1.101 1.092
2008 0 0 0 0 1.086 1.061
2009 0 0 0 0 1.107 1.102
2010 0 0 0 0 1.103 1.106
2011 0 0 0 0 1.056 1.096
2012 0 0 0 0 1.102 1.098
2013 0 0 0 0 1.076 1.131
2014 0 0 0 0 1.077 1.112
2015 0 0 0 0 1.049 1.096
2016 0 0 0 0 1.106 1.083
2017 0 0 0 0 1.093 1.092
2018 0 0 0 0 1.05 1.078
2019 0 0 0 0 1.101 1.08
2020 0 0 0 0 1.093 1.108
2021 0 0 0 0 1.102 1.059
2022 0 0 0 0 1.078 1.077
2023 0 0 0 0 1.098 1.079

Numbers over time by herd
Values for breeding stock: Asia
Year RUS+WAL EAL+BER GOA SEA+NBC SBC+WA OR+CA
1970 66 11 0 0 0 0
1971 84 13 0 0 0 0
1972 95 16 0 0 0 0
1973 108 18 0 0 0 0
1974 120 20 0 0 0 0
1975 131 21 0 0 0 0
1976 141 23 0 0 0 0
1977 151 25 0 0 0 0
1978 160 26 0 0 0 0
1979 169 27 0 0 0 0
1980 177 29 0 0 0 0
1981 189 31 0 0 0 0
1982 203 33 0 0 0 0
1983 220 36 0 0 0 0
1984 239 39 0 0 0 0
1985 260 42 0 0 0 0
1986 283 46 0 0 0 0
1987 306 49 0 0 0 0
1988 331 53 0 0 0 0
1989 356 57 0 0 0 0
1990 382 62 0 0 0 0
1991 409 66 0 0 0 0
1992 438 71 0 0 0 0
1993 470 76 0 0 0 0
1994 504 81 0 0 0 0
1995 541 87 0 0 0 0
1996 581 93 0 0 0 0
1997 625 100 0 0 0 0
1998 671 108 0 0 0 0
1999 719 115 0 0 0 0
2000 771 124 0 0 0 0
2001 825 133 0 0 0 0
2002 881 145 0 0 0 0
2003 941 162 0 0 0 0
2004 1003 176 0 0 0 0
2005 1069 194 0 0 0 0
2006 1138 212 0 0 0 0
2007 1210 233 0 0 0 0
2008 1285 255 0 0 0 0
2009 1363 279 0 0 0 0
2010 1444 278 0 0 0 0
2011 1528 290 0 0 0 0
2012 1613 297 0 0 0 0
2013 1691 318 0 0 0 0
2014 1794 338 0 0 0 0
2015 1839 345 0 0 0 0
2016 1935 303 0 0 0 0
2017 2032 288 0 0 0 0
2018 2126 232 0 0 0 0
2019 2231 215 0 0 0 0
2020 2314 216 0 0 0 0
2021 2396 207 0 0 0 0
2022 2474 174 0 0 0 0
2023 2548 139 0 0 0 0
Values for breeding stock: Hawaii
Year RUS+WAL EAL+BER GOA SEA+NBC SBC+WA OR+CA
1970 18 162 102 363 52 0
1971 23 206 131 461 66 0
1972 27 242 154 538 78 0
1973 31 276 176 611 89 0
1974 34 309 197 679 100 0
1975 38 340 217 744 110 0
1976 41 370 236 805 119 0
1977 44 398 254 863 129 0
1978 48 425 271 917 137 0
1979 50 451 288 968 146 0
1980 53 475 304 1016 154 0
1981 57 511 327 1087 165 0
1982 62 555 354 1175 180 0
1983 68 606 387 1277 196 0
1984 75 663 423 1392 215 0
1985 82 727 464 1518 235 0
1986 90 795 507 1653 257 0
1987 98 867 552 1794 281 0
1988 107 944 600 1943 305 0
1989 116 1023 650 2100 331 0
1990 125 1106 702 2260 358 0
1991 135 1193 756 2429 386 0
1992 146 1288 815 2610 416 0
1993 157 1391 879 2810 450 0
1994 170 1503 949 3025 486 0
1995 184 1626 1025 3259 525 0
1996 199 1759 1107 3510 568 0
1997 216 1904 1196 3780 615 0
1998 233 2058 1291 4067 665 0
1999 252 2223 1392 4371 719 0
2000 272 2399 1499 4694 776 0
2001 294 2604 1615 4996 664 0
2002 316 2864 1680 5486 525 0
2003 340 3209 1771 6077 564 0
2004 365 3523 1725 6645 620 0
2005 392 3909 1614 7145 628 0
2006 421 4317 1649 7292 684 0
2007 451 4761 1816 7763 757 0
2008 482 5259 2008 7971 809 0
2009 516 5801 2241 8876 867 0
2010 551 5820 2415 9243 929 0
2011 587 6115 2659 10205 1002 0
2012 625 6316 2826 10037 1052 0
2013 664 6862 3002 10812 1137 0
2014 705 7302 3077 9047 1188 0
2015 746 7688 2203 7717 1251 0
2016 789 6795 1708 7551 1277 0
2017 833 6500 1525 6190 1377 0
2018 877 5274 1497 6569 1463 0
2019 922 4890 1533 6701 1512 0
2020 967 4949 1390 6851 1618 0
2021 1012 4798 1216 7266 1744 0
2022 1057 4083 1260 7772 1902 0
2023 1102 3295 1371 8031 2005 0
Values for breeding stock: MX_AR
Year RUS+WAL EAL+BER GOA SEA+NBC SBC+WA OR+CA
1970 11 57 24 10 4 9
1971 14 73 31 13 6 12
1972 16 85 37 15 7 14
1973 19 97 42 17 8 15
1974 21 109 47 19 9 17
1975 23 120 51 21 10 19
1976 25 130 56 23 10 20
1977 27 140 60 25 11 21
1978 29 150 64 26 12 23
1979 31 159 68 28 13 24
1980 33 168 72 29 13 25
1981 35 180 78 31 14 27
1982 38 196 84 34 16 29
1983 42 214 92 36 17 31
1984 46 234 101 40 19 34
1985 50 256 110 43 20 37
1986 55 280 120 47 22 40
1987 60 306 131 51 24 43
1988 65 333 143 55 27 46
1989 71 361 154 60 29 50
1990 76 390 167 65 31 54
1991 83 421 180 69 34 58
1992 89 454 194 75 36 62
1993 96 491 209 80 39 66
1994 104 530 225 86 42 71
1995 113 573 243 93 46 77
1996 122 621 263 100 50 83
1997 132 672 284 108 54 89
1998 143 726 307 116 58 96
1999 154 784 331 125 63 104
2000 167 846 356 134 68 112
2001 180 919 384 143 58 122
2002 194 1010 399 157 46 133
2003 208 1132 421 174 49 147
2004 224 1243 410 190 54 162
2005 240 1379 384 204 55 178
2006 258 1523 392 208 60 189
2007 276 1680 432 222 66 182
2008 295 1855 477 228 71 192
2009 316 2046 532 254 76 197
2010 337 2053 574 264 81 210
2011 360 2158 632 292 87 229
2012 383 2228 671 287 92 245
2013 407 2421 713 309 99 264
2014 432 2577 731 259 104 290
2015 457 2713 523 221 109 314
2016 483 2398 406 216 111 336
2017 510 2294 362 177 120 370
2018 537 1861 356 188 128 396
2019 565 1726 364 192 132 426
2020 592 1747 330 196 141 456
2021 620 1693 289 208 152 498
2022 648 1441 299 222 166 519
2023 675 1163 326 230 175 549
Values for breeding stock: MX_ML
Year RUS+WAL EAL+BER GOA SEA+NBC SBC+WA OR+CA
1970 6 37 8 12 19 82
1971 8 46 10 15 24 104
1972 9 54 11 17 28 121
1973 10 61 13 20 32 136
1974 12 68 14 22 36 150
1975 13 75 16 24 39 163
1976 14 81 17 25 43 176
1977 15 87 18 27 46 187
1978 16 93 20 29 49 197
1979 17 98 21 30 51 206
1980 18 103 22 32 54 215
1981 19 110 23 34 58 228
1982 20 119 25 36 62 244
1983 22 129 27 39 68 263
1984 24 141 30 43 74 285
1985 27 154 33 46 81 308
1986 29 168 35 50 88 333
1987 32 182 38 54 96 360
1988 34 198 42 59 104 388
1989 37 214 45 63 112 416
1990 40 230 48 68 121 446
1991 43 247 52 73 130 477
1992 46 266 56 78 140 510
1993 50 286 60 83 150 545
1994 54 309 65 90 162 585
1995 58 333 70 96 175 627
1996 62 359 75 103 188 674
1997 67 387 81 111 203 725
1998 73 418 87 119 219 779
1999 78 450 93 128 236 836
2000 84 484 100 137 254 898
2001 91 524 108 145 217 981
2002 97 575 112 159 171 1066
2003 104 642 118 175 183 1173
2004 112 704 114 191 201 1290
2005 120 778 107 205 203 1408
2006 128 858 109 209 221 1499
2007 137 944 119 222 244 1438
2008 146 1040 132 227 260 1511
2009 156 1144 146 252 278 1548
2010 166 1145 157 262 297 1645
2011 177 1200 173 289 319 1786
2012 188 1236 183 283 334 1913
2013 199 1340 194 304 361 2051
2014 210 1422 199 254 376 2251
2015 222 1493 142 216 394 2430
2016 234 1316 110 211 402 2594
2017 247 1256 98 172 432 2847
2018 259 1016 96 182 458 3034
2019 272 940 98 186 472 3260
2020 284 947 88 189 503 3474
2021 296 916 77 200 541 3783
2022 309 778 80 214 589 3936
2023 321 626 86 220 619 4150
Values for breeding stock: Central_Am
Year RUS+WAL EAL+BER GOA SEA+NBC SBC+WA OR+CA
1970 0 0 0 0 5 39
1971 0 0 0 0 6 49
1972 0 0 0 0 7 58
1973 0 0 0 0 8 65
1974 0 0 0 0 9 72
1975 0 0 0 0 10 78
1976 0 0 0 0 11 84
1977 0 0 0 0 12 89
1978 0 0 0 0 13 94
1979 0 0 0 0 13 98
1980 0 0 0 0 14 102
1981 0 0 0 0 15 109
1982 0 0 0 0 16 116
1983 0 0 0 0 18 125
1984 0 0 0 0 19 136
1985 0 0 0 0 21 147
1986 0 0 0 0 23 159
1987 0 0 0 0 25 172
1988 0 0 0 0 27 185
1989 0 0 0 0 29 198
1990 0 0 0 0 32 213
1991 0 0 0 0 34 227
1992 0 0 0 0 37 243
1993 0 0 0 0 39 260
1994 0 0 0 0 42 279
1995 0 0 0 0 46 299
1996 0 0 0 0 49 321
1997 0 0 0 0 53 345
1998 0 0 0 0 57 371
1999 0 0 0 0 62 398
2000 0 0 0 0 66 428
2001 0 0 0 0 57 467
2002 0 0 0 0 45 508
2003 0 0 0 0 48 559
2004 0 0 0 0 53 615
2005 0 0 0 0 53 671
2006 0 0 0 0 58 714
2007 0 0 0 0 64 685
2008 0 0 0 0 68 720
2009 0 0 0 0 73 738
2010 0 0 0 0 78 784
2011 0 0 0 0 83 851
2012 0 0 0 0 87 912
2013 0 0 0 0 94 977
2014 0 0 0 0 98 1073
2015 0 0 0 0 103 1159
2016 0 0 0 0 105 1238
2017 0 0 0 0 113 1360
2018 0 0 0 0 120 1450
2019 0 0 0 0 124 1561
2020 0 0 0 0 132 1665
2021 0 0 0 0 142 1813
2022 0 0 0 0 155 1887
2023 0 0 0 0 163 1991

Catch numbers by breeding stock
Year Asia Hawaii MX_AR MX_ML Central_Am
1970 0.9 0 0 1.1 0.3
1971 0.9 0 0 1.2 0.3
1972 1 0 0 1.3 0.3
1973 1.1 0 0 1.3 0.4
1974 1.2 0.1 0 1.4 0.4
1975 1.2 0.1 0 1.5 0.4
1976 1.3 0.1 0 1.6 0.4
1977 1.4 0.1 0 1.6 0.4
1978 1.5 0.1 0 1.7 0.5
1979 1.6 0.1 0 1.8 0.5
1980 1.8 0.1 0 1.9 0.5
1981 1.9 0.1 0 2 0.5
1982 2 0.1 0 2.1 0.6
1983 2.2 0.1 0 2.2 0.6
1984 2.3 0.1 0 2.4 0.6
1985 2.5 0.1 0 2.5 0.7
1986 2.6 0.1 0 2.6 0.7
1987 2.8 0.1 0 2.8 0.7
1988 3 0.1 0 2.9 0.8
1989 3.2 0.1 0 3.1 0.8
1990 3.5 0.2 0 3.2 0.8
1991 3.7 0.2 0 3.4 0.9
1992 4 0.2 0 3.6 0.9
1993 4.3 0.2 0 3.8 1
1994 4.6 0.2 0 4 1
1995 4.9 0.2 0 4.2 1.1
1996 5.2 0.2 0 4.4 1.1
1997 5.6 0.2 0 4.7 1.2
1998 6 0.2 0 4.9 1.2
1999 6.4 0.2 0 5.2 1.3
2000 6.9 0.3 0 5.5 1.4
2001 7.3 0.3 0 5.8 1.4
2002 7.9 0 0 5.8 1.5
2003 8.4 0 0 5.8 1.6
2004 9 0 0 6.7 1.7
2005 9.6 0 0 8.1 1.8
2006 10.3 1 0 6.8 1.8
2007 11.1 0 0 7.7 1.9
2008 11.8 0 0 7.9 2
2009 12.7 0 0 9 2.1
2010 13.6 0 0 9.3 2.2
2011 14.5 0.8 0 10.6 2.4
2012 15.5 0 0 10.9 2.5
2013 28 0 0 10.8 2.6
2014 0 5 0 13 2.7
2015 72 0 0 14.2 2.9
2016 12 0.1 0 14.2 3
2017 12 0.1 0 13.4 3.2
2018 16 0.1 0 13.4 3.3
2019 4 0.4 0 13.4 1.7
2020 26.8 0.4 0 23.8 5
2021 28.6 0.4 0 12.8 4.7
2022 30.7 0.4 0 10.5 3.7
2023 32.8 0.4 0 18.4 4.2

Catch numbers by feeding ground
Year RUS+WAL EAL+BER GOA SEA+NBC SBC+WA OR+CA
1970 0 2.7 3.1 6.8 0.1 6.4
1971 0 1.8 0.1 4 0.1 1.5
1972 4 0.8 0.1 4.1 0.1 1.6
1973 0 0.8 0.1 4.3 0.1 1.7
1974 0 0.8 0.1 4.5 0.1 2.5
1975 0 0.8 0.2 4.7 0.1 2.7
1976 0 0.8 0.2 4.9 0.2 2.9
1977 0 0.8 0.2 5.2 0.2 3.1
1978 0 0.8 0.2 5.4 0.2 3.3
1979 0 1 0.2 5.6 0.2 3.5
1980 0 1 0.2 5.9 0.2 3.9
1981 0 1 0.3 6.1 0.3 4.2
1982 0 1 0.4 6.5 0.3 4.5
1983 0 1 0.4 6.7 0.3 4.8
1984 0 1 0.5 7.1 0.4 4.6
1985 0 1 0.5 6.7 0.4 5
1986 0 1 0.7 7.8 0.4 5.4
1987 0 1 0.7 10 0.5 5.8
1988 0 1.1 0.8 8.5 0.5 6.3
1989 0 0.9 0.8 6.1 0.6 6.1
1990 0 1 0.8 7.4 0.7 5.8
1991 0 1 0.9 8.2 0.7 7.6
1992 0 1.1 0.9 9.8 0.8 8.3
1993 0 1.1 1 7.1 0.9 8.6
1994 0 1.2 1 9.3 1 8.8
1995 0 1.2 1 9.3 1.1 9.6
1996 0 1.2 1.1 12.7 1.2 9.9
1997 0 1.2 1.3 12.7 0.9 10.7
1998 0 3 1.4 14.7 1.2 12
1999 0 2.6 1.4 17.4 1.7 13.5
2000 0 1.2 1.5 14.1 1.5 11.6
2001 0 1.2 1.8 16.4 1.7 13.4
2002 0 2.4 1.9 13.8 1.9 13.7
2003 0 1.4 2 18.9 2.3 16
2004 0 1.4 2.3 22 2.5 15.9
2005 0 1.6 2.3 23.3 5.8 20.1
2006 0 1.6 2.4 22.7 5.3 22.1
2007 0 0.1 7.3 18.4 0 18.1
2008 0 0.1 4.3 19.7 12.4 8.8
2009 0 0.1 4.3 24.1 0 9.8
2010 0 6.1 0.8 44.5 7 24.5
2011 0 3.1 4 28.4 11 11.9
2012 0 4.1 8.8 11.6 0 10
2013 0 0.1 4 31.6 0 4.7
2014 0 0.1 11.8 43.7 7 45.2
2015 0 4.1 12 51 9.1 103.4
2016 0 4.1 4.8 34.8 7.1 150.3
2017 0 4.1 2.1 16.3 11.1 60.3
2018 0 1.1 4 26.6 30.1 111.1
2019 0 4.1 6 27.3 9.1 61
2020 0 1.1 0 24 23 31.2
2021 0 2.2 7 33.7 13 62.4
2022 0 4.3 0.8 22.3 8 56
2023 0 3.6 9.1 40.1 19.2 59.7
