Stock structure: B2F1; Model type = BC
Mortality impacts feeding grounds
Recruitment related to unfished
Staying rate: 0
Age-at-matrity: 8
Base adult survival: 0
Sigma for survival devs: 
Additional variance estimated
Weight for mark-recapture proportions: 1
Weight for genetics proportions: 1


Total objective fn: 116.141071869298
Negative log-likelihood fn: 71.296515988315

Natural Survival by feeding ground
RUS+WAL,EAL+BER,GOA,SEA+NBC,SBC+WA,OR+CA
1970 0.96 0.96 0.96 0.96 0.96 0.96
1971 0.96 0.96 0.96 0.96 0.96 0.96
1972 0.96 0.96 0.96 0.96 0.96 0.96
1973 0.96 0.96 0.96 0.96 0.96 0.96
1974 0.96 0.96 0.96 0.96 0.96 0.96
1975 0.96 0.96 0.96 0.96 0.96 0.96
1976 0.96 0.96 0.96 0.96 0.96 0.96
1977 0.96 0.96 0.96 0.96 0.96 0.96
1978 0.96 0.96 0.96 0.96 0.96 0.96
1979 0.96 0.96 0.96 0.96 0.96 0.96
1980 0.96 0.96 0.96 0.96 0.96 0.96
1981 0.96 0.96 0.96 0.96 0.96 0.96
1982 0.96 0.96 0.96 0.96 0.96 0.96
1983 0.96 0.96 0.96 0.96 0.96 0.96
1984 0.96 0.96 0.96 0.96 0.96 0.96
1985 0.96 0.96 0.96 0.96 0.96 0.96
1986 0.96 0.96 0.96 0.96 0.96 0.96
1987 0.96 0.96 0.96 0.96 0.96 0.96
1988 0.96 0.96 0.96 0.96 0.96 0.96
1989 0.96 0.96 0.96 0.96 0.96 0.96
1990 0.96 0.96 0.96 0.96 0.96 0.96
1991 0.96 0.96 0.96 0.96 0.96 0.96
1992 0.96 0.96 0.96 0.96 0.96 0.96
1993 0.96 0.96 0.96 0.96 0.96 0.96
1994 0.96 0.96 0.96 0.96 0.96 0.96
1995 0.96 0.96 0.96 0.96 0.96 0.96
1996 0.96 0.96 0.96 0.96 0.96 0.96
1997 0.96 0.96 0.96 0.96 0.96 0.96
1998 0.96 0.96 0.96 0.96 0.96 0.96
1999 0.96 0.96 0.96 0.96 0.96 0.96
2000 0.96 0.9800677 0.96 0.9665794 0.9750067 0.9469222
2001 0.96 0.9795288 0.96 0.9871538 0.9827348 0.9524203
2002 0.96 0.9799709 0.96 0.9824889 0.988232 0.9602771
2003 0.96 0.9676693 0.96 0.9777325 0.9775033 0.9647062
2004 0.96 0.9812829 0.96 0.9625905 0.9657235 0.9655418
2005 0.96 0.9582436 0.96 0.9432546 0.980301 0.9576224
2006 0.96 0.9870712 0.96 0.9727711 0.9907181 0.9475283
2007 0.96 0.9832331 0.96 0.9349917 0.9782876 0.958892
2008 0.96 0.9918193 0.96 0.9939919 0.9930894 0.9436314
2009 0.96 0.9379907 0.96 0.9578815 0.9798294 0.958886
2010 0.96 0.9735259 0.96 0.9911928 0.9964444 0.9532778
2011 0.96 0.8818055 0.96 0.9173646 0.9793378 0.9545584
2012 0.96 0.9907864 0.96 0.9808957 0.9794693 0.9646926
2013 0.96 0.9749615 0.96 0.7900333 0.9722943 0.9774627
2014 0.96 0.9729549 0.96 0.7739553 0.9736533 0.983931
2015 0.96 0.7248334 0.96 0.893907 0.9806003 0.9865869
2016 0.96 0.9007012 0.96 0.7284509 0.9813581 0.9827389
2017 0.96 0.6868491 0.96 0.9428448 0.9723673 0.9800715
2018 0.96 0.6982743 0.96 0.9322508 0.9875659 0.9760013
2019 0.96 0.9038238 0.96 0.9166977 0.9386143 0.9733413
2020 0.96 0.9671937 0.96 0.8580403 0.9596202 0.9747541
2021 0.96 0.957457 0.96 0.9333942 0.9449235 0.9537003
2022 0.96 0.8739117 0.96 0.9259516 0.9404601 0.9622007
2023 0.96 0.9820274 0.96 0.9431426 0.9498383 0.9643536

Naturak Survival by breeding stock
RUS+WAL,EAL+BER,GOA,SEA+NBC,SBC+WA,OR+CA
1970 0.96 0.96 0.96 0.96 0.96
1971 0.96 0.96 0.96 0.96 0.96
1972 0.96 0.96 0.96 0.96 0.96
1973 0.96 0.96 0.96 0.96 0.96
1974 0.96 0.96 0.96 0.96 0.96
1975 0.96 0.96 0.96 0.96 0.96
1976 0.96 0.96 0.96 0.96 0.96
1977 0.96 0.96 0.96 0.96 0.96
1978 0.96 0.96 0.96 0.96 0.96
1979 0.96 0.96 0.96 0.96 0.96
1980 0.96 0.96 0.96 0.96 0.96
1981 0.96 0.96 0.96 0.96 0.96
1982 0.96 0.96 0.96 0.96 0.96
1983 0.96 0.96 0.96 0.96 0.96
1984 0.96 0.96 0.96 0.96 0.96
1985 0.96 0.96 0.96 0.96 0.96
1986 0.96 0.96 0.96 0.96 0.96
1987 0.96 0.96 0.96 0.96 0.96
1988 0.96 0.96 0.96 0.96 0.96
1989 0.96 0.96 0.96 0.96 0.96
1990 0.96 0.96 0.96 0.96 0.96
1991 0.96 0.96 0.96 0.96 0.96
1992 0.96 0.96 0.96 0.96 0.96
1993 0.96 0.96 0.96 0.96 0.96
1994 0.96 0.96 0.96 0.96 0.96
1995 0.96 0.96 0.96 0.96 0.96
1996 0.96 0.96 0.96 0.96 0.96
1997 0.96 0.96 0.96 0.96 0.96
1998 0.96 0.96 0.96 0.96 0.96
1999 0.96 0.96 0.96 0.96 0.96
2000 0.96 0.96 0.96 0.96 0.96
2001 0.96 0.96 0.96 0.96 0.96
2002 0.96 0.96 0.96 0.96 0.96
2003 0.96 0.96 0.96 0.96 0.96
2004 0.96 0.96 0.96 0.96 0.96
2005 0.96 0.96 0.96 0.96 0.96
2006 0.96 0.96 0.96 0.96 0.96
2007 0.96 0.96 0.96 0.96 0.96
2008 0.96 0.96 0.96 0.96 0.96
2009 0.96 0.96 0.96 0.96 0.96
2010 0.96 0.96 0.96 0.96 0.96
2011 0.96 0.96 0.96 0.96 0.96
2012 0.96 0.96 0.96 0.96 0.96
2013 0.96 0.96 0.96 0.96 0.96
2014 0.96 0.96 0.96 0.96 0.96
2015 0.96 0.96 0.96 0.96 0.96
2016 0.96 0.96 0.96 0.96 0.96
2017 0.96 0.96 0.96 0.96 0.96
2018 0.96 0.96 0.96 0.96 0.96
2019 0.96 0.96 0.96 0.96 0.96
2020 0.96 0.96 0.96 0.96 0.96
2021 0.96 0.96 0.96 0.96 0.96
2022 0.96 0.96 0.96 0.96 0.96
2023 0.96 0.96 0.96 0.96 0.96

Fecundity by feeding ground
RUS+WAL,EAL+BER,GOA,SEA+NBC,SBC+WA,OR+CA
1970 0.6482 0.9614898 0.6714734 0.9545122 0.5454608 0.9655825
1971 0.648235 0.9615622 0.6714809 0.9546432 0.545474 0.9656608
1972 0.6472097 0.9590523 0.6702252 0.9507466 0.545029 0.9643888
1973 0.6460985 0.9566542 0.6690211 0.9470488 0.544604 0.9631978
1974 0.6450452 0.9543715 0.6678704 0.9435604 0.5441991 0.9621111
1975 0.6440437 0.9521973 0.6667737 0.9402675 0.543813 0.9611042
1976 0.6430951 0.9501267 0.6657258 0.9371593 0.5434487 0.960173
1977 0.6421971 0.9481536 0.6647239 0.9342294 0.5431013 0.9593118
1978 0.6413478 0.9462742 0.6637665 0.9314656 0.5427713 0.9585222
1979 0.6405451 0.9444922 0.6628515 0.9288593 0.5424573 0.9577977
1980 0.6397912 0.9427964 0.6619772 0.9264064 0.5421586 0.9571439
1981 0.6390792 0.9411809 0.6611451 0.9240902 0.5418779 0.9565486
1982 0.6381935 0.938965 0.6601146 0.9208913 0.541542 0.9556873
1983 0.6371557 0.9362048 0.6589006 0.9168926 0.5411556 0.9545908
1984 0.6359798 0.9329584 0.6575259 0.9121974 0.5407282 0.9532728
1985 0.634686 0.9292793 0.6560042 0.9068659 0.5402612 0.9517867
1986 0.6332859 0.9252177 0.6543595 0.9010353 0.5397585 0.9501559
1987 0.6317976 0.9208227 0.6526006 0.8948276 0.5392287 0.9484061
1988 0.6302344 0.9161416 0.6507451 0.8881827 0.5386721 0.9465651
1989 0.6286086 0.9112054 0.6488036 0.881126 0.5380961 0.9446229
1990 0.6269354 0.9060639 0.6467884 0.8738516 0.5375039 0.942589
1991 0.6252214 0.9007488 0.6447146 0.8663982 0.5368957 0.940568
1992 0.6234428 0.8951231 0.6425453 0.8585998 0.5362672 0.9384519
1993 0.6215767 0.8890643 0.6402557 0.8501347 0.5356126 0.9361763
1994 0.6196046 0.8824814 0.6378192 0.8410543 0.5349263 0.9336916
1995 0.6175122 0.8752975 0.6352175 0.831193 0.5342046 0.9309928
1996 0.6152887 0.8674604 0.6324401 0.8206203 0.5334438 0.9280335
1997 0.6129306 0.8589382 0.6294812 0.8091897 0.5326275 0.9248223
1998 0.6104335 0.8497847 0.6263309 0.796973 0.5317748 0.9213656
1999 0.6077959 0.8399202 0.6229828 0.784025 0.5308932 0.9176753
2000 0.6050224 0.8293187 0.6194408 0.7701697 0.5299573 0.9136162
2001 0.6021108 0.8132356 0.6157144 0.7535222 0.5285366 0.910555
2002 0.5990661 0.7964234 0.6117916 0.7284615 0.5268107 0.9066831
2003 0.5958798 0.7781716 0.6076663 0.7041684 0.5247948 0.901864
2004 0.5925497 0.7624982 0.6033384 0.680514 0.5230586 0.8962621
2005 0.5890665 0.7409511 0.5987868 0.662451 0.5217758 0.8903518
2006 0.5854247 0.7265918 0.5939996 0.6522594 0.5197518 0.8850828
2007 0.5816165 0.6994851 0.5891389 0.6266225 0.516945 0.8805729
2008 0.5776299 0.6726862 0.5839145 0.6197437 0.5150339 0.8735846
2009 0.5734642 0.6398679 0.5784201 0.5797245 0.5116963 0.8686282
2010 0.5691183 0.6325664 0.5725187 0.5614314 0.5091737 0.8612615
2011 0.5645857 0.6054592 0.5664505 0.5205796 0.5055077 0.8541443
2012 0.5598751 0.6245974 0.5602726 0.5256735 0.5023328 0.8461884
2013 0.5554014 0.583977 0.5536355 0.4890201 0.4988235 0.8354048
2014 0.5496837 0.5529003 0.5470192 0.5715831 0.4958987 0.8227228
2015 0.5463664 0.5227994 0.5401132 0.6444138 0.4927417 0.8100943
2016 0.5407233 0.6314809 0.5326578 0.6487997 0.4887096 0.7978254
2017 0.5347963 0.6342915 0.5248002 0.7209106 0.4844826 0.782122
2018 0.5287986 0.7266903 0.5167163 0.6985151 0.4815798 0.767955
2019 0.5220785 0.7866785 0.5084206 0.6856113 0.4760526 0.7520803
2020 0.5160444 0.7777779 0.4996471 0.6802479 0.4760189 0.7349448
2021 0.5098578 0.7535897 0.4908118 0.6992037 0.4729926 0.7171323
2022 0.5035216 0.7350925 0.481475 0.6859114 0.4713497 0.7062103
2023 0.4970595 0.7451734 0.4722007 0.6783011 0.4704769 0.6910878

Total abundance: Estimate SD_log
1970 1302.807 0.06693923
1971 1588.712 0.05904481
1972 1823.036 0.0544625
1973 2041.528 0.05126721
1974 2252.344 0.04878768
1975 2451.21 0.04689167
1976 2639.384 0.04539648
1977 2817.279 0.04419688
1978 2985.477 0.04321885
1979 3144.328 0.04241359
1980 3294.147 0.04174618
1981 3506.825 0.04045791
1982 3764.769 0.03890234
1983 4062.397 0.03724519
1984 4395.086 0.0355999
1985 4758.378 0.03403953
1986 5148.365 0.03260235
1987 5559.543 0.0313152
1988 5986.926 0.03018492
1989 6430.774 0.02918452
1990 6890.151 0.02829585
1991 7374.83 0.02747706
1992 7892.04 0.02671486
1993 8448.76 0.02600603
1994 9054.86 0.02534467
1995 9709.04 0.02476001
1996 10414.88 0.02426274
1997 11169.98 0.0238737
1998 11976.69 0.02359665
1999 12828.56 0.02344809
2000 13723.88 0.02342821
2001 14814.79 0.02379696
2002 16155.31 0.02328385
2003 17567.87 0.02269494
2004 18930.89 0.02075588
2005 20303.13 0.01925886
2006 21344.06 0.02274805
2007 23007.76 0.02368993
2008 24307.02 0.02535509
2009 26490.19 0.02542201
2010 27717.03 0.03054727
2011 29862.98 0.03073062
2012 29933.8 0.03276838
2013 32369.83 0.0327231
2014 31925.64 0.04175494
2015 31717.72 0.0334862
2016 29892.94 0.04086681
2017 28837.29 0.04078472
2018 28055.07 0.03817651
2019 27675.46 0.03684919
2020 28639.05 0.03703437
2021 29565.78 0.03515558
2022 30972.83 0.04293158
2023 31731.38 0.05690662
2024 33512.88 0.06022149

Breeding stock abundance: Estimate SD_log Estimate/K
Asia
1 135.9627 0.2271465 1.824594
2 159.5839 0.2009686 2.141586
3 178.1934 0.1855661 2.391322
4 192.6905 0.1768855 2.58587
5 209.0217 0.1679426 2.805032
6 224.4133 0.1608941 3.011584
7 239.0124 0.1551786 3.207501
8 252.756 0.15054 3.391938
9 265.6794 0.1467413 3.565366
10 277.8159 0.1436103 3.728236
11 289.19 0.1410227 3.880875
12 304.1664 0.1361489 4.081855
13 321.7518 0.1301338 4.317849
14 341.6293 0.1235366 4.5846
15 363.4004 0.1168256 4.876764
16 386.8954 0.1102718 5.192063
17 411.7592 0.1041123 5.52573
18 437.8631 0.09844249 5.876039
19 464.8909 0.09335149 6.238747
20 492.6407 0.08885772 6.611145
21 520.9417 0.08494918 6.990938
22 550.3123 0.08138807 7.385086
23 581.2571 0.07807733 7.80036
24 613.9824 0.07503356 8.239526
25 648.7245 0.07231036 8.705759
26 685.6444 0.06999092 9.201217
27 724.8482 0.06816517 9.727325
28 766.3844 0.0669101 10.28473
29 810.1474 0.06628253 10.87202
30 856.0294 0.06629149 11.48775
31 904.0172 0.06690699 12.13174
32 957.3869 0.06806395 12.84795
33 1013.259 0.0696973 13.59775
34 1071.688 0.07173316 14.38185
35 1130.274 0.07410667 15.16806
36 1194.534 0.0768456 16.03043
37 1256.121 0.07994076 16.85691
38 1327.778 0.08321079 17.81853
39 1401.464 0.08685567 18.80738
40 1481.045 0.090454 19.87535
41 1546.441 0.09454745 20.75294
42 1625.69 0.09844711 21.81645
43 1677.747 0.1028608 22.51505
44 1768.366 0.1066861 23.73113
45 1843.517 0.1114043 24.73965
46 1949.478 0.1143486 26.16162
47 1901.046 0.1244282 25.51168
48 1977.133 0.1289612 26.53274
49 2004.471 0.1359234 26.89962
50 2045.701 0.1426218 27.45292
51 2142.757 0.1463347 28.75539
52 2231.937 0.1508643 29.95217
53 2320.49 0.1554966 31.14053
54 2392.697 0.1613844 32.10954
Hawaii
1 722.4389 0.06798137 2.390631
2 891.9196 0.06059013 2.951462
3 1029.725 0.05651327 3.407476
4 1160.238 0.05364915 3.839357
5 1284.638 0.05152691 4.251012
6 1402.578 0.04991597 4.641288
7 1514.415 0.04865825 5.011368
8 1620.473 0.04765451 5.362325
9 1720.971 0.0468414 5.694885
10 1816.269 0.04617143 6.010237
11 1906.513 0.04561525 6.308866
12 2035.327 0.04453245 6.735125
13 2192.068 0.04324002 7.253797
14 2373.305 0.0418869 7.853533
15 2576.291 0.040568 8.525237
16 2797.91 0.03934584 9.258598
17 3036.462 0.0382358 10.04799
18 3287.903 0.03726549 10.88004
19 3548.895 0.03643915 11.74369
20 3820.928 0.0357089 12.64388
21 4103.308 0.03505756 13.57831
22 4400.734 0.03447517 14.56252
23 4719.262 0.03394503 15.61657
24 5062.247 0.03347413 16.75154
25 5436.993 0.03304525 17.99162
26 5840.787 0.03270165 19.32782
27 6276.841 0.03244448 20.77077
28 6741.89 0.0323032 22.30967
29 7238.686 0.03227183 23.95363
30 7762.854 0.03237 25.68815
31 8312.832 0.03260421 27.50809
32 8998.908 0.03284539 29.7784
33 9889.252 0.03259358 32.72464
34 10802.96 0.032458 35.74819
35 11676.42 0.03034877 38.63857
36 12489.37 0.02831268 41.32874
37 13059.46 0.03157421 43.21522
38 14104.35 0.03297404 46.67289
39 14755.26 0.03364229 48.82681
40 16203 0.03311272 53.61755
41 16930.33 0.03768504 56.02436
42 18349.54 0.03785334 60.72067
43 18234.03 0.0367231 60.33844
44 19720.75 0.03836375 65.25819
45 18475.26 0.05920777 61.13669
46 17421.29 0.04086888 57.649
47 16286.32 0.04443342 53.89324
48 14831.56 0.04691073 49.0793
49 14420.96 0.04872394 47.72058
50 14184.16 0.04198862 46.93697
51 14521.44 0.04123724 48.05309
52 14557.58 0.04953366 48.17267
53 15243.83 0.06147063 50.44353
54 15503.53 0.07980008 51.30291
MX_AR
1 172.092 0.1106123 1.465255
2 209.4973 0.1000445 1.783738
3 240.2873 0.09401071 2.045896
4 269.4392 0.08975771 2.294105
5 297.6548 0.08652221 2.534344
6 324.5213 0.08405332 2.763095
7 350.1138 0.08211683 2.980999
8 374.5075 0.08056323 3.188696
9 397.7617 0.07929385 3.386691
10 419.9306 0.07824098 3.575445
11 441.0038 0.07736371 3.75487
12 470.3906 0.07577383 4.005081
13 505.8117 0.07391263 4.306668
14 546.6154 0.07198798 4.654086
15 592.2288 0.07013931 5.042456
16 642.0836 0.06844874 5.466938
17 695.6644 0.06695404 5.923145
18 752.3793 0.06566547 6.406037
19 811.7777 0.0645707 6.911777
20 873.4815 0.06365062 7.437145
21 937.2875 0.06287753 7.980413
22 1004.844 0.06219307 8.555619
23 1077.209 0.06158131 9.171754
24 1155.371 0.06103643 9.83726
25 1240.214 0.06056196 10.55965
26 1332.126 0.06016498 11.34222
27 1431.483 0.05985168 12.18818
28 1538.357 0.05962411 13.09815
29 1652.814 0.05948137 14.07267
30 1774.046 0.05942552 15.10488
31 1902.39 0.05944174 16.19766
32 2069.533 0.05951413 17.62078
33 2253.233 0.05949774 19.18486
34 2450.627 0.05896479 20.86555
35 2635.325 0.05845468 22.43814
36 2855.549 0.05851601 24.3132
37 3029.462 0.06175989 25.79396
38 3293.428 0.06235792 28.04147
39 3552.155 0.06609472 30.24437
40 3871.967 0.06667863 32.96737
41 4027.975 0.07376605 34.29567
42 4319.932 0.07430569 36.78151
43 4292.472 0.0816239 36.5477
44 4670.504 0.0800403 39.7664
45 4929.344 0.0792255 41.97027
46 5188.826 0.07780339 44.17959
47 4606.381 0.09256095 39.22044
48 4640.575 0.08923797 39.51158
49 4180.416 0.09265287 35.59361
50 3874.435 0.09369998 32.98837
51 4003.648 0.0942602 34.08855
52 4264.647 0.09475112 36.31078
53 4516.185 0.09653013 38.45248
54 4587.706 0.1115003 39.06143
MX_ML
1 227.1123 0.0844206 0.6442544
2 273.5044 0.07728534 0.7758558
3 312.6135 0.07298934 0.8867972
4 349.4293 0.07002452 0.9912335
5 384.3555 0.06787528 1.090309
6 416.7308 0.06636604 1.182149
7 447.0428 0.06525561 1.268136
8 475.3516 0.06443924 1.34844
9 501.8963 0.06382627 1.42374
10 526.6617 0.06338159 1.493992
11 549.6845 0.06307156 1.559302
12 582.9719 0.06227997 1.653729
13 623.4864 0.06129897 1.768657
14 670.3464 0.0602588 1.901586
15 722.7296 0.05925039 2.050182
16 780.0577 0.05831576 2.212806
17 841.4022 0.05749663 2.386824
18 906.0589 0.05679783 2.570236
19 973.2768 0.05622215 2.760915
20 1042.64 0.05575456 2.95768
21 1114.093 0.05537072 3.16037
22 1190.006 0.05501695 3.375717
23 1270.37 0.05472973 3.603686
24 1356.985 0.05447593 3.849387
25 1451.105 0.05424833 4.116381
26 1553.326 0.05404686 4.406354
27 1663.708 0.05388632 4.719477
28 1782.71 0.05375967 5.057051
29 1910.154 0.05367648 5.418574
30 2044.982 0.05364228 5.801045
31 2186.957 0.05366179 6.203788
32 2347.89 0.0558385 6.660309
33 2530.818 0.05544294 7.179225
34 2739.426 0.05513604 7.770987
35 2947.275 0.05355432 8.360596
36 3180.927 0.05379728 9.023403
37 3378.066 0.05502055 9.582632
38 3627.566 0.05632643 10.29039
39 3897.966 0.05752534 11.05744
40 4195.171 0.05908416 11.90053
41 4419.494 0.05977859 12.53687
42 4725.617 0.05940744 13.40526
43 4832.213 0.06060356 13.70764
44 5241.135 0.05959486 14.86764
45 5614.896 0.05856233 15.9279
46 5997.597 0.05755486 17.01351
47 5845.121 0.06097407 16.58098
48 6051.871 0.05916222 17.16747
49 6007.032 0.05757255 17.04028
50 6035.133 0.05660578 17.11999
51 6332.507 0.05630512 17.96356
52 6753.349 0.05681661 19.15737
53 7062.812 0.06259149 20.03523
54 7320.04 0.07220179 20.76491
Central_Am
1 45.20073 0.1043382 1.178695
2 54.20657 0.1006958 1.413539
3 62.2169 0.0985347 1.622424
4 69.73098 0.09720646 1.818368
5 76.67399 0.09650318 1.99942
6 82.96693 0.09614575 2.16352
7 88.8006 0.0959748 2.315644
8 94.19117 0.09593246 2.456214
9 99.16949 0.09598125 2.586033
10 103.6509 0.09619518 2.702895
11 107.7554 0.09645746 2.809927
12 113.9688 0.09645729 2.971952
13 121.6511 0.09634489 3.172284
14 130.5009 0.09627003 3.403058
15 140.436 0.096194 3.662134
16 151.4313 0.09612801 3.948858
17 163.0768 0.09616552 4.252537
18 175.3381 0.09623926 4.572274
19 188.0858 0.09634661 4.904695
20 201.0825 0.09653564 5.243607
21 214.5215 0.09673526 5.594056
22 228.9327 0.09692775 5.969855
23 243.9418 0.09718053 6.361246
24 260.1748 0.09743228 6.784552
25 277.8228 0.09771778 7.244756
26 297.1561 0.0979993 7.74891
27 317.9964 0.0983191 8.292359
28 340.6366 0.09863928 8.882746
29 364.8867 0.09899307 9.515113
30 390.6449 0.09935632 10.18681
31 417.6833 0.09975661 10.89188
32 441.0758 0.1059717 11.50189
33 468.751 0.1062488 12.22357
34 503.179 0.1069772 13.12135
35 541.5978 0.1057057 14.12319
36 582.7457 0.1065348 15.1962
37 620.9468 0.1081159 16.19237
38 654.6386 0.1094606 17.07094
39 700.1809 0.1093392 18.25855
40 739.0005 0.1117669 19.27084
41 792.7924 0.1078914 20.67357
42 842.2045 0.1066414 21.96208
43 897.3376 0.1053512 23.39978
44 969.0734 0.1041809 25.27043
45 1062.623 0.1034243 27.7099
46 1160.525 0.1023999 30.26289
47 1254.073 0.101954 32.70232
48 1336.152 0.1020777 34.84269
49 1442.185 0.1024639 37.60772
50 1536.037 0.1029345 40.05507
51 1638.698 0.1029414 42.73216
52 1758.264 0.1039902 45.85007
53 1829.519 0.1108179 47.70818
54 1927.414 0.1192279 50.26098

Feeding stock abundance: Estimate SD_log Estimate/K
RUS+WAL
1 177.9456 0.2448424 1.702038
2 208.224 0.2173529 1.991649
3 228.0793 0.2046165 2.181564
4 250.2864 0.1922967 2.393973
5 271.3189 0.1826969 2.595147
6 291.3226 0.1750085 2.786482
7 310.2595 0.1687846 2.967612
8 328.1767 0.1636787 3.138989
9 345.1136 0.1594455 3.300989
10 361.1103 0.1559061 3.453997
11 376.1142 0.1529612 3.597508
12 395.6734 0.1476126 3.784591
13 418.4702 0.141102 4.00264
14 444.0426 0.1340392 4.247239
15 472.1302 0.1268524 4.515895
16 502.3271 0.1198924 4.804727
17 534.4232 0.1133615 5.111724
18 568.0539 0.1074124 5.4334
19 602.9656 0.1021128 5.767328
20 638.9198 0.09748242 6.111227
21 675.6103 0.09351808 6.462169
22 713.8605 0.08996151 6.82803
23 754.0541 0.08675644 7.212479
24 796.5648 0.08391936 7.619091
25 841.6824 0.08151847 8.050638
26 889.6202 0.07964533 8.509161
27 940.5237 0.07838906 8.996049
28 994.3866 0.07782025 9.511244
29 1051.237 0.07796347 10.05502
30 1111.051 0.07879855 10.62713
31 1173.673 0.0802694 11.22611
32 1239.27 0.0822913 11.85353
33 1307.808 0.08479933 12.5091
34 1379.537 0.08772235 13.19519
35 1454.532 0.09100989 13.9125
36 1533.007 0.0946103 14.66312
37 1615.077 0.0984854 15.44811
38 1700.893 0.1025922 16.26893
39 1790.687 0.1068828 17.12781
40 1884.428 0.1113178 18.02444
41 1982.096 0.1158625 18.95862
42 2083.804 0.1204675 19.93145
43 2189.343 0.1251191 20.94092
44 2289.327 0.1302205 21.89726
45 2417.444 0.1341729 23.1227
46 2490.59 0.1408136 23.82234
47 2617.432 0.145145 25.03557
48 2749.333 0.1493601 26.29719
49 2882.551 0.1536538 27.57142
50 3031.88 0.1573091 28.99974
51 3165.143 0.1618203 30.27439
52 3302.134 0.1662679 31.5847
53 3442.21 0.1706549 32.92452
54 3584.814 0.1749926 34.28852
EAL+BER
1 250.3549 0.09447795 1.362781
2 318.9735 0.09103441 1.736299
3 374.0258 0.08936393 2.03597
4 426.4255 0.08829178 2.321203
5 476.3091 0.08756231 2.592739
6 523.825 0.08704335 2.851387
7 569.0809 0.08666245 3.097733
8 612.2097 0.08637418 3.3325
9 653.2884 0.08615344 3.556107
10 692.2116 0.08600729 3.767982
11 729.2494 0.08589813 3.969593
12 783.1925 0.08548843 4.263227
13 849.5007 0.08496272 4.624168
14 926.8304 0.08440538 5.045105
15 1013.926 0.08386991 5.519203
16 1109.643 0.08338132 6.040228
17 1212.904 0.08294736 6.602316
18 1322.657 0.08256744 7.199743
19 1437.883 0.08223954 7.826965
20 1557.97 0.08193982 8.480648
21 1681.818 0.08167585 9.154804
22 1813.577 0.0814171 9.872016
23 1955.786 0.08116156 10.64612
24 2110.637 0.08090459 11.48903
25 2279.62 0.08065271 12.40887
26 2463.954 0.08040583 13.41227
27 2664.328 0.08016698 14.50299
28 2880.995 0.07993842 15.6824
29 3112.115 0.07976585 16.94047
30 3359.358 0.07958923 18.28632
31 3623.027 0.07938691 19.72157
32 4008.284 0.07827821 21.81868
33 4418.881 0.07709975 24.05372
34 4863.799 0.07455704 26.47558
35 5254.583 0.070816 28.60277
36 5772.118 0.06869857 31.41993
37 6138.598 0.07763572 33.41482
38 6778.596 0.07714398 36.89858
39 7423.145 0.0835285 40.40712
40 8199.06 0.08249404 44.63073
41 8421.543 0.09560269 45.84179
42 9062.726 0.09524575 49.332
43 8689.249 0.1153904 47.29902
44 9600.842 0.1094229 52.26118
45 10328.86 0.1049836 56.22406
46 11016.22 0.098109 59.96564
47 8659.574 0.146402 47.13749
48 8571.793 0.1403715 46.65966
49 6549.152 0.1817656 35.64962
50 5065.201 0.2237954 27.5719
51 5103.677 0.231258 27.78133
52 5604.466 0.2316235 30.50732
53 6055.856 0.2303534 32.96442
54 5861.649 0.2816347 31.90727
GOA
1 208.1532 0.2952367 1.596316
2 246.0301 0.2637757 1.886792
3 276.2521 0.2449615 2.118563
4 305.1437 0.2305808 2.340131
5 332.7532 0.2192531 2.551867
6 359.0509 0.2101795 2.753542
7 384.1826 0.2027311 2.946276
8 408.2091 0.1965211 3.130534
9 431.17 0.1912772 3.30662
10 453.1116 0.1868005 3.474888
11 474.0779 0.1829428 3.635678
12 501.2271 0.1762141 3.843884
13 532.8349 0.1680658 4.086282
14 568.5218 0.1591425 4.359963
15 607.7394 0.1499925 4.660721
16 650.1788 0.1409652 4.986186
17 695.2555 0.132354 5.331877
18 742.7891 0.1242751 5.69641
19 792.3542 0.1168311 6.076521
20 843.726 0.1100424 6.470489
21 896.6123 0.1039113 6.876071
22 951.9829 0.09807074 7.300706
23 1010.625 0.09236482 7.750432
24 1073.001 0.0867676 8.228787
25 1139.647 0.08131458 8.739892
26 1210.898 0.07610528 9.286311
27 1286.889 0.07127854 9.869082
28 1367.652 0.06698512 10.48845
29 1453.349 0.06335867 11.14566
30 1544.058 0.06050747 11.8413
31 1639.592 0.05850037 12.57395
32 1739.866 0.05734204 13.34294
33 1845.33 0.05698406 14.15174
34 1956.221 0.05736046 15.00216
35 2072.579 0.0583963 15.89449
36 2194.98 0.05999311 16.83318
37 2323.714 0.06205769 17.82044
38 2454.341 0.06462164 18.82221
39 2594.747 0.06738607 19.89897
40 2742.168 0.07033335 21.02954
41 2900.275 0.07328569 22.24205
42 3062.435 0.07632676 23.48565
43 3227.214 0.07942913 24.74933
44 3404.088 0.0823076 26.10577
45 3579.846 0.08520911 27.45365
46 3763.203 0.08792749 28.8598
47 3960.913 0.09025901 30.37603
48 4168.753 0.09227263 31.96994
49 4382.06 0.09404549 33.60578
50 4600.548 0.09556422 35.28136
51 4831.305 0.09665302 37.05102
52 5062.817 0.09755425 38.82647
53 5307.243 0.09801862 40.70096
54 5548.94 0.09829537 42.55452
SEA+NBC
1 417.862 0.05997576 2.177934
2 530.9239 0.05737356 2.767223
3 619.7659 0.05633228 3.230275
4 703.5376 0.05571194 3.666901
5 782.5673 0.05532985 4.078811
6 857.169 0.05508986 4.467642
7 927.5809 0.05494145 4.834635
8 993.9268 0.05486109 5.180436
9 1056.499 0.05482554 5.506565
10 1115.486 0.05482376 5.814012
11 1170.966 0.05485317 6.103179
12 1252.735 0.05466763 6.52937
13 1353.271 0.05440857 7.053371
14 1470.419 0.05412083 7.663958
15 1601.833 0.05384508 8.348898
16 1746.307 0.05357206 9.101908
17 1900.54 0.0533524 9.905786
18 2061.651 0.05321041 10.74551
19 2231.625 0.05304848 11.63143
20 2410.032 0.05285122 12.5613
21 2591.974 0.05270144 13.5096
22 2783.879 0.05257588 14.50983
23 2988.697 0.05249047 15.57736
24 3213.49 0.05237906 16.749
25 3455.531 0.05233338 18.01054
26 3718.158 0.05233042 19.37937
27 3998.512 0.05242912 20.84061
28 4299.725 0.05259656 22.41055
29 4619.148 0.05287178 24.07541
30 4954.849 0.05327577 25.82512
31 5311.095 0.05376107 27.6819
32 5731.511 0.05443005 29.87315
33 6350.104 0.05402726 33.09731
34 6960.528 0.05443382 36.27889
35 7555.912 0.05120898 39.38209
36 8021.572 0.04782902 41.80915
37 8301.242 0.05444291 43.26682
38 8930.579 0.05647328 46.54698
39 9135.165 0.05578266 47.6133
40 10092.35 0.05381461 52.60226
41 10556.18 0.05883886 55.01974
42 11549.22 0.05811908 60.19555
43 11467.36 0.05333952 59.76891
44 12349.08 0.05782532 64.36451
45 10454.21 0.1067773 54.48826
46 8786.889 0.05865748 45.79805
47 8644.772 0.05861325 45.05733
48 6962.025 0.06519755 36.2867
49 7366.051 0.09497333 38.39252
50 7661.941 0.06118798 39.93472
51 7800.903 0.05317553 40.65901
52 7339.129 0.1149551 38.2522
53 7616.134 0.132888 39.69597
54 7750.159 0.1558196 40.39452
SBC+WA
1 99.36793 0.3010955 1.001872
2 112.8759 0.2765939 1.138065
3 123.5641 0.2611329 1.245828
4 133.7551 0.2488251 1.348578
5 143.4676 0.2388156 1.446504
6 152.7261 0.230536 1.539853
7 161.4502 0.2237284 1.627812
8 169.7692 0.2179556 1.711689
9 177.6714 0.2130188 1.791362
10 185.188 0.208756 1.867148
11 192.3356 0.2050473 1.939213
12 201.1413 0.1994381 2.027996
13 211.1851 0.1928075 2.129262
14 222.3499 0.1855821 2.241831
15 234.4002 0.1781836 2.363327
16 247.3189 0.1707912 2.493579
17 261.0136 0.1635911 2.631655
18 275.2734 0.1567708 2.775429
19 290.1035 0.150351 2.924953
20 305.319 0.1444242 3.078362
21 320.8476 0.139001 3.234928
22 337.0085 0.1338039 3.39787
23 353.8711 0.1287733 3.567886
24 371.5497 0.1238719 3.746129
25 390.1558 0.1191052 3.933724
26 409.7562 0.1145129 4.131344
27 430.4183 0.1101529 4.339669
28 452.559 0.1060026 4.562901
29 475.6411 0.102277 4.795625
30 499.4418 0.09907569 5.035594
31 524.6326 0.09631225 5.289579
32 561.605 0.08993495 5.662352
33 606.9545 0.08557344 6.119586
34 660.0063 0.08273898 6.654477
35 706.9755 0.07908496 7.128042
36 742.2728 0.07502802 7.483925
37 794.9559 0.07461856 8.015098
38 868.4512 0.07443682 8.756111
39 920.3437 0.07604341 9.279314
40 1007.304 0.07728107 10.15608
41 1076.244 0.07984244 10.85117
42 1171.895 0.08302495 11.81557
43 1259.163 0.08625894 12.69545
44 1352.496 0.09018038 13.63647
45 1430.934 0.09323654 14.42731
46 1515.324 0.09676105 15.27817
47 1622.177 0.1005197 16.35551
48 1733.689 0.104286 17.47983
49 1813.332 0.1097393 18.28282
50 1956.393 0.1139069 19.72522
51 1969.462 0.1219989 19.85699
52 2046.77 0.1294497 20.63645
53 2095.028 0.1439024 21.12301
54 2120.402 0.1666514 21.37883
OR+CA
1 127.723 0.03912018 0.7284659
2 161.7844 0.03594036 0.9227342
3 188.0491 0.03455522 1.072534
4 212.5795 0.03371846 1.212443
5 234.8282 0.03329475 1.339338
6 255.4167 0.03307416 1.456764
7 274.4302 0.03299115 1.565208
8 291.9873 0.03300481 1.665344
9 308.0356 0.03310072 1.756875
10 322.7206 0.03325487 1.840631
11 335.9039 0.03347674 1.915821
12 356.4547 0.03343064 2.033033
13 382.0066 0.03329 2.178767
14 411.9327 0.03312524 2.34945
15 446.0567 0.03295031 2.544076
16 483.2031 0.03284025 2.75594
17 522.9284 0.03279668 2.982512
18 564.7182 0.03281815 3.22086
19 607.9958 0.03290627 3.467693
20 653.1064 0.03301297 3.72498
21 699.8886 0.03312752 3.991802
22 747.9215 0.03332967 4.265756
23 799.4065 0.03355926 4.5594
24 855.5172 0.03380432 4.879426
25 917.1237 0.03406297 5.230798
26 984.0541 0.03436498 5.612534
27 1057.206 0.03469386 6.029752
28 1136.16 0.03507095 6.480069
29 1220.598 0.03550694 6.961657
30 1310.099 0.03600664 7.472123
31 1407.86 0.03647677 8.029702
32 1484.959 0.05361609 8.469438
33 1577.336 0.05430056 8.996307
34 1691.383 0.05541559 9.64677
35 1824.807 0.04995031 10.40775
36 1966.58 0.0490023 11.21635
37 2096.47 0.05402658 11.95718
38 2210.304 0.05939292 12.60643
39 2375.936 0.05869008 13.55111
40 2502.771 0.06564898 14.27451
41 2672.696 0.05633207 15.24367
42 2846.206 0.05325395 16.23328
43 3038.069 0.04960408 17.32757
44 3292.2 0.04577833 18.777
45 3585.848 0.04323653 20.45181
46 3876.79 0.03989683 22.1112
47 4157.669 0.03820514 23.71319
48 4529.099 0.03757438 25.83163
49 4856.222 0.03943923 27.69737
50 5232.499 0.04163685 29.84346
51 5633.265 0.042082 32.12922
52 6045.663 0.04445871 34.48133
53 6319.661 0.05826009 36.04407
54 6677.921 0.07407189 38.0874

Parameters: Estimate  Std. Error      z value    Pr(>|z^2|)
rval 0.06779708 0.00887757 7.63689204 0
rval 0.09109585 0.0019025 47.88225025 0
rval 0.06975819 0.00944234 7.38780397 0
rval 0.09106287 0.00148016 61.52229425 0
rval 0.05797896 0.00850172 6.81967125 0
rval 0.0910351 0.00121408 74.98258749 0
logK 8.9161935 0.61564929 14.48258557 0
logK 10.31624555 0.23788176 43.36711514 0
logK 9.37117 0.65068631 14.40197813 0
logK 10.47027658 0.32314658 32.40101353 0
logK 8.25187567 0.86391801 9.55168841 0
logBK 4.03507293 0.62133539 6.49419462 0
logBK 3.75937176 0.24788452 15.16581926 0
logBK 4.25787777 0.66356113 6.41670761 0
logBK 5.08746726 0.3369342 15.09929019 0
logBK 4.47826342 0.86553228 5.17399934 2.3e-07
MixPars -2.59843294 0.34564847 -7.51755953 0
MixPars -2.73616409 0.32392657 -8.44686516 0
MixPars -1.19346164 0.16642041 -7.17136576 0
MixPars -1.10963381 0.31192426 -3.55738215 0.00037457
MixPars -2.36407528 0.33757042 -7.00320629 0
MixPars -1.32740967 0.32603313 -4.07139507 4.673e-05
MixPars -0.26964289 0.32401228 -0.83219961 0.40529628
MixPars -1.79971067 0.27734675 -6.48902737 0
MixPars -2.2063595 0.38402463 -5.74535939 1e-08
MixPars -2.04420106 0.24740687 -8.26250715 0
MixPars -1.93236019 0.38971269 -4.95842262 7.1e-07
MixPars -0.73547248 0.35421761 -2.07632952 0.03786348
MixPars -1.64893314 0.30320343 -5.4383724 5e-08
MixPars -0.10980423 0.33113388 -0.33160071 0.74019078
MixPars 0.55449511 0.13569712 4.08627019 4.384e-05
MixPars -1.48482686 0.36975447 -4.01571035 5.927e-05
AddV 0.13332553 0.0579452 2.30089006 0.02139785
AddV 0.01340062 0.00417479 3.2098913 0.00132785
AddV 0.15386671 0.08686206 1.77139155 0.07649561
log_sigmaEnv -0.06277524 0.17142671 -0.36619288 0.71422116
envParams 0.54960043 0.25247557 2.17684597 0.02949206
envParams 0.45755444 0.36325993 1.2595786 0.20782142
envParams 0.56832222 0.42956625 1.32301413 0.18583068
envParams -0.07307084 0.35248015 -0.20730484 0.83577179
envParams 0.47667781 0.22504574 2.11813742 0.03416343
envParams -0.44617862 0.47500646 -0.93931064 0.34757128
envParams -1.53069266 0.85646337 -1.7872249 0.07390115
envParams 0.07410743 0.39850465 0.18596379 0.85247316

Mixing matrix
0.93076066 0.06923934 0 0 0 0 ,# Asia
0.03617701 0.16920759 0.18400338 0.55812779 0.05248423 0 ,# Hawaii
0.10895269 0.41088915 0.31377638 0.06793917 0.0452392 0.05320341 ,# MX_AR
0.03251575 0.22454697 0.10762064 0.04317026 0.20119623 0.39095014 ,# MX_ML
0 0 0 0 0.18469946 0.81530054 ,# Central_Am

Split of breeding stock to feeding grounds over time
Split for: Asia
Year RUS+WAL EAL+BER GOA SEA+NBC SBC+WA OR+CA
1970 0.93145 0.06855 0 0 0 0
1971 0.92602 0.07398 0 0 0 0
1972 0.92144 0.07856 0 0 0 0
1973 0.91887 0.08113 0 0 0 0
1974 0.91686 0.08314 0 0 0 0
1975 0.91525 0.08475 0 0 0 0
1976 0.91393 0.08607 0 0 0 0
1977 0.91284 0.08716 0 0 0 0
1978 0.91193 0.08807 0 0 0 0
1979 0.91118 0.08882 0 0 0 0
1980 0.91055 0.08945 0 0 0 0
1981 0.90915 0.09085 0 0 0 0
1982 0.90734 0.09266 0 0 0 0
1983 0.9053 0.0947 0 0 0 0
1984 0.90314 0.09686 0 0 0 0
1985 0.90098 0.09902 0 0 0 0
1986 0.89888 0.10112 0 0 0 0
1987 0.89687 0.10313 0 0 0 0
1988 0.895 0.105 0 0 0 0
1989 0.89325 0.10675 0 0 0 0
1990 0.89164 0.10836 0 0 0 0
1991 0.89004 0.10996 0 0 0 0
1992 0.8884 0.1116 0 0 0 0
1993 0.88668 0.11332 0 0 0 0
1994 0.88489 0.11511 0 0 0 0
1995 0.88302 0.11698 0 0 0 0
1996 0.88112 0.11888 0 0 0 0
1997 0.8792 0.1208 0 0 0 0
1998 0.87736 0.12264 0 0 0 0
1999 0.87556 0.12444 0 0 0 0
2000 0.87378 0.12622 0 0 0 0
2001 0.86905 0.13095 0 0 0 0
2002 0.86454 0.13546 0 0 0 0
2003 0.86005 0.13995 0 0 0 0
2004 0.85767 0.14233 0 0 0 0
2005 0.85314 0.14686 0 0 0 0
2006 0.85257 0.14743 0 0 0 0
2007 0.84715 0.15285 0 0 0 0
2008 0.84264 0.15736 0 0 0 0
2009 0.83681 0.16319 0 0 0 0
2010 0.84073 0.15927 0 0 0 0
2011 0.83829 0.16171 0 0 0 0
2012 0.851 0.149 0 0 0 0
2013 0.84513 0.15487 0 0 0 0
2014 0.84262 0.15738 0 0 0 0
2015 0.84103 0.15897 0 0 0 0
2016 0.87651 0.12349 0 0 0 0
2017 0.88314 0.11686 0 0 0 0
2018 0.91242 0.08758 0 0 0 0
2019 0.93412 0.06588 0 0 0 0
2020 0.93669 0.06331 0 0 0 0
2021 0.93405 0.06595 0 0 0 0
2022 0.93229 0.06771 0 0 0 0
2023 0.93723 0.06277 0 0 0 0
2024 0.9337 0.0663 0 0 0 0
Split for: Hawaii
Year RUS+WAL EAL+BER GOA SEA+NBC SBC+WA OR+CA
1970 0.03667 0.16969 0.18378 0.5567 0.05315 0
1971 0.03462 0.17387 0.1746 0.56829 0.04862 0
1972 0.03296 0.17669 0.1698 0.57436 0.04618 0
1973 0.03221 0.17879 0.16638 0.57819 0.04443 0
1974 0.03166 0.1805 0.1639 0.58081 0.04312 0
1975 0.03125 0.18195 0.16203 0.58265 0.04212 0
1976 0.03094 0.18321 0.16061 0.58393 0.04131 0
1977 0.03071 0.18434 0.15953 0.58475 0.04067 0
1978 0.03053 0.18536 0.15871 0.58526 0.04015 0
1979 0.03039 0.18625 0.15809 0.58554 0.03973 0
1980 0.03029 0.18709 0.15763 0.58561 0.03938 0
1981 0.02998 0.18836 0.15615 0.58685 0.03865 0
1982 0.02957 0.18986 0.15418 0.58864 0.03775 0
1983 0.02911 0.19145 0.15197 0.5907 0.03677 0
1984 0.02864 0.19309 0.1497 0.5928 0.03577 0
1985 0.02817 0.19467 0.14746 0.59489 0.0348 0
1986 0.02775 0.19626 0.14537 0.59672 0.03391 0
1987 0.02737 0.19789 0.14354 0.5981 0.03309 0
1988 0.02702 0.19935 0.14182 0.59947 0.03235 0
1989 0.0267 0.20061 0.14019 0.60085 0.03165 0
1990 0.02642 0.20185 0.1388 0.60191 0.03102 0
1991 0.02615 0.20311 0.13746 0.60285 0.03043 0
1992 0.02589 0.20445 0.13614 0.60367 0.02985 0
1993 0.0256 0.20571 0.1347 0.60475 0.02924 0
1994 0.02532 0.20708 0.13328 0.60568 0.02864 0
1995 0.02503 0.20847 0.13185 0.60662 0.02804 0
1996 0.02476 0.21 0.13047 0.60732 0.02745 0
1997 0.02449 0.21153 0.12911 0.60796 0.02691 0
1998 0.02424 0.21303 0.12786 0.60849 0.02638 0
1999 0.02402 0.21461 0.12672 0.60878 0.02587 0
2000 0.0238 0.21616 0.12561 0.60903 0.0254 0
2001 0.02334 0.22109 0.12318 0.60724 0.02515 0
2002 0.02252 0.22186 0.11886 0.612 0.02476 0
2003 0.02187 0.22375 0.11541 0.61429 0.02468 0
2004 0.02145 0.22382 0.11317 0.61707 0.02449 0
2005 0.02125 0.23005 0.11209 0.61254 0.02407 0
2006 0.02153 0.23409 0.1135 0.6062 0.02468 0
2007 0.0211 0.23938 0.11096 0.60357 0.02498 0
2008 0.02136 0.25079 0.11219 0.59032 0.02534 0
2009 0.02058 0.25237 0.10797 0.5938 0.02528 0
2010 0.02087 0.24856 0.10945 0.5952 0.02591 0
2011 0.02034 0.24674 0.10656 0.60032 0.02604 0
2012 0.02162 0.238 0.11292 0.59929 0.02816 0
2013 0.02113 0.2435 0.11023 0.59712 0.02802 0
2014 0.02385 0.28011 0.12393 0.54037 0.03172 3e-05
2015 0.02671 0.31744 0.13825 0.48191 0.03568 0
2016 0.03012 0.26681 0.15554 0.50666 0.04087 0
2017 0.03485 0.2899 0.17963 0.44766 0.04797 0
2018 0.03782 0.22822 0.19448 0.48775 0.05173 0
2019 0.04048 0.17948 0.20757 0.51568 0.05678 0
2020 0.0416 0.17678 0.21294 0.51275 0.05592 0
2021 0.04368 0.19391 0.22279 0.48155 0.05807 0
2022 0.04379 0.19998 0.2228 0.47669 0.05674 0
2023 0.04531 0.1908 0.22949 0.47778 0.05663 0
2024 0.04504 0.20109 0.22741 0.47096 0.0555 0
Split for: MX_AR
Year RUS+WAL EAL+BER GOA SEA+NBC SBC+WA OR+CA
1970 0.11035 0.41172 0.31314 0.06771 0.04577 0.05131
1971 0.10554 0.42744 0.30141 0.07003 0.04243 0.05314
1972 0.10123 0.43753 0.29527 0.0713 0.04059 0.05408
1973 0.09929 0.44441 0.29042 0.07204 0.0392 0.05464
1974 0.09785 0.4498 0.28682 0.07255 0.03814 0.05484
1975 0.09674 0.45414 0.28399 0.0729 0.03732 0.05492
1976 0.09587 0.45771 0.28177 0.07313 0.03664 0.05488
1977 0.09518 0.46071 0.27999 0.07326 0.03608 0.05477
1978 0.09463 0.46328 0.27855 0.07332 0.03562 0.0546
1979 0.09419 0.46543 0.27742 0.07335 0.03524 0.05438
1980 0.09383 0.46733 0.2765 0.07333 0.03492 0.05409
1981 0.09297 0.47099 0.27419 0.07356 0.0343 0.054
1982 0.09185 0.47551 0.27117 0.0739 0.03356 0.05401
1983 0.09059 0.48045 0.26782 0.07431 0.03275 0.05407
1984 0.0893 0.48551 0.26433 0.07472 0.03193 0.05422
1985 0.08803 0.49046 0.2609 0.07513 0.03112 0.05435
1986 0.08684 0.49524 0.25761 0.07548 0.03037 0.05446
1987 0.08573 0.49976 0.25457 0.07572 0.02967 0.05455
1988 0.08473 0.50393 0.25176 0.07596 0.02902 0.0546
1989 0.0838 0.50772 0.24916 0.07623 0.02843 0.05466
1990 0.08297 0.51116 0.24683 0.07641 0.02788 0.05475
1991 0.08217 0.5146 0.24456 0.07656 0.02737 0.05474
1992 0.08136 0.5181 0.24228 0.07669 0.02685 0.05473
1993 0.08051 0.52165 0.23988 0.07687 0.02632 0.05476
1994 0.07965 0.52528 0.23743 0.07702 0.02579 0.05484
1995 0.07876 0.52896 0.23493 0.07716 0.02525 0.05494
1996 0.07788 0.53269 0.23242 0.07722 0.02472 0.05507
1997 0.07701 0.53638 0.22991 0.07728 0.02422 0.05522
1998 0.07619 0.53987 0.22754 0.0773 0.02373 0.05537
1999 0.0754 0.5433 0.22528 0.07726 0.02325 0.05551
2000 0.07464 0.54658 0.22304 0.0772 0.0228 0.05575
2001 0.07282 0.55629 0.21764 0.07659 0.02246 0.05419
2002 0.07097 0.56369 0.21208 0.07795 0.02233 0.053
2003 0.06919 0.57079 0.20675 0.07856 0.02235 0.05236
2004 0.06821 0.57381 0.20374 0.0793 0.02229 0.05266
2005 0.06671 0.58222 0.19922 0.07771 0.02163 0.05251
2006 0.06662 0.58401 0.19884 0.07581 0.02186 0.05288
2007 0.06489 0.59352 0.1932 0.07502 0.02199 0.05138
2008 0.06368 0.60287 0.18938 0.07113 0.02162 0.05131
2009 0.06181 0.6111 0.1836 0.07208 0.02173 0.04968
2010 0.06291 0.60422 0.18684 0.07253 0.02236 0.05114
2011 0.06202 0.60648 0.18394 0.07397 0.02272 0.05088
2012 0.06598 0.58561 0.19512 0.07392 0.0246 0.05477
2013 0.06403 0.59483 0.18909 0.07312 0.0243 0.05463
2014 0.06415 0.60741 0.18872 0.05874 0.02442 0.05657
2015 0.06439 0.61702 0.18872 0.04696 0.02462 0.0583
2016 0.07659 0.54702 0.22394 0.05207 0.02974 0.07063
2017 0.08003 0.53687 0.2336 0.04156 0.03154 0.0764
2018 0.09377 0.45631 0.27306 0.04888 0.03671 0.09127
2019 0.10647 0.38064 0.30913 0.05482 0.04274 0.1062
2020 0.10833 0.37116 0.31397 0.05397 0.04168 0.1109
2021 0.10706 0.38324 0.30921 0.04771 0.04074 0.11205
2022 0.1062 0.39104 0.30595 0.04673 0.03938 0.1107
2023 0.10991 0.3732 0.31523 0.04685 0.03932 0.1155
2024 0.10745 0.38681 0.30719 0.04541 0.03789 0.11525
Split for: MX_ML
Year RUS+WAL EAL+BER GOA SEA+NBC SBC+WA OR+CA
1970 0.0333 0.2275 0.1086 0.0435 0.20584 0.38126
1971 0.03175 0.23544 0.1042 0.04485 0.19018 0.39358
1972 0.0304 0.24059 0.1019 0.04558 0.18166 0.39987
1973 0.02982 0.24441 0.10024 0.04607 0.17543 0.40403
1974 0.02943 0.24776 0.09916 0.04647 0.17097 0.40621
1975 0.02915 0.25062 0.09836 0.04678 0.16759 0.4075
1976 0.02896 0.25315 0.09781 0.04703 0.1649 0.40816
1977 0.02882 0.25542 0.09742 0.04723 0.16279 0.40832
1978 0.02872 0.25751 0.09717 0.04739 0.16113 0.40807
1979 0.02867 0.2594 0.09704 0.04753 0.15984 0.40753
1980 0.02865 0.26125 0.09701 0.04766 0.15886 0.40657
1981 0.02845 0.26391 0.09643 0.04792 0.15643 0.40686
1982 0.02816 0.26697 0.09555 0.04825 0.15333 0.40773
1983 0.02782 0.27022 0.09454 0.04859 0.14991 0.40892
1984 0.02746 0.27339 0.09342 0.04892 0.1463 0.41052
1985 0.0271 0.27651 0.09232 0.04925 0.1428 0.41202
1986 0.02677 0.27954 0.09126 0.04954 0.13951 0.41338
1987 0.02646 0.28245 0.0903 0.04976 0.13645 0.41458
1988 0.02619 0.2852 0.08942 0.04999 0.13368 0.41552
1989 0.02593 0.28768 0.08861 0.05022 0.13109 0.41647
1990 0.0257 0.28989 0.08786 0.05038 0.12869 0.41748
1991 0.02549 0.29227 0.08718 0.05056 0.12649 0.41802
1992 0.02527 0.29468 0.08648 0.05071 0.12427 0.41858
1993 0.02504 0.29705 0.08573 0.0509 0.12197 0.41931
1994 0.02479 0.29937 0.08493 0.05104 0.1196 0.42028
1995 0.02453 0.3017 0.0841 0.05117 0.1172 0.4213
1996 0.02427 0.30395 0.08323 0.05123 0.11479 0.42253
1997 0.024 0.30613 0.08235 0.05128 0.11249 0.42375
1998 0.02375 0.30816 0.08152 0.05131 0.11025 0.42502
1999 0.02351 0.31022 0.08073 0.05129 0.10803 0.42621
2000 0.02326 0.31194 0.07989 0.05123 0.10587 0.42781
2001 0.02295 0.32097 0.07881 0.05138 0.10547 0.42042
2002 0.02253 0.32763 0.07737 0.05268 0.10561 0.41419
2003 0.02202 0.3327 0.07563 0.05324 0.106 0.4104
2004 0.02165 0.3335 0.07432 0.05359 0.10542 0.41152
2005 0.02123 0.33926 0.07286 0.05265 0.10256 0.41144
2006 0.02112 0.33911 0.07246 0.05118 0.10329 0.41283
2007 0.02076 0.34764 0.07102 0.05109 0.1048 0.40469
2008 0.0204 0.35357 0.06971 0.04851 0.1032 0.40461
2009 0.01999 0.36188 0.06824 0.04963 0.10472 0.39554
2010 0.02009 0.35339 0.06858 0.04932 0.10643 0.40218
2011 0.0198 0.35451 0.06748 0.05027 0.10808 0.39986
2012 0.02039 0.33146 0.06931 0.04865 0.11331 0.41687
2013 0.0198 0.33686 0.06721 0.04815 0.11197 0.41602
2014 0.01959 0.33962 0.06622 0.03819 0.1111 0.42528
2015 0.01943 0.34099 0.06546 0.03017 0.11073 0.43322
2016 0.02111 0.27604 0.07092 0.03055 0.12215 0.47923
2017 0.02122 0.26069 0.07119 0.02346 0.12462 0.49882
2018 0.02264 0.20176 0.07578 0.02513 0.1321 0.54258
2019 0.02352 0.15396 0.07847 0.02578 0.1407 0.57756
2020 0.02347 0.14727 0.07818 0.0249 0.13457 0.59161
2021 0.02311 0.15152 0.07673 0.02193 0.13108 0.59563
2022 0.02316 0.15615 0.07667 0.02169 0.12799 0.59434
2023 0.02346 0.14587 0.07733 0.02129 0.12507 0.60698
2024 0.02302 0.15175 0.07563 0.02071 0.12098 0.60791
Split for: Central_Am
Year RUS+WAL EAL+BER GOA SEA+NBC SBC+WA OR+CA
1970 0 0 0 0 0.19202 0.80798
1971 0 0 0 0 0.1754 0.8246
1972 0 0 0 0 0.16665 0.83335
1973 0 0 0 0 0.16047 0.83953
1974 0 0 0 0 0.15631 0.84369
1975 0 0 0 0 0.15329 0.84671
1976 0 0 0 0 0.15099 0.84901
1977 0 0 0 0 0.1493 0.8507
1978 0 0 0 0 0.14808 0.85192
1979 0 0 0 0 0.14723 0.85277
1980 0 0 0 0 0.14676 0.85324
1981 0 0 0 0 0.14475 0.85525
1982 0 0 0 0 0.14203 0.85797
1983 0 0 0 0 0.13896 0.86104
1984 0 0 0 0 0.13561 0.86439
1985 0 0 0 0 0.13237 0.86763
1986 0 0 0 0 0.12935 0.87065
1987 0 0 0 0 0.12655 0.87345
1988 0 0 0 0 0.12405 0.87595
1989 0 0 0 0 0.1217 0.8783
1990 0 0 0 0 0.11948 0.88052
1991 0 0 0 0 0.11754 0.88246
1992 0 0 0 0 0.11558 0.88442
1993 0 0 0 0 0.11351 0.88649
1994 0 0 0 0 0.11132 0.88868
1995 0 0 0 0 0.1091 0.8909
1996 0 0 0 0 0.10681 0.89319
1997 0 0 0 0 0.10463 0.89537
1998 0 0 0 0 0.10248 0.89752
1999 0 0 0 0 0.10038 0.89962
2000 0 0 0 0 0.09824 0.90176
2001 0 0 0 0 0.09945 0.90055
2002 0 0 0 0 0.10091 0.89909
2003 0 0 0 0 0.10209 0.89791
2004 0 0 0 0 0.10134 0.89866
2005 0 0 0 0 0.09888 0.90112
2006 0 0 0 0 0.09921 0.90079
2007 0 0 0 0 0.10233 0.89767
2008 0 0 0 0 0.10095 0.89905
2009 0 0 0 0 0.10438 0.89562
2010 0 0 0 0 0.10433 0.89567
2011 0 0 0 0 0.10633 0.89367
2012 0 0 0 0 0.10686 0.89314
2013 0 0 0 0 0.10593 0.89407
2014 0 0 0 0 0.10314 0.89686
2015 0 0 0 0 0.10114 0.89886
2016 0 0 0 0 0.10088 0.89912
2017 0 0 0 0 0.09908 0.90092
2018 0 0 0 0 0.0968 0.9032
2019 0 0 0 0 0.09685 0.90315
2020 0 0 0 0 0.09102 0.90898
2021 0 0 0 0 0.08832 0.91168
2022 0 0 0 0 0.08659 0.91341
2023 0 0 0 0 0.08316 0.91684
2024 0 0 0 0 0.08055 0.91945

Difference in mortality over time
Difference for: Asia
Year RUS+WAL EAL+BER GOA SEA+NBC SBC+WA OR+CA
1970 0 0 0 0 0 0
1971 0 0 0 0 0 0
1972 0 0 0 0 0 0
1973 0 0 0 0 0 0
1974 0 0 0 0 0 0
1975 0 0 0 0 0 0
1976 0 0 0 0 0 0
1977 0 0 0 0 0 0
1978 0 0 0 0 0 0
1979 0 0 0 0 0 0
1980 0 0 0 0 0 0
1981 0 0 0 0 0 0
1982 0 0 0 0 0 0
1983 0 0 0 0 0 0
1984 0 0 0 0 0 0
1985 0 0 0 0 0 0
1986 0 0 0 0 0 0
1987 0 0 0 0 0 0
1988 0 0 0 0 0 0
1989 0 0 0 0 0 0
1990 0 0 0 0 0 0
1991 0 0 0 0 0 0
1992 0 0 0 0 0 0
1993 0 0 0 0 0 0
1994 0 0 0 0 0 0
1995 0 0 0 0 0 0
1996 0 0 0 0 0 0
1997 0 0 0 0 0 0
1998 0 0 0 0 0 0
1999 0 0 0 0 0 0
2000 0 2 0 0 0 0
2001 0 2 0 0 0 0
2002 0 3 0 0 0 0
2003 0 1 0 0 0 0
2004 0 3 0 0 0 0
2005 0 0 0 0 0 0
2006 0 5 0 0 0 0
2007 0 5 0 0 0 0
2008 0 7 0 0 0 0
2009 0 -5 0 0 0 0
2010 0 3 0 0 0 0
2011 0 -20 0 0 0 0
2012 0 8 0 0 0 0
2013 0 4 0 0 0 0
2014 0 4 0 0 0 0
2015 0 -70 0 0 0 0
2016 0 -14 0 0 0 0
2017 0 -63 0 0 0 0
2018 0 -46 0 0 0 0
2019 0 -8 0 0 0 0
2020 0 1 0 0 0 0
2021 0 0 0 0 0 0
2022 0 -13 0 0 0 0
2023 0 3 0 0 0 0
Difference for: Hawaii
Year RUS+WAL EAL+BER GOA SEA+NBC SBC+WA OR+CA
1970 0 0 0 0 0 0
1971 0 0 0 0 0 0
1972 0 0 0 0 0 0
1973 0 0 0 0 0 0
1974 0 0 0 0 0 0
1975 0 0 0 0 0 0
1976 0 0 0 0 0 0
1977 0 0 0 0 0 0
1978 0 0 0 0 0 0
1979 0 0 0 0 0 0
1980 0 0 0 0 0 0
1981 0 0 0 0 0 0
1982 0 0 0 0 0 0
1983 0 0 0 0 0 0
1984 0 0 0 0 0 0
1985 0 0 0 0 0 0
1986 0 0 0 0 0 0
1987 0 0 0 0 0 0
1988 0 0 0 0 0 0
1989 0 0 0 0 0 0
1990 0 0 0 0 0 0
1991 0 0 0 0 0 0
1992 0 0 0 0 0 0
1993 0 0 0 0 0 0
1994 0 0 0 0 0 0
1995 0 0 0 0 0 0
1996 0 0 0 0 0 0
1997 0 0 0 0 0 0
1998 0 0 0 0 0 0
1999 0 0 0 0 0 0
2000 0 36 0 33 3 0
2001 0 39 0 148 5 0
2002 0 44 0 136 7 0
2003 0 19 0 117 5 0
2004 0 56 0 19 2 0
2005 0 -5 0 -128 6 0
2006 0 83 0 101 10 0
2007 0 78 0 -213 6 0
2008 0 118 0 296 12 0
2009 0 -90 0 -20 8 0
2010 0 57 0 313 16 0
2011 0 -353 0 -469 9 0
2012 0 133 0 228 10 0
2013 0 72 0 -1998 7 0
2014 0 67 0 -1852 8 0
2015 0 -1296 0 -553 13 0
2016 0 -257 0 -1906 14 0
2017 0 -1173 0 -114 9 0
2018 0 -859 0 -195 21 0
2019 0 -143 0 -316 -17 0
2020 0 18 0 -757 0 0
2021 0 -7 0 -186 -13 0
2022 0 -262 0 -247 -17 0
2023 0 65 0 -124 -9 0
Difference for: MX_AR
Year RUS+WAL EAL+BER GOA SEA+NBC SBC+WA OR+CA
1970 0 0 0 0 0 0
1971 0 0 0 0 0 0
1972 0 0 0 0 0 0
1973 0 0 0 0 0 0
1974 0 0 0 0 0 0
1975 0 0 0 0 0 0
1976 0 0 0 0 0 0
1977 0 0 0 0 0 0
1978 0 0 0 0 0 0
1979 0 0 0 0 0 0
1980 0 0 0 0 0 0
1981 0 0 0 0 0 0
1982 0 0 0 0 0 0
1983 0 0 0 0 0 0
1984 0 0 0 0 0 0
1985 0 0 0 0 0 0
1986 0 0 0 0 0 0
1987 0 0 0 0 0 0
1988 0 0 0 0 0 0
1989 0 0 0 0 0 0
1990 0 0 0 0 0 0
1991 0 0 0 0 0 0
1992 0 0 0 0 0 0
1993 0 0 0 0 0 0
1994 0 0 0 0 0 0
1995 0 0 0 0 0 0
1996 0 0 0 0 0 0
1997 0 0 0 0 0 0
1998 0 0 0 0 0 0
1999 0 0 0 0 0 0
2000 0 21 0 1 1 -1
2001 0 22 0 4 1 -1
2002 0 25 0 4 1 0
2003 0 11 0 3 1 1
2004 0 32 0 1 0 1
2005 0 -3 0 -4 1 0
2006 0 48 0 3 2 -2
2007 0 45 0 -6 1 0
2008 0 68 0 9 3 -3
2009 0 -52 0 -1 2 0
2010 0 33 0 9 3 -1
2011 0 -205 0 -14 2 -1
2012 0 77 0 7 2 1
2013 0 42 0 -58 1 4
2014 0 39 0 -54 2 7
2015 0 -751 0 -16 3 8
2016 0 -149 0 -55 3 7
2017 0 -679 0 -3 2 7
2018 0 -498 0 -6 4 6
2019 0 -83 0 -9 -4 5
2020 0 11 0 -22 0 7
2021 0 -4 0 -5 -3 -3
2022 0 -152 0 -7 -3 1
2023 0 38 0 -4 -2 2
Difference for: MX_ML
Year RUS+WAL EAL+BER GOA SEA+NBC SBC+WA OR+CA
1970 0 0 0 0 0 0
1971 0 0 0 0 0 0
1972 0 0 0 0 0 0
1973 0 0 0 0 0 0
1974 0 0 0 0 0 0
1975 0 0 0 0 0 0
1976 0 0 0 0 0 0
1977 0 0 0 0 0 0
1978 0 0 0 0 0 0
1979 0 0 0 0 0 0
1980 0 0 0 0 0 0
1981 0 0 0 0 0 0
1982 0 0 0 0 0 0
1983 0 0 0 0 0 0
1984 0 0 0 0 0 0
1985 0 0 0 0 0 0
1986 0 0 0 0 0 0
1987 0 0 0 0 0 0
1988 0 0 0 0 0 0
1989 0 0 0 0 0 0
1990 0 0 0 0 0 0
1991 0 0 0 0 0 0
1992 0 0 0 0 0 0
1993 0 0 0 0 0 0
1994 0 0 0 0 0 0
1995 0 0 0 0 0 0
1996 0 0 0 0 0 0
1997 0 0 0 0 0 0
1998 0 0 0 0 0 0
1999 0 0 0 0 0 0
2000 0 14 0 1 3 -12
2001 0 15 0 3 6 -7
2002 0 16 0 3 7 0
2003 0 7 0 3 5 5
2004 0 21 0 0 2 7
2005 0 -2 0 -3 7 -3
2006 0 31 0 2 11 -17
2007 0 29 0 -5 7 -2
2008 0 44 0 6 13 -26
2009 0 -33 0 0 9 -2
2010 0 21 0 7 17 -12
2011 0 -130 0 -10 10 -10
2012 0 49 0 5 11 9
2013 0 26 0 -43 7 38
2014 0 24 0 -40 8 57
2015 0 -474 0 -12 13 68
2016 0 -94 0 -41 15 62
2017 0 -427 0 -2 9 60
2018 0 -312 0 -4 22 51
2019 0 -52 0 -7 -18 46
2020 0 7 0 -16 0 55
2021 0 -3 0 -4 -13 -25
2022 0 -94 0 -5 -18 9
2023 0 23 0 -3 -9 19
Difference for: Central_Am
Year RUS+WAL EAL+BER GOA SEA+NBC SBC+WA OR+CA
1970 0 0 0 0 0 0
1971 0 0 0 0 0 0
1972 0 0 0 0 0 0
1973 0 0 0 0 0 0
1974 0 0 0 0 0 0
1975 0 0 0 0 0 0
1976 0 0 0 0 0 0
1977 0 0 0 0 0 0
1978 0 0 0 0 0 0
1979 0 0 0 0 0 0
1980 0 0 0 0 0 0
1981 0 0 0 0 0 0
1982 0 0 0 0 0 0
1983 0 0 0 0 0 0
1984 0 0 0 0 0 0
1985 0 0 0 0 0 0
1986 0 0 0 0 0 0
1987 0 0 0 0 0 0
1988 0 0 0 0 0 0
1989 0 0 0 0 0 0
1990 0 0 0 0 0 0
1991 0 0 0 0 0 0
1992 0 0 0 0 0 0
1993 0 0 0 0 0 0
1994 0 0 0 0 0 0
1995 0 0 0 0 0 0
1996 0 0 0 0 0 0
1997 0 0 0 0 0 0
1998 0 0 0 0 0 0
1999 0 0 0 0 0 0
2000 0 0 0 0 1 -5
2001 0 0 0 0 1 -3
2002 0 0 0 0 1 0
2003 0 0 0 0 1 2
2004 0 0 0 0 0 3
2005 0 0 0 0 1 -1
2006 0 0 0 0 2 -7
2007 0 0 0 0 1 -1
2008 0 0 0 0 2 -10
2009 0 0 0 0 2 -1
2010 0 0 0 0 3 -5
2011 0 0 0 0 2 -4
2012 0 0 0 0 2 4
2013 0 0 0 0 1 15
2014 0 0 0 0 1 22
2015 0 0 0 0 2 27
2016 0 0 0 0 3 25
2017 0 0 0 0 2 24
2018 0 0 0 0 4 20
2019 0 0 0 0 -3 18
2020 0 0 0 0 0 22
2021 0 0 0 0 -2 -10
2022 0 0 0 0 -3 4
2023 0 0 0 0 -2 8

Total survival over time
Values for breeding stock: Asia
Year RUS+WAL EAL+BER GOA SEA+NBC SBC+WA OR+CA
1970 1.001 0.991 0 0 0 0
1971 1.178 1.278 0 0 0 0
1972 1.129 1.22 0 0 0 0
1973 1.127 1.178 0 0 0 0
1974 1.111 1.148 0 0 0 0
1975 1.098 1.127 0 0 0 0
1976 1.087 1.11 0 0 0 0
1977 1.078 1.097 0 0 0 0
1978 1.07 1.086 0 0 0 0
1979 1.064 1.076 0 0 0 0
1980 1.058 1.068 0 0 0 0
1981 1.068 1.088 0 0 0 0
1982 1.075 1.102 0 0 0 0
1983 1.079 1.11 0 0 0 0
1984 1.082 1.114 0 0 0 0
1985 1.083 1.115 0 0 0 0
1986 1.084 1.114 0 0 0 0
1987 1.083 1.111 0 0 0 0
1988 1.081 1.107 0 0 0 0
1989 1.079 1.103 0 0 0 0
1990 1.076 1.098 0 0 0 0
1991 1.075 1.096 0 0 0 0
1992 1.074 1.096 0 0 0 0
1993 1.074 1.096 0 0 0 0
1994 1.075 1.097 0 0 0 0
1995 1.075 1.098 0 0 0 0
1996 1.075 1.099 0 0 0 0
1997 1.075 1.099 0 0 0 0
1998 1.075 1.097 0 0 0 0
1999 1.075 1.096 0 0 0 0
2000 1.074 1.118 0 0 0 0
2001 1.074 1.111 0 0 0 0
2002 1.073 1.108 0 0 0 0
2003 1.072 1.091 0 0 0 0
2004 1.072 1.106 0 0 0 0
2005 1.071 1.076 0 0 0 0
2006 1.07 1.11 0 0 0 0
2007 1.07 1.099 0 0 0 0
2008 1.069 1.106 0 0 0 0
2009 1.069 1.041 0 0 0 0
2010 1.068 1.085 0 0 0 0
2011 1.068 0.979 0 0 0 0
2012 1.067 1.113 0 0 0 0
2013 1.059 1.077 0 0 0 0
2014 1.075 1.087 0 0 0 0
2015 1.035 0.776 0 0 0 0
2016 1.068 1.031 0 0 0 0
2017 1.067 0.785 0 0 0 0
2018 1.064 0.838 0 0 0 0
2019 1.07 1.116 0 0 0 0
2020 1.058 1.137 0 0 0 0
2021 1.057 1.099 0 0 0 0
2022 1.055 0.998 0 0 0 0
2023 1.054 1.134 0 0 0 0
Values for breeding stock: Hawaii
Year RUS+WAL EAL+BER GOA SEA+NBC SBC+WA OR+CA
1970 1.008 0.997 0.993 0.992 1.007 0
1971 1.184 1.286 1.192 1.281 1.148 0
1972 1.136 1.226 1.161 1.22 1.128 0
1973 1.134 1.184 1.138 1.178 1.113 0
1974 1.117 1.155 1.12 1.149 1.1 0
1975 1.104 1.133 1.106 1.127 1.09 0
1976 1.093 1.116 1.095 1.111 1.081 0
1977 1.084 1.103 1.085 1.097 1.074 0
1978 1.076 1.092 1.077 1.087 1.068 0
1979 1.07 1.082 1.071 1.078 1.062 0
1980 1.064 1.075 1.065 1.07 1.058 0
1981 1.074 1.095 1.075 1.089 1.064 0
1982 1.081 1.109 1.083 1.103 1.07 0
1983 1.086 1.117 1.088 1.111 1.073 0
1984 1.089 1.121 1.091 1.116 1.075 0
1985 1.09 1.122 1.092 1.117 1.077 0
1986 1.09 1.121 1.092 1.115 1.077 0
1987 1.089 1.118 1.091 1.111 1.076 0
1988 1.088 1.114 1.089 1.108 1.075 0
1989 1.086 1.11 1.087 1.105 1.074 0
1990 1.083 1.105 1.084 1.1 1.072 0
1991 1.082 1.103 1.083 1.098 1.071 0
1992 1.082 1.103 1.083 1.097 1.07 0
1993 1.082 1.104 1.083 1.099 1.07 0
1994 1.082 1.105 1.083 1.099 1.07 0
1995 1.083 1.106 1.083 1.1 1.071 0
1996 1.083 1.107 1.084 1.099 1.071 0
1997 1.083 1.107 1.084 1.099 1.072 0
1998 1.083 1.105 1.084 1.098 1.071 0
1999 1.083 1.105 1.083 1.096 1.07 0
2000 1.082 1.127 1.083 1.103 1.088 0
2001 1.082 1.12 1.082 1.122 1.093 0
2002 1.081 1.117 1.081 1.111 1.097 0
2003 1.081 1.1 1.081 1.101 1.083 0
2004 1.08 1.115 1.08 1.081 1.07 0
2005 1.08 1.085 1.08 1.059 1.083 0
2006 1.079 1.119 1.079 1.094 1.094 0
2007 1.079 1.109 1.076 1.048 1.085 0
2008 1.079 1.115 1.077 1.118 1.087 0
2009 1.078 1.05 1.077 1.068 1.085 0
2010 1.078 1.094 1.078 1.103 1.098 0
2011 1.077 0.988 1.076 1.017 1.073 0
2012 1.077 1.123 1.074 1.094 1.086 0
2013 1.076 1.094 1.074 0.875 1.077 0
2014 1.075 1.087 1.071 0.874 1.073 0
2015 1.075 0.806 1.071 1.036 1.08 0
2016 1.074 1.038 1.072 0.843 1.082 0
2017 1.074 0.79 1.072 1.134 1.069 0
2018 1.073 0.845 1.07 1.087 1.076 0
2019 1.072 1.118 1.069 1.062 1.032 0
2020 1.071 1.151 1.069 0.994 1.055 0
2021 1.07 1.113 1.066 1.086 1.042 0
2022 1.07 1.012 1.066 1.068 1.042 0
2023 1.069 1.149 1.064 1.076 1.048 0
Values for breeding stock: MX_AR
Year RUS+WAL EAL+BER GOA SEA+NBC SBC+WA OR+CA
1970 1.008 0.997 0.993 0.992 1.007 0.96
1971 1.184 1.286 1.192 1.281 1.148 1.282
1972 1.136 1.226 1.161 1.22 1.128 1.22
1973 1.134 1.184 1.138 1.178 1.113 1.178
1974 1.117 1.155 1.12 1.149 1.1 1.145
1975 1.104 1.133 1.106 1.127 1.09 1.124
1976 1.093 1.116 1.095 1.111 1.081 1.107
1977 1.084 1.103 1.085 1.097 1.074 1.093
1978 1.076 1.092 1.078 1.087 1.068 1.082
1979 1.07 1.083 1.071 1.078 1.062 1.073
1980 1.064 1.075 1.065 1.07 1.058 1.065
1981 1.074 1.095 1.075 1.089 1.064 1.085
1982 1.082 1.109 1.083 1.103 1.07 1.098
1983 1.086 1.117 1.088 1.111 1.073 1.107
1984 1.089 1.121 1.091 1.116 1.075 1.113
1985 1.09 1.122 1.092 1.117 1.077 1.114
1986 1.09 1.121 1.092 1.115 1.077 1.113
1987 1.089 1.118 1.091 1.111 1.076 1.11
1988 1.088 1.114 1.089 1.108 1.075 1.107
1989 1.086 1.11 1.087 1.105 1.074 1.103
1990 1.083 1.105 1.084 1.1 1.072 1.1
1991 1.082 1.103 1.083 1.098 1.071 1.096
1992 1.082 1.103 1.083 1.097 1.071 1.096
1993 1.082 1.104 1.083 1.099 1.07 1.098
1994 1.082 1.105 1.083 1.099 1.07 1.1
1995 1.083 1.106 1.084 1.1 1.071 1.101
1996 1.083 1.107 1.084 1.099 1.071 1.102
1997 1.083 1.107 1.084 1.099 1.072 1.103
1998 1.083 1.105 1.084 1.098 1.071 1.102
1999 1.083 1.105 1.083 1.096 1.07 1.101
2000 1.082 1.127 1.083 1.103 1.088 1.088
2001 1.082 1.12 1.082 1.122 1.093 1.095
2002 1.081 1.117 1.081 1.111 1.097 1.103
2003 1.081 1.1 1.081 1.101 1.083 1.105
2004 1.08 1.115 1.08 1.081 1.07 1.105
2005 1.08 1.085 1.08 1.059 1.083 1.093
2006 1.079 1.119 1.079 1.094 1.094 1.082
2007 1.079 1.109 1.076 1.048 1.085 1.1
2008 1.079 1.115 1.077 1.118 1.087 1.085
2009 1.078 1.05 1.077 1.068 1.085 1.105
2010 1.078 1.094 1.078 1.103 1.098 1.089
2011 1.077 0.988 1.076 1.017 1.073 1.096
2012 1.077 1.123 1.074 1.094 1.086 1.108
2013 1.076 1.094 1.074 0.875 1.077 1.123
2014 1.075 1.087 1.071 0.874 1.074 1.113
2015 1.075 0.806 1.071 1.036 1.08 1.097
2016 1.074 1.038 1.072 0.843 1.082 1.079
2017 1.074 0.79 1.072 1.134 1.069 1.099
2018 1.073 0.845 1.07 1.087 1.076 1.082
2019 1.072 1.118 1.069 1.062 1.032 1.09
2020 1.071 1.151 1.069 0.994 1.055 1.097
2021 1.07 1.113 1.066 1.086 1.042 1.066
2022 1.07 1.012 1.066 1.068 1.042 1.079
2023 1.069 1.149 1.064 1.076 1.048 1.081
Values for breeding stock: MX_ML
Year RUS+WAL EAL+BER GOA SEA+NBC SBC+WA OR+CA
1970 1.003 0.992 0.988 0.987 1.002 0.955
1971 1.179 1.28 1.187 1.275 1.143 1.277
1972 1.131 1.221 1.156 1.214 1.123 1.215
1973 1.13 1.18 1.134 1.174 1.108 1.174
1974 1.113 1.151 1.116 1.145 1.096 1.141
1975 1.1 1.129 1.102 1.123 1.086 1.12
1976 1.089 1.112 1.091 1.107 1.077 1.103
1977 1.08 1.099 1.082 1.094 1.07 1.09
1978 1.073 1.088 1.074 1.083 1.064 1.079
1979 1.066 1.079 1.067 1.074 1.059 1.07
1980 1.061 1.071 1.061 1.066 1.054 1.061
1981 1.071 1.091 1.072 1.086 1.061 1.081
1982 1.078 1.105 1.079 1.099 1.066 1.095
1983 1.083 1.113 1.085 1.108 1.07 1.104
1984 1.086 1.118 1.087 1.112 1.072 1.109
1985 1.087 1.119 1.089 1.113 1.073 1.111
1986 1.087 1.118 1.088 1.112 1.074 1.11
1987 1.086 1.115 1.087 1.108 1.073 1.107
1988 1.085 1.111 1.086 1.105 1.072 1.103
1989 1.083 1.107 1.084 1.102 1.07 1.1
1990 1.08 1.102 1.081 1.097 1.069 1.097
1991 1.079 1.1 1.08 1.095 1.068 1.093
1992 1.079 1.1 1.08 1.094 1.067 1.093
1993 1.079 1.101 1.08 1.096 1.067 1.095
1994 1.079 1.102 1.08 1.096 1.068 1.097
1995 1.08 1.103 1.081 1.097 1.068 1.098
1996 1.08 1.104 1.081 1.096 1.068 1.099
1997 1.08 1.104 1.081 1.096 1.069 1.1
1998 1.08 1.103 1.081 1.095 1.069 1.1
1999 1.08 1.102 1.081 1.093 1.068 1.099
2000 1.08 1.124 1.08 1.1 1.085 1.085
2001 1.079 1.117 1.079 1.12 1.091 1.092
2002 1.079 1.114 1.079 1.108 1.095 1.1
2003 1.078 1.098 1.078 1.099 1.081 1.102
2004 1.078 1.112 1.078 1.079 1.068 1.102
2005 1.077 1.082 1.077 1.056 1.08 1.09
2006 1.077 1.117 1.077 1.092 1.091 1.08
2007 1.077 1.106 1.074 1.046 1.082 1.097
2008 1.076 1.113 1.075 1.115 1.085 1.083
2009 1.076 1.048 1.075 1.066 1.082 1.103
2010 1.075 1.092 1.075 1.1 1.095 1.087
2011 1.075 0.986 1.073 1.015 1.071 1.094
2012 1.074 1.121 1.071 1.091 1.083 1.106
2013 1.074 1.092 1.072 0.874 1.075 1.12
2014 1.073 1.085 1.069 0.872 1.071 1.111
2015 1.072 0.804 1.068 1.033 1.078 1.094
2016 1.072 1.036 1.069 0.841 1.079 1.076
2017 1.071 0.788 1.069 1.131 1.067 1.097
2018 1.07 0.843 1.068 1.085 1.074 1.079
2019 1.07 1.116 1.066 1.06 1.03 1.088
2020 1.067 1.147 1.065 0.99 1.051 1.093
2021 1.068 1.111 1.064 1.084 1.04 1.064
2022 1.068 1.01 1.065 1.067 1.04 1.078
2023 1.066 1.146 1.061 1.073 1.045 1.079
Values for breeding stock: Central_Am
Year RUS+WAL EAL+BER GOA SEA+NBC SBC+WA OR+CA
1970 0 0 0 0 1 0.954
1971 0 0 0 0 1.142 1.275
1972 0 0 0 0 1.123 1.214
1973 0 0 0 0 1.106 1.171
1974 0 0 0 0 1.094 1.139
1975 0 0 0 0 1.085 1.118
1976 0 0 0 0 1.076 1.102
1977 0 0 0 0 1.069 1.089
1978 0 0 0 0 1.062 1.077
1979 0 0 0 0 1.057 1.068
1980 0 0 0 0 1.053 1.06
1981 0 0 0 0 1.06 1.08
1982 0 0 0 0 1.064 1.093
1983 0 0 0 0 1.068 1.102
1984 0 0 0 0 1.071 1.108
1985 0 0 0 0 1.072 1.109
1986 0 0 0 0 1.072 1.108
1987 0 0 0 0 1.072 1.106
1988 0 0 0 0 1.071 1.102
1989 0 0 0 0 1.069 1.099
1990 0 0 0 0 1.068 1.096
1991 0 0 0 0 1.067 1.092
1992 0 0 0 0 1.067 1.092
1993 0 0 0 0 1.066 1.093
1994 0 0 0 0 1.067 1.096
1995 0 0 0 0 1.067 1.097
1996 0 0 0 0 1.067 1.098
1997 0 0 0 0 1.068 1.099
1998 0 0 0 0 1.068 1.099
1999 0 0 0 0 1.067 1.098
2000 0 0 0 0 1.084 1.084
2001 0 0 0 0 1.09 1.091
2002 0 0 0 0 1.094 1.099
2003 0 0 0 0 1.08 1.101
2004 0 0 0 0 1.067 1.101
2005 0 0 0 0 1.08 1.09
2006 0 0 0 0 1.09 1.079
2007 0 0 0 0 1.082 1.097
2008 0 0 0 0 1.084 1.082
2009 0 0 0 0 1.082 1.102
2010 0 0 0 0 1.094 1.086
2011 0 0 0 0 1.07 1.093
2012 0 0 0 0 1.083 1.105
2013 0 0 0 0 1.074 1.12
2014 0 0 0 0 1.071 1.111
2015 0 0 0 0 1.077 1.094
2016 0 0 0 0 1.079 1.076
2017 0 0 0 0 1.066 1.097
2018 0 0 0 0 1.074 1.079
2019 0 0 0 0 1.031 1.089
2020 0 0 0 0 1.051 1.094
2021 0 0 0 0 1.039 1.063
2022 0 0 0 0 1.04 1.077
2023 0 0 0 0 1.045 1.079

Numbers over time by herd
Values for breeding stock: Asia
Year RUS+WAL EAL+BER GOA SEA+NBC SBC+WA OR+CA
1970 126 9 0 0 0 0
1971 147 12 0 0 0 0
1972 161 14 0 0 0 0
1973 176 16 0 0 0 0
1974 191 17 0 0 0 0
1975 204 19 0 0 0 0
1976 217 20 0 0 0 0
1977 229 22 0 0 0 0
1978 241 23 0 0 0 0
1979 252 25 0 0 0 0
1980 262 26 0 0 0 0
1981 275 27 0 0 0 0
1982 290 30 0 0 0 0
1983 307 32 0 0 0 0
1984 326 35 0 0 0 0
1985 346 38 0 0 0 0
1986 368 41 0 0 0 0
1987 390 45 0 0 0 0
1988 413 48 0 0 0 0
1989 437 52 0 0 0 0
1990 461 56 0 0 0 0
1991 486 60 0 0 0 0
1992 513 64 0 0 0 0
1993 541 69 0 0 0 0
1994 570 74 0 0 0 0
1995 601 80 0 0 0 0
1996 634 86 0 0 0 0
1997 669 92 0 0 0 0
1998 705 99 0 0 0 0
1999 744 106 0 0 0 0
2000 784 113 0 0 0 0
2001 826 124 0 0 0 0
2002 869 136 0 0 0 0
2003 914 149 0 0 0 0
2004 962 160 0 0 0 0
2005 1011 174 0 0 0 0
2006 1062 184 0 0 0 0
2007 1115 201 0 0 0 0
2008 1171 219 0 0 0 0
2009 1229 240 0 0 0 0
2010 1289 244 0 0 0 0
2011 1351 261 0 0 0 0
2012 1414 248 0 0 0 0
2013 1471 270 0 0 0 0
2014 1553 290 0 0 0 0
2015 1579 298 0 0 0 0
2016 1656 233 0 0 0 0
2017 1735 230 0 0 0 0
2018 1814 174 0 0 0 0
2019 1907 134 0 0 0 0
2020 1982 134 0 0 0 0
2021 2058 145 0 0 0 0
2022 2135 155 0 0 0 0
2023 2212 148 0 0 0 0
Values for breeding stock: Hawaii
Year RUS+WAL EAL+BER GOA SEA+NBC SBC+WA OR+CA
1970 26 121 131 397 38 0
1971 31 154 155 504 43 0
1972 34 181 174 589 47 0
1973 37 207 192 668 51 0
1974 41 231 210 743 55 0
1975 44 254 226 814 59 0
1976 47 276 242 881 62 0
1977 50 298 258 944 66 0
1978 52 318 272 1004 69 0
1979 55 337 286 1060 72 0
1980 58 355 300 1113 75 0
1981 61 382 317 1191 78 0
1982 65 415 337 1286 82 0
1983 69 453 360 1398 87 0
1984 74 496 385 1523 92 0
1985 79 543 411 1660 97 0
1986 84 594 440 1807 103 0
1987 90 649 470 1960 108 0
1988 96 706 502 2122 114 0
1989 102 765 535 2292 121 0
1990 108 827 568 2465 127 0
1991 115 892 604 2647 134 0
1992 122 963 641 2842 141 0
1993 129 1040 681 3056 148 0
1994 137 1124 723 3287 155 0
1995 146 1215 769 3537 163 0
1996 155 1315 817 3803 172 0
1997 165 1423 869 4090 181 0
1998 175 1538 923 4394 191 0
1999 186 1662 981 4714 200 0
2000 197 1793 1042 5053 211 0
2001 210 1986 1106 5453 226 0
2002 222 2190 1174 6042 244 0
2003 236 2412 1244 6623 266 0
2004 250 2608 1319 7190 285 0
2005 265 2867 1397 7634 300 0
2006 281 3051 1479 7900 322 0
2007 297 3371 1563 8500 352 0
2008 315 3694 1652 8695 373 0
2009 333 4083 1747 9606 409 0
2010 352 4196 1848 10048 437 0
2011 373 4519 1951 10994 477 0
2012 394 4335 2057 10916 513 0
2013 416 4794 2170 11756 552 0
2014 439 5159 2283 9953 584 0
2015 464 5511 2400 8366 619 0
2016 489 4334 2527 8231 664 0
2017 516 4293 2660 6629 710 0
2018 544 3282 2797 7014 744 0
2019 573 2539 2937 7296 803 0
2020 603 2561 3085 7429 810 0
2021 634 2814 3234 6989 843 0
2022 666 3043 3390 7253 863 0
2023 700 2948 3545 7381 875 0
Values for breeding stock: MX_AR
Year RUS+WAL EAL+BER GOA SEA+NBC SBC+WA OR+CA
1970 19 70 53 12 8 9
1971 22 89 63 15 9 11
1972 24 105 71 17 10 13
1973 27 120 78 19 11 15
1974 29 134 85 22 11 16
1975 31 147 92 24 12 18
1976 34 160 98 26 13 19
1977 36 172 105 27 13 20
1978 38 184 111 29 14 22
1979 39 195 116 31 15 23
1980 41 206 122 32 15 24
1981 44 221 129 35 16 25
1982 46 240 137 37 17 27
1983 49 262 146 41 18 30
1984 53 287 156 44 19 32
1985 56 314 167 48 20 35
1986 60 344 179 52 21 38
1987 64 375 191 57 22 41
1988 69 408 204 62 24 44
1989 73 443 217 66 25 48
1990 78 479 231 72 26 51
1991 82 516 245 77 27 55
1992 88 557 261 82 29 59
1993 93 602 277 89 30 63
1994 99 651 294 95 32 68
1995 105 704 313 103 34 73
1996 111 762 332 110 35 79
1997 118 824 353 119 37 85
1998 126 891 375 128 39 91
1999 134 962 399 137 41 98
2000 142 1039 424 147 43 106
2001 151 1150 450 158 46 112
2002 160 1269 477 175 50 119
2003 169 1397 506 192 55 128
2004 180 1510 536 209 59 139
2005 190 1660 568 222 62 150
2006 202 1767 602 229 66 160
2007 213 1952 636 247 72 169
2008 226 2139 672 252 77 182
2009 239 2365 710 279 84 192
2010 253 2430 752 292 90 206
2011 268 2617 794 319 98 220
2012 283 2511 837 317 105 235
2013 299 2777 883 341 113 255
2014 316 2989 929 289 120 278
2015 333 3193 976 243 127 302
2016 352 2511 1028 239 137 324
2017 371 2487 1082 193 146 354
2018 391 1901 1138 204 153 380
2019 412 1471 1195 212 165 411
2020 433 1484 1255 216 167 443
2021 456 1631 1316 203 173 477
2022 479 1763 1380 211 178 499
2023 503 1708 1443 214 180 529
Values for breeding stock: MX_ML
Year RUS+WAL EAL+BER GOA SEA+NBC SBC+WA OR+CA
1970 7 50 24 10 45 84
1971 9 64 28 12 52 107
1972 9 75 32 14 56 124
1973 10 85 35 16 61 140
1974 11 94 38 18 65 155
1975 12 104 41 19 69 168
1976 13 112 43 21 73 181
1977 14 120 46 22 77 192
1978 14 128 48 24 80 203
1979 15 135 51 25 83 213
1980 16 142 53 26 87 221
1981 16 152 56 28 90 235
1982 17 165 59 30 95 252
1983 18 180 63 32 100 272
1984 20 196 67 35 105 294
1985 21 214 71 38 110 319
1986 22 233 76 41 116 345
1987 24 254 81 45 123 373
1988 25 275 86 48 129 401
1989 27 298 92 52 136 431
1990 28 321 97 56 142 462
1991 30 345 103 60 149 494
1992 32 371 109 64 157 528
1993 34 400 115 69 164 565
1994 36 431 122 74 172 605
1995 38 465 130 79 181 650
1996 40 502 137 85 190 698
1997 42 542 146 91 199 750
1998 45 584 155 97 209 806
1999 48 629 164 104 219 865
2000 51 678 174 111 230 929
2001 54 748 184 120 246 980
2002 57 824 195 132 266 1041
2003 60 905 206 145 288 1117
2004 63 977 218 157 309 1205
2005 67 1071 230 166 324 1298
2006 71 1137 243 172 346 1384
2007 75 1254 256 184 378 1460
2008 79 1371 270 188 400 1569
2009 84 1512 285 207 438 1653
2010 88 1551 301 216 467 1765
2011 93 1666 317 236 508 1880
2012 98 1595 334 234 545 2006
2013 103 1760 351 252 585 2174
2014 109 1891 369 213 618 2367
2015 115 2015 387 178 654 2560
2016 121 1581 406 175 700 2744
2017 127 1562 427 141 747 2989
2018 134 1192 448 148 780 3205
2019 141 920 469 154 841 3451
2020 147 924 491 156 845 3714
2021 155 1014 513 147 877 3986
2022 162 1095 538 152 897 4167
2023 170 1058 561 154 907 4402
Values for breeding stock: Central_Am
Year RUS+WAL EAL+BER GOA SEA+NBC SBC+WA OR+CA
1970 0 0 0 0 8 35
1971 0 0 0 0 9 44
1972 0 0 0 0 10 51
1973 0 0 0 0 11 58
1974 0 0 0 0 12 64
1975 0 0 0 0 13 69
1976 0 0 0 0 13 74
1977 0 0 0 0 14 79
1978 0 0 0 0 14 83
1979 0 0 0 0 15 87
1980 0 0 0 0 16 91
1981 0 0 0 0 16 96
1982 0 0 0 0 17 103
1983 0 0 0 0 18 111
1984 0 0 0 0 19 120
1985 0 0 0 0 20 130
1986 0 0 0 0 21 140
1987 0 0 0 0 22 151
1988 0 0 0 0 23 163
1989 0 0 0 0 24 174
1990 0 0 0 0 25 187
1991 0 0 0 0 27 199
1992 0 0 0 0 28 213
1993 0 0 0 0 29 228
1994 0 0 0 0 31 244
1995 0 0 0 0 32 261
1996 0 0 0 0 34 281
1997 0 0 0 0 35 301
1998 0 0 0 0 37 323
1999 0 0 0 0 39 347
2000 0 0 0 0 41 373
2001 0 0 0 0 43 393
2002 0 0 0 0 47 417
2003 0 0 0 0 51 446
2004 0 0 0 0 54 481
2005 0 0 0 0 57 518
2006 0 0 0 0 61 552
2007 0 0 0 0 66 582
2008 0 0 0 0 70 625
2009 0 0 0 0 77 658
2010 0 0 0 0 82 702
2011 0 0 0 0 89 747
2012 0 0 0 0 95 797
2013 0 0 0 0 102 863
2014 0 0 0 0 108 940
2015 0 0 0 0 114 1016
2016 0 0 0 0 122 1089
2017 0 0 0 0 130 1186
2018 0 0 0 0 136 1271
2019 0 0 0 0 147 1371
2020 0 0 0 0 148 1476
2021 0 0 0 0 153 1583
2022 0 0 0 0 157 1654
2023 0 0 0 0 159 1748

Catch numbers by breeding stock
Year Asia Hawaii MX_AR MX_ML Central_Am
1970 0.9 0 0 1.1 0.3
1971 0.9 0 0 1.2 0.3
1972 1 0 0 1.3 0.3
1973 1.1 0 0 1.3 0.4
1974 1.2 0.1 0 1.4 0.4
1975 1.2 0.1 0 1.5 0.4
1976 1.3 0.1 0 1.6 0.4
1977 1.4 0.1 0 1.6 0.4
1978 1.5 0.1 0 1.7 0.5
1979 1.6 0.1 0 1.8 0.5
1980 1.8 0.1 0 1.9 0.5
1981 1.9 0.1 0 2 0.5
1982 2 0.1 0 2.1 0.6
1983 2.2 0.1 0 2.2 0.6
1984 2.3 0.1 0 2.4 0.6
1985 2.5 0.1 0 2.5 0.7
1986 2.6 0.1 0 2.6 0.7
1987 2.8 0.1 0 2.8 0.7
1988 3 0.1 0 2.9 0.8
1989 3.2 0.1 0 3.1 0.8
1990 3.5 0.2 0 3.2 0.8
1991 3.7 0.2 0 3.4 0.9
1992 4 0.2 0 3.6 0.9
1993 4.3 0.2 0 3.8 1
1994 4.6 0.2 0 4 1
1995 4.9 0.2 0 4.2 1.1
1996 5.2 0.2 0 4.4 1.1
1997 5.6 0.2 0 4.7 1.2
1998 6 0.2 0 4.9 1.2
1999 6.4 0.2 0 5.2 1.3
2000 6.9 0.3 0 5.5 1.4
2001 7.3 0.3 0 5.8 1.4
2002 7.9 0 0 5.8 1.5
2003 8.4 0 0 5.8 1.6
2004 9 0 0 6.7 1.7
2005 9.6 0 0 8.1 1.8
2006 10.3 1 0 6.8 1.8
2007 11.1 0 0 7.7 1.9
2008 11.8 0 0 7.9 2
2009 12.7 0 0 9 2.1
2010 13.6 0 0 9.3 2.2
2011 14.5 0.8 0 10.6 2.4
2012 15.5 0 0 10.9 2.5
2013 28 0 0 10.8 2.6
2014 0 5 0 13 2.7
2015 72 0 0 14.2 2.9
2016 12 0.1 0 14.2 3
2017 12 0.1 0 13.4 3.2
2018 16 0.1 0 13.4 3.3
2019 4 0.4 0 13.4 1.7
2020 26.8 0.4 0 23.8 5
2021 28.6 0.4 0 12.8 4.7
2022 30.7 0.4 0 10.5 3.7
2023 32.8 0.4 0 18.4 4.2

Catch numbers by feeding ground
Year RUS+WAL EAL+BER GOA SEA+NBC SBC+WA OR+CA
1970 0 2.7 3.1 6.8 0.1 6.4
1971 0 1.8 0.1 4 0.1 1.5
1972 4 0.8 0.1 4.1 0.1 1.6
1973 0 0.8 0.1 4.3 0.1 1.7
1974 0 0.8 0.1 4.5 0.1 2.5
1975 0 0.8 0.2 4.7 0.1 2.7
1976 0 0.8 0.2 4.9 0.2 2.9
1977 0 0.8 0.2 5.2 0.2 3.1
1978 0 0.8 0.2 5.4 0.2 3.3
1979 0 1 0.2 5.6 0.2 3.5
1980 0 1 0.2 5.9 0.2 3.9
1981 0 1 0.3 6.1 0.3 4.2
1982 0 1 0.4 6.5 0.3 4.5
1983 0 1 0.4 6.7 0.3 4.8
1984 0 1 0.5 7.1 0.4 4.6
1985 0 1 0.5 6.7 0.4 5
1986 0 1 0.7 7.8 0.4 5.4
1987 0 1 0.7 10 0.5 5.8
1988 0 1.1 0.8 8.5 0.5 6.3
1989 0 0.9 0.8 6.1 0.6 6.1
1990 0 1 0.8 7.4 0.7 5.8
1991 0 1 0.9 8.2 0.7 7.6
1992 0 1.1 0.9 9.8 0.8 8.3
1993 0 1.1 1 7.1 0.9 8.6
1994 0 1.2 1 9.3 1 8.8
1995 0 1.2 1 9.3 1.1 9.6
1996 0 1.2 1.1 12.7 1.2 9.9
1997 0 1.2 1.3 12.7 0.9 10.7
1998 0 3 1.4 14.7 1.2 12
1999 0 2.6 1.4 17.4 1.7 13.5
2000 0 1.2 1.5 14.1 1.5 11.6
2001 0 1.2 1.8 16.4 1.7 13.4
2002 0 2.4 1.9 13.8 1.9 13.7
2003 0 1.4 2 18.9 2.3 16
2004 0 1.4 2.3 22 2.5 15.9
2005 0 1.6 2.3 23.3 5.8 20.1
2006 0 1.6 2.4 22.7 5.3 22.1
2007 0 0.1 7.3 18.4 0 18.1
2008 0 0.1 4.3 19.7 12.4 8.8
2009 0 0.1 4.3 24.1 0 9.8
2010 0 6.1 0.8 44.5 7 24.5
2011 0 3.1 4 28.4 11 11.9
2012 0 4.1 8.8 11.6 0 10
2013 0 0.1 4 31.6 0 4.7
2014 0 0.1 11.8 43.7 7 45.2
2015 0 4.1 12 51 9.1 103.4
2016 0 4.1 4.8 34.8 7.1 150.3
2017 0 4.1 2.1 16.3 11.1 60.3
2018 0 1.1 4 26.6 30.1 111.1
2019 0 4.1 6 27.3 9.1 61
2020 0 1.1 0 24 23 31.2
2021 0 2.2 7 33.7 13 62.4
2022 0 4.3 0.8 22.3 8 56
2023 0 3.6 9.1 40.1 19.2 59.7
