Stock structure: B2F1; Model type = BC
Mortality impacts feeding grounds
Recruitment related to unfished
Staying rate: 0
Age-at-matrity: 8
Base adult survival: 0
Sigma for survival devs: 
Additional variance estimated
Weight for mark-recapture proportions: 1
Weight for genetics proportions: 1


Total objective fn: 280.744930226081
Negative log-likelihood fn: 96.6841367622954

Natural Survival by feeding ground
RUS+WAL,EAL+BER,GOA,SEA+NBC,SBC+WA,OR+CA
1970 0.957582 0.9590689 0.9590806 0.9592169 0.9592666 0.9593967
1971 0.9576069 0.959085 0.9590839 0.9592321 0.9592739 0.9594197
1972 0.9553844 0.9581003 0.9580886 0.9584084 0.9584825 0.9588078
1973 0.953253 0.9571696 0.9571423 0.9576383 0.9577347 0.9582502
1974 0.9515367 0.9563505 0.9563048 0.9569603 0.9570678 0.9577774
1975 0.9501489 0.9556286 0.9555654 0.9563624 0.9564725 0.9573715
1976 0.9490088 0.9549896 0.9549088 0.9558333 0.9559434 0.957023
1977 0.9480629 0.9544221 0.9543237 0.9553649 0.9554694 0.9567241
1978 0.9472756 0.9539176 0.9538016 0.9549497 0.9550455 0.9564715
1979 0.9466208 0.9534718 0.9533355 0.9545818 0.9546659 0.9562592
1980 0.9460824 0.953076 0.9529195 0.9542569 0.9543263 0.9560874
1981 0.9456335 0.9527221 0.9525495 0.9539651 0.9540233 0.9559379
1982 0.9440572 0.9516652 0.9514653 0.953068 0.9531187 0.9553568
1983 0.9415766 0.9500164 0.9497782 0.9516588 0.9517034 0.9544172
1984 0.9386842 0.9480046 0.9477245 0.9499212 0.94996 0.9532263
1985 0.9357814 0.9458425 0.945521 0.9480231 0.9480573 0.9519022
1986 0.9330864 0.9436843 0.9433298 0.9461045 0.9461253 0.9505305
1987 0.9306935 0.9416247 0.9412425 0.9442599 0.9442541 0.949173
1988 0.9286252 0.9397149 0.9393114 0.9425138 0.9424911 0.9478729
1989 0.9268724 0.9379743 0.9375571 0.940883 0.9408661 0.94664
1990 0.925416 0.9364141 0.9359862 0.9394052 0.9393907 0.9454838
1991 0.9242239 0.9350308 0.934598 0.9380805 0.9380642 0.9444546
1992 0.9229637 0.9335414 0.933103 0.936651 0.9366258 0.9433192
1993 0.9214304 0.9317674 0.9313245 0.9349204 0.9349102 0.9419316
1994 0.9196097 0.9296802 0.9292313 0.9328874 0.9328827 0.940249
1995 0.9176089 0.9273567 0.9269028 0.9306061 0.9306106 0.9383243
1996 0.9155717 0.9249252 0.9244711 0.928216 0.9282106 0.9362341
1997 0.9136263 0.9225152 0.9220682 0.9258187 0.9257937 0.9340902
1998 0.9118578 0.9202517 0.9197932 0.9235268 0.923481 0.9319917
1999 0.9103133 0.9181737 0.9177103 0.921416 0.9213534 0.9300151
2000 0.9090141 0.9344702 0.9158581 0.9321081 0.8002125 0.8891767
2001 0.9079538 0.944922 0.9142548 0.9254421 0.8920255 0.9417903
2002 0.9070738 0.9534372 0.9128358 0.9212082 0.8949613 0.9303427
2003 0.9062839 0.9449623 0.9115172 0.9445229 0.6647364 0.9420607
2004 0.9055242 0.9317743 0.9102354 0.9306629 0.9201141 0.9394233
2005 0.9047636 0.9395133 0.9089481 0.9190523 0.9426548 0.9075154
2006 0.9039981 0.9290144 0.9076535 0.9354091 0.9468052 0.925574
2007 0.9032494 0.9402712 0.9064774 0.8967353 0.9367607 0.930647
2008 0.9025349 0.9297454 0.9052744 0.9405904 0.9462274 0.9149066
2009 0.9018883 0.9035174 0.904137 0.9190138 0.9370343 0.934437
2010 0.9013335 0.9215359 0.9030207 0.9451086 0.9463693 0.9018624
2011 0.900878 0.9392974 0.9020984 0.8840324 0.9320207 0.900884
2012 0.9005137 0.9310731 0.9014065 0.9396207 0.9293237 0.9030667
2013 0.9005579 0.9192008 0.9007079 0.7741652 0.9215901 0.9477211
2014 0.8998348 0.8821263 0.9002653 0.8164524 0.9092682 0.9562635
2015 0.9011931 0.7912489 0.8998689 0.8906666 0.8999746 0.9512638
2016 0.9008205 0.7937994 0.8993331 0.7870848 0.8989734 0.9468522
2017 0.9003381 0.8179846 0.8987568 0.8995757 0.9056533 0.9326481
2018 0.9000335 0.9005185 0.8982571 0.9086492 0.9373373 0.9116182
2019 0.8993961 0.8948951 0.8978385 0.9004151 0.9168003 0.9439916
2020 0.899523 0.8404292 0.8973276 0.876937 0.9082812 0.9210881
2021 0.8997549 0.5438646 0.8969995 0.8782002 0.8817472 0.9090808
2022 0.9000803 0.7449889 0.8965795 0.8702239 0.8693677 0.9213444
2023 0.9004613 0.7293036 0.896389 0.8918743 0.8681736 0.8809284

Naturak Survival by breeding stock
RUS+WAL,EAL+BER,GOA,SEA+NBC,SBC+WA,OR+CA
1970 0.96 0.96 0.96 0.96 0.96
1971 0.96 0.96 0.96 0.96 0.96
1972 0.96 0.96 0.96 0.96 0.96
1973 0.96 0.96 0.96 0.96 0.96
1974 0.96 0.96 0.96 0.96 0.96
1975 0.96 0.96 0.96 0.96 0.96
1976 0.96 0.96 0.96 0.96 0.96
1977 0.96 0.96 0.96 0.96 0.96
1978 0.96 0.96 0.96 0.96 0.96
1979 0.96 0.96 0.96 0.96 0.96
1980 0.96 0.96 0.96 0.96 0.96
1981 0.96 0.96 0.96 0.96 0.96
1982 0.96 0.96 0.96 0.96 0.96
1983 0.96 0.96 0.96 0.96 0.96
1984 0.96 0.96 0.96 0.96 0.96
1985 0.96 0.96 0.96 0.96 0.96
1986 0.96 0.96 0.96 0.96 0.96
1987 0.96 0.96 0.96 0.96 0.96
1988 0.96 0.96 0.96 0.96 0.96
1989 0.96 0.96 0.96 0.96 0.96
1990 0.96 0.96 0.96 0.96 0.96
1991 0.96 0.96 0.96 0.96 0.96
1992 0.96 0.96 0.96 0.96 0.96
1993 0.96 0.96 0.96 0.96 0.96
1994 0.96 0.96 0.96 0.96 0.96
1995 0.96 0.96 0.96 0.96 0.96
1996 0.96 0.96 0.96 0.96 0.96
1997 0.96 0.96 0.96 0.96 0.96
1998 0.96 0.96 0.96 0.96 0.96
1999 0.96 0.96 0.96 0.96 0.96
2000 0.96 0.96 0.96 0.96 0.96
2001 0.96 0.96 0.96 0.96 0.96
2002 0.96 0.96 0.96 0.96 0.96
2003 0.96 0.96 0.96 0.96 0.96
2004 0.96 0.96 0.96 0.96 0.96
2005 0.96 0.96 0.96 0.96 0.96
2006 0.96 0.96 0.96 0.96 0.96
2007 0.96 0.96 0.96 0.96 0.96
2008 0.96 0.96 0.96 0.96 0.96
2009 0.96 0.96 0.96 0.96 0.96
2010 0.96 0.96 0.96 0.96 0.96
2011 0.96 0.96 0.96 0.96 0.96
2012 0.96 0.96 0.96 0.96 0.96
2013 0.96 0.96 0.96 0.96 0.96
2014 0.96 0.96 0.96 0.96 0.96
2015 0.96 0.96 0.96 0.96 0.96
2016 0.96 0.96 0.96 0.96 0.96
2017 0.96 0.96 0.96 0.96 0.96
2018 0.96 0.96 0.96 0.96 0.96
2019 0.96 0.96 0.96 0.96 0.96
2020 0.96 0.96 0.96 0.96 0.96
2021 0.96 0.96 0.96 0.96 0.96
2022 0.96 0.96 0.96 0.96 0.96
2023 0.96 0.96 0.96 0.96 0.96

Fecundity by feeding ground
RUS+WAL,EAL+BER,GOA,SEA+NBC,SBC+WA,OR+CA
1970 3.588985 3.924852 3.927753 3.961696 3.974227 4.007386
1971 3.594135 3.928828 3.928551 3.965509 3.976075 4.0133
1972 3.184641 3.69945 3.696875 3.768339 3.785274 3.861487
1973 2.869641 3.5056 3.500215 3.600654 3.620851 3.73265
1974 2.657158 3.3508 3.342563 3.464734 3.48561 3.629865
1975 2.506588 3.225087 3.214533 3.352954 3.37301 3.545947
1976 2.394806 3.121293 3.108622 3.259783 3.278764 3.476881
1977 2.309184 3.034445 3.019851 3.181449 3.198602 3.419716
1978 2.242333 2.961114 2.944739 3.115023 3.130108 3.372833
1979 2.189535 2.899141 2.880704 3.058389 3.071169 3.334374
1980 2.147895 2.846207 2.825794 3.01004 3.020239 3.303895
1981 2.114334 2.800459 2.778657 2.967865 2.976185 3.277797
1982 2.004145 2.671993 2.648982 2.845155 2.85183 3.180129
1983 1.851628 2.493084 2.469145 2.671251 2.676436 3.033704
1984 1.699924 2.304103 2.279983 2.483464 2.487372 2.866084
1985 1.570032 2.129835 2.106086 2.305713 2.3087 2.699796
1986 1.465447 1.979689 1.956963 2.149577 2.15116 2.546307
1987 1.383191 1.854372 1.832789 2.017685 2.017298 2.410305
1988 1.318895 1.751152 1.730749 1.906535 1.905167 2.292703
1989 1.268708 1.666293 1.647115 1.812923 1.812 2.191049
1990 1.229696 1.596689 1.578566 1.735452 1.734721 2.103367
1991 1.199421 1.539494 1.522401 1.671243 1.670478 2.030862
1992 1.168917 1.482158 1.466051 1.606895 1.605805 1.956294
1993 1.133728 1.418988 1.404013 1.535102 1.534696 1.872066
1994 1.094462 1.35096 1.337135 1.458252 1.458085 1.778883
1995 1.054173 1.282207 1.269547 1.380352 1.380497 1.682713
1996 1.015928 1.217058 1.205581 1.306844 1.306685 1.589019
1997 0.9817648 1.158412 1.148118 1.240254 1.239592 1.5028
1998 0.9525291 1.108012 1.098303 1.182363 1.181259 1.426688
1999 0.928298 1.06526 1.056149 1.133406 1.132014 1.361454
2000 0.9087911 1.517422 1.021146 1.430716 0.3027348 0.6840803
2001 0.8934291 2.063178 0.9925642 1.230375 0.7097634 1.863876
2002 0.8810432 2.894433 0.9684924 1.128794 0.7381376 1.371867
2003 0.8701939 2.066014 0.9470843 2.035525 0.1417612 1.879605
2004 0.8599904 1.419224 0.9271075 1.382197 1.105081 1.736359
2005 0.8499964 1.740902 0.9078209 1.082951 1.915069 0.8872191
2006 0.8401525 1.330553 0.8891657 1.554741 2.204156 1.233817
2007 0.8307278 1.780057 0.872828 0.7563111 1.611662 1.38168
2008 0.8219143 1.352992 0.8566842 1.797058 2.158955 1.004001
2009 0.8140869 0.834079 0.8419226 1.082163 1.623677 1.516135
2010 0.8074789 1.136084 0.8278882 2.076365 2.169891 0.8137762
2011 0.802128 1.730049 0.8166146 0.6417668 1.427688 0.8021986
2012 0.797895 1.395643 0.8083426 1.746347 1.339961 0.8284583
2013 0.7984066 1.085995 0.8001464 0.2549427 1.137298 2.279695
2014 0.7901165 0.6272749 0.7950328 0.3404671 0.9125466 3.335144
2015 0.8058228 0.2847612 0.7905038 0.6972964 0.7917068 2.62617
2016 0.8014574 0.2896948 0.7844579 0.276994 0.7804456 2.207914
2017 0.7958701 0.3444294 0.7780488 0.7871844 0.8617083 1.449691
2018 0.7923793 0.7979507 0.7725692 0.9034498 1.637183 0.9486927
2019 0.7851641 0.737475 0.7680339 0.7967567 1.038675 1.999798
2020 0.7865904 0.4127929 0.762564 0.5906703 0.8981208 1.126144
2021 0.7892101 0.08348604 0.7590883 0.5992206 0.6244636 0.9097738
2022 0.7929131 0.2142484 0.7546829 0.5486827 0.5437106 1.131813
2023 0.7972905 0.1963614 0.7526997 0.7083558 0.5369087 0.6184675

Total abundance: Estimate SD_log
1970 303.2749 NaN
1971 644.217 NaN
1972 919.2834 NaN
1973 1151.124 NaN
1974 1357.265 NaN
1975 1537.818 NaN
1976 1696.918 NaN
1977 1837.107 NaN
1978 1960.633 NaN
1979 2069.188 NaN
1980 2164.202 NaN
1981 2506.058 NaN
1982 3018.416 NaN
1983 3630.269 NaN
1984 4282.394 NaN
1985 4933.479 NaN
1986 5558.557 NaN
1987 6141.99 NaN
1988 6675.418 NaN
1989 7159.34 NaN
1990 7595.16 NaN
1991 8083.86 NaN
1992 8677.865 NaN
1993 9383.599 NaN
1994 10178.71 NaN
1995 11016.6 NaN
1996 11856.37 NaN
1997 12660.81 NaN
1998 13408.65 NaN
1999 14080.95 NaN
2000 14671.57 NaN
2001 15388.61 NaN
2002 16678.96 NaN
2003 18242.94 NaN
2004 20241.05 NaN
2005 21417.34 NaN
2006 22488.43 NaN
2007 24197.8 NaN
2008 24975 NaN
2009 27190.54 NaN
2010 27606.06 NaN
2011 30218.98 NaN
2012 30420.91 NaN
2013 33262.25 NaN
2014 31353.44 NaN
2015 30392.21 NaN
2016 29049.67 NaN
2017 26409.56 NaN
2018 25969.03 NaN
2019 26795.71 NaN
2020 27831.64 NaN
2021 26927.16 NaN
2022 23826.86 NaN
2023 22822.46 NaN
2024 21708.95 NaN

Breeding stock abundance: Estimate SD_log Estimate/K
Asia
1 39.44111 NaN 7.84479
2 84.15998 NaN 16.73932
3 119.201 NaN 23.70893
4 143.4911 NaN 28.5402
5 165.4415 NaN 32.90612
6 183.6164 NaN 36.52109
7 198.8576 NaN 39.55255
8 211.5699 NaN 42.081
9 222.1327 NaN 44.18192
10 230.8462 NaN 45.91504
11 237.9492 NaN 47.32781
12 267.6369 NaN 53.23266
13 312.4732 NaN 62.15054
14 363.684 NaN 72.33631
15 414.7583 NaN 82.49493
16 462.3452 NaN 91.95991
17 504.8717 NaN 100.4184
18 541.9948 NaN 107.8021
19 573.6617 NaN 114.1006
20 600.149 NaN 119.3689
21 621.8551 NaN 123.6862
22 645.7373 NaN 128.4364
23 675.4901 NaN 134.3542
24 710.9377 NaN 141.4047
25 749.8646 NaN 149.1472
26 789.4665 NaN 157.0239
27 827.332 NaN 164.5553
28 861.7789 NaN 171.4068
29 891.7403 NaN 177.3661
30 916.7515 NaN 182.3408
31 936.8329 NaN 186.3349
32 960.7983 NaN 191.1016
33 990.7588 NaN 197.0608
34 1032.633 NaN 205.3895
35 1060.818 NaN 210.9953
36 1079.125 NaN 214.6367
37 1106.495 NaN 220.0806
38 1123.096 NaN 223.3824
39 1151.311 NaN 228.9944
40 1165.648 NaN 231.846
41 1162.202 NaN 231.1606
42 1170.914 NaN 232.8934
43 1199.597 NaN 238.5984
44 1219.107 NaN 242.479
45 1215.613 NaN 241.784
46 1213.049 NaN 241.274
47 1113.057 NaN 221.3857
48 1082.351 NaN 215.2783
49 1062.646 NaN 211.3591
50 1065.266 NaN 211.8801
51 1073.09 NaN 213.4364
52 1042.86 NaN 207.4235
53 970.4481 NaN 193.021
54 937.9497 NaN 186.5571
Hawaii
1 163.9326 NaN 1.115812
2 354.7584 NaN 2.414675
3 508.1206 NaN 3.458539
4 641.2381 NaN 4.364608
5 759.5632 NaN 5.169992
6 864.6234 NaN 5.885087
7 958.1204 NaN 6.521478
8 1041.41 NaN 7.088388
9 1115.528 NaN 7.592879
10 1181.507 NaN 8.041963
11 1240.053 NaN 8.440461
12 1443.313 NaN 9.823957
13 1747.229 NaN 11.89257
14 2111.563 NaN 14.37242
15 2502.07 NaN 17.03042
16 2893.712 NaN 19.69615
17 3271.9 NaN 22.27029
18 3626.205 NaN 24.68188
19 3951.043 NaN 26.8929
20 4247.777 NaN 28.91263
21 4516.878 NaN 30.74428
22 4817.557 NaN 32.79086
23 5182.742 NaN 35.2765
24 5615.487 NaN 38.222
25 6103.606 NaN 41.54439
26 6617.065 NaN 45.03927
27 7132.114 NaN 48.54497
28 7624.58 NaN 51.89695
29 8083.034 NaN 55.01743
30 8495.74 NaN 57.82653
31 8858.756 NaN 60.29741
32 9536.107 NaN 64.90783
33 10223.98 NaN 69.58984
34 11088.28 NaN 75.47276
35 12596.18 NaN 85.73631
36 13309.41 NaN 90.59095
37 13969.81 NaN 95.086
38 15211.8 NaN 103.5396
39 15331.51 NaN 104.3544
40 17117.18 NaN 116.5086
41 17274 NaN 117.576
42 19598.96 NaN 133.401
43 19249.01 NaN 131.019
44 21519.11 NaN 146.4705
45 18771.63 NaN 127.7697
46 16977.08 NaN 115.555
47 15960.76 NaN 108.6374
48 13614.59 NaN 92.66812
49 13417.31 NaN 91.32534
50 14118.73 NaN 96.09962
51 14335.93 NaN 97.57799
52 13806.44 NaN 93.97402
53 12269.85 NaN 83.51514
54 11632.17 NaN 79.17474
MX_AR
1 37.50423 NaN 37.88761
2 80.80689 NaN 81.63293
3 116.0336 NaN 117.2197
4 146.1611 NaN 147.6552
5 173.0726 NaN 174.8418
6 196.8799 NaN 198.8925
7 218.0153 NaN 220.2439
8 236.8193 NaN 239.2401
9 253.5617 NaN 256.1537
10 268.467 NaN 271.2114
11 281.6694 NaN 284.5487
12 326.87 NaN 330.2114
13 394.2803 NaN 398.3108
14 474.5323 NaN 479.3832
15 559.7554 NaN 565.4775
16 644.5044 NaN 651.0927
17 725.5307 NaN 732.9473
18 800.9728 NaN 809.1607
19 869.9801 NaN 878.8734
20 932.2639 NaN 941.7938
21 987.9917 NaN 998.0914
22 1050.352 NaN 1061.089
23 1126.067 NaN 1137.578
24 1215.873 NaN 1228.302
25 1316.365 NaN 1329.822
26 1422.016 NaN 1436.552
27 1527.483 NaN 1543.097
28 1628.398 NaN 1645.044
29 1721.866 NaN 1739.468
30 1805.581 NaN 1824.039
31 1879.305 NaN 1898.516
32 1993.917 NaN 2014.299
33 2221.353 NaN 2244.061
34 2565.262 NaN 2591.485
35 2787.898 NaN 2816.397
36 2924.033 NaN 2953.924
37 3139.54 NaN 3171.634
38 3292.627 NaN 3326.285
39 3545.901 NaN 3582.148
40 3719.196 NaN 3757.215
41 3704.626 NaN 3742.496
42 3869.649 NaN 3909.206
43 4187.802 NaN 4230.611
44 4500.758 NaN 4546.766
45 4628.523 NaN 4675.837
46 4534.439 NaN 4580.792
47 4075.779 NaN 4117.443
48 3686.667 NaN 3724.353
49 3467.179 NaN 3502.622
50 3577.9 NaN 3614.474
51 3668.998 NaN 3706.503
52 3484.52 NaN 3520.14
53 2727.853 NaN 2755.738
54 2533.527 NaN 2559.425
MX_ML
1 51.65171 NaN 0.6873285
2 104.3853 NaN 1.389053
3 147.7111 NaN 1.96559
4 184.9876 NaN 2.461627
5 217.8777 NaN 2.899295
6 246.2798 NaN 3.277242
7 271.088 NaN 3.607364
8 292.674 NaN 3.894608
9 311.5242 NaN 4.145448
10 327.8252 NaN 4.362365
11 341.7779 NaN 4.548034
12 395.6997 NaN 5.26557
13 476.9637 NaN 6.346949
14 574.8835 NaN 7.649966
15 680.3404 NaN 9.05328
16 786.9131 NaN 10.47144
17 890.1398 NaN 11.84508
18 987.4491 NaN 13.13997
19 1077.298 NaN 14.33559
20 1159.143 NaN 15.4247
21 1233.157 NaN 16.4096
22 1317.273 NaN 17.52894
23 1419.32 NaN 18.88688
24 1541.33 NaN 20.51046
25 1679.488 NaN 22.34892
26 1826.782 NaN 24.30896
27 1975.602 NaN 26.28931
28 2120.051 NaN 28.21149
29 2255.468 NaN 30.01348
30 2378.188 NaN 31.64651
31 2486.811 NaN 33.09196
32 2430.997 NaN 32.34925
33 2716.803 NaN 36.15246
34 3006.902 NaN 40.0128
35 3204.665 NaN 42.64444
36 3449.338 NaN 45.90029
37 3618.307 NaN 48.14876
38 3866.378 NaN 51.44984
39 4184.857 NaN 55.68782
40 4400.103 NaN 58.55211
41 4592.441 NaN 61.11155
42 4717.498 NaN 62.77567
43 4927.244 NaN 65.56676
44 5162.471 NaN 68.69693
45 5679.837 NaN 75.58151
46 6297.762 NaN 83.80423
47 6355.143 NaN 84.56779
48 6353.795 NaN 84.54986
49 6302.919 NaN 83.87284
50 6348.154 NaN 84.47479
51 6866.676 NaN 91.37476
52 6714.325 NaN 89.34742
53 6039.736 NaN 80.37068
54 5894.122 NaN 78.433
Central_Am
1 10.74525 NaN 21.39637
2 20.10645 NaN 40.03678
3 28.21713 NaN 56.18709
4 35.24618 NaN 70.18361
5 41.30995 NaN 82.25803
6 46.41797 NaN 92.42933
7 50.83628 NaN 101.2272
8 54.63431 NaN 108.79
9 57.8867 NaN 115.2663
10 60.54333 NaN 120.5563
11 62.75291 NaN 124.9561
12 72.53798 NaN 144.4405
13 87.47048 NaN 174.1747
14 105.6062 NaN 210.2873
15 125.4699 NaN 249.8407
16 146.0048 NaN 290.7306
17 166.1147 NaN 330.7743
18 185.3682 NaN 369.1126
19 203.4346 NaN 405.0871
20 220.007 NaN 438.0869
21 235.279 NaN 468.497
22 252.9411 NaN 503.6666
23 274.2454 NaN 546.0884
24 299.9706 NaN 597.3134
25 329.388 NaN 655.8906
26 361.2666 NaN 719.3686
27 393.8382 NaN 784.2265
28 426.004 NaN 848.2763
29 456.544 NaN 909.0888
30 484.6903 NaN 965.1348
31 509.8658 NaN 1015.265
32 466.7896 NaN 929.4902
33 526.0708 NaN 1047.533
34 549.8613 NaN 1094.906
35 591.4928 NaN 1177.804
36 655.428 NaN 1305.115
37 654.276 NaN 1302.821
38 703.8976 NaN 1401.629
39 761.4255 NaN 1516.181
40 788.412 NaN 1569.918
41 872.7958 NaN 1737.946
42 861.9585 NaN 1716.366
43 857.2548 NaN 1707
44 860.809 NaN 1714.078
45 1057.841 NaN 2106.416
46 1369.879 NaN 2727.757
47 1544.935 NaN 3076.338
48 1672.16 NaN 3329.672
49 1718.974 NaN 3422.891
50 1685.652 NaN 3356.539
51 1886.948 NaN 3757.367
52 1879.012 NaN 3741.565
53 1818.976 NaN 3622.019
54 1824.687 NaN 3633.39

Feeding stock abundance: Estimate SD_log Estimate/K
RUS+WAL
1 53.64227 NaN 3.246777
2 116.1798 NaN 7.031955
3 161.315 NaN 9.763827
4 199.08 NaN 12.04961
5 229.8003 NaN 13.909
6 255.3837 NaN 15.45747
7 276.7784 NaN 16.75242
8 294.6994 NaN 17.83711
9 309.6745 NaN 18.7435
10 322.1239 NaN 19.49702
11 332.296 NaN 20.1127
12 374.0478 NaN 22.63979
13 436.9863 NaN 26.44924
14 508.6161 NaN 30.78474
15 580.0065 NaN 35.10574
16 646.2748 NaN 39.11673
17 705.5268 NaN 42.70304
18 757.1074 NaN 45.82504
19 801.1359 NaN 48.48992
20 838.0357 NaN 50.72334
21 868.2843 NaN 52.55418
22 901.7091 NaN 54.57726
23 943.2079 NaN 57.08904
24 992.6684 NaN 60.08271
25 1047.007 NaN 63.37165
26 1102.365 NaN 66.72224
27 1155.443 NaN 69.93485
28 1203.869 NaN 72.86591
29 1246.354 NaN 75.4374
30 1282.349 NaN 77.61606
31 1311.723 NaN 79.39393
32 1336.424 NaN 80.88904
33 1358.741 NaN 82.23976
34 1380.684 NaN 83.5679
35 1402.899 NaN 84.91252
36 1425.323 NaN 86.26973
37 1447.455 NaN 87.60936
38 1468.412 NaN 88.87781
39 1487.699 NaN 90.04517
40 1504.47 NaN 91.06022
41 1518.254 NaN 91.89453
42 1529.204 NaN 92.5573
43 1537.9 NaN 93.08364
44 1535.8 NaN 92.95653
45 1556.238 NaN 94.1936
46 1517.422 NaN 91.84417
47 1532.133 NaN 92.73457
48 1544.793 NaN 93.50085
49 1552.282 NaN 93.95414
50 1569.442 NaN 94.9928
51 1564.466 NaN 94.69157
52 1558.643 NaN 94.33915
53 1550.307 NaN 93.83463
54 1540.521 NaN 93.24228
EAL+BER
1 58.09313 NaN 1.248327
2 131.4123 NaN 2.823835
3 189.5478 NaN 4.073073
4 240.169 NaN 5.16084
5 284.9308 NaN 6.122698
6 324.7166 NaN 6.97763
7 360.153 NaN 7.739102
8 391.774 NaN 8.418586
9 419.9707 NaN 9.024487
10 444.8978 NaN 9.560128
11 467.0529 NaN 10.03621
12 543.2678 NaN 11.67394
13 657.0474 NaN 14.11888
14 792.8718 NaN 17.03752
15 937.4394 NaN 20.14404
16 1081.439 NaN 23.23837
17 1219.215 NaN 26.19895
18 1347.622 NaN 28.9582
19 1465.046 NaN 31.48145
20 1571.159 NaN 33.76166
21 1665.623 NaN 35.79153
22 1771.19 NaN 38.05999
23 1899.314 NaN 40.81317
24 2051.181 NaN 44.07653
25 2220.591 NaN 47.71689
26 2398.371 NaN 51.53708
27 2575.335 NaN 55.33975
28 2744.135 NaN 58.96699
29 2898.019 NaN 62.27371
30 3036.437 NaN 65.24808
31 3158.984 NaN 67.88141
32 3535.473 NaN 75.97154
33 4186.997 NaN 89.97175
34 5297.643 NaN 113.8377
35 5926.05 NaN 127.3412
36 6207.836 NaN 133.3963
37 6843.807 NaN 147.0623
38 7130.157 NaN 153.2155
39 7911.55 NaN 170.0063
40 8249.349 NaN 177.2651
41 7996.597 NaN 171.8338
42 8304.264 NaN 178.4451
43 9466.737 NaN 203.4248
44 10355.39 NaN 222.5205
45 10828.86 NaN 232.6945
46 10256.87 NaN 220.4035
47 8428.784 NaN 181.1208
48 7030.654 NaN 151.0773
49 6140.946 NaN 131.9589
50 6420.185 NaN 137.9593
51 6461.041 NaN 138.8372
52 5787.761 NaN 124.3695
53 3195.376 NaN 68.66342
54 2524.319 NaN 54.2435
GOA
1 33.5884 NaN 1.23255
2 77.07978 NaN 2.828496
3 111.6621 NaN 4.09752
4 141.9609 NaN 5.209355
5 168.8868 NaN 6.197418
6 192.8274 NaN 7.075935
7 214.2291 NaN 7.861287
8 233.3885 NaN 8.564353
9 250.5378 NaN 9.193658
10 265.8818 NaN 9.756716
11 279.5978 NaN 10.26004
12 325.4708 NaN 11.94338
13 393.6736 NaN 14.44613
14 474.9899 NaN 17.43009
15 561.3284 NaN 20.59834
16 647.2011 NaN 23.74949
17 729.0378 NaN 26.75255
18 805.1973 NaN 29.54728
19 874.6925 NaN 32.09745
20 937.2804 NaN 34.39415
21 992.9523 NaN 36.43708
22 1055.032 NaN 38.71514
23 1130.454 NaN 41.48279
24 1219.719 NaN 44.75844
25 1319.29 NaN 48.41225
26 1423.663 NaN 52.24231
27 1527.323 NaN 56.04616
28 1625.882 NaN 59.66289
29 1716.566 NaN 62.99057
30 1797.793 NaN 65.97128
31 1868.704 NaN 68.57338
32 1931.805 NaN 70.88895
33 1991.255 NaN 73.07049
34 2050.023 NaN 75.22703
35 2109.3 NaN 77.40222
36 2169.333 NaN 79.60518
37 2228.965 NaN 81.79344
38 2281.927 NaN 83.7369
39 2335.163 NaN 85.69042
40 2383.824 NaN 87.47607
41 2430.562 NaN 89.19115
42 2467.962 NaN 90.5636
43 2495.852 NaN 91.58701
44 2525.528 NaN 92.67602
45 2544.096 NaN 93.35738
46 2562.211 NaN 94.02211
47 2587.076 NaN 94.93455
48 2613.15 NaN 95.89135
49 2635.471 NaN 96.71043
50 2654.164 NaN 97.3964
51 2677.04 NaN 98.23583
52 2690.69 NaN 98.73676
53 2709.097 NaN 99.4122
54 2716.462 NaN 99.68246
SEA+NBC
1 94.45871 NaN 1.049723
2 214.3792 NaN 2.382404
3 307.4868 NaN 3.417112
4 388.6588 NaN 4.31918
5 460.4215 NaN 5.116682
6 524.1385 NaN 5.824771
7 580.7888 NaN 6.454328
8 631.0673 NaN 7.013075
9 675.724 NaN 7.509346
10 715.3212 NaN 7.949391
11 750.2461 NaN 8.337513
12 875.0919 NaN 9.724929
13 1062.265 NaN 11.80499
14 1288.102 NaN 14.31473
15 1531.605 NaN 17.02079
16 1778.261 NaN 19.76189
17 2016.701 NaN 22.41167
18 2239.948 NaN 24.89263
19 2448.516 NaN 27.21045
20 2641.716 NaN 29.35749
21 2815.19 NaN 31.28531
22 3009.853 NaN 33.44861
23 3245.642 NaN 36.06894
24 3529.675 NaN 39.22541
25 3846.916 NaN 42.75093
26 4183.457 NaN 46.49092
27 4519.095 NaN 50.22087
28 4843.567 NaN 53.82674
29 5144.986 NaN 57.17643
30 5416.602 NaN 60.1949
31 5661.291 NaN 62.91414
32 6204.327 NaN 68.94892
33 6547.468 NaN 72.76226
34 6830.413 NaN 75.90664
35 8150.996 NaN 90.58233
36 8672.555 NaN 96.37843
37 8918.994 NaN 99.11712
38 9948.27 NaN 110.5555
39 9577.258 NaN 106.4324
40 11138.96 NaN 123.7876
41 11321.68 NaN 125.8182
42 13491 NaN 149.926
43 12486.2 NaN 138.7596
44 14330.15 NaN 159.2514
45 11163.65 NaN 124.062
46 9567.56 NaN 106.3247
47 9469.107 NaN 105.2305
48 7742.42 NaN 86.04181
49 7956.335 NaN 88.41905
50 8396.237 NaN 93.30771
51 8552.554 NaN 95.04486
52 8297.679 NaN 92.21243
53 8077.904 NaN 89.77005
54 7775.069 NaN 86.40464
SBC+WA
1 17.16913 NaN 0.9830155
2 39.41208 NaN 2.256531
3 56.92255 NaN 3.25909
4 72.40088 NaN 4.145299
5 86.25533 NaN 4.938533
6 98.69479 NaN 5.650751
7 109.777 NaN 6.285262
8 119.7453 NaN 6.855994
9 128.6737 NaN 7.36719
10 136.6792 NaN 7.82554
11 143.8464 NaN 8.235897
12 168.2265 NaN 9.631779
13 204.6774 NaN 11.71877
14 248.6945 NaN 14.23896
15 296.1616 NaN 16.95668
16 344.1951 NaN 19.70682
17 390.8777 NaN 22.37963
18 434.9346 NaN 24.9021
19 475.8228 NaN 27.24314
20 513.1274 NaN 29.37901
21 546.7559 NaN 31.30441
22 584.6106 NaN 33.47177
23 630.629 NaN 36.10654
24 685.3358 NaN 39.23877
25 746.821 NaN 42.7591
26 811.9155 NaN 46.48607
27 877.3826 NaN 50.23438
28 940.8807 NaN 53.86995
29 999.8945 NaN 57.24877
30 1053.009 NaN 60.28983
31 1100.347 NaN 63.00017
32 900.7472 NaN 51.57211
33 888.7404 NaN 50.88466
34 879.7808 NaN 50.37168
35 590.7498 NaN 33.82327
36 656.3234 NaN 37.57767
37 818.6909 NaN 46.87399
38 1019.821 NaN 58.38965
39 1121.795 NaN 64.22816
40 1342.867 NaN 76.88562
41 1457.246 NaN 83.43436
42 1659.455 NaN 95.0118
43 1719.74 NaN 98.46339
44 1780.538 NaN 101.9444
45 1775.859 NaN 101.6765
46 1732.471 NaN 99.19231
47 1687.192 NaN 96.59986
48 1666.12 NaN 95.39338
49 1669.995 NaN 95.61524
50 1989.522 NaN 113.9097
51 2052.753 NaN 117.53
52 2109.17 NaN 120.7601
53 2022.837 NaN 115.8172
54 1891.06 NaN 108.2723
OR+CA
1 24.92322 NaN 0.8085096
2 55.85386 NaN 1.8119
3 79.04909 NaN 2.564354
4 99.05442 NaN 3.213327
5 115.8702 NaN 3.75883
6 130.3566 NaN 4.22877
7 142.7912 NaN 4.632149
8 153.4324 NaN 4.977351
9 162.3528 NaN 5.266727
10 169.7845 NaN 5.507813
11 175.6632 NaN 5.698518
12 203.5527 NaN 6.603253
13 246.2668 NaN 7.988901
14 298.695 NaN 9.689672
15 356.8524 NaN 11.5763
16 416.7078 NaN 13.51801
17 475.8982 NaN 15.43815
18 532.7806 NaN 17.28341
19 586.2047 NaN 19.01649
20 636.3216 NaN 20.64229
21 682.9551 NaN 22.15508
22 734.8657 NaN 23.83906
23 799.0183 NaN 25.92017
24 877.0202 NaN 28.45055
25 966.9864 NaN 31.36906
26 1064.224 NaN 34.52345
27 1164.792 NaN 37.78589
28 1263.978 NaN 41.00347
29 1358.234 NaN 44.06112
30 1445.061 NaN 46.87781
31 1526.523 NaN 49.52045
32 1430.533 NaN 46.40653
33 1656.863 NaN 53.74866
34 1747.997 NaN 56.70507
35 1999.559 NaN 64.86573
36 2213.366 NaN 71.80165
37 2156.52 NaN 69.95756
38 2284.611 NaN 74.11284
39 2474.536 NaN 80.27399
40 2508.973 NaN 81.39115
41 2773.725 NaN 89.97971
42 2680.401 NaN 86.95225
43 2651.08 NaN 86.0011
44 2653.053 NaN 86.0651
45 3356.245 NaN 108.8767
46 4486.971 NaN 145.5574
47 5114.98 NaN 165.9301
48 5689.82 NaN 184.5779
49 5808.297 NaN 188.4213
50 5639.154 NaN 182.9343
51 6388.491 NaN 207.2428
52 6318.418 NaN 204.9696
53 6134.642 NaN 199.0079
54 6187.525 NaN 200.7234

Parameters: Estimate  Std. Error      z value    Pr(>|z^2|)
rval 0.19421431 NaN NaN NaN
logK 6.22012928 NaN NaN NaN
logK 9.59504264 NaN NaN NaN
logK 4.5949997 NaN NaN NaN
logK 8.92463636 NaN NaN NaN
logK 3.9164125 NaN NaN NaN
logBK 2.51646022 NaN NaN NaN
logBK 4.53369398 NaN NaN NaN
logBK 0.57174463 NaN NaN NaN
logBK 5.02233573 NaN NaN NaN
logBK 1.36286551 NaN NaN NaN
MixPars -2.88885749 NaN NaN NaN
MixPars -2.38661445 NaN NaN NaN
MixPars -1.20245217 NaN NaN NaN
MixPars -1.41474037 NaN NaN NaN
MixPars -2.73476321 NaN NaN NaN
MixPars -1.03991015 NaN NaN NaN
MixPars -0.57764119 NaN NaN NaN
MixPars -1.88949776 NaN NaN NaN
MixPars -2.43424602 NaN NaN NaN
MixPars -2.03880612 NaN NaN NaN
MixPars -1.69168359 NaN NaN NaN
MixPars -1.19580601 NaN NaN NaN
MixPars -1.73344802 NaN NaN NaN
MixPars -0.5266662 NaN NaN NaN
MixPars 0.42318042 NaN NaN NaN
MixPars -1.65567938 NaN NaN NaN
AddV 0.47053146 NaN NaN NaN
AddV 0.00288922 NaN NaN NaN
AddV 0.06740361 NaN NaN NaN
log_Ksigma 0.1930511 NaN NaN NaN
log_alphaK -2.50518714 NaN NaN NaN
log_betaK 1.65290994 NaN NaN NaN
envParams 0.38204089 NaN NaN NaN
envParams -0.2645038 NaN NaN NaN
envParams -0.29597168 NaN NaN NaN
envParams 0.21440079 NaN NaN NaN
envParams 0.03032484 NaN NaN NaN
envParams 0.27402819 NaN NaN NaN
envParams 0.52127545 NaN NaN NaN
envParams -0.33138174 NaN NaN NaN
envParams 1.01091289 NaN NaN NaN
envParams 0.12836206 NaN NaN NaN
envParams -0.13266612 NaN NaN NaN
envParams -0.07374765 NaN NaN NaN

Mixing matrix
0.94729287 0.05270713 0 0 0 0 ,# Asia
0.05407322 0.17670847 0.14290972 0.58813322 0.03817536 0 ,# Hawaii
0.15478655 0.43788538 0.24575031 0.06618537 0.03838671 0.05700569 ,# MX_AR
0.04872325 0.26449963 0.08000058 0.04673026 0.15620569 0.40384061 ,# MX_ML
0 0 0 0 0.16034284 0.83965716 ,# Central_Am

Split of breeding stock to feeding grounds over time
Split for: Asia
Year RUS+WAL EAL+BER GOA SEA+NBC SBC+WA OR+CA
1970 0.94952 0.05048 0 0 0 0
1971 0.94764 0.05236 0 0 0 0
1972 0.94591 0.05409 0 0 0 0
1973 0.94475 0.05525 0 0 0 0
1974 0.94349 0.05651 0 0 0 0
1975 0.9423 0.0577 0 0 0 0
1976 0.94121 0.05879 0 0 0 0
1977 0.9402 0.0598 0 0 0 0
1978 0.93926 0.06074 0 0 0 0
1979 0.93841 0.06159 0 0 0 0
1980 0.93762 0.06238 0 0 0 0
1981 0.93589 0.06411 0 0 0 0
1982 0.93399 0.06601 0 0 0 0
1983 0.93193 0.06807 0 0 0 0
1984 0.92979 0.07021 0 0 0 0
1985 0.92769 0.07231 0 0 0 0
1986 0.92569 0.07431 0 0 0 0
1987 0.92383 0.07617 0 0 0 0
1988 0.92211 0.07789 0 0 0 0
1989 0.92051 0.07949 0 0 0 0
1990 0.91905 0.08095 0 0 0 0
1991 0.91751 0.08249 0 0 0 0
1992 0.91586 0.08414 0 0 0 0
1993 0.91412 0.08588 0 0 0 0
1994 0.91233 0.08767 0 0 0 0
1995 0.91055 0.08945 0 0 0 0
1996 0.90886 0.09114 0 0 0 0
1997 0.90729 0.09271 0 0 0 0
1998 0.90593 0.09407 0 0 0 0
1999 0.90471 0.09529 0 0 0 0
2000 0.90361 0.09639 0 0 0 0
2001 0.89551 0.10449 0 0 0 0
2002 0.88083 0.11917 0 0 0 0
2003 0.8564 0.1436 0 0 0 0
2004 0.8448 0.1552 0 0 0 0
2005 0.84142 0.15858 0 0 0 0
2006 0.83091 0.16909 0 0 0 0
2007 0.82794 0.17206 0 0 0 0
2008 0.81549 0.18451 0 0 0 0
2009 0.81179 0.18821 0 0 0 0
2010 0.81886 0.18114 0 0 0 0
2011 0.81534 0.18466 0 0 0 0
2012 0.79691 0.20309 0 0 0 0
2013 0.78403 0.21597 0 0 0 0
2014 0.77858 0.22142 0 0 0 0
2015 0.78941 0.21059 0 0 0 0
2016 0.82247 0.17753 0 0 0 0
2017 0.84925 0.15075 0 0 0 0
2018 0.86728 0.13272 0 0 0 0
2019 0.86359 0.13641 0 0 0 0
2020 0.86408 0.13592 0 0 0 0
2021 0.87772 0.12228 0 0 0 0
2022 0.92936 0.07064 0 0 0 0
2023 0.94402 0.05598 0 0 0 0
2024 0.95684 0.04316 0 0 0 0
Split for: Hawaii
Year RUS+WAL EAL+BER GOA SEA+NBC SBC+WA OR+CA
1970 0.0575 0.17957 0.13913 0.58343 0.04036 0
1971 0.05529 0.17943 0.14081 0.58338 0.04108 0
1972 0.05373 0.18046 0.14205 0.58226 0.04149 0
1973 0.05269 0.18099 0.14281 0.58163 0.04188 0
1974 0.05157 0.18142 0.14342 0.58134 0.04225 0
1975 0.05055 0.18181 0.14387 0.58117 0.04259 0
1976 0.04965 0.18217 0.14428 0.58102 0.04288 0
1977 0.04886 0.18253 0.14466 0.58079 0.04316 0
1978 0.04815 0.18287 0.14502 0.58053 0.04343 0
1979 0.04751 0.18314 0.14538 0.58027 0.04369 0
1980 0.04694 0.18343 0.14574 0.57993 0.04395 0
1981 0.0456 0.18345 0.14576 0.58093 0.04426 0
1982 0.04418 0.18338 0.14562 0.58225 0.04457 0
1983 0.0427 0.18317 0.14535 0.58391 0.04488 0
1984 0.04123 0.18286 0.14496 0.58577 0.04518 0
1985 0.03985 0.18244 0.14448 0.58777 0.04546 0
1986 0.03861 0.18206 0.14399 0.5896 0.04574 0
1987 0.03753 0.18177 0.14358 0.59112 0.04601 0
1988 0.03656 0.18138 0.1431 0.59272 0.04624 0
1989 0.03567 0.18092 0.14256 0.59442 0.04641 0
1990 0.0349 0.18054 0.1421 0.59588 0.04659 0
1991 0.03411 0.18013 0.1416 0.59738 0.04677 0
1992 0.03331 0.1797 0.14109 0.59893 0.04697 0
1993 0.03246 0.17912 0.14045 0.60081 0.04715 0
1994 0.03164 0.17857 0.13983 0.60262 0.04734 0
1995 0.03085 0.17799 0.1392 0.60444 0.04753 0
1996 0.03013 0.17749 0.13863 0.60602 0.04772 0
1997 0.02949 0.177 0.13805 0.60753 0.04792 0
1998 0.02894 0.17648 0.13755 0.60892 0.04811 0
1999 0.02846 0.17607 0.13712 0.61008 0.04827 0
2000 0.02804 0.17569 0.13664 0.61122 0.04841 0
2001 0.02668 0.18281 0.13127 0.62238 0.03686 0
2002 0.02542 0.202 0.12619 0.61244 0.03395 0
2003 0.02395 0.23587 0.11985 0.5893 0.03103 0
2004 0.02154 0.23243 0.10858 0.61909 0.01837 0
2005 0.02083 0.23062 0.10572 0.6235 0.01934 0
2006 0.02028 0.24235 0.1035 0.61088 0.023 0
2007 0.019 0.23192 0.09728 0.62547 0.02633 0
2008 0.01923 0.25556 0.09881 0.59762 0.02877 0
2009 0.01754 0.23879 0.09035 0.62245 0.03088 0
2010 0.01769 0.22983 0.09142 0.62777 0.03328 0
2011 0.01581 0.21032 0.08175 0.65871 0.03341 0
2012 0.01631 0.24409 0.08412 0.62021 0.03527 0
2013 0.01478 0.2392 0.0762 0.63709 0.03272 0
2014 0.0172 0.28728 0.08814 0.56985 0.0375 3e-05
2015 0.01925 0.30163 0.09824 0.54035 0.04053 0
2016 0.02079 0.26355 0.10541 0.56826 0.04198 0
2017 0.02472 0.25767 0.12474 0.54426 0.04861 0
2018 0.02546 0.22884 0.12785 0.56829 0.04956 0
2019 0.02451 0.22737 0.12233 0.56966 0.05614 0
2020 0.02441 0.22557 0.12152 0.57138 0.05712 0
2021 0.02569 0.21019 0.12695 0.57611 0.06106 0
2022 0.02925 0.13059 0.14372 0.63055 0.06589 0
2023 0.03136 0.10923 0.15242 0.64176 0.06523 0
2024 0.03245 0.08596 0.15637 0.66235 0.06287 0
Split for: MX_AR
Year RUS+WAL EAL+BER GOA SEA+NBC SBC+WA OR+CA
1970 0.16406 0.44351 0.23847 0.06544 0.04045 0.04808
1971 0.15823 0.44456 0.2421 0.06564 0.0413 0.04817
1972 0.15376 0.44701 0.24419 0.0655 0.04171 0.04783
1973 0.15079 0.4484 0.24553 0.06544 0.0421 0.04774
1974 0.14774 0.44995 0.24683 0.06548 0.04252 0.04748
1975 0.145 0.45142 0.24789 0.06553 0.04291 0.04725
1976 0.14256 0.45276 0.24884 0.06558 0.04325 0.04701
1977 0.14038 0.454 0.24969 0.0656 0.04356 0.04676
1978 0.13842 0.45514 0.25048 0.06562 0.04386 0.04649
1979 0.13668 0.4561 0.25125 0.06563 0.04415 0.04619
1980 0.13511 0.45703 0.25199 0.06562 0.04443 0.04582
1981 0.13169 0.45861 0.25287 0.06595 0.0449 0.04598
1982 0.12808 0.46023 0.25362 0.06636 0.04539 0.04632
1983 0.12434 0.46176 0.25428 0.06685 0.04591 0.04686
1984 0.12064 0.46315 0.25478 0.06738 0.04644 0.04762
1985 0.11716 0.46433 0.25517 0.06793 0.04695 0.04845
1986 0.11402 0.46538 0.25541 0.06844 0.04744 0.0493
1987 0.11122 0.46629 0.2556 0.06886 0.04789 0.05014
1988 0.10874 0.46702 0.2557 0.06931 0.04831 0.05093
1989 0.10651 0.46762 0.2557 0.06977 0.04868 0.05172
1990 0.10453 0.4681 0.25568 0.07016 0.04901 0.05252
1991 0.10251 0.4686 0.25564 0.07058 0.04937 0.0533
1992 0.10042 0.46906 0.25557 0.071 0.04975 0.0542
1993 0.09827 0.46943 0.25543 0.07151 0.05014 0.05523
1994 0.09613 0.46972 0.25525 0.07199 0.05053 0.05638
1995 0.09408 0.46992 0.25504 0.07247 0.05092 0.05757
1996 0.09219 0.47007 0.25478 0.07289 0.05129 0.05879
1997 0.09049 0.47013 0.25447 0.07328 0.05165 0.05997
1998 0.08902 0.47001 0.25422 0.07365 0.05199 0.0611
1999 0.08775 0.46993 0.25397 0.07395 0.05228 0.06212
2000 0.08663 0.46986 0.25359 0.07423 0.05253 0.06316
2001 0.08361 0.49602 0.24717 0.07669 0.04059 0.05593
2002 0.0767 0.52764 0.22875 0.07265 0.03599 0.05827
2003 0.06784 0.57838 0.20394 0.06562 0.03088 0.05334
2004 0.06378 0.5957 0.19311 0.07206 0.0191 0.05626
2005 0.06215 0.59551 0.18944 0.07312 0.02026 0.05952
2006 0.05913 0.61183 0.18132 0.07004 0.02356 0.05412
2007 0.05756 0.60815 0.17702 0.07448 0.02802 0.05477
2008 0.05449 0.6269 0.16821 0.06658 0.02864 0.05518
2009 0.05289 0.62345 0.1637 0.07381 0.03271 0.05344
2010 0.05403 0.60767 0.16774 0.07538 0.03571 0.05948
2011 0.05249 0.60441 0.16304 0.08597 0.03896 0.05513
2012 0.04917 0.6371 0.15237 0.07352 0.03735 0.05049
2013 0.04632 0.64871 0.14341 0.07846 0.03601 0.04709
2014 0.04571 0.66091 0.14072 0.05953 0.03501 0.05812
2015 0.04727 0.64112 0.1449 0.05216 0.03495 0.07961
2016 0.05348 0.58696 0.16292 0.05747 0.03794 0.10123
2017 0.05991 0.54068 0.18164 0.05186 0.04139 0.12451
2018 0.06471 0.50345 0.19518 0.05678 0.04424 0.13565
2019 0.06345 0.5096 0.19026 0.05798 0.05105 0.12765
2020 0.06254 0.50021 0.187 0.05754 0.0514 0.1413
2021 0.06675 0.47285 0.19819 0.05886 0.05574 0.14761
2022 0.08638 0.3338 0.25493 0.07319 0.06834 0.18336
2023 0.09445 0.28478 0.27578 0.07599 0.06901 0.19999
2024 0.10384 0.23815 0.30063 0.08334 0.07068 0.20336
Split for: MX_ML
Year RUS+WAL EAL+BER GOA SEA+NBC SBC+WA OR+CA
1970 0.05444 0.28242 0.08184 0.04871 0.17353 0.35905
1971 0.05228 0.28184 0.08272 0.04864 0.17641 0.35812
1972 0.0508 0.28341 0.08344 0.04854 0.17813 0.35568
1973 0.04976 0.28393 0.08379 0.04843 0.17959 0.35451
1974 0.04874 0.28482 0.08421 0.04845 0.18131 0.35248
1975 0.04781 0.28563 0.08453 0.04847 0.18293 0.35063
1976 0.047 0.28646 0.08485 0.0485 0.18433 0.34886
1977 0.04629 0.28729 0.08515 0.04852 0.1857 0.34705
1978 0.04567 0.28813 0.08546 0.04855 0.18705 0.34514
1979 0.04512 0.28892 0.08578 0.04859 0.18841 0.34317
1980 0.04466 0.28988 0.08614 0.04865 0.18985 0.34082
1981 0.04337 0.28983 0.08613 0.04872 0.19115 0.3408
1982 0.04197 0.28939 0.08595 0.04878 0.19229 0.34163
1983 0.04048 0.28849 0.08562 0.04882 0.19325 0.34335
1984 0.03897 0.28706 0.08511 0.04881 0.19389 0.34616
1985 0.03753 0.28543 0.08453 0.04881 0.19442 0.34928
1986 0.03622 0.28372 0.08392 0.04877 0.19484 0.35251
1987 0.03506 0.28206 0.08333 0.04869 0.19516 0.3557
1988 0.03403 0.28045 0.08275 0.04865 0.19543 0.3587
1989 0.0331 0.27884 0.08217 0.04863 0.19555 0.36171
1990 0.03226 0.27723 0.08161 0.04857 0.19555 0.36478
1991 0.03142 0.27564 0.08104 0.04853 0.19565 0.36771
1992 0.03055 0.27384 0.08041 0.04845 0.19567 0.37108
1993 0.02965 0.27176 0.07969 0.04839 0.19554 0.37497
1994 0.02874 0.26947 0.07892 0.04827 0.19529 0.37931
1995 0.02787 0.26711 0.07813 0.04815 0.19497 0.38377
1996 0.02706 0.26474 0.07733 0.04798 0.19459 0.38831
1997 0.02632 0.26244 0.07655 0.04782 0.19424 0.39263
1998 0.02568 0.2602 0.07585 0.04766 0.19391 0.39669
1999 0.02513 0.25824 0.07521 0.0475 0.19354 0.40038
2000 0.02463 0.25632 0.07456 0.04733 0.19305 0.40412
2001 0.02575 0.2932 0.07874 0.05299 0.16161 0.38771
2002 0.02349 0.31008 0.07245 0.0499 0.14247 0.40161
2003 0.02164 0.35399 0.06727 0.04695 0.12732 0.38284
2004 0.0207 0.37099 0.06482 0.05245 0.08013 0.41091
2005 0.01963 0.36091 0.06188 0.0518 0.08272 0.42307
2006 0.01907 0.37869 0.06048 0.05067 0.09825 0.39283
2007 0.01816 0.3682 0.05776 0.05271 0.11427 0.38891
2008 0.01707 0.37676 0.05448 0.04677 0.11596 0.38896
2009 0.01648 0.37274 0.05275 0.05158 0.13176 0.3747
2010 0.01607 0.34675 0.05158 0.05028 0.13727 0.39805
2011 0.01582 0.34954 0.05082 0.05811 0.1518 0.37391
2012 0.0153 0.38045 0.04904 0.05132 0.15027 0.35362
2013 0.01475 0.39636 0.04722 0.05604 0.1482 0.33743
2014 0.01363 0.37817 0.04339 0.03982 0.13496 0.39003
2015 0.01248 0.32481 0.03956 0.03089 0.1193 0.47297
2016 0.0126 0.26528 0.03968 0.03036 0.11552 0.53655
2017 0.01264 0.21895 0.03964 0.02455 0.11292 0.59129
2018 0.01298 0.19382 0.0405 0.02555 0.11474 0.61242
2019 0.01295 0.19953 0.04015 0.02654 0.13467 0.58616
2020 0.01205 0.18498 0.03727 0.02487 0.12806 0.61277
2021 0.01247 0.16949 0.03829 0.02466 0.1346 0.62049
2022 0.01401 0.1039 0.04277 0.02663 0.14332 0.66937
2023 0.01455 0.08421 0.04395 0.02626 0.13748 0.69354
2024 0.01586 0.06978 0.04748 0.02854 0.13953 0.69881
Split for: Central_Am
Year RUS+WAL EAL+BER GOA SEA+NBC SBC+WA OR+CA
1970 0 0 0 0 0.19264 0.80736
1971 0 0 0 0 0.19562 0.80438
1972 0 0 0 0 0.19824 0.80176
1973 0 0 0 0 0.20006 0.79994
1974 0 0 0 0 0.20252 0.79748
1975 0 0 0 0 0.20481 0.79519
1976 0 0 0 0 0.20689 0.79311
1977 0 0 0 0 0.20897 0.79103
1978 0 0 0 0 0.21108 0.78892
1979 0 0 0 0 0.21325 0.78675
1980 0 0 0 0 0.21569 0.78431
1981 0 0 0 0 0.21686 0.78314
1982 0 0 0 0 0.21745 0.78255
1983 0 0 0 0 0.21745 0.78255
1984 0 0 0 0 0.21663 0.78337
1985 0 0 0 0 0.21556 0.78444
1986 0 0 0 0 0.21438 0.78562
1987 0 0 0 0 0.21314 0.78686
1988 0 0 0 0 0.21197 0.78803
1989 0 0 0 0 0.21067 0.78933
1990 0 0 0 0 0.20928 0.79072
1991 0 0 0 0 0.20804 0.79196
1992 0 0 0 0 0.20655 0.79345
1993 0 0 0 0 0.20474 0.79526
1994 0 0 0 0 0.20266 0.79734
1995 0 0 0 0 0.20053 0.79947
1996 0 0 0 0 0.19833 0.80167
1997 0 0 0 0 0.1963 0.8037
1998 0 0 0 0 0.19441 0.80559
1999 0 0 0 0 0.19267 0.80733
2000 0 0 0 0 0.19083 0.80917
2001 0 0 0 0 0.17067 0.82933
2002 0 0 0 0 0.14904 0.85096
2003 0 0 0 0 0.14103 0.85897
2004 0 0 0 0 0.08782 0.91218
2005 0 0 0 0 0.08804 0.91196
2006 0 0 0 0 0.10991 0.89009
2007 0 0 0 0 0.12668 0.87332
2008 0 0 0 0 0.1283 0.8717
2009 0 0 0 0 0.14793 0.85207
2010 0 0 0 0 0.14549 0.85451
2011 0 0 0 0 0.16697 0.83303
2012 0 0 0 0 0.17342 0.82658
2013 0 0 0 0 0.17819 0.82181
2014 0 0 0 0 0.14591 0.85409
2015 0 0 0 0 0.11074 0.88926
2016 0 0 0 0 0.09608 0.90392
2017 0 0 0 0 0.08616 0.91384
2018 0 0 0 0 0.08467 0.91533
2019 0 0 0 0 0.10187 0.89813
2020 0 0 0 0 0.09353 0.90647
2021 0 0 0 0 0.09673 0.90327
2022 0 0 0 0 0.0956 0.9044
2023 0 0 0 0 0.08914 0.91086
2024 0 0 0 0 0.08973 0.91027

Difference in mortality over time
Difference for: Asia
Year RUS+WAL EAL+BER GOA SEA+NBC SBC+WA OR+CA
1970 0 0 0 0 0 0
1971 0 0 0 0 0 0
1972 -1 0 0 0 0 0
1973 -1 0 0 0 0 0
1974 -1 0 0 0 0 0
1975 -2 0 0 0 0 0
1976 -2 0 0 0 0 0
1977 -2 0 0 0 0 0
1978 -3 0 0 0 0 0
1979 -3 0 0 0 0 0
1980 -3 0 0 0 0 0
1981 -4 0 0 0 0 0
1982 -5 0 0 0 0 0
1983 -6 0 0 0 0 0
1984 -8 0 0 0 0 0
1985 -10 0 0 0 0 0
1986 -13 -1 0 0 0 0
1987 -15 -1 0 0 0 0
1988 -17 -1 0 0 0 0
1989 -18 -1 0 0 0 0
1990 -20 -1 0 0 0 0
1991 -21 -1 0 0 0 0
1992 -23 -1 0 0 0 0
1993 -25 -2 0 0 0 0
1994 -27 -2 0 0 0 0
1995 -30 -2 0 0 0 0
1996 -33 -3 0 0 0 0
1997 -36 -3 0 0 0 0
1998 -39 -3 0 0 0 0
1999 -41 -4 0 0 0 0
2000 -43 -2 0 0 0 0
2001 -44 -2 0 0 0 0
2002 -46 -1 0 0 0 0
2003 -47 -2 0 0 0 0
2004 -48 -5 0 0 0 0
2005 -50 -3 0 0 0 0
2006 -51 -6 0 0 0 0
2007 -52 -4 0 0 0 0
2008 -53 -6 0 0 0 0
2009 -54 -12 0 0 0 0
2010 -55 -8 0 0 0 0
2011 -56 -4 0 0 0 0
2012 -56 -7 0 0 0 0
2013 -56 -10 0 0 0 0
2014 -57 -21 0 0 0 0
2015 -53 -41 0 0 0 0
2016 -54 -32 0 0 0 0
2017 -54 -23 0 0 0 0
2018 -54 -8 0 0 0 0
2019 -56 -9 0 0 0 0
2020 -55 -17 0 0 0 0
2021 -54 -52 0 0 0 0
2022 -52 -14 0 0 0 0
2023 -51 -12 0 0 0 0
Difference for: Hawaii
Year RUS+WAL EAL+BER GOA SEA+NBC SBC+WA OR+CA
1970 0 0 0 0 0 0
1971 0 0 0 0 0 0
1972 0 0 0 0 0 0
1973 0 0 0 -1 0 0
1974 0 0 0 -1 0 0
1975 0 -1 -1 -2 0 0
1976 -1 -1 -1 -2 0 0
1977 -1 -1 -1 -3 0 0
1978 -1 -1 -1 -3 0 0
1979 -1 -1 -1 -4 0 0
1980 -1 -2 -1 -4 0 0
1981 -1 -2 -2 -5 0 0
1982 -1 -3 -2 -7 -1 0
1983 -2 -4 -3 -10 -1 0
1984 -2 -5 -4 -15 -1 0
1985 -3 -7 -6 -20 -2 0
1986 -3 -10 -8 -27 -2 0
1987 -4 -12 -10 -34 -3 0
1988 -5 -15 -12 -41 -3 0
1989 -5 -17 -14 -48 -4 0
1990 -5 -19 -15 -55 -4 0
1991 -6 -22 -17 -63 -5 0
1992 -6 -25 -20 -72 -6 0
1993 -7 -28 -23 -84 -7 0
1994 -8 -33 -26 -100 -8 0
1995 -9 -38 -30 -117 -9 0
1996 -10 -44 -35 -137 -11 0
1997 -10 -50 -40 -158 -12 0
1998 -11 -57 -45 -179 -14 0
1999 -12 -62 -49 -200 -16 0
2000 -13 -40 -53 -151 -68 0
2001 -13 -26 -57 -205 -24 0
2002 -14 -14 -61 -243 -23 0
2003 -14 -39 -64 -101 -101 0
2004 -15 -82 -68 -228 -9 0
2005 -15 -63 -72 -339 -4 0
2006 -16 -105 -76 -209 -4 0
2007 -16 -69 -79 -601 -9 0
2008 -17 -118 -83 -178 -6 0
2009 -17 -231 -86 -436 -12 0
2010 -18 -152 -90 -161 -8 0
2011 -18 -85 -93 -979 -18 0
2012 -19 -136 -95 -243 -21 0
2013 -19 -210 -97 -2544 -27 0
2014 -19 -419 -99 -1531 -36 0
2015 -19 -861 -100 -634 -41 0
2016 -20 -697 -102 -1564 -41 0
2017 -20 -497 -104 -447 -36 0
2018 -20 -182 -106 -390 -15 0
2019 -21 -208 -107 -478 -34 0
2020 -21 -386 -109 -679 -42 0
2021 -21 -1204 -110 -649 -66 0
2022 -21 -344 -112 -693 -73 0
2023 -22 -292 -112 -506 -69 0
Difference for: MX_AR
Year RUS+WAL EAL+BER GOA SEA+NBC SBC+WA OR+CA
1970 0 0 0 0 0 0
1971 0 0 0 0 0 0
1972 0 0 0 0 0 0
1973 0 0 0 0 0 0
1974 0 0 0 0 0 0
1975 0 0 0 0 0 0
1976 0 0 0 0 0 0
1977 0 -1 0 0 0 0
1978 0 -1 0 0 0 0
1979 0 -1 0 0 0 0
1980 -1 -1 -1 0 0 0
1981 -1 -1 -1 0 0 0
1982 -1 -2 -1 0 0 0
1983 -1 -2 -1 0 0 0
1984 -1 -3 -2 0 0 0
1985 -2 -4 -2 -1 0 0
1986 -2 -6 -3 -1 0 0
1987 -3 -7 -4 -1 -1 0
1988 -3 -8 -5 -1 -1 -1
1989 -3 -10 -5 -1 -1 -1
1990 -4 -11 -6 -1 -1 -1
1991 -4 -12 -7 -2 -1 -1
1992 -4 -14 -8 -2 -1 -1
1993 -5 -16 -9 -2 -2 -1
1994 -5 -19 -10 -3 -2 -1
1995 -6 -22 -12 -3 -2 -2
1996 -6 -25 -14 -4 -2 -2
1997 -7 -29 -16 -4 -3 -3
1998 -7 -32 -18 -5 -3 -3
1999 -8 -35 -19 -5 -4 -3
2000 -8 -23 -21 -4 -16 -8
2001 -9 -15 -23 -5 -5 -2
2002 -9 -8 -24 -6 -5 -4
2003 -9 -22 -25 -3 -23 -2
2004 -10 -47 -27 -6 -2 -3
2005 -10 -36 -28 -9 -1 -9
2006 -10 -59 -30 -5 -1 -6
2007 -11 -39 -31 -15 -2 -5
2008 -11 -67 -33 -5 -1 -9
2009 -11 -131 -34 -11 -3 -5
2010 -12 -86 -35 -4 -2 -13
2011 -12 -48 -36 -25 -4 -13
2012 -12 -77 -37 -6 -5 -12
2013 -12 -119 -38 -66 -6 -3
2014 -13 -238 -39 -39 -8 -1
2015 -13 -489 -39 -16 -9 -3
2016 -13 -396 -40 -40 -9 -5
2017 -13 -282 -41 -12 -8 -13
2018 -13 -103 -42 -10 -3 -23
2019 -14 -118 -42 -12 -8 -7
2020 -14 -219 -43 -18 -10 -20
2021 -14 -684 -43 -17 -15 -26
2022 -14 -195 -44 -18 -17 -19
2023 -14 -166 -44 -13 -16 -40
Difference for: MX_ML
Year RUS+WAL EAL+BER GOA SEA+NBC SBC+WA OR+CA
1970 0 0 0 0 0 0
1971 0 0 0 0 0 0
1972 0 0 0 0 0 0
1973 0 0 0 0 0 0
1974 0 0 0 0 0 0
1975 0 0 0 0 0 0
1976 0 0 0 0 0 0
1977 0 0 0 0 0 0
1978 0 -1 0 0 0 0
1979 0 -1 0 0 0 0
1980 0 -1 0 0 0 0
1981 0 -1 0 0 0 -1
1982 0 -1 0 0 -1 -1
1983 0 -2 0 0 -1 -1
1984 -1 -2 -1 0 -1 -2
1985 -1 -3 -1 0 -2 -2
1986 -1 -4 -1 -1 -2 -3
1987 -1 -5 -2 -1 -3 -4
1988 -1 -6 -2 -1 -4 -5
1989 -1 -7 -2 -1 -4 -6
1990 -1 -8 -2 -1 -5 -6
1991 -1 -9 -3 -1 -6 -7
1992 -2 -10 -3 -2 -6 -9
1993 -2 -12 -3 -2 -8 -10
1994 -2 -14 -4 -2 -9 -13
1995 -2 -16 -5 -3 -10 -15
1996 -2 -18 -5 -3 -12 -18
1997 -3 -21 -6 -3 -14 -21
1998 -3 -23 -7 -4 -16 -25
1999 -3 -26 -8 -4 -18 -28
2000 -3 -16 -8 -3 -76 -71
2001 -3 -11 -9 -4 -27 -17
2002 -3 -5 -9 -5 -25 -32
2003 -3 -16 -10 -2 -112 -21
2004 -4 -33 -10 -5 -10 -27
2005 -4 -25 -11 -7 -5 -76
2006 -4 -42 -11 -4 -5 -49
2007 -4 -28 -12 -13 -10 -44
2008 -4 -47 -12 -4 -7 -73
2009 -4 -92 -13 -9 -13 -42
2010 -4 -61 -13 -3 -9 -106
2011 -4 -34 -14 -21 -20 -104
2012 -4 -54 -14 -5 -23 -99
2013 -5 -83 -14 -54 -29 -21
2014 -5 -166 -15 -32 -39 -8
2015 -5 -340 -15 -13 -44 -26
2016 -5 -275 -15 -33 -44 -44
2017 -5 -196 -15 -9 -39 -102
2018 -5 -72 -16 -8 -16 -184
2019 -5 -82 -16 -10 -37 -59
2020 -5 -151 -16 -14 -45 -162
2021 -5 -469 -16 -13 -70 -210
2022 -5 -134 -16 -14 -78 -155
2023 -5 -113 -16 -10 -74 -320
Difference for: Central_Am
Year RUS+WAL EAL+BER GOA SEA+NBC SBC+WA OR+CA
1970 0 0 0 0 0 0
1971 0 0 0 0 0 0
1972 0 0 0 0 0 0
1973 0 0 0 0 0 0
1974 0 0 0 0 0 0
1975 0 0 0 0 0 0
1976 0 0 0 0 0 0
1977 0 0 0 0 0 0
1978 0 0 0 0 0 0
1979 0 0 0 0 0 0
1980 0 0 0 0 0 0
1981 0 0 0 0 0 0
1982 0 0 0 0 0 0
1983 0 0 0 0 0 0
1984 0 0 0 0 0 -1
1985 0 0 0 0 0 -1
1986 0 0 0 0 0 -1
1987 0 0 0 0 -1 -2
1988 0 0 0 0 -1 -2
1989 0 0 0 0 -1 -2
1990 0 0 0 0 -1 -3
1991 0 0 0 0 -1 -3
1992 0 0 0 0 -1 -4
1993 0 0 0 0 -2 -4
1994 0 0 0 0 -2 -5
1995 0 0 0 0 -2 -6
1996 0 0 0 0 -2 -7
1997 0 0 0 0 -3 -9
1998 0 0 0 0 -3 -10
1999 0 0 0 0 -4 -12
2000 0 0 0 0 -15 -29
2001 0 0 0 0 -5 -7
2002 0 0 0 0 -5 -13
2003 0 0 0 0 -23 -8
2004 0 0 0 0 -2 -11
2005 0 0 0 0 -1 -31
2006 0 0 0 0 -1 -20
2007 0 0 0 0 -2 -18
2008 0 0 0 0 -1 -30
2009 0 0 0 0 -3 -17
2010 0 0 0 0 -2 -43
2011 0 0 0 0 -4 -42
2012 0 0 0 0 -5 -40
2013 0 0 0 0 -6 -9
2014 0 0 0 0 -8 -3
2015 0 0 0 0 -9 -10
2016 0 0 0 0 -9 -18
2017 0 0 0 0 -8 -41
2018 0 0 0 0 -3 -75
2019 0 0 0 0 -7 -24
2020 0 0 0 0 -9 -66
2021 0 0 0 0 -14 -85
2022 0 0 0 0 -16 -63
2023 0 0 0 0 -15 -130

Total survival over time
Values for breeding stock: Asia
Year RUS+WAL EAL+BER GOA SEA+NBC SBC+WA OR+CA
1970 0.983 0.94 0 0 0 0
1971 2.177 2.262 0 0 0 0
1972 1.526 1.587 0 0 0 0
1973 1.315 1.349 0 0 0 0
1974 1.206 1.24 0 0 0 0
1975 1.149 1.18 0 0 0 0
1976 1.114 1.14 0 0 0 0
1977 1.089 1.113 0 0 0 0
1978 1.072 1.093 0 0 0 0
1979 1.059 1.077 0 0 0 0
1980 1.048 1.065 0 0 0 0
1981 1.143 1.178 0 0 0 0
1982 1.2 1.243 0 0 0 0
1983 1.202 1.249 0 0 0 0
1984 1.178 1.224 0 0 0 0
1985 1.149 1.192 0 0 0 0
1986 1.122 1.161 0 0 0 0
1987 1.1 1.134 0 0 0 0
1988 1.083 1.112 0 0 0 0
1989 1.068 1.095 0 0 0 0
1990 1.057 1.08 0 0 0 0
1991 1.058 1.081 0 0 0 0
1992 1.066 1.091 0 0 0 0
1993 1.074 1.1 0 0 0 0
1994 1.077 1.103 0 0 0 0
1995 1.076 1.101 0 0 0 0
1996 1.071 1.095 0 0 0 0
1997 1.064 1.086 0 0 0 0
1998 1.057 1.075 0 0 0 0
1999 1.05 1.066 0 0 0 0
2000 1.043 1.078 0 0 0 0
2001 1.038 1.151 0 0 0 0
2002 1.036 1.224 0 0 0 0
2003 1.035 1.294 0 0 0 0
2004 1.035 1.147 0 0 0 0
2005 1.035 1.083 0 0 0 0
2006 1.034 1.107 0 0 0 0
2007 1.033 1.075 0 0 0 0
2008 1.032 1.111 0 0 0 0
2009 1.029 1.033 0 0 0 0
2010 1.027 1 0 0 0 0
2011 1.025 1.062 0 0 0 0
2012 1.023 1.14 0 0 0 0
2013 1.012 1.092 0 0 0 0
2014 1.035 1.035 0 0 0 0
2015 0.974 0.821 0 0 0 0
2016 1.027 0.829 0 0 0 0
2017 1.026 0.858 0 0 0 0
2018 1.021 0.957 0 0 0 0
2019 1.032 1.048 0 0 0 0
2020 1.009 0.946 0 0 0 0
2021 1.007 0.577 0 0 0 0
2022 1.003 0.744 0 0 0 0
2023 1.001 0.751 0 0 0 0
Values for breeding stock: Hawaii
Year RUS+WAL EAL+BER GOA SEA+NBC SBC+WA OR+CA
1970 1.005 0.962 0.922 0.94 1.001 0
1971 2.2 2.287 2.316 2.288 2.33 0
1972 1.539 1.6 1.605 1.589 1.608 0
1973 1.325 1.36 1.363 1.355 1.369 0
1974 1.215 1.249 1.252 1.246 1.258 0
1975 1.157 1.187 1.188 1.185 1.195 0
1976 1.121 1.148 1.149 1.146 1.154 0
1977 1.097 1.12 1.121 1.118 1.126 0
1978 1.079 1.1 1.101 1.098 1.106 0
1979 1.066 1.085 1.086 1.083 1.09 0
1980 1.056 1.073 1.074 1.071 1.078 0
1981 1.151 1.187 1.187 1.189 1.196 0
1982 1.207 1.251 1.25 1.255 1.261 0
1983 1.21 1.256 1.255 1.263 1.268 0
1984 1.185 1.231 1.23 1.239 1.243 0
1985 1.155 1.198 1.197 1.206 1.21 0
1986 1.128 1.167 1.165 1.174 1.178 0
1987 1.106 1.14 1.139 1.146 1.15 0
1988 1.088 1.118 1.117 1.125 1.127 0
1989 1.074 1.101 1.099 1.108 1.109 0
1990 1.063 1.086 1.085 1.092 1.093 0
1991 1.064 1.088 1.086 1.094 1.095 0
1992 1.072 1.097 1.096 1.103 1.105 0
1993 1.08 1.106 1.105 1.114 1.115 0
1994 1.083 1.11 1.109 1.118 1.119 0
1995 1.082 1.108 1.107 1.116 1.117 0
1996 1.078 1.102 1.1 1.109 1.11 0
1997 1.071 1.093 1.091 1.099 1.101 0
1998 1.064 1.082 1.081 1.089 1.09 0
1999 1.057 1.073 1.072 1.078 1.08 0
2000 1.051 1.086 1.063 1.084 0.932 0
2001 1.046 1.159 1.057 1.115 0.936 0
2002 1.044 1.234 1.053 1.082 0.999 0
2003 1.043 1.304 1.052 1.097 0.749 0
2004 1.044 1.157 1.051 1.204 0.949 0
2005 1.044 1.092 1.051 1.093 1.146 0
2006 1.044 1.117 1.05 1.076 1.294 0
2007 1.043 1.086 1.046 1.094 1.293 0
2008 1.042 1.123 1.046 1.041 1.166 0
2009 1.041 1.044 1.043 1.155 1.227 0
2010 1.039 1.012 1.042 1.083 1.142 0
2011 1.037 1.075 1.038 1.139 1.157 0
2012 1.036 1.155 1.033 1.022 1.07 0
2013 1.036 1.117 1.034 0.959 1.051 0
2014 1.035 1.034 1.029 0.849 1.006 0
2015 1.036 0.873 1.029 0.942 0.983 0
2016 1.038 0.838 1.032 0.883 0.989 0
2017 1.037 0.868 1.032 0.952 1.012 0
2018 1.036 0.972 1.03 1.048 1.058 0
2019 1.035 1.052 1.029 1.07 1.192 0
2020 1.035 0.971 1.031 1.02 1.066 0
2021 1.035 0.594 1.027 0.995 1.025 0
2022 1.036 0.768 1.029 0.985 0.97 0
2023 1.037 0.778 1.025 1.006 0.952 0
Values for breeding stock: MX_AR
Year RUS+WAL EAL+BER GOA SEA+NBC SBC+WA OR+CA
1970 1.005 0.962 0.922 0.94 1.001 0.802
1971 2.2 2.287 2.316 2.288 2.33 2.286
1972 1.539 1.6 1.605 1.589 1.608 1.583
1973 1.325 1.36 1.363 1.355 1.369 1.354
1974 1.215 1.249 1.252 1.247 1.258 1.24
1975 1.157 1.187 1.189 1.185 1.196 1.18
1976 1.121 1.148 1.149 1.146 1.154 1.141
1977 1.097 1.12 1.121 1.119 1.126 1.113
1978 1.079 1.1 1.101 1.099 1.106 1.093
1979 1.066 1.085 1.086 1.083 1.09 1.077
1980 1.056 1.073 1.074 1.071 1.078 1.064
1981 1.151 1.187 1.187 1.189 1.196 1.189
1982 1.207 1.251 1.25 1.255 1.261 1.259
1983 1.21 1.256 1.255 1.263 1.268 1.271
1984 1.185 1.231 1.23 1.239 1.243 1.252
1985 1.155 1.198 1.197 1.206 1.21 1.221
1986 1.128 1.167 1.165 1.174 1.178 1.189
1987 1.106 1.14 1.139 1.146 1.15 1.162
1988 1.088 1.118 1.117 1.125 1.127 1.138
1989 1.074 1.101 1.099 1.108 1.109 1.12
1990 1.063 1.086 1.085 1.092 1.093 1.105
1991 1.064 1.088 1.086 1.094 1.095 1.106
1992 1.072 1.097 1.096 1.103 1.105 1.118
1993 1.08 1.106 1.105 1.114 1.115 1.13
1994 1.084 1.11 1.109 1.118 1.119 1.136
1995 1.082 1.108 1.107 1.116 1.117 1.135
1996 1.078 1.102 1.1 1.109 1.11 1.128
1997 1.071 1.093 1.091 1.099 1.101 1.118
1998 1.064 1.082 1.081 1.089 1.09 1.106
1999 1.057 1.073 1.072 1.078 1.08 1.094
2000 1.051 1.086 1.063 1.084 0.932 1.04
2001 1.046 1.159 1.057 1.115 0.936 1.021
2002 1.044 1.234 1.053 1.082 0.999 1.163
2003 1.043 1.304 1.052 1.097 0.749 1.109
2004 1.044 1.157 1.051 1.204 0.949 1.174
2005 1.044 1.092 1.051 1.093 1.146 1.11
2006 1.044 1.117 1.05 1.076 1.294 1.028
2007 1.043 1.086 1.046 1.094 1.293 1.087
2008 1.042 1.123 1.046 1.041 1.166 1.094
2009 1.041 1.044 1.043 1.155 1.227 1.067
2010 1.039 1.012 1.042 1.083 1.142 1.092
2011 1.038 1.075 1.038 1.139 1.157 0.998
2012 1.036 1.155 1.033 1.022 1.07 1.011
2013 1.036 1.117 1.034 0.959 1.051 1.072
2014 1.035 1.035 1.03 0.849 1.006 1.305
2015 1.036 0.873 1.029 0.942 0.983 1.397
2016 1.038 0.838 1.032 0.883 0.989 1.204
2017 1.037 0.868 1.032 0.952 1.012 1.143
2018 1.036 0.972 1.03 1.048 1.058 1.033
2019 1.035 1.052 1.029 1.07 1.192 1.03
2020 1.035 0.971 1.031 1.02 1.066 1.126
2021 1.035 0.594 1.027 0.995 1.025 1.009
2022 1.036 0.768 1.029 0.985 0.97 1.004
2023 1.037 0.778 1.025 1.006 0.952 0.982
Values for breeding stock: MX_ML
Year RUS+WAL EAL+BER GOA SEA+NBC SBC+WA OR+CA
1970 0.984 0.942 0.902 0.92 0.98 0.784
1971 2.175 2.261 2.29 2.262 2.303 2.259
1972 1.525 1.586 1.591 1.575 1.594 1.569
1973 1.316 1.35 1.353 1.345 1.359 1.344
1974 1.207 1.241 1.244 1.239 1.25 1.232
1975 1.15 1.18 1.181 1.178 1.188 1.173
1976 1.114 1.141 1.142 1.139 1.147 1.134
1977 1.091 1.114 1.115 1.112 1.12 1.107
1978 1.073 1.094 1.095 1.093 1.1 1.087
1979 1.06 1.079 1.08 1.077 1.084 1.071
1980 1.05 1.067 1.068 1.065 1.072 1.058
1981 1.145 1.181 1.181 1.183 1.19 1.183
1982 1.202 1.245 1.245 1.25 1.256 1.254
1983 1.205 1.251 1.25 1.258 1.263 1.266
1984 1.181 1.227 1.225 1.234 1.239 1.248
1985 1.151 1.194 1.193 1.203 1.206 1.217
1986 1.125 1.163 1.162 1.171 1.174 1.186
1987 1.103 1.137 1.135 1.143 1.147 1.158
1988 1.085 1.115 1.114 1.122 1.124 1.135
1989 1.071 1.098 1.096 1.105 1.106 1.117
1990 1.06 1.083 1.082 1.089 1.09 1.102
1991 1.061 1.085 1.083 1.091 1.092 1.103
1992 1.07 1.094 1.093 1.101 1.102 1.115
1993 1.077 1.104 1.102 1.111 1.112 1.127
1994 1.081 1.108 1.106 1.115 1.116 1.134
1995 1.08 1.106 1.104 1.113 1.115 1.132
1996 1.075 1.099 1.098 1.106 1.108 1.126
1997 1.069 1.09 1.089 1.097 1.099 1.116
1998 1.062 1.08 1.079 1.086 1.088 1.104
1999 1.055 1.071 1.07 1.076 1.077 1.092
2000 1.048 1.083 1.061 1.082 0.93 1.037
2001 1.044 1.157 1.054 1.112 0.934 1.018
2002 1.042 1.231 1.051 1.079 0.997 1.161
2003 1.041 1.302 1.05 1.095 0.748 1.107
2004 1.042 1.154 1.049 1.202 0.947 1.172
2005 1.042 1.09 1.048 1.09 1.143 1.107
2006 1.042 1.115 1.048 1.074 1.292 1.026
2007 1.041 1.083 1.044 1.091 1.29 1.085
2008 1.04 1.121 1.044 1.039 1.164 1.092
2009 1.039 1.042 1.041 1.153 1.225 1.065
2010 1.037 1.01 1.04 1.08 1.14 1.09
2011 1.035 1.073 1.035 1.137 1.154 0.995
2012 1.034 1.153 1.031 1.02 1.068 1.008
2013 1.033 1.115 1.032 0.957 1.049 1.07
2014 1.033 1.032 1.027 0.847 1.004 1.302
2015 1.033 0.871 1.027 0.94 0.981 1.394
2016 1.036 0.836 1.029 0.881 0.986 1.201
2017 1.035 0.866 1.03 0.95 1.01 1.14
2018 1.034 0.97 1.028 1.046 1.056 1.031
2019 1.033 1.05 1.027 1.068 1.19 1.028
2020 1.031 0.967 1.027 1.016 1.062 1.122
2021 1.033 0.592 1.025 0.993 1.023 1.007
2022 1.034 0.766 1.027 0.983 0.968 1.002
2023 1.034 0.776 1.022 1.003 0.949 0.979
Values for breeding stock: Central_Am
Year RUS+WAL EAL+BER GOA SEA+NBC SBC+WA OR+CA
1970 0 0 0 0 0.973 0.779
1971 0 0 0 0 2.295 2.252
1972 0 0 0 0 1.591 1.566
1973 0 0 0 0 1.353 1.338
1974 0 0 0 0 1.246 1.228
1975 0 0 0 0 1.185 1.17
1976 0 0 0 0 1.145 1.132
1977 0 0 0 0 1.118 1.105
1978 0 0 0 0 1.096 1.083
1979 0 0 0 0 1.081 1.068
1980 0 0 0 0 1.069 1.055
1981 0 0 0 0 1.187 1.18
1982 0 0 0 0 1.253 1.251
1983 0 0 0 0 1.261 1.263
1984 0 0 0 0 1.237 1.246
1985 0 0 0 0 1.204 1.215
1986 0 0 0 0 1.173 1.184
1987 0 0 0 0 1.146 1.157
1988 0 0 0 0 1.123 1.134
1989 0 0 0 0 1.105 1.116
1990 0 0 0 0 1.089 1.101
1991 0 0 0 0 1.091 1.102
1992 0 0 0 0 1.102 1.114
1993 0 0 0 0 1.111 1.126
1994 0 0 0 0 1.116 1.133
1995 0 0 0 0 1.114 1.131
1996 0 0 0 0 1.107 1.125
1997 0 0 0 0 1.098 1.115
1998 0 0 0 0 1.088 1.103
1999 0 0 0 0 1.077 1.091
2000 0 0 0 0 0.929 1.037
2001 0 0 0 0 0.933 1.018
2002 0 0 0 0 0.996 1.16
2003 0 0 0 0 0.747 1.105
2004 0 0 0 0 0.946 1.171
2005 0 0 0 0 1.143 1.107
2006 0 0 0 0 1.291 1.025
2007 0 0 0 0 1.289 1.084
2008 0 0 0 0 1.163 1.091
2009 0 0 0 0 1.224 1.065
2010 0 0 0 0 1.139 1.09
2011 0 0 0 0 1.153 0.995
2012 0 0 0 0 1.067 1.008
2013 0 0 0 0 1.048 1.069
2014 0 0 0 0 1.003 1.301
2015 0 0 0 0 0.981 1.394
2016 0 0 0 0 0.987 1.202
2017 0 0 0 0 1.01 1.141
2018 0 0 0 0 1.056 1.031
2019 0 0 0 0 1.191 1.029
2020 0 0 0 0 1.063 1.123
2021 0 0 0 0 1.023 1.007
2022 0 0 0 0 0.968 1.002
2023 0 0 0 0 0.95 0.979

Numbers over time by herd
Values for breeding stock: Asia
Year RUS+WAL EAL+BER GOA SEA+NBC SBC+WA OR+CA
1970 37 2 0 0 0 0
1971 79 4 0 0 0 0
1972 109 6 0 0 0 0
1973 134 8 0 0 0 0
1974 155 9 0 0 0 0
1975 172 11 0 0 0 0
1976 186 12 0 0 0 0
1977 198 13 0 0 0 0
1978 207 13 0 0 0 0
1979 215 14 0 0 0 0
1980 221 15 0 0 0 0
1981 249 17 0 0 0 0
1982 290 20 0 0 0 0
1983 337 25 0 0 0 0
1984 383 29 0 0 0 0
1985 427 33 0 0 0 0
1986 465 37 0 0 0 0
1987 498 41 0 0 0 0
1988 526 44 0 0 0 0
1989 549 47 0 0 0 0
1990 568 50 0 0 0 0
1991 589 53 0 0 0 0
1992 615 56 0 0 0 0
1993 646 61 0 0 0 0
1994 680 65 0 0 0 0
1995 714 70 0 0 0 0
1996 747 75 0 0 0 0
1997 777 79 0 0 0 0
1998 802 83 0 0 0 0
1999 824 87 0 0 0 0
2000 840 90 0 0 0 0
2001 854 100 0 0 0 0
2002 866 117 0 0 0 0
2003 877 147 0 0 0 0
2004 889 163 0 0 0 0
2005 900 170 0 0 0 0
2006 911 185 0 0 0 0
2007 921 191 0 0 0 0
2008 929 210 0 0 0 0
2009 936 217 0 0 0 0
2010 940 208 0 0 0 0
2011 943 214 0 0 0 0
2012 944 240 0 0 0 0
2013 934 257 0 0 0 0
2014 946 269 0 0 0 0
2015 901 240 0 0 0 0
2016 906 195 0 0 0 0
2017 909 161 0 0 0 0
2018 908 139 0 0 0 0
2019 916 145 0 0 0 0
2020 904 142 0 0 0 0
2021 890 124 0 0 0 0
2022 873 66 0 0 0 0
2023 854 51 0 0 0 0
Values for breeding stock: Hawaii
Year RUS+WAL EAL+BER GOA SEA+NBC SBC+WA OR+CA
1970 9 28 21 90 6 0
1971 19 63 49 204 14 0
1972 27 91 71 293 21 0
1973 34 115 91 370 27 0
1974 39 137 108 439 32 0
1975 43 156 124 500 37 0
1976 47 174 137 554 41 0
1977 51 189 150 602 45 0
1978 53 203 161 644 48 0
1979 56 215 171 682 51 0
1980 58 226 180 715 54 0
1981 66 264 209 835 64 0
1982 77 319 253 1013 78 0
1983 90 385 306 1229 94 0
1984 103 456 362 1461 113 0
1985 115 527 417 1696 131 0
1986 126 594 470 1924 149 0
1987 136 657 519 2137 166 0
1988 144 715 564 2336 182 0
1989 151 767 605 2521 197 0
1990 157 814 641 2686 210 0
1991 164 866 681 2872 225 0
1992 172 929 730 3098 243 0
1993 182 1004 788 3369 264 0
1994 193 1088 852 3672 288 0
1995 204 1176 920 3993 314 0
1996 214 1263 987 4314 340 0
1997 224 1347 1051 4624 365 0
1998 233 1423 1109 4912 388 0
1999 241 1492 1162 5171 409 0
2000 248 1554 1208 5405 428 0
2001 254 1740 1249 5924 351 0
2002 259 2062 1288 6252 347 0
2003 265 2610 1326 6522 343 0
2004 271 2922 1365 7783 231 0
2005 277 3063 1404 8282 257 0
2006 283 3379 1443 8517 321 0
2007 289 3523 1478 9501 400 0
2008 294 3911 1512 9147 440 0
2009 300 4081 1544 10639 528 0
2010 305 3959 1575 10813 573 0
2011 309 4114 1599 12886 654 0
2012 314 4694 1618 11927 678 0
2013 318 5140 1637 13689 703 0
2014 322 5376 1650 10664 702 1
2015 326 5102 1662 9140 686 0
2016 331 4196 1678 9046 668 0
2017 336 3502 1695 7397 661 0
2018 341 3061 1710 7602 663 0
2019 345 3202 1723 8022 791 0
2020 349 3226 1738 8172 817 0
2021 354 2893 1747 7929 840 0
2022 358 1599 1759 7719 807 0
2023 363 1265 1765 7430 755 0
Values for breeding stock: MX_AR
Year RUS+WAL EAL+BER GOA SEA+NBC SBC+WA OR+CA
1970 6 16 8 2 1 2
1971 13 36 19 5 3 4
1972 18 51 28 8 5 6
1973 22 65 36 10 6 7
1974 25 78 43 11 7 8
1975 28 89 49 13 8 9
1976 31 98 54 14 9 10
1977 33 107 59 15 10 11
1978 35 115 63 17 11 12
1979 37 122 67 18 12 12
1980 38 128 71 18 12 13
1981 43 150 82 22 15 15
1982 50 181 100 26 18 18
1983 59 219 120 32 22 22
1984 67 259 142 38 26 27
1985 75 299 164 44 30 31
1986 83 337 185 50 34 36
1987 89 373 204 55 38 40
1988 94 406 222 60 42 44
1989 99 435 238 65 45 48
1990 103 462 252 69 48 52
1991 108 492 268 74 52 56
1992 113 527 287 80 56 61
1993 119 570 310 87 61 67
1994 126 618 336 95 66 74
1995 134 667 362 103 72 82
1996 141 717 389 111 78 90
1997 147 765 414 119 84 98
1998 153 808 437 127 89 105
1999 158 847 458 133 94 112
2000 163 882 476 139 99 119
2001 167 988 492 153 81 111
2002 170 1171 508 161 80 129
2003 174 1482 523 168 79 137
2004 178 1659 538 201 53 157
2005 181 1739 553 214 59 174
2006 185 1919 569 220 74 170
2007 189 2000 582 245 92 180
2008 193 2221 596 236 101 195
2009 197 2317 608 274 122 199
2010 200 2248 620 279 132 220
2011 203 2336 630 332 151 213
2012 206 2665 637 308 156 211
2013 208 2918 645 353 162 212
2014 211 3053 650 275 162 269
2015 214 2898 655 236 158 360
2016 217 2383 661 233 154 411
2017 220 1989 668 191 152 458
2018 223 1739 674 196 153 468
2019 226 1819 679 207 182 456
2020 229 1833 685 211 188 518
2021 232 1643 689 205 194 513
2022 235 908 694 199 186 499
2023 238 718 696 192 174 504
Values for breeding stock: MX_ML
Year RUS+WAL EAL+BER GOA SEA+NBC SBC+WA OR+CA
1970 2 13 4 2 8 16
1971 5 29 8 5 18 36
1972 7 41 12 7 26 52
1973 9 52 15 9 33 65
1974 10 61 18 10 39 76
1975 12 69 21 12 44 85
1976 13 77 23 13 49 93
1977 13 83 25 14 54 100
1978 14 89 26 15 57 106
1979 15 93 28 16 61 111
1980 15 98 29 16 64 115
1981 17 113 34 19 75 133
1982 20 136 41 23 91 161
1983 23 164 49 28 110 195
1984 26 194 57 33 131 233
1985 29 223 66 38 152 273
1986 32 251 74 43 172 311
1987 34 276 82 48 191 349
1988 36 300 89 52 209 384
1989 38 321 95 56 225 416
1990 40 340 100 60 240 447
1991 41 361 106 63 256 481
1992 43 386 113 68 276 523
1993 45 416 122 74 299 574
1994 48 450 132 81 326 633
1995 51 485 142 87 354 697
1996 53 520 152 94 382 762
1997 55 553 161 101 409 827
1998 58 583 170 107 435 889
1999 59 610 178 112 457 946
2000 61 634 184 117 477 999
2001 62 708 190 128 390 936
2002 63 837 196 135 385 1084
2003 65 1058 201 140 381 1144
2004 66 1182 206 167 255 1309
2005 67 1236 212 177 283 1449
2006 69 1361 217 182 353 1412
2007 70 1416 222 203 439 1496
2008 71 1569 227 195 483 1620
2009 72 1634 231 226 578 1643
2010 73 1582 235 229 626 1816
2011 74 1640 238 273 712 1755
2012 75 1867 241 252 738 1736
2013 76 2040 243 288 763 1737
2014 77 2130 244 224 760 2197
2015 77 2017 246 192 741 2937
2016 79 1655 248 189 721 3347
2017 80 1378 250 155 711 3722
2018 81 1202 251 158 712 3799
2019 81 1255 252 167 847 3686
2020 82 1260 254 169 872 4174
2021 83 1128 255 164 896 4128
2022 84 622 256 159 858 4008
2023 85 491 256 153 801 4041
Values for breeding stock: Central_Am
Year RUS+WAL EAL+BER GOA SEA+NBC SBC+WA OR+CA
1970 0 0 0 0 2 7
1971 0 0 0 0 4 16
1972 0 0 0 0 5 22
1973 0 0 0 0 7 27
1974 0 0 0 0 8 32
1975 0 0 0 0 9 36
1976 0 0 0 0 10 39
1977 0 0 0 0 11 42
1978 0 0 0 0 12 45
1979 0 0 0 0 13 46
1980 0 0 0 0 13 48
1981 0 0 0 0 15 55
1982 0 0 0 0 19 67
1983 0 0 0 0 23 81
1984 0 0 0 0 27 97
1985 0 0 0 0 31 113
1986 0 0 0 0 35 129
1987 0 0 0 0 39 144
1988 0 0 0 0 43 158
1989 0 0 0 0 46 172
1990 0 0 0 0 49 184
1991 0 0 0 0 52 198
1992 0 0 0 0 56 215
1993 0 0 0 0 61 236
1994 0 0 0 0 66 260
1995 0 0 0 0 72 286
1996 0 0 0 0 77 313
1997 0 0 0 0 83 339
1998 0 0 0 0 88 364
1999 0 0 0 0 92 387
2000 0 0 0 0 96 409
2001 0 0 0 0 79 383
2002 0 0 0 0 78 443
2003 0 0 0 0 77 467
2004 0 0 0 0 51 534
2005 0 0 0 0 57 591
2006 0 0 0 0 71 575
2007 0 0 0 0 88 609
2008 0 0 0 0 97 659
2009 0 0 0 0 116 668
2010 0 0 0 0 126 738
2011 0 0 0 0 143 713
2012 0 0 0 0 148 704
2013 0 0 0 0 153 704
2014 0 0 0 0 152 890
2015 0 0 0 0 148 1191
2016 0 0 0 0 144 1357
2017 0 0 0 0 142 1510
2018 0 0 0 0 143 1541
2019 0 0 0 0 170 1497
2020 0 0 0 0 175 1697
2021 0 0 0 0 180 1677
2022 0 0 0 0 172 1628
2023 0 0 0 0 161 1642

Catch numbers by breeding stock
Year Asia Hawaii MX_AR MX_ML Central_Am
1970 0.9 0 0 1.1 0.3
1971 0.9 0 0 1.2 0.3
1972 1 0 0 1.3 0.3
1973 1.1 0 0 1.3 0.4
1974 1.2 0.1 0 1.4 0.4
1975 1.2 0.1 0 1.5 0.4
1976 1.3 0.1 0 1.6 0.4
1977 1.4 0.1 0 1.6 0.4
1978 1.5 0.1 0 1.7 0.5
1979 1.6 0.1 0 1.8 0.5
1980 1.8 0.1 0 1.9 0.5
1981 1.9 0.1 0 2 0.5
1982 2 0.1 0 2.1 0.6
1983 2.2 0.1 0 2.2 0.6
1984 2.3 0.1 0 2.4 0.6
1985 2.5 0.1 0 2.5 0.7
1986 2.6 0.1 0 2.6 0.7
1987 2.8 0.1 0 2.8 0.7
1988 3 0.1 0 2.9 0.8
1989 3.2 0.1 0 3.1 0.8
1990 3.5 0.2 0 3.2 0.8
1991 3.7 0.2 0 3.4 0.9
1992 4 0.2 0 3.6 0.9
1993 4.3 0.2 0 3.8 1
1994 4.6 0.2 0 4 1
1995 4.9 0.2 0 4.2 1.1
1996 5.2 0.2 0 4.4 1.1
1997 5.6 0.2 0 4.7 1.2
1998 6 0.2 0 4.9 1.2
1999 6.4 0.2 0 5.2 1.3
2000 6.9 0.3 0 5.5 1.4
2001 7.3 0.3 0 5.8 1.4
2002 7.9 0 0 5.8 1.5
2003 8.4 0 0 5.8 1.6
2004 9 0 0 6.7 1.7
2005 9.6 0 0 8.1 1.8
2006 10.3 1 0 6.8 1.8
2007 11.1 0 0 7.7 1.9
2008 11.8 0 0 7.9 2
2009 12.7 0 0 9 2.1
2010 13.6 0 0 9.3 2.2
2011 14.5 0.8 0 10.6 2.4
2012 15.5 0 0 10.9 2.5
2013 28 0 0 10.8 2.6
2014 0 5 0 13 2.7
2015 72 0 0 14.2 2.9
2016 12 0.1 0 14.2 3
2017 12 0.1 0 13.4 3.2
2018 16 0.1 0 13.4 3.3
2019 4 0.4 0 13.4 1.7
2020 26.8 0.4 0 23.8 5
2021 28.6 0.4 0 12.8 4.7
2022 30.7 0.4 0 10.5 3.7
2023 32.8 0.4 0 18.4 4.2

Catch numbers by feeding ground
Year RUS+WAL EAL+BER GOA SEA+NBC SBC+WA OR+CA
1970 0 2.7 3.1 6.8 0.1 6.4
1971 0 1.8 0.1 4 0.1 1.5
1972 4 0.8 0.1 4.1 0.1 1.6
1973 0 0.8 0.1 4.3 0.1 1.7
1974 0 0.8 0.1 4.5 0.1 2.5
1975 0 0.8 0.2 4.7 0.1 2.7
1976 0 0.8 0.2 4.9 0.2 2.9
1977 0 0.8 0.2 5.2 0.2 3.1
1978 0 0.8 0.2 5.4 0.2 3.3
1979 0 1 0.2 5.6 0.2 3.5
1980 0 1 0.2 5.9 0.2 3.9
1981 0 1 0.3 6.1 0.3 4.2
1982 0 1 0.4 6.5 0.3 4.5
1983 0 1 0.4 6.7 0.3 4.8
1984 0 1 0.5 7.1 0.4 4.6
1985 0 1 0.5 6.7 0.4 5
1986 0 1 0.7 7.8 0.4 5.4
1987 0 1 0.7 10 0.5 5.8
1988 0 1.1 0.8 8.5 0.5 6.3
1989 0 0.9 0.8 6.1 0.6 6.1
1990 0 1 0.8 7.4 0.7 5.8
1991 0 1 0.9 8.2 0.7 7.6
1992 0 1.1 0.9 9.8 0.8 8.3
1993 0 1.1 1 7.1 0.9 8.6
1994 0 1.2 1 9.3 1 8.8
1995 0 1.2 1 9.3 1.1 9.6
1996 0 1.2 1.1 12.7 1.2 9.9
1997 0 1.2 1.3 12.7 0.9 10.7
1998 0 3 1.4 14.7 1.2 12
1999 0 2.6 1.4 17.4 1.7 13.5
2000 0 1.2 1.5 14.1 1.5 11.6
2001 0 1.2 1.8 16.4 1.7 13.4
2002 0 2.4 1.9 13.8 1.9 13.7
2003 0 1.4 2 18.9 2.3 16
2004 0 1.4 2.3 22 2.5 15.9
2005 0 1.6 2.3 23.3 5.8 20.1
2006 0 1.6 2.4 22.7 5.3 22.1
2007 0 0.1 7.3 18.4 0 18.1
2008 0 0.1 4.3 19.7 12.4 8.8
2009 0 0.1 4.3 24.1 0 9.8
2010 0 6.1 0.8 44.5 7 24.5
2011 0 3.1 4 28.4 11 11.9
2012 0 4.1 8.8 11.6 0 10
2013 0 0.1 4 31.6 0 4.7
2014 0 0.1 11.8 43.7 7 45.2
2015 0 4.1 12 51 9.1 103.4
2016 0 4.1 4.8 34.8 7.1 150.3
2017 0 4.1 2.1 16.3 11.1 60.3
2018 0 1.1 4 26.6 30.1 111.1
2019 0 4.1 6 27.3 9.1 61
2020 0 1.1 0 24 23 31.2
2021 0 2.2 7 33.7 13 62.4
2022 0 4.3 0.8 22.3 8 56
2023 0 3.6 9.1 40.1 19.2 59.7
