Stock structure: B2F1; Model type = BC
Mortality impacts feeding grounds
Recruitment related to unfished
Staying rate: 0
Age-at-matrity: 8
Base adult survival: 0
Sigma for survival devs: 
Additional variance estimated
Weight for mark-recapture proportions: 1
Weight for genetics proportions: 1


Total objective fn: 140.455412368424
Negative log-likelihood fn: 59.3501367991968

Natural Survival by feeding ground
RUS+WAL,EAL+BER,GOA,SEA+NBC,SBC+WA,OR+CA
1970 0.96 0.96 0.96 0.96 0.96 0.96
1971 0.96 0.96 0.96 0.96 0.96 0.96
1972 0.96 0.96 0.96 0.96 0.96 0.96
1973 0.96 0.96 0.96 0.96 0.96 0.96
1974 0.96 0.96 0.96 0.96 0.96 0.96
1975 0.96 0.96 0.96 0.96 0.96 0.96
1976 0.96 0.96 0.96 0.96 0.96 0.96
1977 0.96 0.96 0.96 0.96 0.96 0.96
1978 0.96 0.96 0.96 0.96 0.96 0.96
1979 0.96 0.96 0.96 0.96 0.96 0.96
1980 0.96 0.96 0.96 0.96 0.96 0.96
1981 0.96 0.96 0.96 0.96 0.96 0.96
1982 0.96 0.96 0.96 0.96 0.96 0.96
1983 0.96 0.96 0.96 0.96 0.96 0.96
1984 0.96 0.96 0.96 0.96 0.96 0.96
1985 0.96 0.96 0.96 0.96 0.96 0.96
1986 0.96 0.96 0.96 0.96 0.96 0.96
1987 0.96 0.96 0.96 0.96 0.96 0.96
1988 0.96 0.96 0.96 0.96 0.96 0.96
1989 0.96 0.96 0.96 0.96 0.96 0.96
1990 0.96 0.96 0.96 0.96 0.96 0.96
1991 0.96 0.96 0.96 0.96 0.96 0.96
1992 0.96 0.96 0.96 0.96 0.96 0.96
1993 0.96 0.96 0.96 0.96 0.96 0.96
1994 0.96 0.96 0.96 0.96 0.96 0.96
1995 0.96 0.96 0.96 0.96 0.96 0.96
1996 0.96 0.96 0.96 0.96 0.96 0.96
1997 0.96 0.96 0.96 0.96 0.96 0.96
1998 0.96 0.96 0.96 0.96 0.96 0.96
1999 0.96 0.96 0.96 0.96 0.96 0.96
2000 0.96 0.9803839 0.96 0.962864 0.9675947 0.9466301
2001 0.96 0.9798087 0.96 0.9870646 0.9780498 0.9537692
2002 0.96 0.9803932 0.96 0.9812706 0.9844541 0.9599807
2003 0.96 0.9659239 0.96 0.9776614 0.9738291 0.962366
2004 0.96 0.981738 0.96 0.9598381 0.961861 0.962784
2005 0.96 0.9525641 0.96 0.9405331 0.9774917 0.9556796
2006 0.96 0.9885018 0.96 0.9708869 0.9879888 0.9465551
2007 0.96 0.9851407 0.96 0.9303018 0.9752021 0.9558571
2008 0.96 0.9934619 0.96 0.9939495 0.990026 0.9424402
2009 0.96 0.9265774 0.96 0.9547342 0.974457 0.9548807
2010 0.96 0.9738639 0.96 0.9914193 0.9940267 0.9489558
2011 0.96 0.8438214 0.96 0.912937 0.9735785 0.9504322
2012 0.96 0.992506 0.96 0.978992 0.9722844 0.9612323
2013 0.96 0.9754857 0.96 0.7814056 0.9593039 0.9756265
2014 0.96 0.973886 0.96 0.7775049 0.9600264 0.9834806
2015 0.96 0.6732217 0.96 0.8939611 0.9701326 0.9862578
2016 0.96 0.8986723 0.96 0.7261522 0.9711739 0.9817395
2017 0.96 0.6395623 0.96 0.9481235 0.9626864 0.9789544
2018 0.96 0.638407 0.96 0.9295111 0.9827195 0.9738157
2019 0.96 0.8910154 0.96 0.9145564 0.9336565 0.9705785
2020 0.96 0.9685377 0.96 0.8738067 0.9572904 0.9728239
2021 0.96 0.9569085 0.96 0.9314555 0.9454946 0.9505346
2022 0.96 0.8511584 0.96 0.9253591 0.9425586 0.9587892
2023 0.96 0.9840255 0.96 0.9427121 0.9515792 0.964035

Naturak Survival by breeding stock
RUS+WAL,EAL+BER,GOA,SEA+NBC,SBC+WA,OR+CA
1970 0.96 0.96 0.96 0.96 0.96
1971 0.96 0.96 0.96 0.96 0.96
1972 0.96 0.96 0.96 0.96 0.96
1973 0.96 0.96 0.96 0.96 0.96
1974 0.96 0.96 0.96 0.96 0.96
1975 0.96 0.96 0.96 0.96 0.96
1976 0.96 0.96 0.96 0.96 0.96
1977 0.96 0.96 0.96 0.96 0.96
1978 0.96 0.96 0.96 0.96 0.96
1979 0.96 0.96 0.96 0.96 0.96
1980 0.96 0.96 0.96 0.96 0.96
1981 0.96 0.96 0.96 0.96 0.96
1982 0.96 0.96 0.96 0.96 0.96
1983 0.96 0.96 0.96 0.96 0.96
1984 0.96 0.96 0.96 0.96 0.96
1985 0.96 0.96 0.96 0.96 0.96
1986 0.96 0.96 0.96 0.96 0.96
1987 0.96 0.96 0.96 0.96 0.96
1988 0.96 0.96 0.96 0.96 0.96
1989 0.96 0.96 0.96 0.96 0.96
1990 0.96 0.96 0.96 0.96 0.96
1991 0.96 0.96 0.96 0.96 0.96
1992 0.96 0.96 0.96 0.96 0.96
1993 0.96 0.96 0.96 0.96 0.96
1994 0.96 0.96 0.96 0.96 0.96
1995 0.96 0.96 0.96 0.96 0.96
1996 0.96 0.96 0.96 0.96 0.96
1997 0.96 0.96 0.96 0.96 0.96
1998 0.96 0.96 0.96 0.96 0.96
1999 0.96 0.96 0.96 0.96 0.96
2000 0.96 0.96 0.96 0.96 0.96
2001 0.96 0.96 0.96 0.96 0.96
2002 0.96 0.96 0.96 0.96 0.96
2003 0.96 0.96 0.96 0.96 0.96
2004 0.96 0.96 0.96 0.96 0.96
2005 0.96 0.96 0.96 0.96 0.96
2006 0.96 0.96 0.96 0.96 0.96
2007 0.96 0.96 0.96 0.96 0.96
2008 0.96 0.96 0.96 0.96 0.96
2009 0.96 0.96 0.96 0.96 0.96
2010 0.96 0.96 0.96 0.96 0.96
2011 0.96 0.96 0.96 0.96 0.96
2012 0.96 0.96 0.96 0.96 0.96
2013 0.96 0.96 0.96 0.96 0.96
2014 0.96 0.96 0.96 0.96 0.96
2015 0.96 0.96 0.96 0.96 0.96
2016 0.96 0.96 0.96 0.96 0.96
2017 0.96 0.96 0.96 0.96 0.96
2018 0.96 0.96 0.96 0.96 0.96
2019 0.96 0.96 0.96 0.96 0.96
2020 0.96 0.96 0.96 0.96 0.96
2021 0.96 0.96 0.96 0.96 0.96
2022 0.96 0.96 0.96 0.96 0.96
2023 0.96 0.96 0.96 0.96 0.96

Fecundity by feeding ground
RUS+WAL,EAL+BER,GOA,SEA+NBC,SBC+WA,OR+CA
1970 0.9580248 0.9629489 0.9610679 0.956236 0.9663429 0.9680891
1971 0.9581175 0.9630159 0.9610827 0.9563602 0.966375 0.9681502
1972 0.9553373 0.9608412 0.9584307 0.9527274 0.9649887 0.9672189
1973 0.9523406 0.9587643 0.9558889 0.9492807 0.9636682 0.9663481
1974 0.9495127 0.9567873 0.9534627 0.9460287 0.962413 0.9655541
1975 0.9468353 0.9549042 0.9511552 0.9429586 0.9612191 0.9648191
1976 0.9443104 0.9531107 0.9489532 0.9400603 0.9600999 0.9641398
1977 0.9419307 0.9514015 0.9468512 0.9373278 0.9590365 0.963512
1978 0.9396898 0.9497733 0.9448452 0.9347499 0.9580286 0.9629371
1979 0.9375815 0.9482297 0.9429307 0.9323184 0.9570724 0.9624104
1980 0.9356119 0.9467608 0.9411037 0.9300299 0.9561654 0.9619356
1981 0.9337586 0.9453612 0.9393689 0.9278685 0.95532 0.9615039
1982 0.9311841 0.943439 0.9370067 0.9248807 0.9541452 0.9608769
1983 0.9279742 0.941043 0.9340668 0.9211439 0.9526717 0.9600772
1984 0.9241952 0.9382229 0.9306192 0.9167539 0.9509485 0.9591147
1985 0.91993 0.9350244 0.926712 0.9117659 0.9489901 0.9580287
1986 0.9152351 0.9314903 0.9224176 0.9063077 0.9468221 0.9568358
1987 0.9101838 0.9276626 0.9177703 0.900493 0.9444873 0.9555549
1988 0.9048339 0.9235818 0.912826 0.8942635 0.9419943 0.9542062
1989 0.8992392 0.9192738 0.9076209 0.887642 0.9393808 0.9527821
1990 0.89346 0.9147816 0.9021962 0.8808107 0.9366669 0.9512894
1991 0.8875293 0.910132 0.8965984 0.8738049 0.9338579 0.9498047
1992 0.881295 0.9052042 0.8906701 0.8664678 0.9308887 0.9482484
1993 0.8746228 0.8998897 0.8842956 0.8584943 0.9276942 0.9465726
1994 0.867408 0.8941067 0.8773665 0.8499318 0.9242189 0.9447403
1995 0.8595739 0.8877856 0.8698069 0.8406216 0.9204213 0.9427471
1996 0.8510688 0.8808776 0.8615721 0.8306265 0.9162675 0.9405579
1997 0.8418757 0.8733511 0.8526392 0.8198047 0.9116719 0.9381783
1998 0.8319868 0.8652505 0.8429845 0.8082203 0.9067091 0.9356116
1999 0.8214131 0.8565002 0.8326016 0.7959212 0.9014105 0.9328656
2000 0.8101929 0.8470723 0.821518 0.7827366 0.8956671 0.9298397
2001 0.7983521 0.8327174 0.8097826 0.7680317 0.8885716 0.927561
2002 0.7859167 0.8176785 0.7973717 0.7442079 0.8795409 0.9245542
2003 0.7728581 0.80125 0.7842645 0.7215456 0.8688681 0.9209647
2004 0.7591603 0.787617 0.7704499 0.6989475 0.8591982 0.9169504
2005 0.7447852 0.7680355 0.7558628 0.6826777 0.8513732 0.9127379
2006 0.7297101 0.7567131 0.7404661 0.67369 0.8395636 0.9089195
2007 0.713915 0.7315487 0.7246775 0.649798 0.8236656 0.9055632
2008 0.6973797 0.7064171 0.7077698 0.644801 0.8116672 0.9005997
2009 0.6801345 0.6756979 0.6899994 0.6062638 0.7924018 0.8969114
2010 0.6622256 0.6732212 0.6710625 0.5899289 0.7774137 0.8917879
2011 0.6436975 0.6475234 0.6516371 0.5502256 0.755177 0.8868798
2012 0.6246566 0.679149 0.6319566 0.5564427 0.7367147 0.8813326
2013 0.6064787 0.6401445 0.6111891 0.5215885 0.7168413 0.8736422
2014 0.5846147 0.6112329 0.5906506 0.6023875 0.7021086 0.8643264
2015 0.5705104 0.5823774 0.5696331 0.6671166 0.6865178 0.8547766
2016 0.5495781 0.6981889 0.5475272 0.6703954 0.6651428 0.8453976
2017 0.5279168 0.6971246 0.5248072 0.7384347 0.6426894 0.8335589
2018 0.5066129 0.7863796 0.5020695 0.7148849 0.626802 0.8227766
2019 0.4837742 0.8436886 0.4794808 0.7039749 0.5954646 0.8108933
2020 0.4639192 0.837729 0.4564589 0.6996322 0.5932345 0.7981465
2021 0.444615 0.8198173 0.4341935 0.71128 0.5746679 0.7845457
2022 0.4257984 0.8067626 0.4116842 0.6996457 0.5617374 0.776336
2023 0.4076195 0.8183274 0.3905017 0.6924858 0.5522129 0.7648938

Total abundance: Estimate SD_log
1970 1045.562 0.04887599
1971 1313.252 0.04381725
1972 1532.91 0.04107467
1973 1737.137 0.03931311
1974 1934.24 0.03798675
1975 2119.929 0.03702392
1976 2295.445 0.03629626
1977 2461.182 0.03573635
1978 2617.707 0.03529804
1979 2765.35 0.03495298
1980 2904.41 0.03468171
1981 3108.953 0.03386456
1982 3360.781 0.03281963
1983 3654.103 0.03170254
1984 3984.101 0.03061346
1985 4346.136 0.02960939
1986 4736.132 0.02871283
1987 5148.432 0.02793695
1988 5577.902 0.02727906
1989 6024.67 0.02670702
1990 6487.686 0.02620024
1991 6978.392 0.02572622
1992 7505.143 0.02527957
1993 8075.822 0.0248635
1994 8701.015 0.02447649
1995 9379.937 0.02415001
1996 10116.51 0.02389478
1997 10908.53 0.02372992
1998 11758.38 0.02365641
1999 12659.5 0.02368843
2000 13609.95 0.0238251
2001 14728.05 0.02405734
2002 16133.51 0.02351705
2003 17608.55 0.02288145
2004 19036.23 0.02087715
2005 20468.85 0.01925131
2006 21538.49 0.02293953
2007 23303.44 0.02382131
2008 24688.68 0.02537973
2009 27025.75 0.02548904
2010 28227.77 0.03231434
2011 30532.14 0.03248618
2012 30311.06 0.03402327
2013 32869.64 0.03433054
2014 32480.87 0.04239664
2015 32475.81 0.03516034
2016 30288.41 0.04078582
2017 29301.51 0.04070506
2018 28449.3 0.03816707
2019 27932.49 0.03697622
2020 28799.95 0.03778768
2021 29812.94 0.03676785
2022 31129.7 0.04466236
2023 31812.07 0.05692897
2024 33493.71 0.06141713

Breeding stock abundance: Estimate SD_log Estimate/K
Asia
1 79.93262 0.08414615 2.15142
2 101.1671 0.08095555 2.722955
3 117.821 0.07966434 3.171201
4 130.2893 0.08071729 3.506792
5 144.6046 0.08021641 3.892095
6 158.0185 0.07990154 4.253135
7 170.6831 0.07966371 4.594009
8 182.5375 0.07952417 4.913072
9 193.6179 0.07946181 5.211308
10 203.9589 0.07946311 5.48964
11 213.5854 0.07952075 5.748742
12 227.8263 0.07921501 6.13204
13 245.4177 0.0787286 6.605522
14 265.931 0.07812678 7.157644
15 288.8642 0.07748749 7.7749
16 313.9551 0.07680778 8.450232
17 340.7623 0.07612931 9.171761
18 369.0814 0.07543489 9.933981
19 398.5263 0.07475202 10.7265
20 428.8327 0.07408347 11.54221
21 459.7742 0.07343162 12.37502
22 492.3076 0.07276544 13.25067
23 527.2158 0.07205838 14.19024
24 564.9056 0.07132555 15.20467
25 605.7446 0.07057538 16.30387
26 649.9631 0.06982492 17.49403
27 697.68 0.06909854 18.77835
28 748.9068 0.06842767 20.15714
29 803.4566 0.06785956 21.62537
30 861.1054 0.06743689 23.17701
31 921.6879 0.06720619 24.80762
32 988.2961 0.0672157 26.6004
33 1058.235 0.06753085 28.48283
34 1131.637 0.06820169 30.45849
35 1205.844 0.06922583 32.4558
36 1286.955 0.0708277 34.63893
37 1365.253 0.07298641 36.74635
38 1455.706 0.07578608 39.18095
39 1549.174 0.07938428 41.69667
40 1648.971 0.08348095 44.38276
41 1731.684 0.08830316 46.60899
42 1831.022 0.09372898 49.28273
43 1893.136 0.0994968 50.95454
44 2002.103 0.1061507 53.88746
45 2094.881 0.1140568 56.38461
46 2216.665 0.1211099 59.66246
47 2173.192 0.1346524 58.49238
48 2260.981 0.1440849 60.85527
49 2294.013 0.1565118 61.74432
50 2337.034 0.1694155 62.90225
51 2431.771 0.1801179 65.45213
52 2514.367 0.1918783 67.67524
53 2592.429 0.2039141 69.77632
54 2650.428 0.2174065 71.33738
Hawaii
1 615.2992 0.05301686 2.28346
2 776.0595 0.04846284 2.880063
3 906.871 0.04610015 3.365523
4 1030.684 0.04453406 3.825008
5 1148.696 0.04341528 4.26297
6 1260.535 0.04259649 4.678016
7 1366.542 0.04197645 5.071426
8 1467.032 0.04149477 5.444356
9 1562.21 0.04111523 5.797574
10 1652.425 0.04081012 6.132374
11 1737.809 0.0405641 6.449249
12 1862.664 0.03988261 6.912602
13 2016.171 0.03903056 7.482287
14 2194.855 0.03813551 8.145406
15 2395.924 0.03727368 8.891603
16 2616.221 0.03649171 9.709156
17 2854.007 0.03579284 10.59161
18 3105.196 0.03519687 11.52381
19 3366.412 0.03470455 12.49322
20 3639.105 0.0342675 13.50522
21 3922.552 0.03387023 14.55713
22 4222.154 0.03351351 15.66899
23 4544.456 0.03318734 16.8651
24 4893.22 0.03290347 18.15941
25 5276.095 0.03264752 19.58031
26 5690.634 0.03246525 21.11872
27 6140.255 0.0323588 22.78733
28 6621.828 0.03235853 24.57451
29 7138.18 0.03245878 26.49076
30 7684.929 0.03268064 28.51982
31 8260.5 0.03303267 30.65585
32 8947.797 0.03311423 33.2065
33 9868.024 0.03280616 36.62159
34 10808.07 0.0326013 40.11023
35 11716.04 0.03046631 43.47982
36 12552.51 0.02824588 46.58409
37 13127.58 0.03161961 48.71824
38 14217.82 0.03304775 52.76427
39 14898.63 0.03349829 55.29084
40 16429.62 0.03298176 60.97256
41 17132.83 0.03860114 63.58228
42 18646.38 0.03877636 69.19928
43 18360.86 0.03761257 68.13966
44 19915.71 0.03944738 73.90994
45 18676.21 0.05865485 69.30997
46 17756.96 0.04157851 65.89852
47 16394.84 0.04458913 60.84351
48 14963.19 0.04665265 55.53043
49 14498.22 0.04818075 53.80487
50 14147.69 0.041819 52.50401
51 14421.68 0.04142781 53.52084
52 14560.04 0.04965604 54.03429
53 15188.92 0.06155443 56.36816
54 15395.67 0.07875361 57.13543
MX_AR
1 131.6962 0.07586326 1.68921
2 166.1244 0.07234702 2.130806
3 194.5466 0.07046078 2.495365
4 221.4051 0.06924484 2.839867
5 247.4227 0.06832116 3.173584
6 272.1802 0.06764085 3.491138
7 295.7488 0.06712125 3.793443
8 318.1995 0.06671229 4.081407
9 339.5893 0.06638212 4.355765
10 359.9694 0.06611066 4.617172
11 379.3269 0.06588906 4.865462
12 407.463 0.06534436 5.226351
13 441.9943 0.06467972 5.66927
14 482.2347 0.06398844 6.185416
15 527.5783 0.06332876 6.767019
16 577.4226 0.0627313 7.40635
17 631.223 0.06220646 8.096425
18 688.3554 0.06175447 8.829237
19 748.3408 0.06136608 9.598644
20 810.7787 0.061034 10.39951
21 875.4434 0.06074464 11.22893
22 944.2752 0.06047128 12.11181
23 1018.525 0.06021093 13.06419
24 1099.345 0.05996249 14.10082
25 1187.742 0.0597307 15.23465
26 1284.188 0.05952084 16.47173
27 1389.117 0.0593389 17.81761
28 1502.624 0.05918787 19.27351
29 1624.778 0.05906997 20.84033
30 1754.738 0.05899237 22.50726
31 1892.781 0.05894712 24.27789
32 2069.133 0.05890816 26.53987
33 2264.626 0.05878693 29.04738
34 2475.151 0.05815013 31.74769
35 2670.736 0.0574976 34.25638
36 2906.093 0.05737826 37.2752
37 3084.576 0.06108963 39.56452
38 3370.364 0.06135388 43.2302
39 3653.516 0.06472031 46.86207
40 4002.567 0.06509168 51.3392
41 4149.69 0.07528443 53.22628
42 4470.103 0.07556755 57.33608
43 4360.428 0.08257932 55.92933
44 4764.675 0.08141076 61.11442
45 5046.096 0.08055498 64.7241
46 5335.667 0.0784992 68.43829
47 4647.732 0.09123869 59.61445
48 4693.507 0.08764137 60.20158
49 4202.435 0.09115707 53.90282
50 3861.981 0.09427082 49.53596
51 3965.595 0.09578809 50.86497
52 4203.811 0.09652715 53.92047
53 4427.731 0.098905 56.79259
54 4475.581 0.1110643 57.40635
MX_ML
1 179.5932 0.06271785 0.4423917
2 222.3277 0.05949281 0.5476595
3 258.4926 0.05762568 0.6367447
4 292.4526 0.05647045 0.7203983
5 324.6359 0.05571026 0.7996754
6 354.3691 0.05527936 0.8729172
7 382.1404 0.05503128 0.9413262
8 408.0061 0.05491783 1.005041
9 432.2023 0.05488653 1.064644
10 454.7104 0.05492988 1.120088
11 475.5655 0.05503365 1.17146
12 506.9202 0.0547523 1.248696
13 545.6832 0.05431626 1.344181
14 590.9545 0.05383185 1.455698
15 641.8962 0.05337134 1.581182
16 697.9183 0.05296382 1.719182
17 758.078 0.0526378 1.867373
18 821.6614 0.05239099 2.023998
19 887.9072 0.05222363 2.187181
20 956.3936 0.0521221 2.355884
21 1027.058 0.05206589 2.52995
22 1102.491 0.05200875 2.715764
23 1182.816 0.05199165 2.91363
24 1269.963 0.05198967 3.1283
25 1365.293 0.05200222 3.363124
26 1469.481 0.05203174 3.619771
27 1582.649 0.05209527 3.898538
28 1705.307 0.05218651 4.200681
29 1837.31 0.05231461 4.525844
30 1977.632 0.05248368 4.8715
31 2126.019 0.05269678 5.237021
32 2289.927 0.0549723 5.640775
33 2480.342 0.05465051 6.109825
34 2695.906 0.05450024 6.640823
35 2907.494 0.05282306 7.162026
36 3146.434 0.05316308 7.750609
37 3345.405 0.05444285 8.240734
38 3608.297 0.05575329 8.888314
39 3890.43 0.0569183 9.583294
40 4206.534 0.05859984 10.36195
41 4422.464 0.06012754 10.89385
42 4743.894 0.05965019 11.68563
43 4801.493 0.06023802 11.82751
44 5220.91 0.05942443 12.86066
45 5604.392 0.05840557 13.80529
46 6007.642 0.05723068 14.79862
47 5816.491 0.05918057 14.32776
48 6041.916 0.05744767 14.88305
49 6003.113 0.05580518 14.78746
50 6035.969 0.05535576 14.8684
51 6327.22 0.05501622 15.58583
52 6756.001 0.05541586 16.64205
53 7066.133 0.06173086 17.406
54 7333.501 0.07129808 18.06461
Central_Am
1 39.0406 0.09538604 1.155631
2 47.57359 0.09395069 1.408213
3 55.17861 0.09321522 1.633327
4 62.30637 0.09286398 1.844314
5 68.88039 0.09287281 2.03891
6 74.82612 0.09302577 2.214908
7 80.33008 0.09324665 2.377829
8 85.40681 0.09351631 2.528104
9 90.08736 0.09381554 2.666652
10 94.28625 0.09424114 2.790942
11 98.12283 0.09467938 2.904508
12 104.0796 0.09487806 3.080834
13 111.5147 0.09496647 3.300916
14 120.1279 0.09508902 3.555875
15 129.8385 0.09519558 3.843315
16 140.6182 0.09530168 4.162403
17 152.0624 0.09549535 4.501158
18 164.1379 0.09570568 4.858601
19 176.7154 0.09593313 5.230904
20 189.5594 0.09622881 5.611098
21 202.859 0.09652491 6.004775
22 217.1642 0.09680417 6.428221
23 232.1298 0.09712871 6.871213
24 248.3883 0.09744386 7.352477
25 266.141 0.09779065 7.877969
26 285.6699 0.09813231 8.456039
27 306.8111 0.09851344 9.081832
28 329.865 0.09889763 9.764248
29 354.6581 0.09931782 10.49814
30 381.0958 0.09975112 11.28072
31 408.9568 0.1002262 12.10542
32 432.9006 0.1060331 12.81418
33 462.279 0.1063223 13.6838
34 497.7828 0.1072582 14.73474
35 536.1197 0.106 15.86954
36 576.8579 0.106885 17.07542
37 615.6786 0.1085334 18.22454
38 651.2601 0.109763 19.27778
39 696.9348 0.1096623 20.62978
40 738.0588 0.1121043 21.84708
41 791.1026 0.1082689 23.41722
42 840.7377 0.1069762 24.88645
43 895.1496 0.1055764 26.49708
44 966.2379 0.1043258 28.60135
45 1059.289 0.1036744 31.35575
46 1158.876 0.1027857 34.30358
47 1256.149 0.1023998 37.18293
48 1341.916 0.102513 39.72169
49 1451.522 0.1029133 42.96611
50 1549.813 0.1034119 45.87559
51 1653.678 0.1033518 48.95009
52 1778.727 0.1043163 52.65164
53 1854.484 0.11127 54.8941
54 1956.895 0.120238 57.92552

Feeding stock abundance: Estimate SD_log Estimate/K
RUS+WAL
1 99.65786 0.1003847 1.801213
2 126.8818 0.0970817 2.293258
3 144.2613 0.09837054 2.607373
4 163.8657 0.09746638 2.961703
5 182.3481 0.09682282 3.295753
6 199.8557 0.09631118 3.612184
7 216.3578 0.09591863 3.910442
8 231.9027 0.09561409 4.191401
9 246.5313 0.09537867 4.455798
10 260.2843 0.09519997 4.70437
11 273.1116 0.09509638 4.936209
12 292.0845 0.09459649 5.279126
13 315.4737 0.09391886 5.70186
14 342.6546 0.09314447 6.193127
15 373.2111 0.09229695 6.745404
16 406.598 0.09142228 7.348837
17 442.4719 0.09051963 7.997222
18 480.3507 0.08961444 8.681842
19 519.8707 0.08871264 9.396125
20 560.6939 0.08781955 10.13396
21 602.4255 0.08695128 10.88822
22 646.5661 0.08604907 11.68601
23 693.9336 0.08511446 12.54213
24 745.218 0.08414817 13.46904
25 800.9198 0.08316067 14.4758
26 861.3671 0.08217128 15.56832
27 926.7321 0.08120737 16.74972
28 996.9556 0.08031011 18.01894
29 1071.943 0.0795207 19.37427
30 1151.488 0.07888678 20.81195
31 1235.201 0.0784658 22.32499
32 1323.197 0.07830531 23.91542
33 1415.481 0.07847594 25.58336
34 1512.382 0.0790403 27.33473
35 1614.039 0.08007588 29.17209
36 1720.703 0.08165442 31.09992
37 1832.445 0.08385266 33.11955
38 1949.29 0.08673534 35.23139
39 2071.233 0.0903502 37.43539
40 2197.874 0.09473751 39.72431
41 2328.712 0.09992042 42.08906
42 2463.334 0.1058917 44.52222
43 2600.914 0.1126531 47.00883
44 2731.204 0.1205423 49.36368
45 2888.847 0.1280726 52.21293
46 2986.134 0.1388749 53.97128
47 3138.125 0.1477157 56.71837
48 3290.719 0.1572049 59.47633
49 3439.423 0.1674613 62.16402
50 3598.839 0.1776689 65.04529
51 3734.203 0.1894327 67.49186
52 3866.882 0.20144 69.88989
53 3995.455 0.2136178 72.21371
54 4118.769 0.2258924 74.44249
EAL+BER
1 243.1117 0.09382561 1.181056
2 309.7263 0.09076195 1.504675
3 363.1464 0.08926959 1.764194
4 414.0007 0.08831419 2.011249
5 462.4131 0.08766843 2.24644
6 508.5331 0.08721312 2.470495
7 552.462 0.08688332 2.683905
8 594.3312 0.08663723 2.887309
9 634.2122 0.08645297 3.081054
10 671.9962 0.08634007 3.264612
11 707.9475 0.08626129 3.439266
12 760.382 0.08589377 3.693997
13 824.8798 0.08541037 4.007333
14 900.1526 0.08489029 4.373014
15 984.9986 0.08438495 4.785203
16 1078.323 0.08391917 5.238582
17 1179.1 0.08350198 5.728162
18 1286.32 0.08313472 6.249046
19 1399.009 0.0828172 6.796497
20 1516.592 0.08252654 7.367725
21 1638.003 0.08227193 7.957553
22 1767.343 0.08202195 8.585896
23 1907.135 0.08177414 9.265018
24 2059.582 0.08152353 10.00562
25 2226.212 0.081277 10.81512
26 2408.304 0.08103509 11.69974
27 2606.629 0.08080197 12.66322
28 2821.542 0.08058131 13.70728
29 3051.321 0.08042163 14.82357
30 3297.759 0.08026269 16.02078
31 3561.299 0.08008366 17.30108
32 3947.495 0.07887185 19.17725
33 4360.642 0.0777004 21.18435
34 4811.107 0.07522891 23.37275
35 5195.854 0.07128216 25.24188
36 5723.89 0.06921034 27.80712
37 6057.562 0.08042956 29.42813
38 6722.035 0.07947599 32.65619
39 7402.983 0.08563956 35.96429
40 8221.805 0.0843349 39.94219
41 8354.801 0.1045478 40.5883
42 9031.882 0.1037682 43.87761
43 8308.428 0.1264886 40.36302
44 9260.125 0.1208917 44.98644
45 10031.48 0.1158232 48.73376
46 10778.74 0.1067519 52.36398
47 7974.306 0.159203 38.73982
48 7885.27 0.1518938 38.30728
49 5689.614 0.2054788 27.64061
50 4038.466 0.2763806 19.6192
51 3981.699 0.2927762 19.34341
52 4388.625 0.2931118 21.32029
53 4761.587 0.2922318 23.13218
54 4508.599 0.352142 21.90314
GOA
1 109.5253 0.08140211 1.417959
2 140.2833 0.07708829 1.816165
3 164.8127 0.07501311 2.133733
4 188.2254 0.0736011 2.436842
5 210.5719 0.0725807 2.72615
6 231.8108 0.07183761 3.001117
7 252.079 0.07125635 3.263517
8 271.4285 0.07078652 3.514024
9 289.8948 0.07039877 3.753096
10 307.5176 0.07007253 3.981249
11 324.335 0.06979366 4.198973
12 348.5872 0.069163 4.512953
13 378.2627 0.06839833 4.897143
14 412.8633 0.06757775 5.345097
15 451.732 0.06678116 5.848306
16 494.4501 0.0660257 6.401353
17 540.3326 0.06534944 6.995366
18 589.1019 0.06472845 7.626754
19 640.2429 0.06416795 8.288845
20 693.4487 0.06365126 8.977669
21 748.3524 0.06317106 9.688475
22 806.6538 0.06269585 10.44327
23 869.6183 0.06220601 11.25843
24 938.0685 0.06170645 12.14462
25 1012.794 0.06119421 13.11204
26 1094.279 0.06067628 14.16698
27 1182.715 0.06016559 15.31191
28 1278.101 0.05967381 16.54682
29 1380.484 0.05920183 17.8723
30 1489.754 0.05875187 19.28697
31 1605.479 0.05833415 20.78519
32 1727.533 0.05796052 22.36535
33 1856.438 0.0576308 24.0342
34 1992.541 0.05735535 25.79625
35 2135.987 0.05715417 27.65336
36 2287.408 0.057036 29.61372
37 2447.051 0.05702184 31.68052
38 2610.323 0.05724242 33.79431
39 2784.879 0.05754292 36.05417
40 2967.437 0.05801974 38.41764
41 3161.052 0.05863579 40.92427
42 3358.272 0.05954963 43.47755
43 3556.97 0.06080559 46.04999
44 3765.954 0.06225609 48.75557
45 3970.876 0.06413827 51.40858
46 4180.034 0.06632235 54.11642
47 4399.129 0.06870031 56.95291
48 4622.563 0.07136807 59.84558
49 4844.425 0.07439784 62.7179
50 5063.39 0.07777172 65.55271
51 5285.463 0.08132974 68.42776
52 5497.637 0.08528555 71.17465
53 5711.414 0.08936334 73.94229
54 5909.544 0.09376638 76.50736
SEA+NBC
1 411.1056 0.06357698 2.026505
2 522.5045 0.06005414 2.575635
3 610.0088 0.05857718 3.006979
4 692.54 0.05767353 3.413809
5 770.4059 0.05709582 3.797641
6 843.9207 0.05671366 4.160025
7 913.3176 0.05645811 4.502111
8 978.7163 0.05629491 4.824487
9 1040.403 0.05619379 5.128568
10 1098.565 0.05613925 5.415267
11 1153.273 0.05612588 5.684947
12 1233.988 0.05582913 6.082822
13 1333.272 0.05543435 6.572234
14 1449.026 0.05500751 7.142832
15 1578.951 0.05460268 7.783284
16 1721.888 0.05421613 8.487879
17 1874.581 0.0539013 9.240567
18 2034.188 0.05368227 10.02733
19 2202.725 0.05345759 10.85812
20 2379.799 0.05320986 11.73099
21 2560.54 0.05302204 12.62193
22 2751.371 0.05286693 13.56262
23 2955.253 0.05276102 14.56763
24 3179.285 0.05263905 15.67198
25 3420.8 0.05259705 16.8625
26 3683.209 0.05261504 18.15602
27 3963.742 0.0527564 19.53888
28 4265.625 0.05299119 21.02698
29 4586.319 0.0533625 22.60782
30 4924 0.05389501 24.27238
31 5283.043 0.05454339 26.04225
32 5679.13 0.05489445 27.99472
33 6300.162 0.05454027 31.05604
34 6905.015 0.05501938 34.0376
35 7507.905 0.05196018 37.00949
36 7956.596 0.04828774 39.22127
37 8221.938 0.05527218 40.52925
38 8842.908 0.05760981 43.59026
39 9014.275 0.05604283 44.435
40 9987.298 0.05417445 49.23142
41 10432.81 0.05928358 51.4275
42 11455.97 0.05875353 56.47111
43 11349.41 0.05352156 55.94583
44 12234.17 0.05886666 60.30715
45 10282.46 0.1071377 50.68637
46 8689.522 0.05876931 42.83416
47 8554.054 0.05872914 42.16638
48 6874.909 0.06508087 33.8892
49 7327.521 0.09332901 36.1203
50 7598.244 0.06128374 37.45481
51 7723.631 0.05339099 38.07289
52 7415.699 0.1129526 36.55497
53 7680.843 0.1309207 37.86197
54 7815.054 0.1534739 38.52355
SBC+WA
1 33.26419 0.1038949 0.7535996
2 42.49339 0.09997842 0.9626869
3 49.78135 0.09815847 1.127795
4 56.70915 0.0969579 1.284745
5 63.29622 0.09612146 1.433975
6 69.56128 0.0955149 1.575909
7 75.41998 0.09518805 1.708638
8 80.98824 0.09495732 1.834787
9 86.26388 0.0948007 1.954307
10 91.26849 0.09469659 2.067686
11 96.01481 0.09463241 2.175214
12 102.9082 0.09426785 2.331383
13 111.4222 0.09372564 2.524269
14 121.3917 0.09310417 2.750126
15 132.548 0.09254334 3.002872
16 144.8339 0.09200717 3.281209
17 158.1203 0.09151351 3.582211
18 172.1713 0.09112294 3.900537
19 186.9609 0.09077791 4.235595
20 202.2803 0.09051897 4.582657
21 218.0296 0.09033353 4.939457
22 234.8364 0.09013487 5.320214
23 252.973 0.08994396 5.731098
24 272.7187 0.0897543 6.178437
25 294.3097 0.08956497 6.667581
26 317.9076 0.08938041 7.202191
27 343.6414 0.08920487 7.785189
28 371.9661 0.08894821 8.426885
29 402.3624 0.08875989 9.115513
30 434.5943 0.08867624 9.845726
31 469.293 0.08855348 10.63182
32 511.3297 0.08091741 11.58417
33 564.3942 0.07679296 12.78634
34 627.274 0.07441823 14.21088
35 685.8787 0.07050477 15.53857
36 734.1595 0.0660504 16.63237
37 803.2623 0.06525916 18.19789
38 896.447 0.06386743 20.30899
39 968.9381 0.06452825 21.95128
40 1081.098 0.06380954 24.49226
41 1171.857 0.0655102 26.54839
42 1300.428 0.06629389 29.46117
43 1412.899 0.0691082 32.0092
44 1529.785 0.07351782 34.65724
45 1617.593 0.07631615 36.64653
46 1710.602 0.07915085 38.75365
47 1835.558 0.08083963 41.58452
48 1964.682 0.08184363 44.50984
49 2058.941 0.0845835 46.64527
50 2235.374 0.08485873 50.64235
51 2257.721 0.08976677 51.14862
52 2363.824 0.09231621 53.55239
53 2440.333 0.1037217 55.28571
54 2494.94 0.1233686 56.52282
OR+CA
1 127.4971 0.04891798 0.5336809
2 161.4631 0.04337271 0.6758566
3 187.5993 0.04080352 0.7852583
4 211.9961 0.03915661 0.8873794
5 234.1048 0.03816855 0.9799223
6 254.547 0.03753544 1.06549
7 273.4085 0.03714465 1.144441
8 290.8149 0.0369231 1.217301
9 306.7011 0.03684238 1.283798
10 321.2184 0.03686251 1.344565
11 334.2283 0.03698594 1.399022
12 354.6038 0.03657724 1.484311
13 379.9708 0.03596088 1.590493
14 409.7149 0.03528115 1.714996
15 443.6612 0.03460472 1.857089
16 480.6426 0.03404171 2.011887
17 520.2265 0.0336082 2.177579
18 561.9001 0.03330701 2.352017
19 605.0938 0.03313638 2.532819
20 650.1564 0.03304101 2.721443
21 696.9357 0.03300195 2.917253
22 745.0216 0.03307769 3.118532
23 796.6296 0.03320494 3.334555
24 852.9504 0.03337664 3.570304
25 914.8792 0.03359874 3.829527
26 982.2708 0.03390864 4.111617
27 1056.053 0.0342954 4.420458
28 1135.841 0.03478208 4.754437
29 1221.353 0.03537728 5.112374
30 1312.204 0.03608077 5.492661
31 1411.629 0.03679144 5.908837
32 1490.068 0.0529219 6.237167
33 1587.489 0.05384131 6.644955
34 1703.829 0.05574228 7.131935
35 1835.065 0.0503338 7.681269
36 1973.497 0.0494623 8.26072
37 2102.231 0.05474893 8.799576
38 2217.841 0.06027244 9.283502
39 2379.373 0.05973415 9.959645
40 2508.137 0.0671374 10.49863
41 2670.541 0.05763378 11.17843
42 2835.551 0.05445614 11.86913
43 3019.041 0.05031397 12.63719
44 3266.603 0.04589157 13.67344
45 3561.112 0.0432444 14.9062
46 3862.083 0.04002866 16.16602
47 4156.835 0.03850069 17.3998
48 4540.762 0.03799008 19.00685
49 4883.675 0.04010949 20.44222
50 5271.172 0.04267286 22.06422
51 5681.93 0.04288151 23.78358
52 6115.476 0.04500475 25.59833
53 6403.362 0.05929374 26.80337
54 6777.666 0.07648326 28.37015

Parameters: Estimate  Std. Error      z value    Pr(>|z^2|)
rval 0.0910969 0.00175731 51.83883668 0
logK 8.22022611 0.66964145 12.2755634 0
logK 10.20158715 0.29464725 34.62305176 0
logK 8.96140686 0.69364459 12.9193062 0
logK 10.61142391 0.29494845 35.97721562 0
logK 8.12512629 0.89920947 9.0358549 0
logBK 3.86712969 0.72906892 5.30420321 1.1e-07
logBK 3.80628147 0.30382272 12.52796834 0
logBK 4.11348102 0.71038217 5.7905184 1e-08
logBK 5.46529769 0.30810243 17.73857402 0
logBK 4.49824724 0.90153785 4.9895268 6.1e-07
MixPars -2.05126662 0.27889139 -7.35507319 0
MixPars -3.28264524 0.23596284 -13.91170409 0
MixPars -1.18294061 0.15686231 -7.54126747 0
MixPars -1.72694964 0.11336567 -15.2334447 0
MixPars -3.4739942 0.16038426 -21.66044285 0
MixPars -1.86456465 0.23632355 -7.88988084 0
MixPars -0.83437991 0.17085729 -4.88349034 1.04e-06
MixPars -1.74661071 0.27473561 -6.35742373 0
MixPars -3.14456903 0.27597781 -11.39428197 0
MixPars -1.99053731 0.24313434 -8.18698541 0
MixPars -2.41530137 0.31992208 -7.54965505 0
MixPars -1.31906471 0.23064505 -5.71902458 1e-08
MixPars -1.57920517 0.29990289 -5.26572173 1.4e-07
MixPars -1.14776456 0.16258059 -7.05966519 0
MixPars 0.62463897 0.12098322 5.16302166 2.4e-07
MixPars -2.46027537 0.25566116 -9.62318783 0
AddV 0.06609008 0.02985428 2.21375533 0.02684561
AddV 0.01294968 0.00405475 3.19370567 0.00140459
AddV 0.16320271 0.09113487 1.79078224 0.07332825
log_sigmaEnv -0.08920177 0.17071736 -0.5225114 0.60131431
envParams 0.62246878 0.26028156 2.39152085 0.01677873
envParams 0.41781253 0.35320869 1.18290559 0.23684657
envParams 0.45826592 0.40808316 1.1229719 0.26144943
envParams -0.11425942 0.34370914 -0.33243055 0.73956417
envParams 0.54929336 0.23166754 2.3710415 0.01773804
envParams -0.50335538 0.45158819 -1.11463363 0.26500745
envParams -1.19499515 0.83333496 -1.43399138 0.15157472
envParams 0.02536598 0.39386703 0.0644024 0.94864982

Mixing matrix
0.88607554 0.11392446 0 0 0 0 ,# Asia
0.02416968 0.19731544 0.11452517 0.64402932 0.01996039 0 ,# Hawaii
0.07974751 0.51462072 0.22341929 0.08973128 0.02217269 0.07030851 ,# MX_AR
0.02383821 0.26682452 0.07134495 0.05500291 0.08467553 0.49831389 ,# MX_ML
0 0 0 0 0.07869037 0.92130963 ,# Central_Am

Split of breeding stock to feeding grounds over time
Split for: Asia
Year RUS+WAL EAL+BER GOA SEA+NBC SBC+WA OR+CA
1970 0.88719 0.11281 0 0 0 0
1971 0.88763 0.11237 0 0 0 0
1972 0.88503 0.11497 0 0 0 0
1973 0.88516 0.11484 0 0 0 0
1974 0.88528 0.11472 0 0 0 0
1975 0.88538 0.11462 0 0 0 0
1976 0.88547 0.11453 0 0 0 0
1977 0.88555 0.11445 0 0 0 0
1978 0.88562 0.11438 0 0 0 0
1979 0.88572 0.11428 0 0 0 0
1980 0.88581 0.11419 0 0 0 0
1981 0.88587 0.11413 0 0 0 0
1982 0.88591 0.11409 0 0 0 0
1983 0.88592 0.11408 0 0 0 0
1984 0.88592 0.11408 0 0 0 0
1985 0.8859 0.1141 0 0 0 0
1986 0.88587 0.11413 0 0 0 0
1987 0.88582 0.11418 0 0 0 0
1988 0.88576 0.11424 0 0 0 0
1989 0.88569 0.11431 0 0 0 0
1990 0.88561 0.11439 0 0 0 0
1991 0.88551 0.11449 0 0 0 0
1992 0.88541 0.11459 0 0 0 0
1993 0.88529 0.11471 0 0 0 0
1994 0.88516 0.11484 0 0 0 0
1995 0.88501 0.11499 0 0 0 0
1996 0.88484 0.11516 0 0 0 0
1997 0.88465 0.11535 0 0 0 0
1998 0.88451 0.11549 0 0 0 0
1999 0.88433 0.11567 0 0 0 0
2000 0.88409 0.11591 0 0 0 0
2001 0.88099 0.11901 0 0 0 0
2002 0.87805 0.12195 0 0 0 0
2003 0.87505 0.12495 0 0 0 0
2004 0.87422 0.12578 0 0 0 0
2005 0.87105 0.12895 0 0 0 0
2006 0.87224 0.12776 0 0 0 0
2007 0.86797 0.13203 0 0 0 0
2008 0.86433 0.13567 0 0 0 0
2009 0.85944 0.14056 0 0 0 0
2010 0.86494 0.13506 0 0 0 0
2011 0.86292 0.13708 0 0 0 0
2012 0.87893 0.12107 0 0 0 0
2013 0.87336 0.12664 0 0 0 0
2014 0.87065 0.12935 0 0 0 0
2015 0.86847 0.13153 0 0 0 0
2016 0.90392 0.09608 0 0 0 0
2017 0.90913 0.09087 0 0 0 0
2018 0.93569 0.06431 0 0 0 0
2019 0.95548 0.04452 0 0 0 0
2020 0.95785 0.04215 0 0 0 0
2021 0.95554 0.04446 0 0 0 0
2022 0.95372 0.04628 0 0 0 0
2023 0.95761 0.04239 0 0 0 0
2024 0.95426 0.04574 0 0 0 0
Split for: Hawaii
Year RUS+WAL EAL+BER GOA SEA+NBC SBC+WA OR+CA
1970 0.02456 0.19829 0.11317 0.64376 0.02022 0
1971 0.02471 0.19861 0.11387 0.64246 0.02034 0
1972 0.02417 0.1994 0.11447 0.64151 0.02044 0
1973 0.02428 0.20004 0.11496 0.6402 0.02052 0
1974 0.02438 0.20065 0.11543 0.63895 0.02059 0
1975 0.02448 0.20126 0.11583 0.63777 0.02067 0
1976 0.02458 0.20186 0.11622 0.63663 0.02071 0
1977 0.02467 0.20247 0.11661 0.6355 0.02076 0
1978 0.02476 0.20307 0.11699 0.63438 0.02081 0
1979 0.02485 0.20361 0.11737 0.63331 0.02086 0
1980 0.02494 0.20417 0.11775 0.63222 0.02091 0
1981 0.02503 0.20478 0.11811 0.63112 0.02095 0
1982 0.02512 0.20542 0.11845 0.63 0.02101 0
1983 0.0252 0.20607 0.11878 0.62888 0.02106 0
1984 0.02529 0.20675 0.11909 0.62776 0.02111 0
1985 0.02536 0.20738 0.11937 0.62673 0.02116 0
1986 0.02544 0.20809 0.11964 0.62562 0.02122 0
1987 0.02553 0.20892 0.11999 0.62429 0.02128 0
1988 0.0256 0.20963 0.12024 0.62319 0.02134 0
1989 0.02565 0.21021 0.12041 0.62235 0.02138 0
1990 0.02571 0.21085 0.12062 0.6214 0.02142 0
1991 0.02577 0.21153 0.12084 0.6204 0.02147 0
1992 0.02583 0.21227 0.12109 0.61928 0.02153 0
1993 0.02588 0.21292 0.12127 0.61836 0.02157 0
1994 0.02594 0.21367 0.12149 0.61727 0.02163 0
1995 0.02599 0.21444 0.12172 0.61615 0.0217 0
1996 0.02606 0.21534 0.12201 0.61481 0.02178 0
1997 0.02612 0.21626 0.12228 0.61345 0.02189 0
1998 0.02619 0.21716 0.12258 0.61206 0.022 0
1999 0.02627 0.21819 0.12293 0.61051 0.02211 0
2000 0.02633 0.21922 0.1232 0.60903 0.02222 0
2001 0.02617 0.2245 0.12243 0.60451 0.02239 0
2002 0.02551 0.22493 0.11928 0.60787 0.02243 0
2003 0.02501 0.22678 0.11694 0.60848 0.02279 0
2004 0.02475 0.2261 0.11569 0.61044 0.02302 0
2005 0.02475 0.23266 0.11567 0.60389 0.02303 0
2006 0.02533 0.23554 0.11834 0.59667 0.02412 0
2007 0.02499 0.24136 0.11652 0.59226 0.02487 0
2008 0.02547 0.25387 0.11868 0.57629 0.02569 0
2009 0.02463 0.25577 0.11468 0.57891 0.02601 0
2010 0.02519 0.24971 0.11732 0.58068 0.02711 0
2011 0.02458 0.24796 0.11445 0.58537 0.02765 0
2012 0.02648 0.23157 0.12302 0.58842 0.03051 0
2013 0.02588 0.23827 0.12018 0.58516 0.03051 0
2014 0.02923 0.27572 0.13533 0.52521 0.03449 3e-05
2015 0.03246 0.31213 0.14994 0.46705 0.03842 0
2016 0.03704 0.25 0.17078 0.49751 0.04467 0
2017 0.04266 0.27075 0.19648 0.43771 0.05239 0
2018 0.04628 0.20199 0.21283 0.4821 0.0568 0
2019 0.04967 0.14695 0.22795 0.51219 0.06324 0
2020 0.0509 0.14222 0.23345 0.51066 0.06276 0
2021 0.05262 0.15547 0.24072 0.48599 0.0652 0
2022 0.05244 0.1616 0.23948 0.48198 0.06449 0
2023 0.05384 0.15132 0.24493 0.48466 0.06524 0
2024 0.05307 0.16154 0.2408 0.4799 0.06469 0
Split for: MX_AR
Year RUS+WAL EAL+BER GOA SEA+NBC SBC+WA OR+CA
1970 0.0811 0.51761 0.22096 0.08977 0.02248 0.06808
1971 0.08138 0.51708 0.22175 0.08935 0.02256 0.06787
1972 0.07952 0.51845 0.22263 0.0891 0.02263 0.06768
1973 0.07966 0.51868 0.22297 0.08868 0.02266 0.06735
1974 0.0798 0.51903 0.22334 0.08829 0.02269 0.06685
1975 0.07994 0.51944 0.22361 0.08793 0.02272 0.06635
1976 0.08008 0.51988 0.22388 0.08759 0.02272 0.06585
1977 0.08021 0.52032 0.22415 0.08725 0.02272 0.06535
1978 0.08034 0.52077 0.22441 0.08691 0.02273 0.06484
1979 0.08048 0.52116 0.2247 0.08659 0.02274 0.06433
1980 0.08061 0.52158 0.225 0.08628 0.02275 0.06377
1981 0.08074 0.52208 0.22523 0.08596 0.02275 0.06324
1982 0.08086 0.52264 0.22541 0.08563 0.02276 0.06271
1983 0.08096 0.5232 0.22557 0.0853 0.02277 0.06221
1984 0.08104 0.52377 0.22566 0.08496 0.02277 0.0618
1985 0.08111 0.52433 0.22575 0.08465 0.02278 0.06139
1986 0.08118 0.52495 0.22576 0.08431 0.0228 0.06099
1987 0.08125 0.52563 0.2258 0.08391 0.0228 0.06062
1988 0.0813 0.52627 0.2258 0.08358 0.02282 0.06024
1989 0.08133 0.52686 0.22574 0.08333 0.02282 0.05992
1990 0.08135 0.52743 0.22569 0.08304 0.02282 0.05967
1991 0.08138 0.52808 0.22564 0.08274 0.02283 0.05933
1992 0.0814 0.52875 0.22561 0.0824 0.02284 0.05899
1993 0.08141 0.5294 0.22552 0.08213 0.02285 0.05869
1994 0.0814 0.53006 0.22544 0.0818 0.02286 0.05844
1995 0.08139 0.53073 0.22535 0.08147 0.02287 0.0582
1996 0.08136 0.53145 0.22523 0.08106 0.02289 0.058
1997 0.08132 0.53219 0.22507 0.08065 0.02294 0.05783
1998 0.08131 0.53283 0.22497 0.08022 0.02299 0.05768
1999 0.08127 0.53357 0.22485 0.07975 0.02302 0.05753
2000 0.0812 0.53432 0.22461 0.0793 0.02307 0.0575
2001 0.07997 0.54219 0.22116 0.07799 0.02303 0.05567
2002 0.07856 0.5476 0.21721 0.07906 0.02325 0.05432
2003 0.07717 0.55308 0.21334 0.07928 0.02367 0.05346
2004 0.0767 0.55391 0.21199 0.07989 0.02402 0.05348
2005 0.07554 0.56125 0.20872 0.07782 0.02366 0.053
2006 0.07616 0.55992 0.21042 0.07577 0.02442 0.0533
2007 0.07452 0.56892 0.20544 0.07458 0.02497 0.05157
2008 0.07339 0.57823 0.2022 0.07012 0.02492 0.05114
2009 0.07143 0.58634 0.19664 0.0709 0.0254 0.04929
2010 0.07343 0.57547 0.20224 0.07149 0.02661 0.05077
2011 0.07245 0.57768 0.19944 0.07285 0.02743 0.05014
2012 0.07884 0.54512 0.2166 0.074 0.03059 0.05485
2013 0.07641 0.55611 0.2098 0.07296 0.03033 0.05439
2014 0.07642 0.56984 0.20922 0.05799 0.03036 0.05617
2015 0.07636 0.58044 0.20856 0.0464 0.03043 0.05781
2016 0.09252 0.4936 0.25221 0.05247 0.03756 0.07165
2017 0.09623 0.48273 0.26203 0.04169 0.03979 0.07753
2018 0.11301 0.38986 0.30726 0.04971 0.04669 0.09346
2019 0.12871 0.30098 0.34923 0.05604 0.05517 0.10987
2020 0.13085 0.28899 0.35481 0.05543 0.05432 0.1156
2021 0.12885 0.30093 0.34852 0.05025 0.05375 0.1177
2022 0.12726 0.30996 0.34359 0.04939 0.05269 0.11711
2023 0.1309 0.29083 0.3521 0.04976 0.0534 0.12301
2024 0.12726 0.30618 0.3414 0.04859 0.05222 0.12435
Split for: MX_ML
Year RUS+WAL EAL+BER GOA SEA+NBC SBC+WA OR+CA
1970 0.02457 0.27202 0.07152 0.05577 0.08702 0.4891
1971 0.02469 0.27213 0.07187 0.05559 0.08743 0.48828
1972 0.02415 0.27308 0.07222 0.05549 0.0878 0.48727
1973 0.02424 0.27381 0.0725 0.05535 0.08809 0.48601
1974 0.02437 0.27493 0.07286 0.05529 0.08851 0.48403
1975 0.02449 0.27607 0.07319 0.05525 0.08893 0.48206
1976 0.02462 0.27726 0.07354 0.05523 0.08925 0.4801
1977 0.02475 0.27848 0.07388 0.0552 0.08958 0.47811
1978 0.02488 0.27971 0.07423 0.05519 0.08992 0.47606
1979 0.02501 0.28092 0.0746 0.05518 0.09029 0.474
1980 0.02515 0.28224 0.07499 0.0552 0.09069 0.47174
1981 0.02528 0.28359 0.07535 0.0552 0.09104 0.46954
1982 0.02541 0.28493 0.07569 0.05519 0.0914 0.46738
1983 0.02554 0.28625 0.07601 0.05517 0.09178 0.46526
1984 0.02564 0.28741 0.07627 0.05511 0.09205 0.46353
1985 0.02573 0.28855 0.07651 0.05507 0.09234 0.46179
1986 0.02583 0.28969 0.07673 0.05501 0.09265 0.46009
1987 0.02592 0.29084 0.07695 0.05489 0.09294 0.45847
1988 0.026 0.29196 0.07715 0.05482 0.09324 0.45684
1989 0.02607 0.29295 0.07731 0.05478 0.09346 0.45544
1990 0.02613 0.29379 0.07743 0.05468 0.09362 0.45435
1991 0.0262 0.29486 0.0776 0.05462 0.09389 0.45283
1992 0.02627 0.29594 0.07777 0.05453 0.09415 0.45135
1993 0.02632 0.29693 0.07791 0.05446 0.09438 0.45
1994 0.02637 0.29783 0.07802 0.05434 0.09459 0.44885
1995 0.02641 0.29871 0.07811 0.05421 0.09481 0.44775
1996 0.02644 0.29951 0.07818 0.05401 0.09501 0.44685
1997 0.02645 0.30024 0.0782 0.05379 0.09532 0.446
1998 0.02647 0.30087 0.07824 0.05356 0.09561 0.44525
1999 0.02648 0.30158 0.07827 0.05329 0.09585 0.44452
2000 0.02646 0.30202 0.07819 0.05299 0.09605 0.44429
2001 0.02639 0.31031 0.07796 0.05277 0.09707 0.43551
2002 0.02612 0.31581 0.07715 0.0539 0.09878 0.42823
2003 0.02575 0.3201 0.07604 0.05424 0.10092 0.42294
2004 0.02554 0.31996 0.07542 0.05456 0.1022 0.42232
2005 0.02526 0.32552 0.07456 0.05336 0.10109 0.42022
2006 0.02536 0.32337 0.07484 0.05173 0.10388 0.42081
2007 0.02504 0.33165 0.07376 0.0514 0.10721 0.41095
2008 0.02474 0.33804 0.0728 0.04846 0.1073 0.40866
2009 0.02432 0.34626 0.07152 0.0495 0.11048 0.39793
2010 0.02466 0.33519 0.07255 0.04923 0.11415 0.40423
2011 0.02434 0.33668 0.07159 0.0502 0.11776 0.39943
2012 0.02544 0.30513 0.07467 0.04897 0.12613 0.41966
2013 0.02471 0.31198 0.07249 0.04839 0.12532 0.41711
2014 0.02444 0.31609 0.07148 0.03803 0.12403 0.42593
2015 0.02416 0.31854 0.07049 0.0301 0.12301 0.43369
2016 0.0264 0.24432 0.07689 0.03071 0.13694 0.48475
2017 0.0264 0.2297 0.07679 0.02345 0.13944 0.50422
2018 0.02803 0.16772 0.08141 0.02528 0.14796 0.5496
2019 0.02893 0.11736 0.08387 0.02583 0.15845 0.58556
2020 0.0287 0.10994 0.08313 0.02493 0.15219 0.60111
2021 0.02799 0.11339 0.08088 0.02239 0.14916 0.6062
2022 0.02777 0.11732 0.08009 0.0221 0.14688 0.60585
2023 0.02778 0.10705 0.07982 0.02165 0.14479 0.6189
2024 0.02686 0.11209 0.07697 0.02103 0.14081 0.62223
Split for: Central_Am
Year RUS+WAL EAL+BER GOA SEA+NBC SBC+WA OR+CA
1970 0 0 0 0 0.08209 0.91791
1971 0 0 0 0 0.08257 0.91743
1972 0 0 0 0 0.08305 0.91695
1973 0 0 0 0 0.0835 0.9165
1974 0 0 0 0 0.08418 0.91582
1975 0 0 0 0 0.08486 0.91514
1976 0 0 0 0 0.08546 0.91454
1977 0 0 0 0 0.08607 0.91393
1978 0 0 0 0 0.08671 0.91329
1979 0 0 0 0 0.08738 0.91262
1980 0 0 0 0 0.08812 0.91188
1981 0 0 0 0 0.0888 0.9112
1982 0 0 0 0 0.0895 0.9105
1983 0 0 0 0 0.09021 0.90979
1984 0 0 0 0 0.09076 0.90924
1985 0 0 0 0 0.09133 0.90867
1986 0 0 0 0 0.09192 0.90808
1987 0 0 0 0 0.09247 0.90753
1988 0 0 0 0 0.09304 0.90696
1989 0 0 0 0 0.09351 0.90649
1990 0 0 0 0 0.09386 0.90614
1991 0 0 0 0 0.09438 0.90562
1992 0 0 0 0 0.0949 0.9051
1993 0 0 0 0 0.09537 0.90463
1994 0 0 0 0 0.09578 0.90422
1995 0 0 0 0 0.09619 0.90381
1996 0 0 0 0 0.09656 0.90344
1997 0 0 0 0 0.097 0.903
1998 0 0 0 0 0.09742 0.90258
1999 0 0 0 0 0.09778 0.90222
2000 0 0 0 0 0.09801 0.90199
2001 0 0 0 0 0.10075 0.89925
2002 0 0 0 0 0.1039 0.8961
2003 0 0 0 0 0.10709 0.89291
2004 0 0 0 0 0.10844 0.89156
2005 0 0 0 0 0.10788 0.89212
2006 0 0 0 0 0.11039 0.88961
2007 0 0 0 0 0.11593 0.88407
2008 0 0 0 0 0.11659 0.88341
2009 0 0 0 0 0.12247 0.87753
2010 0 0 0 0 0.12429 0.87571
2011 0 0 0 0 0.12906 0.87094
2012 0 0 0 0 0.13124 0.86876
2013 0 0 0 0 0.13121 0.86879
2014 0 0 0 0 0.12769 0.87231
2015 0 0 0 0 0.12478 0.87522
2016 0 0 0 0 0.12434 0.87566
2017 0 0 0 0 0.12204 0.87796
2018 0 0 0 0 0.11919 0.88081
2019 0 0 0 0 0.11973 0.88027
2020 0 0 0 0 0.11289 0.88711
2021 0 0 0 0 0.11007 0.88993
2022 0 0 0 0 0.10862 0.89138
2023 0 0 0 0 0.10522 0.89478
2024 0 0 0 0 0.10213 0.89787

Difference in mortality over time
Difference for: Asia
Year RUS+WAL EAL+BER GOA SEA+NBC SBC+WA OR+CA
1970 0 0 0 0 0 0
1971 0 0 0 0 0 0
1972 0 0 0 0 0 0
1973 0 0 0 0 0 0
1974 0 0 0 0 0 0
1975 0 0 0 0 0 0
1976 0 0 0 0 0 0
1977 0 0 0 0 0 0
1978 0 0 0 0 0 0
1979 0 0 0 0 0 0
1980 0 0 0 0 0 0
1981 0 0 0 0 0 0
1982 0 0 0 0 0 0
1983 0 0 0 0 0 0
1984 0 0 0 0 0 0
1985 0 0 0 0 0 0
1986 0 0 0 0 0 0
1987 0 0 0 0 0 0
1988 0 0 0 0 0 0
1989 0 0 0 0 0 0
1990 0 0 0 0 0 0
1991 0 0 0 0 0 0
1992 0 0 0 0 0 0
1993 0 0 0 0 0 0
1994 0 0 0 0 0 0
1995 0 0 0 0 0 0
1996 0 0 0 0 0 0
1997 0 0 0 0 0 0
1998 0 0 0 0 0 0
1999 0 0 0 0 0 0
2000 0 2 0 0 0 0
2001 0 2 0 0 0 0
2002 0 3 0 0 0 0
2003 0 1 0 0 0 0
2004 0 3 0 0 0 0
2005 0 -1 0 0 0 0
2006 0 5 0 0 0 0
2007 0 5 0 0 0 0
2008 0 7 0 0 0 0
2009 0 -8 0 0 0 0
2010 0 3 0 0 0 0
2011 0 -29 0 0 0 0
2012 0 7 0 0 0 0
2013 0 4 0 0 0 0
2014 0 4 0 0 0 0
2015 0 -81 0 0 0 0
2016 0 -13 0 0 0 0
2017 0 -65 0 0 0 0
2018 0 -47 0 0 0 0
2019 0 -7 0 0 0 0
2020 0 1 0 0 0 0
2021 0 0 0 0 0 0
2022 0 -13 0 0 0 0
2023 0 3 0 0 0 0
Difference for: Hawaii
Year RUS+WAL EAL+BER GOA SEA+NBC SBC+WA OR+CA
1970 0 0 0 0 0 0
1971 0 0 0 0 0 0
1972 0 0 0 0 0 0
1973 0 0 0 0 0 0
1974 0 0 0 0 0 0
1975 0 0 0 0 0 0
1976 0 0 0 0 0 0
1977 0 0 0 0 0 0
1978 0 0 0 0 0 0
1979 0 0 0 0 0 0
1980 0 0 0 0 0 0
1981 0 0 0 0 0 0
1982 0 0 0 0 0 0
1983 0 0 0 0 0 0
1984 0 0 0 0 0 0
1985 0 0 0 0 0 0
1986 0 0 0 0 0 0
1987 0 0 0 0 0 0
1988 0 0 0 0 0 0
1989 0 0 0 0 0 0
1990 0 0 0 0 0 0
1991 0 0 0 0 0 0
1992 0 0 0 0 0 0
1993 0 0 0 0 0 0
1994 0 0 0 0 0 0
1995 0 0 0 0 0 0
1996 0 0 0 0 0 0
1997 0 0 0 0 0 0
1998 0 0 0 0 0 0
1999 0 0 0 0 0 0
2000 0 37 0 14 1 0
2001 0 40 0 146 4 0
2002 0 45 0 127 5 0
2003 0 14 0 116 3 0
2004 0 57 0 -1 1 0
2005 0 -22 0 -147 5 0
2006 0 88 0 85 9 0
2007 0 86 0 -250 5 0
2008 0 126 0 291 11 0
2009 0 -140 0 -50 6 0
2010 0 59 0 312 16 0
2011 0 -536 0 -513 7 0
2012 0 138 0 205 7 0
2013 0 73 0 -2078 0 0
2014 0 71 0 -1785 0 0
2015 0 -1584 0 -546 7 0
2016 0 -251 0 -1903 8 0
2017 0 -1296 0 -78 2 0
2018 0 -939 0 -213 19 0
2019 0 -143 0 -328 -24 0
2020 0 17 0 -633 -2 0
2021 0 -7 0 -201 -14 0
2022 0 -267 0 -253 -17 0
2023 0 56 0 -129 -8 0
Difference for: MX_AR
Year RUS+WAL EAL+BER GOA SEA+NBC SBC+WA OR+CA
1970 0 0 0 0 0 0
1971 0 0 0 0 0 0
1972 0 0 0 0 0 0
1973 0 0 0 0 0 0
1974 0 0 0 0 0 0
1975 0 0 0 0 0 0
1976 0 0 0 0 0 0
1977 0 0 0 0 0 0
1978 0 0 0 0 0 0
1979 0 0 0 0 0 0
1980 0 0 0 0 0 0
1981 0 0 0 0 0 0
1982 0 0 0 0 0 0
1983 0 0 0 0 0 0
1984 0 0 0 0 0 0
1985 0 0 0 0 0 0
1986 0 0 0 0 0 0
1987 0 0 0 0 0 0
1988 0 0 0 0 0 0
1989 0 0 0 0 0 0
1990 0 0 0 0 0 0
1991 0 0 0 0 0 0
1992 0 0 0 0 0 0
1993 0 0 0 0 0 0
1994 0 0 0 0 0 0
1995 0 0 0 0 0 0
1996 0 0 0 0 0 0
1997 0 0 0 0 0 0
1998 0 0 0 0 0 0
1999 0 0 0 0 0 0
2000 0 21 0 0 0 -1
2001 0 22 0 4 1 -1
2002 0 25 0 4 1 0
2003 0 8 0 3 1 0
2004 0 32 0 0 0 0
2005 0 -12 0 -4 1 -1
2006 0 49 0 3 2 -2
2007 0 48 0 -7 1 -1
2008 0 71 0 9 3 -3
2009 0 -78 0 -1 1 -1
2010 0 33 0 9 4 -2
2011 0 -300 0 -15 2 -2
2012 0 77 0 6 2 0
2013 0 41 0 -62 0 4
2014 0 40 0 -53 0 7
2015 0 -886 0 -16 2 8
2016 0 -140 0 -57 2 7
2017 0 -725 0 -2 1 7
2018 0 -525 0 -6 4 5
2019 0 -80 0 -10 -6 4
2020 0 10 0 -19 -1 6
2021 0 -4 0 -6 -3 -5
2022 0 -149 0 -8 -4 -1
2023 0 31 0 -4 -2 2
Difference for: MX_ML
Year RUS+WAL EAL+BER GOA SEA+NBC SBC+WA OR+CA
1970 0 0 0 0 0 0
1971 0 0 0 0 0 0
1972 0 0 0 0 0 0
1973 0 0 0 0 0 0
1974 0 0 0 0 0 0
1975 0 0 0 0 0 0
1976 0 0 0 0 0 0
1977 0 0 0 0 0 0
1978 0 0 0 0 0 0
1979 0 0 0 0 0 0
1980 0 0 0 0 0 0
1981 0 0 0 0 0 0
1982 0 0 0 0 0 0
1983 0 0 0 0 0 0
1984 0 0 0 0 0 0
1985 0 0 0 0 0 0
1986 0 0 0 0 0 0
1987 0 0 0 0 0 0
1988 0 0 0 0 0 0
1989 0 0 0 0 0 0
1990 0 0 0 0 0 0
1991 0 0 0 0 0 0
1992 0 0 0 0 0 0
1993 0 0 0 0 0 0
1994 0 0 0 0 0 0
1995 0 0 0 0 0 0
1996 0 0 0 0 0 0
1997 0 0 0 0 0 0
1998 0 0 0 0 0 0
1999 0 0 0 0 0 0
2000 0 13 0 0 2 -13
2001 0 14 0 3 4 -6
2002 0 16 0 3 6 0
2003 0 5 0 3 4 3
2004 0 20 0 0 1 3
2005 0 -8 0 -3 6 -6
2006 0 31 0 2 10 -19
2007 0 30 0 -5 6 -6
2008 0 44 0 6 12 -28
2009 0 -48 0 -1 7 -9
2010 0 20 0 7 17 -20
2011 0 -185 0 -11 8 -18
2012 0 47 0 4 7 2
2013 0 25 0 -45 0 34
2014 0 24 0 -39 0 56
2015 0 -541 0 -12 7 67
2016 0 -85 0 -41 9 60
2017 0 -440 0 -2 2 57
2018 0 -318 0 -5 20 45
2019 0 -48 0 -7 -25 37
2020 0 6 0 -13 -3 48
2021 0 -2 0 -4 -14 -38
2022 0 -90 0 -5 -18 -5
2023 0 19 0 -3 -9 18
Difference for: Central_Am
Year RUS+WAL EAL+BER GOA SEA+NBC SBC+WA OR+CA
1970 0 0 0 0 0 0
1971 0 0 0 0 0 0
1972 0 0 0 0 0 0
1973 0 0 0 0 0 0
1974 0 0 0 0 0 0
1975 0 0 0 0 0 0
1976 0 0 0 0 0 0
1977 0 0 0 0 0 0
1978 0 0 0 0 0 0
1979 0 0 0 0 0 0
1980 0 0 0 0 0 0
1981 0 0 0 0 0 0
1982 0 0 0 0 0 0
1983 0 0 0 0 0 0
1984 0 0 0 0 0 0
1985 0 0 0 0 0 0
1986 0 0 0 0 0 0
1987 0 0 0 0 0 0
1988 0 0 0 0 0 0
1989 0 0 0 0 0 0
1990 0 0 0 0 0 0
1991 0 0 0 0 0 0
1992 0 0 0 0 0 0
1993 0 0 0 0 0 0
1994 0 0 0 0 0 0
1995 0 0 0 0 0 0
1996 0 0 0 0 0 0
1997 0 0 0 0 0 0
1998 0 0 0 0 0 0
1999 0 0 0 0 0 0
2000 0 0 0 0 0 -5
2001 0 0 0 0 1 -2
2002 0 0 0 0 1 0
2003 0 0 0 0 1 1
2004 0 0 0 0 0 1
2005 0 0 0 0 1 -2
2006 0 0 0 0 2 -7
2007 0 0 0 0 1 -2
2008 0 0 0 0 2 -11
2009 0 0 0 0 1 -3
2010 0 0 0 0 3 -8
2011 0 0 0 0 1 -7
2012 0 0 0 0 1 1
2013 0 0 0 0 0 13
2014 0 0 0 0 0 21
2015 0 0 0 0 1 26
2016 0 0 0 0 2 23
2017 0 0 0 0 0 22
2018 0 0 0 0 4 17
2019 0 0 0 0 -5 14
2020 0 0 0 0 -1 19
2021 0 0 0 0 -3 -15
2022 0 0 0 0 -3 -2
2023 0 0 0 0 -2 7

Total survival over time
Values for breeding stock: Asia
Year RUS+WAL EAL+BER GOA SEA+NBC SBC+WA OR+CA
1970 0.997 0.986 0 0 0 0
1971 1.28 1.275 0 0 0 0
1972 1.185 1.216 0 0 0 0
1973 1.176 1.175 0 0 0 0
1974 1.147 1.145 0 0 0 0
1975 1.126 1.125 0 0 0 0
1976 1.109 1.108 0 0 0 0
1977 1.095 1.094 0 0 0 0
1978 1.084 1.084 0 0 0 0
1979 1.075 1.074 0 0 0 0
1980 1.067 1.066 0 0 0 0
1981 1.086 1.086 0 0 0 0
1982 1.1 1.1 0 0 0 0
1983 1.108 1.108 0 0 0 0
1984 1.113 1.113 0 0 0 0
1985 1.114 1.114 0 0 0 0
1986 1.113 1.113 0 0 0 0
1987 1.11 1.11 0 0 0 0
1988 1.106 1.107 0 0 0 0
1989 1.101 1.103 0 0 0 0
1990 1.097 1.098 0 0 0 0
1991 1.095 1.096 0 0 0 0
1992 1.094 1.096 0 0 0 0
1993 1.095 1.097 0 0 0 0
1994 1.096 1.098 0 0 0 0
1995 1.097 1.099 0 0 0 0
1996 1.097 1.1 0 0 0 0
1997 1.097 1.1 0 0 0 0
1998 1.097 1.099 0 0 0 0
1999 1.096 1.098 0 0 0 0
2000 1.094 1.12 0 0 0 0
2001 1.092 1.113 0 0 0 0
2002 1.09 1.111 0 0 0 0
2003 1.089 1.092 0 0 0 0
2004 1.087 1.11 0 0 0 0
2005 1.086 1.073 0 0 0 0
2006 1.084 1.116 0 0 0 0
2007 1.083 1.105 0 0 0 0
2008 1.081 1.112 0 0 0 0
2009 1.08 1.032 0 0 0 0
2010 1.078 1.092 0 0 0 0
2011 1.076 0.943 0 0 0 0
2012 1.073 1.129 0 0 0 0
2013 1.065 1.086 0 0 0 0
2014 1.078 1.096 0 0 0 0
2015 1.04 0.729 0 0 0 0
2016 1.068 1.052 0 0 0 0
2017 1.065 0.738 0 0 0 0
2018 1.061 0.785 0 0 0 0
2019 1.064 1.13 0 0 0 0
2020 1.051 1.147 0 0 0 0
2021 1.048 1.102 0 0 0 0
2022 1.045 0.979 0 0 0 0
2023 1.042 1.151 0 0 0 0
Values for breeding stock: Hawaii
Year RUS+WAL EAL+BER GOA SEA+NBC SBC+WA OR+CA
1970 1.008 0.997 0.98 0.992 1.005 0
1971 1.292 1.286 1.292 1.281 1.292 0
1972 1.195 1.227 1.228 1.22 1.228 0
1973 1.186 1.185 1.186 1.178 1.186 0
1974 1.156 1.155 1.156 1.149 1.156 0
1975 1.134 1.133 1.133 1.127 1.134 0
1976 1.117 1.116 1.117 1.111 1.115 0
1977 1.104 1.103 1.103 1.097 1.102 0
1978 1.093 1.092 1.092 1.087 1.091 0
1979 1.084 1.083 1.083 1.078 1.082 0
1980 1.076 1.075 1.076 1.07 1.075 0
1981 1.095 1.095 1.095 1.09 1.094 0
1982 1.109 1.109 1.108 1.103 1.108 0
1983 1.118 1.117 1.117 1.112 1.117 0
1984 1.122 1.122 1.121 1.116 1.121 0
1985 1.122 1.123 1.122 1.117 1.122 0
1986 1.121 1.122 1.12 1.116 1.121 0
1987 1.118 1.119 1.118 1.112 1.118 0
1988 1.114 1.115 1.114 1.109 1.115 0
1989 1.11 1.111 1.109 1.106 1.11 0
1990 1.105 1.106 1.104 1.101 1.105 0
1991 1.103 1.104 1.102 1.098 1.104 0
1992 1.103 1.104 1.102 1.098 1.103 0
1993 1.103 1.105 1.103 1.099 1.104 0
1994 1.104 1.106 1.104 1.1 1.105 0
1995 1.105 1.107 1.105 1.101 1.107 0
1996 1.106 1.108 1.105 1.1 1.108 0
1997 1.105 1.108 1.105 1.1 1.109 0
1998 1.105 1.107 1.105 1.099 1.109 0
1999 1.104 1.106 1.104 1.097 1.107 0
2000 1.102 1.129 1.102 1.1 1.115 0
2001 1.1 1.122 1.1 1.124 1.124 0
2002 1.098 1.119 1.098 1.111 1.127 0
2003 1.097 1.1 1.097 1.103 1.111 0
2004 1.095 1.118 1.095 1.08 1.097 0
2005 1.094 1.081 1.094 1.059 1.112 0
2006 1.092 1.124 1.092 1.095 1.122 0
2007 1.091 1.114 1.089 1.046 1.111 0
2008 1.09 1.12 1.089 1.122 1.114 0
2009 1.088 1.04 1.088 1.068 1.106 0
2010 1.086 1.101 1.087 1.107 1.122 0
2011 1.084 0.95 1.084 1.016 1.092 0
2012 1.082 1.139 1.08 1.097 1.101 0
2013 1.08 1.101 1.079 0.869 1.085 0
2014 1.078 1.095 1.075 0.884 1.08 0
2015 1.075 0.753 1.072 1.04 1.091 0
2016 1.074 1.058 1.072 0.842 1.092 0
2017 1.071 0.742 1.07 1.143 1.078 0
2018 1.068 0.791 1.067 1.083 1.09 0
2019 1.066 1.132 1.063 1.06 1.042 0
2020 1.062 1.16 1.062 1.014 1.066 0
2021 1.06 1.115 1.057 1.083 1.056 0
2022 1.058 0.991 1.055 1.068 1.055 0
2023 1.055 1.166 1.051 1.076 1.059 0
Values for breeding stock: MX_AR
Year RUS+WAL EAL+BER GOA SEA+NBC SBC+WA OR+CA
1970 1.008 0.997 0.98 0.992 1.005 0.96
1971 1.292 1.286 1.292 1.281 1.292 1.283
1972 1.195 1.227 1.228 1.22 1.228 1.22
1973 1.186 1.185 1.186 1.178 1.186 1.179
1974 1.156 1.155 1.156 1.149 1.156 1.146
1975 1.134 1.133 1.134 1.127 1.134 1.124
1976 1.117 1.116 1.117 1.111 1.116 1.107
1977 1.104 1.103 1.103 1.097 1.102 1.094
1978 1.093 1.092 1.092 1.087 1.091 1.083
1979 1.084 1.083 1.083 1.078 1.083 1.074
1980 1.076 1.075 1.076 1.07 1.075 1.065
1981 1.096 1.095 1.095 1.09 1.094 1.085
1982 1.109 1.109 1.109 1.103 1.108 1.099
1983 1.118 1.118 1.117 1.112 1.117 1.108
1984 1.122 1.122 1.121 1.116 1.121 1.113
1985 1.123 1.123 1.122 1.117 1.122 1.115
1986 1.121 1.122 1.12 1.116 1.121 1.114
1987 1.118 1.119 1.118 1.112 1.118 1.111
1988 1.114 1.115 1.114 1.109 1.115 1.107
1989 1.11 1.111 1.109 1.106 1.11 1.104
1990 1.105 1.106 1.105 1.101 1.105 1.101
1991 1.103 1.104 1.103 1.099 1.104 1.097
1992 1.103 1.104 1.102 1.098 1.103 1.097
1993 1.103 1.105 1.103 1.099 1.104 1.098
1994 1.104 1.106 1.104 1.1 1.106 1.1
1995 1.105 1.107 1.105 1.101 1.107 1.102
1996 1.106 1.108 1.105 1.1 1.108 1.103
1997 1.106 1.108 1.105 1.1 1.109 1.104
1998 1.105 1.107 1.105 1.099 1.109 1.104
1999 1.104 1.106 1.104 1.097 1.107 1.103
2000 1.102 1.129 1.102 1.1 1.115 1.089
2001 1.1 1.122 1.1 1.124 1.124 1.098
2002 1.098 1.119 1.098 1.111 1.127 1.104
2003 1.097 1.1 1.097 1.103 1.111 1.104
2004 1.095 1.118 1.095 1.08 1.097 1.104
2005 1.094 1.081 1.094 1.059 1.112 1.093
2006 1.093 1.125 1.093 1.095 1.122 1.084
2007 1.091 1.114 1.089 1.046 1.111 1.099
2008 1.09 1.12 1.089 1.122 1.114 1.087
2009 1.088 1.04 1.088 1.068 1.106 1.104
2010 1.086 1.101 1.087 1.107 1.122 1.088
2011 1.084 0.95 1.084 1.016 1.092 1.096
2012 1.082 1.139 1.08 1.097 1.101 1.109
2013 1.08 1.101 1.079 0.869 1.085 1.125
2014 1.078 1.096 1.075 0.884 1.081 1.118
2015 1.075 0.753 1.072 1.04 1.091 1.101
2016 1.074 1.058 1.072 0.842 1.092 1.083
2017 1.071 0.742 1.07 1.143 1.078 1.103
2018 1.068 0.791 1.067 1.083 1.09 1.085
2019 1.066 1.132 1.063 1.06 1.042 1.093
2020 1.062 1.16 1.062 1.014 1.066 1.101
2021 1.06 1.115 1.057 1.083 1.056 1.069
2022 1.058 0.991 1.055 1.068 1.055 1.084
2023 1.055 1.166 1.051 1.076 1.059 1.089
Values for breeding stock: MX_ML
Year RUS+WAL EAL+BER GOA SEA+NBC SBC+WA OR+CA
1970 1.002 0.991 0.974 0.986 0.999 0.954
1971 1.285 1.279 1.285 1.274 1.285 1.276
1972 1.189 1.221 1.222 1.214 1.221 1.214
1973 1.181 1.179 1.181 1.173 1.18 1.173
1974 1.151 1.15 1.151 1.144 1.151 1.141
1975 1.129 1.128 1.129 1.123 1.129 1.119
1976 1.112 1.112 1.112 1.106 1.111 1.102
1977 1.099 1.099 1.099 1.093 1.098 1.089
1978 1.088 1.088 1.088 1.082 1.087 1.078
1979 1.079 1.078 1.079 1.074 1.078 1.069
1980 1.072 1.071 1.071 1.066 1.071 1.061
1981 1.091 1.091 1.091 1.085 1.09 1.081
1982 1.105 1.105 1.104 1.099 1.104 1.095
1983 1.113 1.113 1.113 1.108 1.113 1.103
1984 1.117 1.118 1.117 1.112 1.117 1.109
1985 1.119 1.119 1.118 1.113 1.118 1.111
1986 1.117 1.118 1.117 1.112 1.117 1.11
1987 1.114 1.115 1.114 1.108 1.114 1.107
1988 1.111 1.111 1.11 1.105 1.111 1.104
1989 1.106 1.107 1.106 1.102 1.106 1.101
1990 1.102 1.103 1.101 1.097 1.102 1.097
1991 1.1 1.101 1.099 1.095 1.1 1.094
1992 1.099 1.101 1.099 1.094 1.1 1.094
1993 1.1 1.102 1.1 1.096 1.101 1.095
1994 1.101 1.103 1.101 1.096 1.102 1.097
1995 1.102 1.104 1.102 1.097 1.104 1.099
1996 1.102 1.105 1.102 1.097 1.105 1.1
1997 1.102 1.105 1.102 1.097 1.106 1.101
1998 1.102 1.104 1.102 1.096 1.106 1.101
1999 1.101 1.103 1.101 1.094 1.104 1.1
2000 1.099 1.126 1.099 1.097 1.112 1.086
2001 1.097 1.119 1.097 1.122 1.121 1.095
2002 1.096 1.116 1.096 1.109 1.125 1.101
2003 1.094 1.098 1.094 1.101 1.109 1.101
2004 1.093 1.116 1.093 1.078 1.095 1.101
2005 1.091 1.078 1.091 1.056 1.109 1.091
2006 1.09 1.122 1.09 1.093 1.119 1.082
2007 1.089 1.112 1.087 1.044 1.108 1.097
2008 1.088 1.118 1.087 1.12 1.111 1.085
2009 1.086 1.038 1.085 1.066 1.104 1.102
2010 1.084 1.099 1.085 1.105 1.12 1.086
2011 1.082 0.948 1.081 1.013 1.09 1.094
2012 1.08 1.136 1.078 1.094 1.099 1.107
2013 1.078 1.099 1.077 0.868 1.083 1.123
2014 1.075 1.093 1.072 0.882 1.078 1.115
2015 1.072 0.752 1.07 1.037 1.088 1.099
2016 1.071 1.056 1.069 0.84 1.089 1.08
2017 1.069 0.74 1.067 1.14 1.075 1.101
2018 1.066 0.789 1.064 1.081 1.088 1.082
2019 1.063 1.129 1.061 1.058 1.039 1.091
2020 1.058 1.156 1.058 1.01 1.062 1.097
2021 1.058 1.113 1.055 1.081 1.054 1.067
2022 1.056 0.989 1.054 1.067 1.053 1.082
2023 1.052 1.163 1.048 1.074 1.057 1.087
Values for breeding stock: Central_Am
Year RUS+WAL EAL+BER GOA SEA+NBC SBC+WA OR+CA
1970 0 0 0 0 0.997 0.952
1971 0 0 0 0 1.283 1.275
1972 0 0 0 0 1.221 1.213
1973 0 0 0 0 1.178 1.171
1974 0 0 0 0 1.149 1.139
1975 0 0 0 0 1.128 1.118
1976 0 0 0 0 1.11 1.102
1977 0 0 0 0 1.097 1.089
1978 0 0 0 0 1.085 1.077
1979 0 0 0 0 1.077 1.068
1980 0 0 0 0 1.07 1.06
1981 0 0 0 0 1.089 1.08
1982 0 0 0 0 1.102 1.093
1983 0 0 0 0 1.112 1.102
1984 0 0 0 0 1.116 1.108
1985 0 0 0 0 1.117 1.109
1986 0 0 0 0 1.116 1.108
1987 0 0 0 0 1.113 1.106
1988 0 0 0 0 1.11 1.102
1989 0 0 0 0 1.105 1.099
1990 0 0 0 0 1.101 1.096
1991 0 0 0 0 1.099 1.092
1992 0 0 0 0 1.099 1.093
1993 0 0 0 0 1.1 1.094
1994 0 0 0 0 1.101 1.096
1995 0 0 0 0 1.102 1.098
1996 0 0 0 0 1.104 1.099
1997 0 0 0 0 1.105 1.1
1998 0 0 0 0 1.105 1.1
1999 0 0 0 0 1.103 1.099
2000 0 0 0 0 1.111 1.085
2001 0 0 0 0 1.12 1.094
2002 0 0 0 0 1.124 1.1
2003 0 0 0 0 1.108 1.1
2004 0 0 0 0 1.094 1.1
2005 0 0 0 0 1.108 1.09
2006 0 0 0 0 1.118 1.081
2007 0 0 0 0 1.107 1.096
2008 0 0 0 0 1.11 1.084
2009 0 0 0 0 1.103 1.101
2010 0 0 0 0 1.119 1.085
2011 0 0 0 0 1.089 1.093
2012 0 0 0 0 1.098 1.106
2013 0 0 0 0 1.082 1.122
2014 0 0 0 0 1.078 1.115
2015 0 0 0 0 1.088 1.098
2016 0 0 0 0 1.089 1.08
2017 0 0 0 0 1.075 1.1
2018 0 0 0 0 1.088 1.082
2019 0 0 0 0 1.041 1.092
2020 0 0 0 0 1.063 1.098
2021 0 0 0 0 1.053 1.066
2022 0 0 0 0 1.053 1.081
2023 0 0 0 0 1.057 1.087

Numbers over time by herd
Values for breeding stock: Asia
Year RUS+WAL EAL+BER GOA SEA+NBC SBC+WA OR+CA
1970 70 9 0 0 0 0
1971 89 11 0 0 0 0
1972 101 13 0 0 0 0
1973 114 15 0 0 0 0
1974 127 16 0 0 0 0
1975 139 18 0 0 0 0
1976 150 19 0 0 0 0
1977 160 21 0 0 0 0
1978 170 22 0 0 0 0
1979 179 23 0 0 0 0
1980 188 24 0 0 0 0
1981 200 26 0 0 0 0
1982 216 28 0 0 0 0
1983 234 30 0 0 0 0
1984 254 33 0 0 0 0
1985 276 36 0 0 0 0
1986 300 39 0 0 0 0
1987 324 42 0 0 0 0
1988 350 45 0 0 0 0
1989 377 49 0 0 0 0
1990 404 52 0 0 0 0
1991 433 56 0 0 0 0
1992 463 60 0 0 0 0
1993 496 64 0 0 0 0
1994 532 69 0 0 0 0
1995 571 74 0 0 0 0
1996 613 80 0 0 0 0
1997 658 86 0 0 0 0
1998 705 92 0 0 0 0
1999 756 99 0 0 0 0
2000 809 106 0 0 0 0
2001 864 117 0 0 0 0
2002 922 128 0 0 0 0
2003 983 140 0 0 0 0
2004 1046 151 0 0 0 0
2005 1113 165 0 0 0 0
2006 1182 173 0 0 0 0
2007 1254 191 0 0 0 0
2008 1329 209 0 0 0 0
2009 1406 230 0 0 0 0
2010 1486 232 0 0 0 0
2011 1567 249 0 0 0 0
2012 1650 227 0 0 0 0
2013 1724 250 0 0 0 0
2014 1824 271 0 0 0 0
2015 1862 282 0 0 0 0
2016 1953 208 0 0 0 0
2017 2045 204 0 0 0 0
2018 2131 147 0 0 0 0
2019 2229 104 0 0 0 0
2020 2304 101 0 0 0 0
2021 2375 111 0 0 0 0
2022 2443 119 0 0 0 0
2023 2507 111 0 0 0 0
Values for breeding stock: Hawaii
Year RUS+WAL EAL+BER GOA SEA+NBC SBC+WA OR+CA
1970 15 120 69 390 12 0
1971 19 153 88 496 16 0
1972 22 180 103 579 18 0
1973 25 205 118 657 21 0
1974 28 230 132 731 24 0
1975 31 253 145 801 26 0
1976 33 275 158 867 28 0
1977 36 296 170 929 30 0
1978 39 316 182 987 32 0
1979 41 335 193 1043 34 0
1980 43 354 204 1095 36 0
1981 46 380 219 1171 39 0
1982 50 413 238 1266 42 0
1983 55 451 260 1376 46 0
1984 60 494 284 1499 50 0
1985 66 541 311 1635 55 0
1986 72 592 340 1780 60 0
1987 79 646 371 1932 66 0
1988 86 704 404 2092 72 0
1989 93 763 437 2260 78 0
1990 101 825 472 2432 84 0
1991 109 891 509 2614 90 0
1992 117 962 549 2807 98 0
1993 126 1040 592 3021 105 0
1994 137 1125 640 3250 114 0
1995 148 1218 691 3500 123 0
1996 160 1319 747 3766 133 0
1997 173 1429 808 4054 145 0
1998 187 1546 873 4359 157 0
1999 201 1673 942 4680 169 0
2000 217 1807 1016 5021 183 0
2001 234 2005 1093 5398 200 0
2002 251 2216 1175 5989 221 0
2003 270 2446 1262 6564 246 0
2004 289 2644 1353 7137 269 0
2005 310 2914 1449 7564 288 0
2006 332 3086 1550 7817 316 0
2007 355 3426 1654 8407 353 0
2008 379 3776 1765 8571 382 0
2009 404 4196 1881 9496 427 0
2010 430 4266 2004 9920 463 0
2011 457 4614 2130 10894 515 0
2012 486 4248 2256 10793 560 0
2013 515 4738 2389 11635 607 0
2014 544 5134 2520 9779 642 0
2015 574 5523 2653 8265 680 0
2016 606 4088 2793 8136 730 0
2017 637 4045 2935 6539 783 0
2018 669 2920 3077 6970 821 0
2019 701 2074 3217 7228 892 0
2020 732 2046 3359 7348 903 0
2021 764 2257 3494 7055 946 0
2022 795 2450 3631 7308 978 0
2023 826 2322 3758 7436 1001 0
Values for breeding stock: MX_AR
Year RUS+WAL EAL+BER GOA SEA+NBC SBC+WA OR+CA
1970 11 67 29 12 3 9
1971 13 86 37 15 4 11
1972 15 100 43 17 4 13
1973 18 115 49 20 5 15
1974 20 128 55 22 6 17
1975 22 141 61 24 6 18
1976 24 153 66 26 7 19
1977 25 165 71 28 7 21
1978 27 176 76 29 8 22
1979 29 187 81 31 8 23
1980 31 197 85 33 9 24
1981 33 212 92 35 9 26
1982 36 231 99 38 10 28
1983 39 252 109 41 11 30
1984 43 276 119 45 12 33
1985 47 302 130 49 13 35
1986 51 331 142 53 14 38
1987 56 361 155 58 16 42
1988 61 393 169 62 17 45
1989 66 427 183 67 18 49
1990 71 461 197 73 20 52
1991 77 498 213 78 22 56
1992 83 538 229 84 23 60
1993 89 581 248 90 25 64
1994 97 629 267 97 27 69
1995 104 681 289 104 29 75
1996 113 737 312 112 32 80
1997 122 799 338 121 34 87
1998 132 864 365 130 37 94
1999 142 935 394 140 40 101
2000 154 1010 425 150 44 109
2001 165 1121 457 161 48 115
2002 178 1239 491 179 53 123
2003 191 1367 527 196 59 132
2004 205 1478 566 213 64 143
2005 219 1629 606 226 69 154
2006 235 1725 648 233 75 164
2007 251 1915 692 251 84 174
2008 268 2110 738 256 91 187
2009 286 2345 787 284 102 197
2010 304 2385 838 296 110 210
2011 324 2580 891 325 123 224
2012 343 2374 943 322 133 239
2013 364 2648 999 347 144 259
2014 385 2871 1054 292 153 283
2015 406 3088 1110 247 162 308
2016 429 2286 1168 243 174 332
2017 451 2262 1228 195 186 363
2018 473 1633 1287 208 196 391
2019 496 1160 1345 216 213 423
2020 518 1144 1405 220 215 458
2021 540 1262 1462 211 225 494
2022 563 1370 1519 218 233 518
2023 584 1298 1572 222 238 549
Values for breeding stock: MX_ML
Year RUS+WAL EAL+BER GOA SEA+NBC SBC+WA OR+CA
1970 4 47 12 10 15 85
1971 5 60 16 12 19 107
1972 6 70 18 14 22 125
1973 7 79 21 16 26 141
1974 8 88 23 18 28 156
1975 9 97 26 19 31 169
1976 9 105 28 21 34 182
1977 10 112 30 22 36 193
1978 11 120 32 24 38 204
1979 11 126 34 25 41 213
1980 12 133 35 26 43 222
1981 13 142 38 28 46 236
1982 14 154 41 30 49 252
1983 15 167 44 32 54 272
1984 16 183 48 35 59 295
1985 18 200 53 38 64 319
1986 19 218 58 41 70 346
1987 21 237 63 45 76 373
1988 23 257 68 48 82 402
1989 25 278 73 52 89 432
1990 27 299 79 56 95 463
1991 29 322 85 60 103 495
1992 31 347 91 64 110 529
1993 33 374 98 69 119 567
1994 36 403 106 74 128 608
1995 39 435 114 79 138 653
1996 42 470 123 85 149 702
1997 45 508 132 91 161 755
1998 48 548 143 98 174 812
1999 52 592 154 105 188 872
2000 56 638 165 112 203 938
2001 60 706 177 120 221 990
2002 64 778 190 133 243 1055
2003 69 857 204 145 270 1132
2004 74 924 218 158 295 1220
2005 79 1016 233 167 316 1312
2006 84 1074 249 172 345 1397
2007 90 1190 265 184 385 1474
2008 96 1308 282 188 415 1582
2009 102 1451 300 207 463 1667
2010 108 1472 319 216 501 1775
2011 115 1589 338 237 556 1885
2012 122 1459 357 234 603 2007
2013 129 1624 377 252 652 2171
2014 136 1756 397 211 689 2367
2015 143 1885 417 178 728 2567
2016 150 1392 438 175 780 2762
2017 158 1374 459 140 834 3017
2018 165 990 480 149 873 3244
2019 173 701 501 154 947 3500
2020 180 690 521 156 955 3770
2021 187 759 541 150 999 4058
2022 195 823 562 155 1030 4249
2023 202 778 580 157 1052 4496
Values for breeding stock: Central_Am
Year RUS+WAL EAL+BER GOA SEA+NBC SBC+WA OR+CA
1970 0 0 0 0 3 34
1971 0 0 0 0 4 43
1972 0 0 0 0 5 50
1973 0 0 0 0 5 56
1974 0 0 0 0 6 62
1975 0 0 0 0 6 67
1976 0 0 0 0 7 72
1977 0 0 0 0 7 77
1978 0 0 0 0 8 81
1979 0 0 0 0 8 85
1980 0 0 0 0 9 88
1981 0 0 0 0 9 93
1982 0 0 0 0 10 100
1983 0 0 0 0 11 108
1984 0 0 0 0 12 116
1985 0 0 0 0 13 126
1986 0 0 0 0 14 136
1987 0 0 0 0 15 147
1988 0 0 0 0 16 158
1989 0 0 0 0 17 170
1990 0 0 0 0 19 182
1991 0 0 0 0 20 194
1992 0 0 0 0 22 207
1993 0 0 0 0 23 222
1994 0 0 0 0 25 238
1995 0 0 0 0 27 255
1996 0 0 0 0 29 274
1997 0 0 0 0 32 294
1998 0 0 0 0 34 316
1999 0 0 0 0 37 339
2000 0 0 0 0 40 365
2001 0 0 0 0 43 385
2002 0 0 0 0 47 410
2003 0 0 0 0 53 439
2004 0 0 0 0 57 473
2005 0 0 0 0 61 508
2006 0 0 0 0 67 541
2007 0 0 0 0 75 570
2008 0 0 0 0 81 611
2009 0 0 0 0 90 644
2010 0 0 0 0 97 685
2011 0 0 0 0 108 727
2012 0 0 0 0 117 773
2013 0 0 0 0 126 836
2014 0 0 0 0 133 911
2015 0 0 0 0 141 988
2016 0 0 0 0 151 1063
2017 0 0 0 0 161 1161
2018 0 0 0 0 169 1248
2019 0 0 0 0 183 1348
2020 0 0 0 0 185 1454
2021 0 0 0 0 193 1564
2022 0 0 0 0 199 1636
2023 0 0 0 0 204 1732

Catch numbers by breeding stock
Year Asia Hawaii MX_AR MX_ML Central_Am
1970 0.9 0 0 1.1 0.3
1971 0.9 0 0 1.2 0.3
1972 1 0 0 1.3 0.3
1973 1.1 0 0 1.3 0.4
1974 1.2 0.1 0 1.4 0.4
1975 1.2 0.1 0 1.5 0.4
1976 1.3 0.1 0 1.6 0.4
1977 1.4 0.1 0 1.6 0.4
1978 1.5 0.1 0 1.7 0.5
1979 1.6 0.1 0 1.8 0.5
1980 1.8 0.1 0 1.9 0.5
1981 1.9 0.1 0 2 0.5
1982 2 0.1 0 2.1 0.6
1983 2.2 0.1 0 2.2 0.6
1984 2.3 0.1 0 2.4 0.6
1985 2.5 0.1 0 2.5 0.7
1986 2.6 0.1 0 2.6 0.7
1987 2.8 0.1 0 2.8 0.7
1988 3 0.1 0 2.9 0.8
1989 3.2 0.1 0 3.1 0.8
1990 3.5 0.2 0 3.2 0.8
1991 3.7 0.2 0 3.4 0.9
1992 4 0.2 0 3.6 0.9
1993 4.3 0.2 0 3.8 1
1994 4.6 0.2 0 4 1
1995 4.9 0.2 0 4.2 1.1
1996 5.2 0.2 0 4.4 1.1
1997 5.6 0.2 0 4.7 1.2
1998 6 0.2 0 4.9 1.2
1999 6.4 0.2 0 5.2 1.3
2000 6.9 0.3 0 5.5 1.4
2001 7.3 0.3 0 5.8 1.4
2002 7.9 0 0 5.8 1.5
2003 8.4 0 0 5.8 1.6
2004 9 0 0 6.7 1.7
2005 9.6 0 0 8.1 1.8
2006 10.3 1 0 6.8 1.8
2007 11.1 0 0 7.7 1.9
2008 11.8 0 0 7.9 2
2009 12.7 0 0 9 2.1
2010 13.6 0 0 9.3 2.2
2011 14.5 0.8 0 10.6 2.4
2012 15.5 0 0 10.9 2.5
2013 28 0 0 10.8 2.6
2014 0 5 0 13 2.7
2015 72 0 0 14.2 2.9
2016 12 0.1 0 14.2 3
2017 12 0.1 0 13.4 3.2
2018 16 0.1 0 13.4 3.3
2019 4 0.4 0 13.4 1.7
2020 26.8 0.4 0 23.8 5
2021 28.6 0.4 0 12.8 4.7
2022 30.7 0.4 0 10.5 3.7
2023 32.8 0.4 0 18.4 4.2

Catch numbers by feeding ground
Year RUS+WAL EAL+BER GOA SEA+NBC SBC+WA OR+CA
1970 0 2.7 3.1 6.8 0.1 6.4
1971 0 1.8 0.1 4 0.1 1.5
1972 4 0.8 0.1 4.1 0.1 1.6
1973 0 0.8 0.1 4.3 0.1 1.7
1974 0 0.8 0.1 4.5 0.1 2.5
1975 0 0.8 0.2 4.7 0.1 2.7
1976 0 0.8 0.2 4.9 0.2 2.9
1977 0 0.8 0.2 5.2 0.2 3.1
1978 0 0.8 0.2 5.4 0.2 3.3
1979 0 1 0.2 5.6 0.2 3.5
1980 0 1 0.2 5.9 0.2 3.9
1981 0 1 0.3 6.1 0.3 4.2
1982 0 1 0.4 6.5 0.3 4.5
1983 0 1 0.4 6.7 0.3 4.8
1984 0 1 0.5 7.1 0.4 4.6
1985 0 1 0.5 6.7 0.4 5
1986 0 1 0.7 7.8 0.4 5.4
1987 0 1 0.7 10 0.5 5.8
1988 0 1.1 0.8 8.5 0.5 6.3
1989 0 0.9 0.8 6.1 0.6 6.1
1990 0 1 0.8 7.4 0.7 5.8
1991 0 1 0.9 8.2 0.7 7.6
1992 0 1.1 0.9 9.8 0.8 8.3
1993 0 1.1 1 7.1 0.9 8.6
1994 0 1.2 1 9.3 1 8.8
1995 0 1.2 1 9.3 1.1 9.6
1996 0 1.2 1.1 12.7 1.2 9.9
1997 0 1.2 1.3 12.7 0.9 10.7
1998 0 3 1.4 14.7 1.2 12
1999 0 2.6 1.4 17.4 1.7 13.5
2000 0 1.2 1.5 14.1 1.5 11.6
2001 0 1.2 1.8 16.4 1.7 13.4
2002 0 2.4 1.9 13.8 1.9 13.7
2003 0 1.4 2 18.9 2.3 16
2004 0 1.4 2.3 22 2.5 15.9
2005 0 1.6 2.3 23.3 5.8 20.1
2006 0 1.6 2.4 22.7 5.3 22.1
2007 0 0.1 7.3 18.4 0 18.1
2008 0 0.1 4.3 19.7 12.4 8.8
2009 0 0.1 4.3 24.1 0 9.8
2010 0 6.1 0.8 44.5 7 24.5
2011 0 3.1 4 28.4 11 11.9
2012 0 4.1 8.8 11.6 0 10
2013 0 0.1 4 31.6 0 4.7
2014 0 0.1 11.8 43.7 7 45.2
2015 0 4.1 12 51 9.1 103.4
2016 0 4.1 4.8 34.8 7.1 150.3
2017 0 4.1 2.1 16.3 11.1 60.3
2018 0 1.1 4 26.6 30.1 111.1
2019 0 4.1 6 27.3 9.1 61
2020 0 1.1 0 24 23 31.2
2021 0 2.2 7 33.7 13 62.4
2022 0 4.3 0.8 22.3 8 56
2023 0 3.6 9.1 40.1 19.2 59.7
