Stock structure: B2F1; Model type = BC
Mortality impacts feeding grounds
Recuitment related to unfished
Staying rate: 0
Age-at-matrity: 8
Base adult survival: 0
Mirrored survival
Sigma for survival devs: 6
Additional variance estimated
Weight for mark-recapture proportions: 1
Weight for genetics proportions: 1


Total objective fn: 298.31556827199
Negative log-likelihood fn: 96.7410344926091

Natural Survival by feeding ground
RUS+WAL,EAL+BER,GOA,SEA+NBC,SBC+WA,OR+CA
1970 0.96 0.96 0.96 0.96 0.96 0.96
1971 0.96 0.96 0.96 0.96 0.96 0.96
1972 0.96 0.96 0.96 0.96 0.96 0.96
1973 0.96 0.96 0.96 0.96 0.96 0.96
1974 0.96 0.96 0.96 0.96 0.96 0.96
1975 0.96 0.96 0.96 0.96 0.96 0.96
1976 0.96 0.96 0.96 0.96 0.96 0.96
1977 0.96 0.96 0.96 0.96 0.96 0.96
1978 0.96 0.96 0.96 0.96 0.96 0.96
1979 0.96 0.96 0.96 0.96 0.96 0.96
1980 0.96 0.96 0.96 0.96 0.96 0.96
1981 0.96 0.96 0.96 0.96 0.96 0.96
1982 0.96 0.96 0.96 0.96 0.96 0.96
1983 0.96 0.96 0.96 0.96 0.96 0.96
1984 0.96 0.96 0.96 0.96 0.96 0.96
1985 0.96 0.96 0.96 0.96 0.96 0.96
1986 0.96 0.96 0.96 0.96 0.96 0.96
1987 0.96 0.96 0.96 0.96 0.96 0.96
1988 0.96 0.96 0.96 0.96 0.96 0.96
1989 0.96 0.96 0.96 0.96 0.96 0.96
1990 0.96 0.96 0.96 0.96 0.96 0.96
1991 0.96 0.96 0.96 0.96 0.96 0.96
1992 0.96 0.96 0.96 0.96 0.96 0.96
1993 0.96 0.96 0.96 0.96 0.96 0.96
1994 0.96 0.96 0.96 0.96 0.96 0.96
1995 0.96 0.96 0.96 0.96 0.96 0.96
1996 0.96 0.96 0.96 0.96 0.96 0.96
1997 0.96 0.96 0.96 0.96 0.96 0.96
1998 0.96 0.96 0.96 0.96 0.96 0.96
1999 0.96 0.96 0.96 0.96 0.96 0.96
2000 0.96 0.9972154 0.9438901 0.9438901 0.9959323 0.9219231
2001 0.96 0.9972911 0.993974 0.993974 0.9971815 0.9883921
2002 0.96 0.9971811 0.9948548 0.9948548 0.9976902 0.9959644
2003 0.96 0.996491 0.8904451 0.8904451 0.9978955 0.9957591
2004 0.96 0.9951516 0.9939077 0.9939077 0.997879 0.995572
2005 0.96 0.9958348 0.9104092 0.9104092 0.9979039 0.9852498
2006 0.96 0.9917624 0.9946671 0.9946671 0.9981478 0.7947477
2007 0.96 0.9798943 0.9061664 0.9061664 0.9978183 0.9599909
2008 0.96 0.9869581 0.9969468 0.9969468 0.996926 0.9347976
2009 0.96 0.8362275 0.9405012 0.9405012 0.9956696 0.9655052
2010 0.96 0.9871345 0.9953479 0.9953479 0.9955834 0.9595738
2011 0.96 0.989282 0.8865759 0.8865759 0.9956151 0.8966375
2012 0.96 0.9329074 0.992081 0.992081 0.9937432 0.9524574
2013 0.96 0.9864056 0.8321814 0.8321814 0.952523 0.9961973
2014 0.96 0.9839482 0.695449 0.695449 0.9499728 0.9985361
2015 0.96 0.7912714 0.8950842 0.8950842 0.8509578 0.9989062
2016 0.96 0.8985744 0.731379 0.731379 0.937551 0.9982676
2017 0.96 0.7860934 0.865515 0.865515 0.9915101 0.997369
2018 0.96 0.7161509 0.9836754 0.9836754 0.9899769 0.9919515
2019 0.96 0.9774974 0.9242936 0.9242936 0.9909292 0.927845
2020 0.96 0.9833249 0.7733479 0.7733479 0.9923781 0.9925334
2021 0.96 0.9600085 0.9600035 0.9600035 0.9885924 0.910579
2022 0.96 0.9599996 0.96 0.96 0.9703297 0.9497655
2023 0.96 0.96 0.96 0.96 0.96 0.9602298

Naturak Survival by breeding stock
RUS+WAL,EAL+BER,GOA,SEA+NBC,SBC+WA,OR+CA
1970 0.96 0.96 0.96 0.96 0.96
1971 0.96 0.96 0.96 0.96 0.96
1972 0.96 0.96 0.96 0.96 0.96
1973 0.96 0.96 0.96 0.96 0.96
1974 0.96 0.96 0.96 0.96 0.96
1975 0.96 0.96 0.96 0.96 0.96
1976 0.96 0.96 0.96 0.96 0.96
1977 0.96 0.96 0.96 0.96 0.96
1978 0.96 0.96 0.96 0.96 0.96
1979 0.96 0.96 0.96 0.96 0.96
1980 0.96 0.96 0.96 0.96 0.96
1981 0.96 0.96 0.96 0.96 0.96
1982 0.96 0.96 0.96 0.96 0.96
1983 0.96 0.96 0.96 0.96 0.96
1984 0.96 0.96 0.96 0.96 0.96
1985 0.96 0.96 0.96 0.96 0.96
1986 0.96 0.96 0.96 0.96 0.96
1987 0.96 0.96 0.96 0.96 0.96
1988 0.96 0.96 0.96 0.96 0.96
1989 0.96 0.96 0.96 0.96 0.96
1990 0.96 0.96 0.96 0.96 0.96
1991 0.96 0.96 0.96 0.96 0.96
1992 0.96 0.96 0.96 0.96 0.96
1993 0.96 0.96 0.96 0.96 0.96
1994 0.96 0.96 0.96 0.96 0.96
1995 0.96 0.96 0.96 0.96 0.96
1996 0.96 0.96 0.96 0.96 0.96
1997 0.96 0.96 0.96 0.96 0.96
1998 0.96 0.96 0.96 0.96 0.96
1999 0.96 0.96 0.96 0.96 0.96
2000 0.96 0.96 0.96 0.96 0.96
2001 0.96 0.96 0.96 0.96 0.96
2002 0.96 0.96 0.96 0.96 0.96
2003 0.96 0.96 0.96 0.96 0.96
2004 0.96 0.96 0.96 0.96 0.96
2005 0.96 0.96 0.96 0.96 0.96
2006 0.96 0.96 0.96 0.96 0.96
2007 0.96 0.96 0.96 0.96 0.96
2008 0.96 0.96 0.96 0.96 0.96
2009 0.96 0.96 0.96 0.96 0.96
2010 0.96 0.96 0.96 0.96 0.96
2011 0.96 0.96 0.96 0.96 0.96
2012 0.96 0.96 0.96 0.96 0.96
2013 0.96 0.96 0.96 0.96 0.96
2014 0.96 0.96 0.96 0.96 0.96
2015 0.96 0.96 0.96 0.96 0.96
2016 0.96 0.96 0.96 0.96 0.96
2017 0.96 0.96 0.96 0.96 0.96
2018 0.96 0.96 0.96 0.96 0.96
2019 0.96 0.96 0.96 0.96 0.96
2020 0.96 0.96 0.96 0.96 0.96
2021 0.96 0.96 0.96 0.96 0.96
2022 0.96 0.96 0.96 0.96 0.96
2023 0.96 0.96 0.96 0.96 0.96

Fecundity by feeding ground
RUS+WAL,EAL+BER,GOA,SEA+NBC,SBC+WA,OR+CA
1970 0.9607069 0.9631497 0.9623011 0.9617149 0.9642358 0.9671327
1971 0.9607813 0.9632145 0.9623121 0.9618016 0.9642721 0.9672086
1972 0.9584989 0.9610801 0.9599391 0.9593907 0.9623879 0.9660651
1973 0.9560478 0.9590413 0.9576641 0.9571049 0.9605904 0.9649959
1974 0.9537326 0.9571003 0.9554911 0.9549459 0.9588803 0.9640212
1975 0.9515386 0.955251 0.9534228 0.9529054 0.9572522 0.9631193
1976 0.9494672 0.9534894 0.9514476 0.950977 0.9557264 0.9622862
1977 0.9475126 0.9518102 0.9495609 0.949157 0.9542761 0.9615165
1978 0.9456699 0.9502104 0.9477589 0.9474382 0.9528996 0.960812
1979 0.9439342 0.9486933 0.9460378 0.9458154 0.9515922 0.9601668
1980 0.9423101 0.9472494 0.944394 0.9442865 0.9503506 0.9595855
1981 0.94078 0.9458733 0.942832 0.942841 0.9491941 0.9590572
1982 0.9386539 0.9439836 0.9407054 0.9408374 0.9475904 0.9582898
1983 0.9360018 0.9416283 0.9380583 0.9383274 0.9455815 0.957311
1984 0.9328771 0.9388558 0.9349527 0.9353727 0.9432358 0.9561338
1985 0.9293459 0.9357111 0.9314312 0.9320069 0.9405715 0.9548059
1986 0.9254536 0.9322361 0.9275579 0.9283139 0.9376247 0.9533479
1987 0.921259 0.9284717 0.9233627 0.9243684 0.9344557 0.9517832
1988 0.9168082 0.9244578 0.9188954 0.9201264 0.9310747 0.9501367
1989 0.9121444 0.9202198 0.9141877 0.9156006 0.9275358 0.9483995
1990 0.9073161 0.9157999 0.9092763 0.9109131 0.9238679 0.9465803
1991 0.9023502 0.9112242 0.9042025 0.9060859 0.9200753 0.9447718
1992 0.8971174 0.9063739 0.8988228 0.9010073 0.9160739 0.9428774
1993 0.8915035 0.9011418 0.8930312 0.8954631 0.9117774 0.9408393
1994 0.8854182 0.8954476 0.8867282 0.8894794 0.9071136 0.9386126
1995 0.8787932 0.8892223 0.8798428 0.8829381 0.902029 0.9361924
1996 0.8715805 0.8824176 0.8723317 0.8758726 0.8964816 0.9335367
1997 0.8637599 0.8750019 0.8641708 0.8681734 0.8903492 0.9306528
1998 0.8553183 0.8670182 0.8553355 0.859872 0.8837522 0.9275455
1999 0.8462585 0.858392 0.845816 0.8509874 0.8767421 0.9242249
2000 0.8366052 0.8490952 0.8356333 0.8413881 0.8691613 0.9205711
2001 0.8263719 0.8311752 0.8283229 0.8345772 0.8546208 0.9197976
2002 0.8155684 0.8120775 0.8082214 0.815437 0.8388785 0.9128801
2003 0.8041618 0.7911127 0.7869 0.7952511 0.8215225 0.9050739
2004 0.7921266 0.7683596 0.7929684 0.8013138 0.8024138 0.8965026
2005 0.7794211 0.7439681 0.7678507 0.7775679 0.7822306 0.8871656
2006 0.7660033 0.717103 0.7689919 0.7789103 0.7599272 0.8783736
2007 0.7518527 0.6896344 0.7416324 0.7525103 0.7340646 0.8932702
2008 0.736937 0.6653872 0.7446731 0.7553964 0.7090136 0.8853089
2009 0.7212656 0.6358829 0.7131035 0.7252676 0.6791252 0.882207
2010 0.7048808 0.6735486 0.7039465 0.7173832 0.6490314 0.874749
2011 0.6877815 0.6387736 0.6702646 0.6854097 0.6171033 0.8677533
2012 0.6700064 0.6029593 0.6834532 0.6972504 0.5797161 0.8696935
2013 0.6526522 0.5966264 0.6464947 0.661944 0.5407099 0.8615885
2014 0.6322092 0.5581647 0.6838144 0.6974275 0.528039 0.8465041
2015 0.617445 0.5206811 0.760626 0.7706958 0.5165034 0.8321267
2016 0.5971702 0.5955639 0.7586428 0.7690039 0.5621771 0.8180271
2017 0.5761087 0.6029658 0.8046773 0.8129745 0.5537593 0.8005652
2018 0.555031 0.662289 0.8089261 0.8172426 0.5142854 0.7829833
2019 0.5325151 0.7348671 0.7831058 0.792861 0.4702708 0.7638933
2020 0.5120132 0.6978543 0.7770351 0.7876234 0.4287398 0.762633
2021 0.4916417 0.6631158 0.8099786 0.8189704 0.3838011 0.739496
2022 0.4714364 0.6395621 0.7905696 0.8009351 0.3413841 0.744524
2023 0.4515573 0.6163259 0.7748091 0.7862009 0.3200079 0.7349222

Total abundance: Estimate SD_log
1970 1027.381 0.05047128
1971 1290.795 0.04519627
1972 1507.021 0.04234351
1973 1708.153 0.04051824
1974 1902.442 0.03915149
1975 2085.576 0.03816824
1976 2258.778 0.03743346
1977 2422.422 0.03687589
1978 2577.059 0.03644663
1979 2723.002 0.03611551
1980 2860.536 0.03586176
1981 3063.043 0.03506253
1982 3312.521 0.03404798
1983 3603.375 0.03298306
1984 3930.963 0.03197349
1985 4290.812 0.03107849
1986 4679.009 0.0303198
1987 5090.035 0.02970832
1988 5518.877 0.02923753
1989 5965.786 0.02886892
1990 6429.828 0.02857607
1991 6922.61 0.02833832
1992 7452.694 0.02815676
1993 8028.25 0.02803802
1994 8660.267 0.02797899
1995 9348.394 0.0280094
1996 10097.08 0.02813175
1997 10904.63 0.02835543
1998 11774.04 0.0286667
1999 12699.33 0.02906664
2000 13679.16 0.0295385
2001 14723.36 0.0321
2002 16514.35 0.03303593
2003 18503.92 0.03360607
2004 19378.9 0.02723885
2005 21614.45 0.0263274
2006 22850.59 0.02889292
2007 24749.11 0.03202882
2008 25797.75 0.04207453
2009 28369.25 0.04282075
2010 28474.8 0.05602313
2011 31393.23 0.05279018
2012 32212.72 0.05337014
2013 34543.54 0.05108521
2014 34735.5 0.05665064
2015 32965.83 0.05161603
2016 31302.99 0.05774097
2017 29647.41 0.05701278
2018 28658.06 0.04890714
2019 28573.23 0.04438205
2020 30144.48 0.04421672
2021 30528.47 0.042066
2022 32085.71 0.1369057
2023 33940.47 0.1828295
2024 35792.06 0.2240054

Breeding stock abundance: Estimate SD_log Estimate/K
Asia
1 76.31731 0.07804442 1.790752
2 96.58723 0.07425559 2.266376
3 112.4688 0.07264324 2.63903
4 124.4791 0.07324963 2.920846
5 138.1424 0.07266971 3.24145
6 150.9419 0.07233469 3.541784
7 163.0274 0.0721186 3.825366
8 174.3358 0.07202723 4.090713
9 184.9015 0.07203117 4.338632
10 194.7569 0.07211123 4.569883
11 203.9247 0.07225641 4.785002
12 217.5171 0.07202393 5.103941
13 234.3238 0.07161253 5.498304
14 253.9404 0.07111504 5.958599
15 275.8878 0.07062371 6.473584
16 299.925 0.07014441 7.037607
17 325.6308 0.06971843 7.640781
18 352.819 0.06932647 8.27874
19 381.1203 0.06898918 8.942817
20 410.2851 0.06870233 9.627158
21 440.1009 0.06846036 10.32677
22 471.4961 0.06823488 11.06344
23 505.2408 0.06799821 11.85525
24 541.739 0.06776474 12.71166
25 581.3655 0.06754087 13.64148
26 624.3658 0.06733853 14.65047
27 670.8823 0.06717242 15.74195
28 720.9561 0.06705919 16.91691
29 774.4347 0.06702611 18.17177
30 831.1292 0.06709256 19.50208
31 890.9192 0.06727401 20.90502
32 960.1279 0.06744866 22.52897
33 1033.52 0.06781603 24.25108
34 1111.095 0.06840886 26.07135
35 1193.175 0.06923349 27.99733
36 1279.685 0.0703399 30.02723
37 1371.353 0.07176426 32.17819
38 1466.688 0.07376765 34.41519
39 1562.691 0.0772718 36.66784
40 1665.626 0.07996182 39.08317
41 1722.02 0.08448345 40.40644
42 1832.407 0.0873033 42.9966
43 1947.485 0.09080398 45.69686
44 2042.643 0.0943149 47.92971
45 2150.299 0.09890311 50.45581
46 2288.238 0.1028469 53.69248
47 2275.322 0.1121538 53.38941
48 2370.214 0.1180306 55.616
49 2430.679 0.1259515 57.0348
50 2475.753 0.1351875 58.09243
51 2607.828 0.1415778 61.19152
52 2719.624 0.1497097 63.81476
53 2820.322 0.1607224 66.17761
54 2917.467 0.1716072 68.45707
Hawaii
1 644.0144 0.05497781 1.434864
2 812.8452 0.05017551 1.811019
3 950.4084 0.04767669 2.11751
4 1080.79 0.0460299 2.408002
5 1205.341 0.04486227 2.685501
6 1323.554 0.04401919 2.94888
7 1435.759 0.04339225 3.198872
8 1542.255 0.04291602 3.436145
9 1643.276 0.0425498 3.66122
10 1739.172 0.04226351 3.874876
11 1830.054 0.04204076 4.077361
12 1963.032 0.04138258 4.373636
13 2126.606 0.04056716 4.738079
14 2317.271 0.03973181 5.162881
15 2532.188 0.03895817 5.641717
16 2768.106 0.03829514 6.167342
17 3023.268 0.0377438 6.735843
18 3293.525 0.03732004 7.337974
19 3575.449 0.03701885 7.966103
20 3870.409 0.03678696 8.623273
21 4177.649 0.03660242 9.307804
22 4503.478 0.03647398 10.03375
23 4855.135 0.03639485 10.81724
24 5237.023 0.03637841 11.66809
25 5657.415 0.03640835 12.60472
26 6114.53 0.03652553 13.62317
27 6612.388 0.03672276 14.7324
28 7148.434 0.03701908 15.92671
29 7726.11 0.03739291 17.21378
30 8341.186 0.03785265 18.58417
31 8992.726 0.03838727 20.0358
32 9689.47 0.04179233 21.58814
33 10916.18 0.04363055 24.32126
34 12269.11 0.04447308 27.33557
35 12580.87 0.03510702 28.03019
36 14076.81 0.03366308 31.36313
37 14663.04 0.03691043 32.66926
38 16346.7 0.03878802 36.42045
39 16851.63 0.04675089 37.54544
40 18735.53 0.04699068 41.74276
41 18762.22 0.05929103 41.80223
42 20840.54 0.05671943 46.43274
43 21186.62 0.05611499 47.2038
44 22906.47 0.05493863 51.03563
45 22301.49 0.06800151 49.68773
46 19897.74 0.05729972 44.33217
47 18538.97 0.0630245 41.30483
48 16624.44 0.06568486 37.03926
49 15527.77 0.05843845 34.59587
50 15421.3 0.05214432 34.35865
51 16390.84 0.0512789 36.5188
52 15817.3 0.05239458 35.24095
53 16973.29 0.1981401 37.81649
54 18100.89 0.2651228 40.32878
MX_AR
1 106.6929 0.07447671 1.345473
2 134.5915 0.07055207 1.697293
3 157.611 0.06846157 1.987585
4 179.2329 0.06711739 2.260252
5 200.2753 0.06609442 2.525612
6 220.2803 0.06534031 2.777889
7 239.3204 0.06476418 3.017998
8 257.4507 0.06431108 3.246635
9 274.716 0.06394586 3.464362
10 291.158 0.06364629 3.671707
11 306.7686 0.06340152 3.868568
12 329.4851 0.06280581 4.155039
13 357.3811 0.06208206 4.506827
14 389.9025 0.06133489 4.916945
15 426.5604 0.0606302 5.379227
16 466.8852 0.06000222 5.88775
17 510.4286 0.05946318 6.436862
18 556.6873 0.05901156 7.020218
19 605.2646 0.0586361 7.632811
20 655.863 0.05832962 8.270893
21 708.3188 0.05807713 8.932397
22 764.2013 0.05784966 9.637115
23 824.4944 0.05764535 10.39745
24 890.1611 0.05746447 11.22556
25 962.0722 0.05731504 12.13241
26 1040.604 0.05720113 13.12274
27 1126.129 0.05712948 14.20127
28 1218.743 0.05710071 15.36921
29 1318.539 0.05711586 16.62771
30 1424.867 0.05717818 17.96858
31 1537.945 0.05727562 19.39456
32 1688.079 0.0577236 21.28786
33 1896.738 0.05769875 23.9192
34 2126.922 0.05766881 26.82198
35 2294.634 0.05752272 28.93694
36 2557.932 0.05749818 32.25732
37 2767.681 0.05862801 34.9024
38 3011.559 0.06311265 37.97787
39 3198.329 0.08232613 40.33317
40 3502.767 0.08481014 44.17236
41 3394.86 0.1089735 42.81157
42 3738.658 0.1032236 47.1471
43 3956.55 0.1041251 49.89488
44 4159.749 0.09893068 52.45736
45 4356.474 0.09529453 54.93819
46 4424.518 0.09725574 55.79627
47 4060.672 0.1089362 51.20793
48 3953.285 0.1062738 49.8537
49 3689.433 0.1020562 46.52634
50 3412.777 0.09270889 43.03751
51 3659.46 0.09054845 46.14836
52 3862.536 0.09588571 48.70929
53 4078.204 0.1883873 51.42902
54 4322.857 0.2404705 54.51427
MX_ML
1 157.7763 0.06317918 0.5799703
2 194.8856 0.06015949 0.7163803
3 226.332 0.05839496 0.8319742
4 255.6543 0.05733519 0.93976
5 283.4849 0.05665928 1.042063
6 309.0877 0.05631231 1.136176
7 332.9273 0.05614331 1.223808
8 355.0688 0.05610384 1.305198
9 375.7181 0.05614112 1.381103
10 394.85 0.05625154 1.45143
11 412.5019 0.05642072 1.516316
12 439.189 0.05624498 1.614415
13 472.2416 0.05593873 1.735913
14 510.8499 0.05560176 1.877834
15 554.2781 0.05530084 2.037472
16 602.0406 0.05505723 2.213042
17 653.2907 0.05490109 2.401432
18 707.395 0.0548233 2.600314
19 763.6718 0.05481993 2.807182
20 821.8053 0.05488549 3.020875
21 881.787 0.05499728 3.241362
22 945.8204 0.0551077 3.476742
23 1013.859 0.05527652 3.726846
24 1087.616 0.05547277 3.997968
25 1168.332 0.05570201 4.294673
26 1256.521 0.05595632 4.618848
27 1352.271 0.05625727 4.970814
28 1455.998 0.05658915 5.352104
29 1567.512 0.05696679 5.762018
30 1686.011 0.05738715 6.19761
31 1811.219 0.05785305 6.657864
32 1926.399 0.06259809 7.081253
33 2155.279 0.05898941 7.922595
34 2419.522 0.05862922 8.893925
35 2662.042 0.05801161 9.785405
36 2973.189 0.0583421 10.92915
37 3246.611 0.06272314 11.93422
38 3212.014 0.07025139 11.80705
39 3423.231 0.07428144 12.58346
40 3669.149 0.07366838 13.48743
41 3733.828 0.07847487 13.72518
42 4057.315 0.07552792 14.91429
43 4194.298 0.07634443 15.41783
44 4441.091 0.07310088 16.32501
45 4807.267 0.07064224 17.67104
46 5106.107 0.06994025 18.76955
47 5075.889 0.07111821 18.65847
48 5234.118 0.06678519 19.2401
49 5388.936 0.06213068 19.8092
50 5501.322 0.06067857 20.22232
51 5695.978 0.06298757 20.93786
52 6160.57 0.06309053 22.64565
53 6258.649 0.09612414 23.00618
54 6560.52 0.1119213 24.11583
Central_Am
1 42.57983 0.0896833 0.988099
2 51.88531 0.0879425 1.20404
3 60.20112 0.0870353 1.397015
4 67.99653 0.08655389 1.577914
5 75.19826 0.08643488 1.745036
6 81.71222 0.08647364 1.896197
7 87.74378 0.08659122 2.036164
8 93.31176 0.08676486 2.165374
9 98.44667 0.08697365 2.284534
10 103.0646 0.08729693 2.391697
11 107.2864 0.08763628 2.489666
12 113.8198 0.0877343 2.64128
13 121.9688 0.08772761 2.830382
14 131.4112 0.08775106 3.049502
15 142.0485 0.08777036 3.296348
16 153.8549 0.08780329 3.570325
17 166.3906 0.08792389 3.861227
18 179.609 0.08807153 4.16797
19 193.3708 0.08824529 4.487323
20 207.4237 0.08848596 4.813433
21 221.972 0.08873613 5.151037
22 237.6149 0.08898169 5.514043
23 253.965 0.08927395 5.893461
24 271.7113 0.08957087 6.305278
25 291.0826 0.08990972 6.754805
26 312.3741 0.0902618 7.24889
27 335.4068 0.09066578 7.783383
28 360.4979 0.09109243 8.365641
29 387.4442 0.0915691 8.990952
30 416.1405 0.09207776 9.656873
31 446.3528 0.09264304 10.35797
32 459.2809 0.1032849 10.65798
33 512.6331 0.09579924 11.89606
34 577.2753 0.09508223 13.39613
35 648.1798 0.09489427 15.04153
36 726.8374 0.09550228 16.86684
37 801.9075 0.105301 18.6089
38 712.1513 0.1135881 16.52604
39 761.8732 0.1140429 17.67988
40 796.1813 0.110643 18.47602
41 861.8772 0.1099395 20.00055
42 924.3061 0.1097992 21.44926
43 927.7641 0.1069728 21.52951
44 993.5852 0.09428761 23.05694
45 1119.972 0.09409378 25.98985
46 1249.225 0.09406736 28.98926
47 1352.14 0.09450045 31.37749
48 1465.351 0.09471944 34.00465
49 1621.243 0.09563518 37.62224
50 1762.088 0.09946481 40.89065
51 1790.374 0.1009957 41.54705
52 1968.444 0.1008687 45.67933
53 1955.247 0.1167945 45.37306
54 2038.737 0.1168009 47.31053

Feeding stock abundance: Estimate SD_log Estimate/K
RUS+WAL
1 102.0501 0.09837389 1.465917
2 130.0328 0.09483755 1.867881
3 148.0145 0.09585548 2.126182
4 168.2104 0.0949206 2.41629
5 187.2716 0.09430922 2.690098
6 205.3435 0.09387107 2.949696
7 222.3966 0.09357554 3.194658
8 238.4807 0.09338348 3.425701
9 253.6346 0.09326933 3.643383
10 267.899 0.09321668 3.848286
11 281.2248 0.09323844 4.039707
12 300.936 0.09290558 4.322853
13 325.2451 0.09242187 4.672044
14 353.525 0.09188448 5.078277
15 385.3529 0.09132716 5.535474
16 420.1831 0.09079727 6.035799
17 457.6677 0.09029341 6.574254
18 497.3205 0.08983428 7.143854
19 538.7756 0.08941945 7.739344
20 581.6889 0.08904621 8.35578
21 625.6633 0.08872224 8.987459
22 672.2826 0.08839978 9.657131
23 722.4305 0.08808025 10.37749
24 776.8606 0.08776453 11.15936
25 836.1358 0.08746043 12.01083
26 900.6453 0.0871804 12.93749
27 970.6205 0.08693982 13.94266
28 1046.059 0.0867617 15.02631
29 1126.922 0.08666387 16.18788
30 1213.049 0.08666479 17.42507
31 1304.099 0.0867885 18.73298
32 1400.276 0.08704497 20.11453
33 1501.705 0.08746827 21.57153
34 1608.824 0.0880821 23.11025
35 1721.901 0.08892167 24.73458
36 1841.299 0.09002334 26.44968
37 1967.317 0.09143126 28.25989
38 2100.008 0.0931874 30.16596
39 2239.514 0.09533057 32.16992
40 2385.554 0.09790115 34.26775
41 2537.543 0.1009524 36.45101
42 2695.401 0.104485 38.7186
43 2858.702 0.1085227 41.06436
44 3017.078 0.1133913 43.3394
45 3204.223 0.1179769 46.02766
46 3335.512 0.1250062 47.9136
47 3521.59 0.1307372 50.58654
48 3710.74 0.1370194 53.30363
49 3898.685 0.1439503 56.0034
50 4099.131 0.151 58.88274
51 4278.624 0.1592501 61.4611
52 4457.547 0.1678581 64.03128
53 4633.909 0.1767849 66.56466
54 4806.203 0.1859644 69.03961
EAL+BER
1 242.7595 0.09209988 1.158261
2 309.3238 0.08856755 1.475854
3 362.7181 0.08682027 1.730611
4 413.5561 0.08568671 1.973171
5 461.9601 0.08490907 2.204117
6 508.0833 0.08435155 2.424181
7 552.0247 0.08393977 2.633836
8 593.9116 0.08362747 2.833687
9 633.8183 0.08338739 3.024092
10 671.6358 0.08322547 3.204527
11 707.6262 0.08310338 3.376246
12 760.1072 0.08265718 3.626644
13 824.661 0.08208209 3.934645
14 900.002 0.08147054 4.294114
15 984.9367 0.08088187 4.699357
16 1078.369 0.08034666 5.145144
17 1179.276 0.07987608 5.626594
18 1286.654 0.07947082 6.13892
19 1399.527 0.07913024 6.677462
20 1517.325 0.07883014 7.239505
21 1638.977 0.07857811 7.819934
22 1768.599 0.07833929 8.438388
23 1908.721 0.07811033 9.106945
24 2061.557 0.07788728 9.836158
25 2228.645 0.07767827 10.63337
26 2411.276 0.07748539 11.50475
27 2610.235 0.07731382 12.45403
28 2825.893 0.07716721 13.48298
29 3056.536 0.077092 14.58343
30 3303.977 0.07702904 15.76403
31 3568.67 0.07695668 17.02694
32 4051.18 0.07659121 19.3291
33 4580.336 0.07616565 21.85383
34 5160.656 0.07558015 24.62267
35 5789.655 0.07454843 27.62376
36 6463.076 0.07297223 30.83681
37 7201.143 0.07438337 34.35829
38 7956.851 0.0838137 37.96395
39 8630.873 0.121742 41.17986
40 9432.607 0.1270038 45.00512
41 8566.599 0.1819234 40.8732
42 9449.79 0.1704781 45.0871
43 10415.54 0.1647505 49.6949
44 10636.69 0.1567256 50.75006
45 11649.89 0.1429549 55.58428
46 12635.31 0.134651 60.28596
47 10784.54 0.16914 51.45551
48 10601.8 0.1590267 50.5836
49 9124.025 0.1755882 43.5328
50 7189.47 0.174812 34.3026
51 7996.32 0.162492 38.15227
52 8912.592 0.185429 42.52401
53 9525.767 0.3507589 45.44961
54 10149.59 0.4435555 48.426
GOA
1 107.9374 0.07736423 1.265137
2 138.3264 0.07348758 1.621327
3 162.5763 0.07168732 1.90556
4 185.7391 0.07051133 2.177053
5 207.8625 0.06969343 2.436361
6 228.9043 0.06912547 2.682993
7 249 0.06869864 2.918535
8 268.1972 0.06836799 3.143546
9 286.5326 0.06810595 3.358456
10 304.0448 0.06789425 3.563717
11 320.7706 0.06772051 3.75976
12 344.884 0.06731227 4.042394
13 374.3935 0.06683813 4.388276
14 408.8159 0.06636026 4.791741
15 447.5105 0.06594279 5.245281
16 490.0684 0.06559147 5.744104
17 535.8163 0.06533511 6.280316
18 584.4901 0.065142 6.850822
19 635.5812 0.06501318 7.449663
20 688.7944 0.06492781 8.073375
21 743.7655 0.06487698 8.717693
22 802.2075 0.06485701 9.402693
23 865.3983 0.06486041 10.14335
24 934.1794 0.0648996 10.94954
25 1009.365 0.06497384 11.83079
26 1091.469 0.0650891 12.79314
27 1180.719 0.06525496 13.83923
28 1277.153 0.06547741 14.96955
29 1380.857 0.06574973 16.18506
30 1491.769 0.06606508 17.48506
31 1609.495 0.06642536 18.86494
32 1698.192 0.06783777 19.90455
33 1915.461 0.06871542 22.45117
34 2155.05 0.06916579 25.25939
35 2116.112 0.06586239 24.803
36 2376.124 0.06300266 27.8506
37 2388.365 0.07114678 27.99409
38 2676.22 0.07052202 31.36804
39 2670.29 0.0677984 31.29853
40 3001.389 0.06635323 35.17936
41 3118.246 0.07242685 36.54903
42 3486.791 0.07211559 40.86876
43 3381.326 0.06674576 39.6326
44 3751.9 0.07483475 43.97611
45 3400.693 0.1095118 39.8596
46 2595.845 0.07287396 30.42596
47 2565.951 0.07342152 30.07557
48 2084.553 0.07839024 24.4331
49 1998.861 0.1130786 23.42869
50 2248.55 0.07742036 26.35531
51 2334.995 0.06980006 27.36853
52 1993.98 0.1436145 23.37149
53 2165.065 0.3544905 25.37678
54 2325.343 0.460772 27.2554
SEA+NBC
1 392.6709 0.06540368 1.338966
2 499.5908 0.06174165 1.703551
3 583.4839 0.06023091 1.989618
4 662.7239 0.05934766 2.259817
5 737.5689 0.05881958 2.515031
6 808.3073 0.05850455 2.756241
7 875.1541 0.05832677 2.984182
8 938.2154 0.05824843 3.199214
9 997.7585 0.05823572 3.40225
10 1053.954 0.05827129 3.593871
11 1106.862 0.05834891 3.77428
12 1185.144 0.05817263 4.041214
13 1281.581 0.05792318 4.370052
14 1394.257 0.0576712 4.754268
15 1521.04 0.05747177 5.186582
16 1660.931 0.0573163 5.663597
17 1810.83 0.05725814 6.174735
18 1968.023 0.0573179 6.710747
19 2134.644 0.05737755 7.278908
20 2310.417 0.05741139 7.878275
21 2490.593 0.05750584 8.492655
22 2681.691 0.05764106 9.144278
23 2886.82 0.05783687 9.843746
24 3113.309 0.05801767 10.61605
25 3358.837 0.05828515 11.45327
26 3627.181 0.05860604 12.3683
27 3916.027 0.05903727 13.35323
28 4229.058 0.05952677 14.42064
29 4564.275 0.06010226 15.56369
30 4920.378 0.06076871 16.77796
31 5302.271 0.0614521 18.08018
32 5587.084 0.06686239 19.05136
33 6298.296 0.06979147 21.47652
34 7078.879 0.0711695 24.13822
35 6941.942 0.05644301 23.67128
36 7785.332 0.05338815 26.54715
37 7817.428 0.06280619 26.65659
38 8773.293 0.0628651 29.91599
39 8756.577 0.06121463 29.85899
40 9841.975 0.05982193 33.56008
41 10194.53 0.06578115 34.76225
42 11399.63 0.0659777 38.8715
43 11088.47 0.05860408 37.81048
44 12300.4 0.06765815 41.94304
45 11159.94 0.1039078 38.0542
46 8513.192 0.06359451 29.02907
47 8396.961 0.06385674 28.63274
48 6816.144 0.06946399 23.24232
49 6522.985 0.1072735 22.24268
50 7332.767 0.06793651 25.00395
51 7596.799 0.05874348 25.90427
52 6481.91 0.140619 22.10262
53 7022.807 0.3548738 23.94702
54 7539.141 0.4622551 25.70766
SBC+WA
1 30.19783 0.07787029 1.021482
2 38.58871 0.07226982 1.305315
3 45.23115 0.06951394 1.530004
4 51.54995 0.0676351 1.743746
5 57.56278 0.0662841 1.947138
6 63.28755 0.06527222 2.140786
7 68.63836 0.06458465 2.321784
8 73.72585 0.06405148 2.493875
9 78.55344 0.06363415 2.657175
10 83.13857 0.06330253 2.812273
11 87.49291 0.06303692 2.959564
12 93.78711 0.06227069 3.172474
13 101.5563 0.06125094 3.435278
14 110.6455 0.06012747 3.742732
15 120.8025 0.05905391 4.086304
16 131.9806 0.05803771 4.464419
17 144.0575 0.05710854 4.872938
18 156.8105 0.05631321 5.304323
19 170.2214 0.05561105 5.757967
20 184.0902 0.05502478 6.227096
21 198.3189 0.0545396 6.708403
22 213.4851 0.05405949 7.221417
23 229.8167 0.0535864 7.773856
24 247.56 0.05311445 8.374047
25 266.9144 0.05264837 9.028738
26 288.0152 0.05219898 9.7425
27 310.9606 0.05177788 10.51866
28 336.1885 0.05133464 11.37202
29 363.1476 0.05097037 12.28395
30 391.5903 0.05071043 13.24607
31 422.1312 0.050464 14.27915
32 477.4781 0.04890253 16.15133
33 539.2046 0.04814907 18.23932
34 607.2361 0.04767888 20.54057
35 682.0599 0.04733155 23.07159
36 760.9034 0.04727799 25.73857
37 847.9429 0.04735246 28.6828
38 948.6418 0.04728487 32.08908
39 1045.354 0.04803546 35.3605
40 1161.111 0.04872945 39.27612
41 1278.99 0.05075205 43.26354
42 1402.44 0.0532077 47.43941
43 1545.892 0.05545485 52.29188
44 1693.411 0.06121852 57.2819
45 1745.301 0.1389383 59.03713
46 1793.37 0.1486594 60.66314
47 1638.461 0.1446482 55.42312
48 1674.039 0.08073962 56.6266
49 1816.798 0.06907107 61.45561
50 1976.855 0.06256564 66.86977
51 2123.279 0.06039154 71.82274
52 2282.087 0.06017811 77.19465
53 2428.499 0.0697772 82.14721
54 2494.111 0.1095143 84.36664
OR+CA
1 130.3652 0.04840837 0.6566382
2 165.0323 0.04244493 0.8312537
3 191.6974 0.03962829 0.9655633
4 216.5738 0.03778069 1.090864
5 239.1164 0.03661766 1.204409
6 259.9504 0.03583188 1.309348
7 279.1643 0.03530461 1.406127
8 296.8916 0.03495912 1.495417
9 313.0611 0.03476335 1.576862
10 327.8293 0.03467557 1.651248
11 341.0595 0.03469491 1.717887
12 361.7848 0.03412383 1.822279
13 387.5848 0.03331847 1.952231
14 417.8292 0.03243772 2.10457
15 452.3211 0.03156414 2.278303
16 489.8796 0.03081179 2.467482
17 530.0616 0.03020298 2.669875
18 572.3372 0.02974351 2.882814
19 616.1274 0.02943216 3.103381
20 661.7701 0.02921839 3.333279
21 709.1096 0.02908288 3.571725
22 757.7457 0.02906916 3.8167
23 809.9074 0.02912493 4.079434
24 866.7842 0.0292504 4.365918
25 929.2705 0.02945793 4.680656
26 997.2078 0.02978688 5.02285
27 1071.514 0.03023256 5.397127
28 1151.777 0.03081769 5.801402
29 1237.701 0.03154964 6.234196
30 1328.871 0.03242674 6.69341
31 1428.495 0.0333557 7.195209
32 1459.847 0.0626362 7.353123
33 1630.449 0.04773398 8.212431
34 1836.875 0.04546857 9.252183
35 2065.733 0.04464788 10.40492
36 2315.116 0.04539199 11.66104
37 2554.397 0.06823463 12.86628
38 2229.497 0.08113366 11.22978
39 2388.145 0.08049422 12.02888
40 2484.513 0.07538633 12.51428
41 2670.899 0.07391001 13.45309
42 2872.481 0.07379266 14.46844
43 2859.393 0.06920547 14.40252
44 3062.263 0.03842708 15.42436
45 3446.958 0.03413855 17.36203
46 3823.895 0.03314795 19.26063
47 4165.087 0.03370102 20.97919
48 4637.534 0.03406741 23.35886
49 5091.006 0.03639386 25.64296
50 5599.461 0.04624344 28.20401
51 5679.163 0.0521255 28.60546
52 6235.558 0.05095745 31.40797
53 6172.961 0.08014947 31.09268
54 6438.583 0.07953955 32.43059

Parameters: Estimate  Std. Error      z value    Pr(>|z^2|)
rval 0.09109819 0.00180312 50.52267092 0
logK 8.35743451 0.64609886 12.93522556 0
logK 10.71182096 0.26732329 40.07066163 0
logK 8.97837964 0.6793337 13.2164497 0
logK 10.21112705 0.45096236 22.64296974 0
logK 8.36852329 0.84715844 9.87834498 0
logBK 4.05412307 0.68804572 5.89222915 0
logBK 4.27913045 0.27557234 15.52815684 0
logBK 4.3443181 0.69399718 6.25984978 0
logBK 5.19319993 0.45972215 11.29638832 0
logBK 4.65647771 0.85208313 5.46481625 5e-08
MixPars -1.91965921 0.29028339 -6.61305209 0
MixPars -3.00392491 0.20741837 -14.48244387 0
MixPars -0.92920861 0.12376397 -7.50790884 0
MixPars -1.4892621 0.08813464 -16.89758018 0
MixPars -2.98292991 0.09717976 -30.69497182 0
MixPars -1.52497575 0.2410922 -6.32528044 0
MixPars -0.96279622 0.18305338 -5.25964747 1.4e-07
MixPars -1.51926093 0.29016091 -5.23592551 1.6e-07
MixPars -3.32789299 0.27495106 -12.10358287 0
MixPars -1.63242765 0.25003224 -6.52886867 0
MixPars -1.72806719 0.36527891 -4.7308156 2.24e-06
MixPars -1.67370996 0.33436256 -5.0056739 5.6e-07
MixPars -0.95861453 0.40780479 -2.3506701 0.01873964
MixPars -1.58100879 0.21104275 -7.49141487 0
MixPars 0.87625025 0.17032594 5.14454974 2.7e-07
MixPars -2.96422803 0.25944422 -11.42529973 0
AddV 0.01771795 0.01456817 1.21620969 0.22390505
AddV 0.00749058 0.00261786 2.86133323 0.00421863
AddV 0.03201872 0.02043114 1.56715231 0.11707909
SFdev -0.45047066 0.52077873 -0.86499435 0.38704189
SFdev -0.45507659 0.51884001 -0.87710388 0.38043022
SFdev -0.44842036 0.52127068 -0.86024474 0.38965415
SFdev -0.41180726 0.53657424 -0.7674749 0.44279921
SFdev -0.35770026 0.55986525 -0.63890419 0.52288526
SFdev -0.38312592 0.55082916 -0.695544 0.48671445
SFdev -0.26878582 0.6074051 -0.44251492 0.65811663
SFdev -0.1180644 0.63424608 -0.18614921 0.85232775
SFdev -0.19140108 0.65303391 -0.29309516 0.76944942
SFdev 0.25793852 0.18960277 1.36041536 0.17369852
SFdev -0.19370046 0.66793844 -0.28999748 0.77181817
SFdev -0.22450026 0.64511957 -0.34799792 0.72784175
SFdev 0.09097037 0.38590779 0.23573086 0.81364152
SFdev -0.18439324 0.66187217 -0.27859344 0.78055685
SFdev -0.15628262 0.65828525 -0.23740866 0.81233977
SFdev 0.30757462 0.14311795 2.1490988 0.03162657
SFdev 0.16609503 0.28003002 0.59313297 0.55309217
SFdev 0.31275292 0.15702756 1.99170717 0.0464032
SFdev 0.37543425 0.11989416 3.13138069 0.00173986
SFdev -0.0988851 0.60640156 -0.16306868 0.87046436
SFdev -0.14982794 0.72005358 -0.20807888 0.83516738
SFdev -3.702e-05 0.99991052 -3.702e-05 0.99997046
SFdev 1.59e-06 1.00000452 1.59e-06 0.99999873
SFdev 0 1 0 1
SFdev 0.05922608 0.1079825 0.54847846 0.58336341
SFdev -0.32126289 0.56033142 -0.57334442 0.56641151
SFdev -0.34774544 0.5551853 -0.62635923 0.53107934
SFdev 0.18045977 0.08004396 2.25450841 0.0241642
SFdev -0.3194267 0.54026372 -0.59124218 0.55435816
SFdev 0.1432354 0.09036029 1.58515874 0.11293027
SFdev -0.34174264 0.54766737 -0.62399672 0.53262974
SFdev 0.15172569 0.07781357 1.94986154 0.05119262
SFdev -0.43507783 0.50793792 -0.85655709 0.39168971
SFdev 0.06959944 0.09607474 0.72443016 0.46880169
SFdev -0.36462001 0.5372529 -0.67867481 0.49734393
SFdev 0.18697023 0.05285659 3.53731184 0.00040422
SFdev -0.27541376 0.55147555 -0.49941246 0.61748884
SFdev 0.26281447 0.09487106 2.77022795 0.00560171
SFdev 0.39205582 0.05570835 7.03764922 0
SFdev 0.17238234 0.05927278 2.90828837 0.00363413
SFdev 0.36273726 0.0345098 10.51113832 0
SFdev 0.21936361 0.11382954 1.92712374 0.05396421
SFdev -0.15342766 0.59555034 -0.25762332 0.79669763
SFdev 0.11264776 0.07549989 1.49202551 0.13569246
SFdev 0.32512347 0.09614749 3.38150747 0.00072089
SFdev -1.529e-05 0.99996378 -1.529e-05 0.9999878
SFdev 2e-08 1.00000016 2e-08 0.99999998
SFdev 0 1 0 1
SFdev -0.38709236 0.5496877 -0.70420416 0.48130564
SFdev -0.44844865 0.52355697 -0.85654222 0.39169793
SFdev -0.48170139 0.51032035 -0.94391963 0.34521072
SFdev -0.49725292 0.50434248 -0.98594297 0.3241611
SFdev -0.49595114 0.50508657 -0.98191313 0.32614265
SFdev -0.49792271 0.50340305 -0.98911342 0.32260765
SFdev -0.51857904 0.4965682 -1.04432592 0.29633463
SFdev -0.49123357 0.50603829 -0.97074387 0.33167584
SFdev -0.43393915 0.52696804 -0.82346388 0.41024425
SFdev -0.37661835 0.54936345 -0.68555407 0.49299435
SFdev -0.37331694 0.5520391 -0.6762509 0.49888136
SFdev -0.37452393 0.5533883 -0.67678324 0.49854349
SFdev -0.31495919 0.58418816 -0.53913997 0.58979028
SFdev 0.02986416 0.43269489 0.06901899 0.94497451
SFdev 0.03903136 0.5061162 0.07711936 0.93852859
SFdev 0.23932009 0.21603853 1.1077658 0.26796297
SFdev 0.07818882 0.35463218 0.22047864 0.82549841
SFdev -0.2637155 0.60614189 -0.43507222 0.66351001
SFdev -0.23578938 0.59671658 -0.39514468 0.69273612
SFdev -0.25258815 0.58930631 -0.42861945 0.66820019
SFdev -0.2818372 0.58729798 -0.47988791 0.6313071
SFdev -0.21399084 0.61072103 -0.35039049 0.72604566
SFdev -0.05157275 0.53869341 -0.09573674 0.92372966
SFdev 0 1 0 1
SFdev 0.11821442 0.13064386 0.90486014 0.36553949
SFdev -0.21105656 0.56591699 -0.37294615 0.70918852
SFdev -0.38841749 0.540246 -0.71896411 0.47216303
SFdev -0.3801131 0.5412147 -0.70233328 0.48247134
SFdev -0.37288579 0.54572217 -0.6832887 0.49442443
SFdev -0.17059798 0.55373804 -0.30808428 0.75801821
SFdev 0.30404483 0.08439252 3.60274616 0.00031487
SFdev 3.969e-05 0.30126275 0.00013175 0.99989488
SFdev 0.08586993 0.20419031 0.42053873 0.67409194
SFdev -0.02563136 0.3231151 -0.07932579 0.9367735
SFdev 0.00184056 0.28159875 0.00653612 0.99478497
SFdev 0.16960744 0.12678561 1.33774988 0.18097799
SFdev 0.0301058 0.2082795 0.14454519 0.88506997
SFdev -0.39836121 0.5319334 -0.74889302 0.45392169
SFdev -0.55785547 0.47995894 -1.16229833 0.24511431
SFdev -0.60649751 0.46564351 -1.30249321 0.19274784
SFdev -0.52974087 0.48984993 -1.08143503 0.27950365
SFdev -0.45994782 0.51270345 -0.89710304 0.36966394
SFdev -0.2726897 0.54049555 -0.50451794 0.61389746
SFdev 0.104001 0.12748887 0.8157653 0.41463438
SFdev -0.28529531 0.55251434 -0.5163582 0.60560426
SFdev 0.14288816 0.1541178 0.92713599 0.35385593
SFdev 0.03975663 0.28611441 0.13895361 0.88948681
SFdev 0 1 0 1

Mixing matrix
0.87210043 0.12789957 0 0 0 0 ,# Asia
0.02882183 0.22948773 0.13107846 0.58117863 0.02943335 0 ,# Hawaii
0.10617748 0.48788895 0.18628758 0.10678601 0.01749989 0.09536009 ,# MX_AR
0.04077535 0.22955551 0.04305313 0.08801703 0.04723504 0.55136394 ,# MX_ML
0 0 0 0 0.04906835 0.95093165 ,# Central_Am

Split of breeding stock to feeding grounds over time
Split for: Asia
Year RUS+WAL EAL+BER GOA SEA+NBC SBC+WA OR+CA
1970 0.87333 0.12667 0 0 0 0
1971 0.8739 0.1261 0 0 0 0
1972 0.87114 0.12886 0 0 0 0
1973 0.87132 0.12868 0 0 0 0
1974 0.87149 0.12851 0 0 0 0
1975 0.87163 0.12837 0 0 0 0
1976 0.87177 0.12823 0 0 0 0
1977 0.87189 0.12811 0 0 0 0
1978 0.87201 0.12799 0 0 0 0
1979 0.87215 0.12785 0 0 0 0
1980 0.87228 0.12772 0 0 0 0
1981 0.87239 0.12761 0 0 0 0
1982 0.87249 0.12751 0 0 0 0
1983 0.87256 0.12744 0 0 0 0
1984 0.87263 0.12737 0 0 0 0
1985 0.87268 0.12732 0 0 0 0
1986 0.87272 0.12728 0 0 0 0
1987 0.87275 0.12725 0 0 0 0
1988 0.87278 0.12722 0 0 0 0
1989 0.87278 0.12722 0 0 0 0
1990 0.87279 0.12721 0 0 0 0
1991 0.87279 0.12721 0 0 0 0
1992 0.87279 0.12721 0 0 0 0
1993 0.87278 0.12722 0 0 0 0
1994 0.87276 0.12724 0 0 0 0
1995 0.87274 0.12726 0 0 0 0
1996 0.87271 0.12729 0 0 0 0
1997 0.87266 0.12734 0 0 0 0
1998 0.87268 0.12732 0 0 0 0
1999 0.87267 0.12733 0 0 0 0
2000 0.87261 0.12739 0 0 0 0
2001 0.86677 0.13323 0 0 0 0
2002 0.86104 0.13896 0 0 0 0
2003 0.8554 0.1446 0 0 0 0
2004 0.84999 0.15001 0 0 0 0
2005 0.84495 0.15505 0 0 0 0
2006 0.83991 0.16009 0 0 0 0
2007 0.83577 0.16423 0 0 0 0
2008 0.83398 0.16602 0 0 0 0
2009 0.83096 0.16904 0 0 0 0
2010 0.85255 0.14745 0 0 0 0
2011 0.84827 0.15173 0 0 0 0
2012 0.8438 0.1562 0 0 0 0
2013 0.84902 0.15098 0 0 0 0
2014 0.845 0.155 0 0 0 0
2015 0.84181 0.15819 0 0 0 0
2016 0.86842 0.13158 0 0 0 0
2017 0.87643 0.12357 0 0 0 0
2018 0.89677 0.10323 0 0 0 0
2019 0.92064 0.07936 0 0 0 0
2020 0.91627 0.08373 0 0 0 0
2021 0.91138 0.08862 0 0 0 0
2022 0.90958 0.09042 0 0 0 0
2023 0.90781 0.09219 0 0 0 0
2024 0.90615 0.09385 0 0 0 0
Split for: Hawaii
Year RUS+WAL EAL+BER GOA SEA+NBC SBC+WA OR+CA
1970 0.0293 0.23069 0.12951 0.58068 0.02982 0
1971 0.02946 0.23083 0.13022 0.57954 0.02994 0
1972 0.02884 0.23162 0.13086 0.57863 0.03005 0
1973 0.02896 0.23221 0.13135 0.57735 0.03013 0
1974 0.02907 0.23277 0.13182 0.57613 0.03021 0
1975 0.02918 0.23333 0.13221 0.57499 0.03028 0
1976 0.02929 0.2339 0.1326 0.5739 0.03032 0
1977 0.02939 0.23446 0.13298 0.57281 0.03035 0
1978 0.02949 0.23503 0.13335 0.57173 0.03039 0
1979 0.02959 0.23553 0.13373 0.57071 0.03043 0
1980 0.02969 0.23605 0.13412 0.56966 0.03048 0
1981 0.02979 0.23658 0.13445 0.56868 0.0305 0
1982 0.02989 0.23714 0.13476 0.5677 0.03052 0
1983 0.02997 0.23767 0.13504 0.56676 0.03055 0
1984 0.03006 0.23822 0.1353 0.56585 0.03056 0
1985 0.03013 0.2387 0.13552 0.56508 0.03057 0
1986 0.03021 0.23924 0.13571 0.56424 0.03059 0
1987 0.0303 0.23989 0.13598 0.56321 0.03062 0
1988 0.03038 0.2404 0.13615 0.56244 0.03063 0
1989 0.03042 0.24077 0.13622 0.56197 0.03061 0
1990 0.03048 0.24118 0.13633 0.56143 0.03059 0
1991 0.03053 0.24161 0.13643 0.56085 0.03058 0
1992 0.03059 0.24209 0.13657 0.56018 0.03057 0
1993 0.03063 0.24243 0.13661 0.55979 0.03054 0
1994 0.03068 0.24284 0.1367 0.55926 0.03052 0
1995 0.03072 0.24323 0.13678 0.55877 0.0305 0
1996 0.03078 0.24373 0.13689 0.55811 0.03049 0
1997 0.03083 0.24421 0.13697 0.55749 0.03051 0
1998 0.03088 0.24461 0.13708 0.55689 0.03053 0
1999 0.03094 0.24511 0.13721 0.5562 0.03052 0
2000 0.03098 0.24558 0.13725 0.55566 0.03053 0
2001 0.03103 0.25893 0.13444 0.54352 0.03208 0
2002 0.02966 0.25991 0.13457 0.54369 0.03217 0
2003 0.02841 0.26074 0.13475 0.54384 0.03226 0
2004 0.0298 0.28549 0.12908 0.52025 0.03537 0
2005 0.02861 0.28501 0.12956 0.52152 0.0353 0
2006 0.02947 0.30499 0.12503 0.50273 0.03778 0
2007 0.02833 0.30228 0.12561 0.50585 0.03792 0
2008 0.02946 0.31835 0.12164 0.48997 0.04058 0
2009 0.02834 0.31299 0.12294 0.49518 0.04055 0
2010 0.03029 0.28439 0.12773 0.5129 0.04469 0
2011 0.02907 0.28235 0.1285 0.51596 0.04412 0
2012 0.03045 0.30601 0.12248 0.49324 0.04783 0
2013 0.02997 0.28939 0.12577 0.50635 0.04851 0
2014 0.03274 0.32604 0.11725 0.47249 0.05145 2e-05
2015 0.03892 0.39709 0.10039 0.40426 0.05934 0
2016 0.0442 0.36361 0.10642 0.4276 0.05818 0
2017 0.05206 0.3985 0.09635 0.38681 0.06628 0
2018 0.05887 0.36792 0.09908 0.39695 0.07718 0
2019 0.06235 0.29184 0.11217 0.44907 0.08456 0
2020 0.06159 0.30558 0.1096 0.4377 0.08553 0
2021 0.06693 0.35336 0.09706 0.38727 0.09537 0
2022 0.06516 0.35169 0.09809 0.39055 0.09451 0
2023 0.06388 0.35215 0.09896 0.39379 0.09122 0
2024 0.0627 0.3526 0.09974 0.39726 0.0877 0
Split for: MX_AR
Year RUS+WAL EAL+BER GOA SEA+NBC SBC+WA OR+CA
1970 0.108 0.49082 0.1842 0.10677 0.01774 0.09246
1971 0.10845 0.49031 0.1849 0.10639 0.01779 0.09216
1972 0.10615 0.49199 0.18581 0.10622 0.01785 0.09197
1973 0.10639 0.49228 0.18615 0.10578 0.01786 0.09154
1974 0.10664 0.4927 0.18652 0.10539 0.01788 0.09088
1975 0.10688 0.49317 0.1868 0.10503 0.0179 0.09022
1976 0.10711 0.49366 0.18708 0.10469 0.01789 0.08957
1977 0.10734 0.49417 0.18736 0.10434 0.01789 0.08891
1978 0.10756 0.49468 0.18763 0.104 0.01789 0.08823
1979 0.1078 0.49513 0.18793 0.10369 0.01789 0.08756
1980 0.10803 0.49562 0.18824 0.10337 0.0179 0.08683
1981 0.10826 0.49617 0.1885 0.10307 0.01789 0.08612
1982 0.10848 0.49675 0.1887 0.10278 0.01788 0.08541
1983 0.10868 0.49732 0.18889 0.10249 0.01788 0.08473
1984 0.10886 0.49787 0.18903 0.10221 0.01786 0.08416
1985 0.10903 0.4984 0.18915 0.10197 0.01785 0.0836
1986 0.1092 0.49898 0.18922 0.10171 0.01784 0.08305
1987 0.10936 0.4996 0.18931 0.10137 0.01783 0.08252
1988 0.10951 0.50018 0.18936 0.10113 0.01782 0.08199
1989 0.10963 0.50068 0.18936 0.101 0.0178 0.08153
1990 0.10974 0.50114 0.18937 0.10082 0.01778 0.08116
1991 0.10986 0.50169 0.18938 0.10065 0.01776 0.08067
1992 0.10998 0.50225 0.18941 0.10044 0.01774 0.08018
1993 0.11008 0.50275 0.18939 0.10033 0.01771 0.07973
1994 0.11017 0.50325 0.18938 0.10017 0.01769 0.07934
1995 0.11026 0.50375 0.18936 0.10002 0.01766 0.07895
1996 0.11034 0.50426 0.18933 0.09979 0.01764 0.07863
1997 0.11041 0.50477 0.18926 0.09959 0.01764 0.07833
1998 0.11051 0.50517 0.18924 0.0994 0.01763 0.07805
1999 0.11061 0.50564 0.18921 0.09916 0.01761 0.07777
2000 0.11065 0.50608 0.18908 0.09897 0.01759 0.07763
2001 0.10876 0.52379 0.1818 0.09502 0.01815 0.07248
2002 0.10429 0.52736 0.18253 0.09534 0.01825 0.07223
2003 0.10009 0.53013 0.18314 0.09556 0.01834 0.07273
2004 0.09975 0.55157 0.16671 0.08687 0.01911 0.07599
2005 0.09614 0.55274 0.16797 0.08741 0.01914 0.07659
2006 0.09536 0.56947 0.15606 0.08113 0.01973 0.07825
2007 0.09396 0.57849 0.1607 0.08366 0.02029 0.0629
2008 0.09476 0.59103 0.15096 0.07862 0.02107 0.06357
2009 0.09256 0.58997 0.15491 0.08067 0.02138 0.06051
2010 0.10216 0.55364 0.16623 0.0863 0.02433 0.06733
2011 0.09896 0.55461 0.16873 0.08759 0.02423 0.06588
2012 0.09963 0.57788 0.15462 0.0805 0.02526 0.06211
2013 0.10078 0.56148 0.16313 0.08491 0.02632 0.06338
2014 0.10235 0.58824 0.14141 0.07367 0.02596 0.06837
2015 0.10698 0.62986 0.10645 0.05542 0.02632 0.07497
2016 0.12356 0.58655 0.11476 0.05961 0.02625 0.08927
2017 0.13386 0.59134 0.09558 0.04961 0.02751 0.10211
2018 0.15153 0.5465 0.09838 0.05096 0.03206 0.12057
2019 0.17223 0.46521 0.11953 0.06187 0.0377 0.14346
2020 0.16848 0.48239 0.11566 0.05972 0.03776 0.13601
2021 0.16745 0.51016 0.09367 0.04832 0.03851 0.14189
2022 0.16578 0.51639 0.09628 0.04956 0.03881 0.13318
2023 0.16335 0.51971 0.09763 0.05023 0.03765 0.13143
2024 0.16055 0.52101 0.09852 0.05073 0.03624 0.13294
Split for: MX_ML
Year RUS+WAL EAL+BER GOA SEA+NBC SBC+WA OR+CA
1970 0.04209 0.23434 0.0432 0.0893 0.04859 0.54248
1971 0.04234 0.23453 0.04344 0.08915 0.0488 0.54174
1972 0.04148 0.23557 0.0437 0.0891 0.04903 0.54113
1973 0.04168 0.23631 0.04389 0.08895 0.04919 0.53997
1974 0.04194 0.23741 0.04415 0.08896 0.04943 0.53812
1975 0.04219 0.23852 0.04438 0.08899 0.04967 0.53625
1976 0.04245 0.23968 0.04461 0.08904 0.04984 0.53439
1977 0.0427 0.24085 0.04485 0.08909 0.05002 0.53249
1978 0.04296 0.24205 0.0451 0.08915 0.05021 0.53054
1979 0.04322 0.24322 0.04535 0.08923 0.05042 0.52857
1980 0.0435 0.2445 0.04561 0.08934 0.05065 0.5264
1981 0.04378 0.24581 0.04587 0.08945 0.05083 0.52426
1982 0.04405 0.24711 0.04611 0.08956 0.05103 0.52214
1983 0.04431 0.24839 0.04634 0.08968 0.05122 0.52006
1984 0.04453 0.24951 0.04653 0.08973 0.05136 0.51834
1985 0.04475 0.25062 0.04672 0.08983 0.05149 0.51659
1986 0.04496 0.25173 0.04689 0.08989 0.05164 0.51488
1987 0.04518 0.25286 0.04706 0.08988 0.05177 0.51326
1988 0.04538 0.25395 0.04722 0.08995 0.05191 0.51158
1989 0.04556 0.25491 0.04736 0.09008 0.05199 0.51011
1990 0.04571 0.25572 0.04747 0.09013 0.05204 0.50894
1991 0.04589 0.25677 0.04761 0.09024 0.05214 0.50735
1992 0.04608 0.25782 0.04776 0.09032 0.05223 0.50578
1993 0.04625 0.25878 0.04789 0.09047 0.05231 0.50431
1994 0.0464 0.25966 0.048 0.09054 0.05236 0.50304
1995 0.04654 0.26053 0.04811 0.09062 0.05241 0.5018
1996 0.04667 0.26133 0.0482 0.0906 0.05244 0.50076
1997 0.04679 0.26208 0.04827 0.09058 0.05253 0.49976
1998 0.04691 0.26273 0.04834 0.09056 0.05261 0.49884
1999 0.04704 0.26346 0.04843 0.09051 0.05264 0.49793
2000 0.0471 0.26392 0.04843 0.09041 0.05264 0.4975
2001 0.04764 0.28113 0.04793 0.08935 0.05588 0.47807
2002 0.04573 0.2833 0.04816 0.08972 0.05626 0.47683
2003 0.04373 0.28377 0.04815 0.08961 0.05633 0.47841
2004 0.04262 0.28871 0.04286 0.07965 0.05739 0.48878
2005 0.04091 0.28821 0.04302 0.07984 0.05726 0.49076
2006 0.0401 0.29341 0.03949 0.07322 0.05831 0.49546
2007 0.04333 0.32682 0.04459 0.0828 0.06577 0.43669
2008 0.0434 0.33162 0.04161 0.07727 0.06781 0.4383
2009 0.04319 0.33729 0.0435 0.08079 0.07011 0.42511
2010 0.0454 0.30141 0.04445 0.0823 0.076 0.45045
2011 0.04437 0.30468 0.04553 0.0843 0.07638 0.44474
2012 0.04558 0.32387 0.04256 0.07904 0.08121 0.42774
2013 0.04563 0.3115 0.04445 0.08252 0.08378 0.43211
2014 0.04493 0.31637 0.03736 0.06941 0.0801 0.45182
2015 0.04504 0.32487 0.02697 0.05007 0.07789 0.47517
2016 0.04812 0.27989 0.0269 0.04983 0.07184 0.52341
2017 0.04862 0.26317 0.02089 0.03868 0.07023 0.55841
2018 0.05001 0.22096 0.01954 0.03609 0.07437 0.59903
2019 0.05108 0.16904 0.02133 0.03938 0.07858 0.64058
2020 0.05152 0.18072 0.02128 0.03919 0.08115 0.62613
2021 0.04984 0.18605 0.01678 0.03087 0.08056 0.63589
2022 0.05116 0.19524 0.01788 0.03283 0.08417 0.61872
2023 0.05089 0.19837 0.0183 0.03358 0.08244 0.61642
2024 0.04981 0.19804 0.01839 0.03378 0.07903 0.62095
Split for: Central_Am
Year RUS+WAL EAL+BER GOA SEA+NBC SBC+WA OR+CA
1970 0 0 0 0 0.05119 0.94881
1971 0 0 0 0 0.05147 0.94853
1972 0 0 0 0 0.05175 0.94825
1973 0 0 0 0 0.05202 0.94798
1974 0 0 0 0 0.05242 0.94758
1975 0 0 0 0 0.05284 0.94716
1976 0 0 0 0 0.05319 0.94681
1977 0 0 0 0 0.05355 0.94645
1978 0 0 0 0 0.05393 0.94607
1979 0 0 0 0 0.05433 0.94567
1980 0 0 0 0 0.05478 0.94522
1981 0 0 0 0 0.05518 0.94482
1982 0 0 0 0 0.05559 0.94441
1983 0 0 0 0 0.056 0.944
1984 0 0 0 0 0.05632 0.94368
1985 0 0 0 0 0.05664 0.94336
1986 0 0 0 0 0.05697 0.94303
1987 0 0 0 0 0.05728 0.94272
1988 0 0 0 0 0.0576 0.9424
1989 0 0 0 0 0.05784 0.94216
1990 0 0 0 0 0.05801 0.94199
1991 0 0 0 0 0.05829 0.94171
1992 0 0 0 0 0.05856 0.94144
1993 0 0 0 0 0.0588 0.9412
1994 0 0 0 0 0.05899 0.94101
1995 0 0 0 0 0.05918 0.94082
1996 0 0 0 0 0.05934 0.94066
1997 0 0 0 0 0.05954 0.94046
1998 0 0 0 0 0.05973 0.94027
1999 0 0 0 0 0.05986 0.94014
2000 0 0 0 0 0.05991 0.94009
2001 0 0 0 0 0.06577 0.93423
2002 0 0 0 0 0.06635 0.93365
2003 0 0 0 0 0.06622 0.93378
2004 0 0 0 0 0.06605 0.93395
2005 0 0 0 0 0.06567 0.93433
2006 0 0 0 0 0.0662 0.9338
2007 0 0 0 0 0.08318 0.91682
2008 0 0 0 0 0.08524 0.91476
2009 0 0 0 0 0.09036 0.90964
2010 0 0 0 0 0.09225 0.90775
2011 0 0 0 0 0.09374 0.90626
2012 0 0 0 0 0.10262 0.89738
2013 0 0 0 0 0.10457 0.89543
2014 0 0 0 0 0.09648 0.90352
2015 0 0 0 0 0.08986 0.91014
2016 0 0 0 0 0.07636 0.92364
2017 0 0 0 0 0.07042 0.92958
2018 0 0 0 0 0.06957 0.93043
2019 0 0 0 0 0.0688 0.9312
2020 0 0 0 0 0.07241 0.92759
2021 0 0 0 0 0.0709 0.9291
2022 0 0 0 0 0.07573 0.92427
2023 0 0 0 0 0.07455 0.92545
2024 0 0 0 0 0.0712 0.9288

Difference in mortality over time
Difference for: Asia
Year RUS+WAL EAL+BER GOA SEA+NBC SBC+WA OR+CA
1970 0 0 0 0 0 0
1971 0 0 0 0 0 0
1972 0 0 0 0 0 0
1973 0 0 0 0 0 0
1974 0 0 0 0 0 0
1975 0 0 0 0 0 0
1976 0 0 0 0 0 0
1977 0 0 0 0 0 0
1978 0 0 0 0 0 0
1979 0 0 0 0 0 0
1980 0 0 0 0 0 0
1981 0 0 0 0 0 0
1982 0 0 0 0 0 0
1983 0 0 0 0 0 0
1984 0 0 0 0 0 0
1985 0 0 0 0 0 0
1986 0 0 0 0 0 0
1987 0 0 0 0 0 0
1988 0 0 0 0 0 0
1989 0 0 0 0 0 0
1990 0 0 0 0 0 0
1991 0 0 0 0 0 0
1992 0 0 0 0 0 0
1993 0 0 0 0 0 0
1994 0 0 0 0 0 0
1995 0 0 0 0 0 0
1996 0 0 0 0 0 0
1997 0 0 0 0 0 0
1998 0 0 0 0 0 0
1999 0 0 0 0 0 0
2000 0 4 0 0 0 0
2001 0 5 0 0 0 0
2002 0 5 0 0 0 0
2003 0 6 0 0 0 0
2004 0 6 0 0 0 0
2005 0 7 0 0 0 0
2006 0 7 0 0 0 0
2007 0 5 0 0 0 0
2008 0 7 0 0 0 0
2009 0 -35 0 0 0 0
2010 0 7 0 0 0 0
2011 0 8 0 0 0 0
2012 0 -8 0 0 0 0
2013 0 8 0 0 0 0
2014 0 8 0 0 0 0
2015 0 -59 0 0 0 0
2016 0 -18 0 0 0 0
2017 0 -51 0 0 0 0
2018 0 -61 0 0 0 0
2019 0 3 0 0 0 0
2020 0 5 0 0 0 0
2021 0 0 0 0 0 0
2022 0 0 0 0 0 0
2023 0 0 0 0 0 0
Difference for: Hawaii
Year RUS+WAL EAL+BER GOA SEA+NBC SBC+WA OR+CA
1970 0 0 0 0 0 0
1971 0 0 0 0 0 0
1972 0 0 0 0 0 0
1973 0 0 0 0 0 0
1974 0 0 0 0 0 0
1975 0 0 0 0 0 0
1976 0 0 0 0 0 0
1977 0 0 0 0 0 0
1978 0 0 0 0 0 0
1979 0 0 0 0 0 0
1980 0 0 0 0 0 0
1981 0 0 0 0 0 0
1982 0 0 0 0 0 0
1983 0 0 0 0 0 0
1984 0 0 0 0 0 0
1985 0 0 0 0 0 0
1986 0 0 0 0 0 0
1987 0 0 0 0 0 0
1988 0 0 0 0 0 0
1989 0 0 0 0 0 0
1990 0 0 0 0 0 0
1991 0 0 0 0 0 0
1992 0 0 0 0 0 0
1993 0 0 0 0 0 0
1994 0 0 0 0 0 0
1995 0 0 0 0 0 0
1996 0 0 0 0 0 0
1997 0 0 0 0 0 0
1998 0 0 0 0 0 0
1999 0 0 0 0 0 0
2000 0 82 -20 -80 10 0
2001 0 93 44 179 12 0
2002 0 105 51 207 13 0
2003 0 117 -115 -463 15 0
2004 0 126 55 221 17 0
2005 0 143 -90 -363 19 0
2006 0 142 63 255 21 0
2007 0 98 -110 -445 23 0
2008 0 144 76 305 25 0
2009 0 -725 -45 -181 27 0
2010 0 144 84 339 30 0
2011 0 172 -196 -788 33 0
2012 0 -175 83 335 34 0
2013 0 175 -368 -1480 -8 0
2014 0 174 -690 -2780 -11 0
2015 0 -1329 -129 -520 -128 0
2016 0 -413 -450 -1808 -24 0
2017 0 -1150 -151 -607 35 0
2018 0 -1389 36 145 36 0
2019 0 79 -62 -247 40 0
2020 0 117 -335 -1336 45 0
2021 0 0 0 0 43 0
2022 0 0 0 0 17 0
2023 0 0 0 0 0 0
Difference for: MX_AR
Year RUS+WAL EAL+BER GOA SEA+NBC SBC+WA OR+CA
1970 0 0 0 0 0 0
1971 0 0 0 0 0 0
1972 0 0 0 0 0 0
1973 0 0 0 0 0 0
1974 0 0 0 0 0 0
1975 0 0 0 0 0 0
1976 0 0 0 0 0 0
1977 0 0 0 0 0 0
1978 0 0 0 0 0 0
1979 0 0 0 0 0 0
1980 0 0 0 0 0 0
1981 0 0 0 0 0 0
1982 0 0 0 0 0 0
1983 0 0 0 0 0 0
1984 0 0 0 0 0 0
1985 0 0 0 0 0 0
1986 0 0 0 0 0 0
1987 0 0 0 0 0 0
1988 0 0 0 0 0 0
1989 0 0 0 0 0 0
1990 0 0 0 0 0 0
1991 0 0 0 0 0 0
1992 0 0 0 0 0 0
1993 0 0 0 0 0 0
1994 0 0 0 0 0 0
1995 0 0 0 0 0 0
1996 0 0 0 0 0 0
1997 0 0 0 0 0 0
1998 0 0 0 0 0 0
1999 0 0 0 0 0 0
2000 0 29 -5 -2 1 -5
2001 0 33 10 5 1 3
2002 0 37 12 6 1 5
2003 0 41 -27 -14 1 6
2004 0 44 13 7 2 6
2005 0 51 -21 -11 2 5
2006 0 50 15 8 2 -36
2007 0 35 -26 -14 2 0
2008 0 51 18 9 2 -5
2009 0 -256 -11 -6 3 1
2010 0 51 20 10 3 0
2011 0 61 -46 -24 3 -16
2012 0 -62 20 10 3 -2
2013 0 62 -87 -45 -1 10
2014 0 61 -163 -85 -1 11
2015 0 -469 -30 -16 -13 13
2016 0 -146 -106 -55 -2 14
2017 0 -406 -36 -18 3 15
2018 0 -490 9 4 4 14
2019 0 28 -15 -8 4 -16
2020 0 41 -79 -41 4 16
2021 0 0 0 0 4 -27
2022 0 0 0 0 2 -6
2023 0 0 0 0 0 0
Difference for: MX_ML
Year RUS+WAL EAL+BER GOA SEA+NBC SBC+WA OR+CA
1970 0 0 0 0 0 0
1971 0 0 0 0 0 0
1972 0 0 0 0 0 0
1973 0 0 0 0 0 0
1974 0 0 0 0 0 0
1975 0 0 0 0 0 0
1976 0 0 0 0 0 0
1977 0 0 0 0 0 0
1978 0 0 0 0 0 0
1979 0 0 0 0 0 0
1980 0 0 0 0 0 0
1981 0 0 0 0 0 0
1982 0 0 0 0 0 0
1983 0 0 0 0 0 0
1984 0 0 0 0 0 0
1985 0 0 0 0 0 0
1986 0 0 0 0 0 0
1987 0 0 0 0 0 0
1988 0 0 0 0 0 0
1989 0 0 0 0 0 0
1990 0 0 0 0 0 0
1991 0 0 0 0 0 0
1992 0 0 0 0 0 0
1993 0 0 0 0 0 0
1994 0 0 0 0 0 0
1995 0 0 0 0 0 0
1996 0 0 0 0 0 0
1997 0 0 0 0 0 0
1998 0 0 0 0 0 0
1999 0 0 0 0 0 0
2000 0 18 -1 -3 3 -34
2001 0 20 3 6 4 26
2002 0 23 4 7 5 37
2003 0 25 -8 -15 5 41
2004 0 27 4 7 6 46
2005 0 30 -6 -12 6 37
2006 0 30 4 8 7 -264
2007 0 21 -8 -14 8 0
2008 0 30 5 10 9 -38
2009 0 -153 -3 -6 9 9
2010 0 30 6 11 10 -1
2011 0 36 -13 -25 11 -114
2012 0 -37 6 11 11 -13
2013 0 36 -25 -47 -3 69
2014 0 36 -47 -87 -4 83
2015 0 -275 -9 -16 -43 93
2016 0 -85 -31 -57 -8 99
2017 0 -237 -10 -19 11 108
2018 0 -285 2 5 12 101
2019 0 16 -4 -8 13 -112
2020 0 24 -22 -41 15 115
2021 0 0 0 0 14 -192
2022 0 0 0 0 5 -39
2023 0 0 0 0 0 1
Difference for: Central_Am
Year RUS+WAL EAL+BER GOA SEA+NBC SBC+WA OR+CA
1970 0 0 0 0 0 0
1971 0 0 0 0 0 0
1972 0 0 0 0 0 0
1973 0 0 0 0 0 0
1974 0 0 0 0 0 0
1975 0 0 0 0 0 0
1976 0 0 0 0 0 0
1977 0 0 0 0 0 0
1978 0 0 0 0 0 0
1979 0 0 0 0 0 0
1980 0 0 0 0 0 0
1981 0 0 0 0 0 0
1982 0 0 0 0 0 0
1983 0 0 0 0 0 0
1984 0 0 0 0 0 0
1985 0 0 0 0 0 0
1986 0 0 0 0 0 0
1987 0 0 0 0 0 0
1988 0 0 0 0 0 0
1989 0 0 0 0 0 0
1990 0 0 0 0 0 0
1991 0 0 0 0 0 0
1992 0 0 0 0 0 0
1993 0 0 0 0 0 0
1994 0 0 0 0 0 0
1995 0 0 0 0 0 0
1996 0 0 0 0 0 0
1997 0 0 0 0 0 0
1998 0 0 0 0 0 0
1999 0 0 0 0 0 0
2000 0 0 0 0 1 -16
2001 0 0 0 0 1 12
2002 0 0 0 0 1 17
2003 0 0 0 0 1 19
2004 0 0 0 0 2 21
2005 0 0 0 0 2 17
2006 0 0 0 0 2 -122
2007 0 0 0 0 2 0
2008 0 0 0 0 2 -17
2009 0 0 0 0 3 4
2010 0 0 0 0 3 0
2011 0 0 0 0 3 -53
2012 0 0 0 0 3 -6
2013 0 0 0 0 -1 32
2014 0 0 0 0 -1 38
2015 0 0 0 0 -12 43
2016 0 0 0 0 -2 46
2017 0 0 0 0 3 50
2018 0 0 0 0 3 47
2019 0 0 0 0 4 -52
2020 0 0 0 0 4 54
2021 0 0 0 0 4 -89
2022 0 0 0 0 2 -18
2023 0 0 0 0 0 0

Total survival over time
Values for breeding stock: Asia
Year RUS+WAL EAL+BER GOA SEA+NBC SBC+WA OR+CA
1970 0.996 0.985 0 0 0 0
1971 1.281 1.274 0 0 0 0
1972 1.186 1.216 0 0 0 0
1973 1.176 1.174 0 0 0 0
1974 1.147 1.145 0 0 0 0
1975 1.126 1.124 0 0 0 0
1976 1.109 1.107 0 0 0 0
1977 1.095 1.094 0 0 0 0
1978 1.084 1.083 0 0 0 0
1979 1.075 1.074 0 0 0 0
1980 1.067 1.066 0 0 0 0
1981 1.086 1.085 0 0 0 0
1982 1.1 1.1 0 0 0 0
1983 1.109 1.108 0 0 0 0
1984 1.113 1.113 0 0 0 0
1985 1.114 1.114 0 0 0 0
1986 1.113 1.113 0 0 0 0
1987 1.11 1.11 0 0 0 0
1988 1.107 1.106 0 0 0 0
1989 1.102 1.102 0 0 0 0
1990 1.097 1.097 0 0 0 0
1991 1.096 1.096 0 0 0 0
1992 1.095 1.095 0 0 0 0
1993 1.096 1.096 0 0 0 0
1994 1.097 1.097 0 0 0 0
1995 1.098 1.099 0 0 0 0
1996 1.099 1.099 0 0 0 0
1997 1.099 1.1 0 0 0 0
1998 1.099 1.099 0 0 0 0
1999 1.098 1.098 0 0 0 0
2000 1.096 1.139 0 0 0 0
2001 1.094 1.129 0 0 0 0
2002 1.093 1.124 0 0 0 0
2003 1.091 1.12 0 0 0 0
2004 1.09 1.115 0 0 0 0
2005 1.089 1.112 0 0 0 0
2006 1.088 1.104 0 0 0 0
2007 1.087 1.089 0 0 0 0
2008 1.085 1.096 0 0 0 0
2009 1.084 0.925 0 0 0 0
2010 1.082 1.116 0 0 0 0
2011 1.08 1.106 0 0 0 0
2012 1.078 1.038 0 0 0 0
2013 1.07 1.096 0 0 0 0
2014 1.083 1.101 0 0 0 0
2015 1.047 0.853 0 0 0 0
2016 1.073 1.017 0 0 0 0
2017 1.071 0.893 0 0 0 0
2018 1.067 0.833 0 0 0 0
2019 1.07 1.175 0 0 0 0
2020 1.058 1.128 0 0 0 0
2021 1.055 1.089 0 0 0 0
2022 1.052 1.081 0 0 0 0
2023 1.049 1.076 0 0 0 0
Values for breeding stock: Hawaii
Year RUS+WAL EAL+BER GOA SEA+NBC SBC+WA OR+CA
1970 1.008 0.997 0.98 0.991 1.005 0
1971 1.293 1.286 1.292 1.283 1.291 0
1972 1.197 1.227 1.228 1.221 1.227 0
1973 1.187 1.185 1.186 1.179 1.185 0
1974 1.157 1.155 1.156 1.15 1.155 0
1975 1.135 1.133 1.134 1.128 1.133 0
1976 1.117 1.116 1.117 1.111 1.115 0
1977 1.104 1.103 1.103 1.098 1.102 0
1978 1.093 1.092 1.092 1.087 1.091 0
1979 1.084 1.083 1.083 1.078 1.082 0
1980 1.076 1.075 1.076 1.071 1.074 0
1981 1.096 1.095 1.095 1.091 1.093 0
1982 1.11 1.109 1.109 1.104 1.107 0
1983 1.118 1.118 1.117 1.113 1.116 0
1984 1.122 1.122 1.121 1.117 1.12 0
1985 1.123 1.123 1.122 1.119 1.121 0
1986 1.122 1.122 1.121 1.118 1.12 0
1987 1.119 1.119 1.118 1.114 1.117 0
1988 1.115 1.115 1.114 1.111 1.113 0
1989 1.111 1.111 1.11 1.108 1.109 0
1990 1.106 1.106 1.105 1.103 1.104 0
1991 1.104 1.104 1.103 1.101 1.102 0
1992 1.104 1.104 1.103 1.101 1.102 0
1993 1.105 1.105 1.104 1.103 1.103 0
1994 1.106 1.106 1.105 1.103 1.104 0
1995 1.107 1.107 1.106 1.104 1.105 0
1996 1.107 1.108 1.106 1.104 1.105 0
1997 1.108 1.108 1.106 1.105 1.107 0
1998 1.107 1.107 1.106 1.104 1.106 0
1999 1.106 1.106 1.105 1.103 1.104 0
2000 1.105 1.148 1.085 1.084 1.145 0
2001 1.103 1.138 1.144 1.143 1.137 0
2002 1.101 1.133 1.133 1.133 1.133 0
2003 1.1 1.128 1.01 1.009 1.129 0
2004 1.098 1.123 1.145 1.143 1.125 0
2005 1.097 1.121 1.033 1.031 1.118 0
2006 1.096 1.113 1.14 1.139 1.117 0
2007 1.095 1.097 1.024 1.026 1.12 0
2008 1.094 1.104 1.141 1.141 1.103 0
2009 1.092 0.933 1.063 1.062 1.112 0
2010 1.091 1.125 1.13 1.127 1.105 0
2011 1.089 1.114 0.999 0.999 1.1 0
2012 1.087 1.046 1.132 1.136 1.103 0
2013 1.085 1.111 0.935 0.935 1.054 0
2014 1.083 1.101 0.798 0.799 1.048 0
2015 1.081 0.88 1.067 1.068 0.939 0
2016 1.079 1.023 0.857 0.855 1.052 0
2017 1.077 0.897 1.05 1.05 1.111 0
2018 1.074 0.838 1.173 1.171 1.089 0
2019 1.071 1.176 1.07 1.07 1.095 0
2020 1.069 1.139 0.903 0.901 1.081 0
2021 1.066 1.1 1.148 1.147 1.075 0
2022 1.064 1.093 1.117 1.115 1.05 0
2023 1.061 1.088 1.1 1.1 1.027 0
Values for breeding stock: MX_AR
Year RUS+WAL EAL+BER GOA SEA+NBC SBC+WA OR+CA
1970 1.008 0.997 0.98 0.991 1.005 0.961
1971 1.293 1.286 1.292 1.283 1.291 1.283
1972 1.197 1.227 1.228 1.221 1.227 1.22
1973 1.187 1.185 1.186 1.179 1.185 1.179
1974 1.157 1.155 1.156 1.15 1.155 1.146
1975 1.135 1.133 1.134 1.128 1.133 1.124
1976 1.118 1.116 1.117 1.111 1.115 1.107
1977 1.104 1.103 1.103 1.098 1.102 1.094
1978 1.093 1.092 1.092 1.087 1.091 1.083
1979 1.084 1.083 1.083 1.078 1.082 1.074
1980 1.076 1.075 1.076 1.071 1.074 1.065
1981 1.096 1.095 1.095 1.091 1.093 1.085
1982 1.11 1.109 1.109 1.104 1.107 1.099
1983 1.118 1.118 1.117 1.113 1.116 1.108
1984 1.123 1.122 1.121 1.118 1.12 1.113
1985 1.123 1.123 1.123 1.119 1.121 1.115
1986 1.122 1.122 1.121 1.118 1.12 1.113
1987 1.119 1.119 1.118 1.114 1.117 1.111
1988 1.115 1.115 1.114 1.111 1.113 1.107
1989 1.111 1.111 1.11 1.108 1.109 1.104
1990 1.106 1.106 1.105 1.103 1.104 1.1
1991 1.104 1.104 1.103 1.101 1.102 1.097
1992 1.104 1.104 1.103 1.101 1.102 1.097
1993 1.105 1.105 1.104 1.103 1.103 1.098
1994 1.106 1.106 1.105 1.103 1.104 1.1
1995 1.107 1.107 1.106 1.104 1.105 1.101
1996 1.107 1.108 1.106 1.104 1.105 1.103
1997 1.108 1.108 1.106 1.105 1.107 1.103
1998 1.107 1.107 1.106 1.104 1.106 1.103
1999 1.106 1.106 1.105 1.103 1.104 1.102
2000 1.105 1.148 1.085 1.084 1.145 1.06
2001 1.103 1.138 1.144 1.143 1.137 1.143
2002 1.101 1.133 1.133 1.133 1.133 1.137
2003 1.1 1.128 1.01 1.009 1.129 1.132
2004 1.098 1.123 1.145 1.143 1.125 1.13
2005 1.097 1.121 1.033 1.031 1.118 1.115
2006 1.096 1.113 1.14 1.139 1.117 0.899
2007 1.095 1.097 1.024 1.026 1.12 1.127
2008 1.094 1.104 1.141 1.141 1.103 1.073
2009 1.092 0.933 1.063 1.062 1.112 1.113
2010 1.091 1.125 1.13 1.127 1.105 1.093
2011 1.089 1.114 0.999 0.999 1.1 1.03
2012 1.087 1.046 1.132 1.136 1.103 1.11
2013 1.085 1.111 0.935 0.935 1.054 1.155
2014 1.083 1.101 0.798 0.799 1.048 1.134
2015 1.081 0.88 1.067 1.068 0.939 1.114
2016 1.079 1.023 0.857 0.855 1.052 1.092
2017 1.077 0.897 1.05 1.05 1.111 1.116
2018 1.074 0.838 1.173 1.171 1.089 1.096
2019 1.072 1.176 1.07 1.07 1.095 1.035
2020 1.069 1.139 0.903 0.901 1.081 1.122
2021 1.066 1.1 1.148 1.147 1.075 1.014
2022 1.064 1.093 1.117 1.115 1.05 1.071
2023 1.061 1.088 1.1 1.1 1.027 1.083
Values for breeding stock: MX_ML
Year RUS+WAL EAL+BER GOA SEA+NBC SBC+WA OR+CA
1970 1.001 0.99 0.973 0.984 0.998 0.954
1971 1.285 1.278 1.284 1.275 1.283 1.275
1972 1.19 1.22 1.221 1.214 1.22 1.213
1973 1.181 1.179 1.18 1.173 1.179 1.173
1974 1.151 1.149 1.151 1.144 1.15 1.14
1975 1.129 1.128 1.128 1.123 1.128 1.119
1976 1.112 1.111 1.111 1.106 1.109 1.102
1977 1.099 1.098 1.098 1.093 1.097 1.089
1978 1.088 1.087 1.088 1.082 1.086 1.078
1979 1.079 1.078 1.079 1.074 1.077 1.069
1980 1.071 1.07 1.071 1.066 1.069 1.06
1981 1.091 1.09 1.09 1.086 1.088 1.08
1982 1.105 1.104 1.104 1.1 1.102 1.094
1983 1.114 1.113 1.113 1.108 1.111 1.103
1984 1.118 1.117 1.117 1.113 1.115 1.109
1985 1.119 1.118 1.118 1.115 1.116 1.11
1986 1.118 1.117 1.116 1.113 1.116 1.109
1987 1.115 1.115 1.114 1.109 1.112 1.106
1988 1.111 1.111 1.11 1.107 1.109 1.103
1989 1.107 1.107 1.106 1.104 1.104 1.1
1990 1.102 1.102 1.101 1.099 1.1 1.096
1991 1.1 1.1 1.099 1.097 1.098 1.093
1992 1.1 1.1 1.099 1.097 1.098 1.093
1993 1.101 1.101 1.1 1.099 1.099 1.094
1994 1.102 1.102 1.101 1.099 1.1 1.096
1995 1.103 1.104 1.102 1.101 1.101 1.098
1996 1.104 1.104 1.103 1.101 1.102 1.099
1997 1.104 1.105 1.103 1.101 1.103 1.1
1998 1.104 1.104 1.103 1.101 1.103 1.1
1999 1.103 1.103 1.102 1.099 1.101 1.099
2000 1.101 1.145 1.082 1.08 1.141 1.056
2001 1.1 1.135 1.141 1.139 1.133 1.139
2002 1.098 1.13 1.13 1.13 1.13 1.134
2003 1.097 1.126 1.008 1.007 1.126 1.129
2004 1.096 1.12 1.142 1.14 1.123 1.127
2005 1.094 1.118 1.03 1.029 1.115 1.112
2006 1.094 1.11 1.138 1.137 1.114 0.898
2007 1.092 1.094 1.022 1.023 1.118 1.125
2008 1.091 1.101 1.138 1.139 1.1 1.071
2009 1.09 0.93 1.06 1.06 1.109 1.11
2010 1.088 1.122 1.127 1.124 1.102 1.09
2011 1.086 1.112 0.996 0.996 1.097 1.027
2012 1.084 1.043 1.129 1.133 1.101 1.107
2013 1.082 1.108 0.933 0.933 1.051 1.152
2014 1.08 1.098 0.796 0.797 1.045 1.131
2015 1.078 0.878 1.065 1.065 0.937 1.111
2016 1.076 1.02 0.854 0.853 1.049 1.089
2017 1.074 0.895 1.048 1.047 1.108 1.113
2018 1.071 0.836 1.17 1.168 1.087 1.093
2019 1.069 1.174 1.068 1.067 1.093 1.033
2020 1.064 1.135 0.9 0.898 1.077 1.118
2021 1.064 1.098 1.146 1.145 1.073 1.012
2022 1.062 1.091 1.115 1.113 1.048 1.069
2023 1.058 1.085 1.097 1.096 1.024 1.08
Values for breeding stock: Central_Am
Year RUS+WAL EAL+BER GOA SEA+NBC SBC+WA OR+CA
1970 0 0 0 0 0.998 0.954
1971 0 0 0 0 1.283 1.276
1972 0 0 0 0 1.221 1.214
1973 0 0 0 0 1.178 1.172
1974 0 0 0 0 1.149 1.14
1975 0 0 0 0 1.128 1.119
1976 0 0 0 0 1.11 1.102
1977 0 0 0 0 1.097 1.089
1978 0 0 0 0 1.085 1.077
1979 0 0 0 0 1.077 1.068
1980 0 0 0 0 1.069 1.06
1981 0 0 0 0 1.088 1.08
1982 0 0 0 0 1.102 1.093
1983 0 0 0 0 1.111 1.103
1984 0 0 0 0 1.115 1.109
1985 0 0 0 0 1.116 1.109
1986 0 0 0 0 1.115 1.109
1987 0 0 0 0 1.113 1.106
1988 0 0 0 0 1.109 1.102
1989 0 0 0 0 1.104 1.1
1990 0 0 0 0 1.1 1.097
1991 0 0 0 0 1.098 1.093
1992 0 0 0 0 1.098 1.093
1993 0 0 0 0 1.099 1.094
1994 0 0 0 0 1.1 1.096
1995 0 0 0 0 1.101 1.097
1996 0 0 0 0 1.102 1.099
1997 0 0 0 0 1.103 1.1
1998 0 0 0 0 1.103 1.1
1999 0 0 0 0 1.101 1.099
2000 0 0 0 0 1.141 1.056
2001 0 0 0 0 1.133 1.139
2002 0 0 0 0 1.129 1.134
2003 0 0 0 0 1.126 1.129
2004 0 0 0 0 1.122 1.127
2005 0 0 0 0 1.115 1.112
2006 0 0 0 0 1.114 0.897
2007 0 0 0 0 1.117 1.124
2008 0 0 0 0 1.1 1.07
2009 0 0 0 0 1.109 1.11
2010 0 0 0 0 1.102 1.09
2011 0 0 0 0 1.097 1.027
2012 0 0 0 0 1.1 1.107
2013 0 0 0 0 1.051 1.152
2014 0 0 0 0 1.046 1.131
2015 0 0 0 0 0.937 1.111
2016 0 0 0 0 1.049 1.089
2017 0 0 0 0 1.109 1.114
2018 0 0 0 0 1.087 1.094
2019 0 0 0 0 1.094 1.034
2020 0 0 0 0 1.078 1.119
2021 0 0 0 0 1.072 1.011
2022 0 0 0 0 1.048 1.069
2023 0 0 0 0 1.025 1.081

Numbers over time by herd
Values for breeding stock: Asia
Year RUS+WAL EAL+BER GOA SEA+NBC SBC+WA OR+CA
1970 66 10 0 0 0 0
1971 84 12 0 0 0 0
1972 95 14 0 0 0 0
1973 107 16 0 0 0 0
1974 119 18 0 0 0 0
1975 130 19 0 0 0 0
1976 141 21 0 0 0 0
1977 151 22 0 0 0 0
1978 160 23 0 0 0 0
1979 168 25 0 0 0 0
1980 176 26 0 0 0 0
1981 188 28 0 0 0 0
1982 203 30 0 0 0 0
1983 220 32 0 0 0 0
1984 239 35 0 0 0 0
1985 260 38 0 0 0 0
1986 282 41 0 0 0 0
1987 305 45 0 0 0 0
1988 330 48 0 0 0 0
1989 355 52 0 0 0 0
1990 381 56 0 0 0 0
1991 408 60 0 0 0 0
1992 437 64 0 0 0 0
1993 469 68 0 0 0 0
1994 503 73 0 0 0 0
1995 541 79 0 0 0 0
1996 581 85 0 0 0 0
1997 624 91 0 0 0 0
1998 671 98 0 0 0 0
1999 720 105 0 0 0 0
2000 771 113 0 0 0 0
2001 826 127 0 0 0 0
2002 883 143 0 0 0 0
2003 943 159 0 0 0 0
2004 1007 178 0 0 0 0
2005 1073 197 0 0 0 0
2006 1143 218 0 0 0 0
2007 1217 239 0 0 0 0
2008 1293 257 0 0 0 0
2009 1374 279 0 0 0 0
2010 1456 252 0 0 0 0
2011 1542 276 0 0 0 0
2012 1630 302 0 0 0 0
2013 1710 304 0 0 0 0
2014 1817 333 0 0 0 0
2015 1866 351 0 0 0 0
2016 1965 298 0 0 0 0
2017 2067 291 0 0 0 0
2018 2165 249 0 0 0 0
2019 2275 196 0 0 0 0
2020 2365 216 0 0 0 0
2021 2452 238 0 0 0 0
2022 2537 252 0 0 0 0
2023 2619 266 0 0 0 0
Values for breeding stock: Hawaii
Year RUS+WAL EAL+BER GOA SEA+NBC SBC+WA OR+CA
1970 19 146 82 368 19 0
1971 24 186 105 468 24 0
1972 27 219 124 547 28 0
1973 31 250 141 621 32 0
1974 35 279 158 692 36 0
1975 38 308 174 758 40 0
1976 42 335 190 821 43 0
1977 45 360 204 880 47 0
1978 48 385 218 936 50 0
1979 51 408 232 989 53 0
1980 54 430 245 1039 56 0
1981 58 463 263 1112 60 0
1982 63 503 286 1203 65 0
1983 69 549 312 1309 71 0
1984 76 601 342 1428 77 0
1985 83 659 374 1560 84 0
1986 91 721 409 1701 92 0
1987 99 787 446 1849 100 0
1988 108 857 485 2006 109 0
1989 118 930 526 2171 118 0
1990 127 1005 568 2340 128 0
1991 137 1086 613 2520 137 0
1992 148 1173 662 2713 148 0
1993 160 1267 714 2927 160 0
1994 173 1371 772 3158 172 0
1995 188 1485 835 3410 186 0
1996 203 1608 903 3682 201 0
1997 220 1742 977 3977 218 0
1998 238 1886 1057 4293 235 0
1999 257 2040 1142 4628 254 0
2000 278 2204 1232 4988 274 0
2001 300 2504 1300 5256 310 0
2002 323 2833 1467 5926 351 0
2003 348 3193 1650 6661 395 0
2004 374 3585 1621 6532 444 0
2005 402 4004 1820 7326 496 0
2006 431 4463 1830 7357 553 0
2007 463 4934 2050 8257 619 0
2008 495 5355 2046 8242 683 0
2009 530 5856 2300 9264 759 0
2010 567 5321 2390 9597 836 0
2011 605 5873 2673 10732 918 0
2012 644 6477 2592 10440 1012 0
2013 686 6619 2877 11582 1110 0
2014 728 7252 2608 10509 1144 1
2015 772 7875 1991 8017 1177 0
2016 818 6725 1968 7908 1076 0
2017 864 6614 1599 6420 1100 0
2018 911 5695 1534 6144 1195 0
2019 959 4489 1725 6908 1301 0
2020 1007 4997 1792 7157 1399 0
2021 1056 5572 1531 6107 1504 0
2022 1104 5959 1662 6617 1601 0
2023 1152 6353 1785 7104 1646 0
Values for breeding stock: MX_AR
Year RUS+WAL EAL+BER GOA SEA+NBC SBC+WA OR+CA
1970 11 51 19 11 2 10
1971 15 66 25 14 2 12
1972 17 77 29 17 3 14
1973 19 88 33 19 3 16
1974 21 98 37 21 4 18
1975 23 108 41 23 4 20
1976 26 118 45 25 4 21
1977 28 127 48 27 5 23
1978 29 136 51 29 5 24
1979 31 144 55 30 5 25
1980 33 152 58 32 5 27
1981 36 163 62 34 6 28
1982 39 177 67 37 6 30
1983 42 193 73 40 7 33
1984 46 212 80 44 8 36
1985 51 232 88 48 8 39
1986 56 254 96 52 9 42
1987 61 278 105 56 10 46
1988 66 302 114 61 11 50
1989 72 328 124 66 12 53
1990 78 354 134 71 13 57
1991 84 383 144 77 14 62
1992 91 413 156 83 15 66
1993 98 447 168 89 16 71
1994 106 483 182 96 17 76
1995 115 523 197 104 18 82
1996 124 567 213 112 20 88
1997 134 614 230 121 21 95
1998 145 665 249 131 23 103
1999 157 719 269 141 25 111
2000 170 777 290 152 27 119
2001 183 883 306 160 31 122
2002 198 999 346 181 35 137
2003 213 1126 389 203 39 154
2004 229 1264 382 199 44 174
2005 246 1412 429 223 49 196
2006 264 1574 431 224 55 216
2007 283 1740 483 252 61 189
2008 303 1889 482 251 67 203
2009 324 2065 542 282 75 212
2010 346 1877 563 293 82 228
2011 370 2071 630 327 91 246
2012 394 2284 611 318 100 246
2013 419 2334 678 353 109 264
2014 445 2558 615 320 113 297
2015 472 2778 469 244 116 331
2016 500 2372 464 241 106 361
2017 528 2333 377 196 109 403
2018 557 2009 362 187 118 443
2019 586 1584 407 211 128 488
2020 616 1763 423 218 138 497
2021 645 1966 361 186 148 547
2022 675 2102 392 202 158 542
2023 704 2241 421 217 162 567
Values for breeding stock: MX_ML
Year RUS+WAL EAL+BER GOA SEA+NBC SBC+WA OR+CA
1970 6 36 7 14 7 82
1971 8 45 8 17 9 104
1972 9 53 10 20 11 121
1973 11 60 11 23 12 137
1974 12 67 12 25 14 151
1975 13 73 14 27 15 164
1976 14 79 15 29 16 176
1977 15 85 16 31 18 187
1978 16 90 17 33 19 197
1979 17 95 18 35 20 206
1980 18 100 19 36 21 215
1981 19 107 20 39 22 228
1982 21 115 22 42 24 244
1983 22 125 23 45 26 263
1984 24 137 26 49 28 284
1985 27 149 28 54 31 308
1986 29 163 30 58 33 333
1987 32 177 33 63 36 359
1988 34 192 36 68 39 387
1989 37 208 39 73 42 415
1990 40 224 42 79 45 445
1991 43 241 45 85 49 475
1992 46 259 48 91 52 508
1993 50 279 52 98 56 544
1994 54 301 56 105 61 583
1995 58 325 60 113 65 625
1996 63 350 65 121 70 671
1997 68 378 70 131 76 722
1998 73 408 75 141 82 775
1999 79 440 81 151 88 832
2000 85 474 87 163 95 894
2001 91 537 92 171 107 914
2002 98 606 103 192 120 1020
2003 105 682 116 215 135 1149
2004 113 763 113 211 152 1292
2005 121 850 127 236 169 1448
2006 129 946 127 236 188 1597
2007 138 1043 142 264 210 1394
2008 148 1130 142 263 231 1493
2009 158 1232 159 295 256 1553
2010 168 1117 165 305 282 1669
2011 179 1230 184 340 308 1795
2012 190 1352 178 330 339 1786
2013 202 1379 197 365 371 1913
2014 214 1507 178 331 381 2152
2015 226 1632 135 252 391 2387
2016 239 1390 134 247 357 2599
2017 252 1363 108 200 364 2892
2018 265 1171 104 191 394 3174
2019 278 921 116 214 428 3489
2020 291 1021 120 221 458 3536
2021 304 1136 102 188 492 3882
2022 318 1212 111 204 523 3842
2023 331 1289 119 218 536 4006
Values for breeding stock: Central_Am
Year RUS+WAL EAL+BER GOA SEA+NBC SBC+WA OR+CA
1970 0 0 0 0 2 38
1971 0 0 0 0 3 49
1972 0 0 0 0 3 56
1973 0 0 0 0 3 64
1974 0 0 0 0 4 70
1975 0 0 0 0 4 76
1976 0 0 0 0 5 82
1977 0 0 0 0 5 87
1978 0 0 0 0 5 92
1979 0 0 0 0 6 96
1980 0 0 0 0 6 100
1981 0 0 0 0 6 106
1982 0 0 0 0 7 113
1983 0 0 0 0 7 122
1984 0 0 0 0 8 132
1985 0 0 0 0 9 143
1986 0 0 0 0 9 155
1987 0 0 0 0 10 167
1988 0 0 0 0 11 180
1989 0 0 0 0 12 193
1990 0 0 0 0 13 207
1991 0 0 0 0 14 221
1992 0 0 0 0 15 236
1993 0 0 0 0 16 252
1994 0 0 0 0 17 270
1995 0 0 0 0 18 290
1996 0 0 0 0 20 312
1997 0 0 0 0 21 335
1998 0 0 0 0 23 360
1999 0 0 0 0 25 386
2000 0 0 0 0 26 415
2001 0 0 0 0 30 424
2002 0 0 0 0 34 473
2003 0 0 0 0 38 533
2004 0 0 0 0 42 599
2005 0 0 0 0 47 672
2006 0 0 0 0 53 741
2007 0 0 0 0 59 646
2008 0 0 0 0 64 692
2009 0 0 0 0 71 720
2010 0 0 0 0 79 774
2011 0 0 0 0 86 832
2012 0 0 0 0 95 828
2013 0 0 0 0 103 886
2014 0 0 0 0 106 997
2015 0 0 0 0 109 1107
2016 0 0 0 0 100 1206
2017 0 0 0 0 102 1342
2018 0 0 0 0 110 1474
2019 0 0 0 0 120 1622
2020 0 0 0 0 129 1646
2021 0 0 0 0 138 1807
2022 0 0 0 0 147 1788
2023 0 0 0 0 150 1866

Catch numbers by breeding stock
Year Asia Hawaii MX_AR MX_ML Central_Am
1970 0.9 0 0 1.1 0.3
1971 0.9 0 0 1.2 0.3
1972 1 0 0 1.3 0.3
1973 1.1 0 0 1.3 0.4
1974 1.2 0.1 0 1.4 0.4
1975 1.2 0.1 0 1.5 0.4
1976 1.3 0.1 0 1.6 0.4
1977 1.4 0.1 0 1.6 0.4
1978 1.5 0.1 0 1.7 0.5
1979 1.6 0.1 0 1.8 0.5
1980 1.8 0.1 0 1.9 0.5
1981 1.9 0.1 0 2 0.5
1982 2 0.1 0 2.1 0.6
1983 2.2 0.1 0 2.2 0.6
1984 2.3 0.1 0 2.4 0.6
1985 2.5 0.1 0 2.5 0.7
1986 2.6 0.1 0 2.6 0.7
1987 2.8 0.1 0 2.8 0.7
1988 3 0.1 0 2.9 0.8
1989 3.2 0.1 0 3.1 0.8
1990 3.5 0.2 0 3.2 0.8
1991 3.7 0.2 0 3.4 0.9
1992 4 0.2 0 3.6 0.9
1993 4.3 0.2 0 3.8 1
1994 4.6 0.2 0 4 1
1995 4.9 0.2 0 4.2 1.1
1996 5.2 0.2 0 4.4 1.1
1997 5.6 0.2 0 4.7 1.2
1998 6 0.2 0 4.9 1.2
1999 6.4 0.2 0 5.2 1.3
2000 6.9 0.3 0 5.5 1.4
2001 7.3 0.3 0 5.8 1.4
2002 7.9 0 0 5.8 1.5
2003 8.4 0 0 5.8 1.6
2004 9 0 0 6.7 1.7
2005 9.6 0 0 8.1 1.8
2006 10.3 1 0 6.8 1.8
2007 11.1 0 0 7.7 1.9
2008 11.8 0 0 7.9 2
2009 12.7 0 0 9 2.1
2010 13.6 0 0 9.3 2.2
2011 14.5 0.8 0 10.6 2.4
2012 15.5 0 0 10.9 2.5
2013 28 0 0 10.8 2.6
2014 0 5 0 13 2.7
2015 72 0 0 14.2 2.9
2016 12 0.1 0 14.2 3
2017 12 0.1 0 13.4 3.2
2018 16 0.1 0 13.4 3.3
2019 4 0.4 0 13.4 1.7
2020 26.8 0.4 0 23.8 5
2021 28.6 0.4 0 12.8 4.7
2022 30.7 0.4 0 10.5 3.7
2023 32.8 0.4 0 18.4 4.2

Catch numbers by feeding ground
Year RUS+WAL EAL+BER GOA SEA+NBC SBC+WA OR+CA
1970 0 2.7 3.1 6.8 0.1 6.4
1971 0 1.8 0.1 4 0.1 1.5
1972 4 0.8 0.1 4.1 0.1 1.6
1973 0 0.8 0.1 4.3 0.1 1.7
1974 0 0.8 0.1 4.5 0.1 2.5
1975 0 0.8 0.2 4.7 0.1 2.7
1976 0 0.8 0.2 4.9 0.2 2.9
1977 0 0.8 0.2 5.2 0.2 3.1
1978 0 0.8 0.2 5.4 0.2 3.3
1979 0 1 0.2 5.6 0.2 3.5
1980 0 1 0.2 5.9 0.2 3.9
1981 0 1 0.3 6.1 0.3 4.2
1982 0 1 0.4 6.5 0.3 4.5
1983 0 1 0.4 6.7 0.3 4.8
1984 0 1 0.5 7.1 0.4 4.6
1985 0 1 0.5 6.7 0.4 5
1986 0 1 0.7 7.8 0.4 5.4
1987 0 1 0.7 10 0.5 5.8
1988 0 1.1 0.8 8.5 0.5 6.3
1989 0 0.9 0.8 6.1 0.6 6.1
1990 0 1 0.8 7.4 0.7 5.8
1991 0 1 0.9 8.2 0.7 7.6
1992 0 1.1 0.9 9.8 0.8 8.3
1993 0 1.1 1 7.1 0.9 8.6
1994 0 1.2 1 9.3 1 8.8
1995 0 1.2 1 9.3 1.1 9.6
1996 0 1.2 1.1 12.7 1.2 9.9
1997 0 1.2 1.3 12.7 0.9 10.7
1998 0 3 1.4 14.7 1.2 12
1999 0 2.6 1.4 17.4 1.7 13.5
2000 0 1.2 1.5 14.1 1.5 11.6
2001 0 1.2 1.8 16.4 1.7 13.4
2002 0 2.4 1.9 13.8 1.9 13.7
2003 0 1.4 2 18.9 2.3 16
2004 0 1.4 2.3 22 2.5 15.9
2005 0 1.6 2.3 23.3 5.8 20.1
2006 0 1.6 2.4 22.7 5.3 22.1
2007 0 0.1 7.3 18.4 0 18.1
2008 0 0.1 4.3 19.7 12.4 8.8
2009 0 0.1 4.3 24.1 0 9.8
2010 0 6.1 0.8 44.5 7 24.5
2011 0 3.1 4 28.4 11 11.9
2012 0 4.1 8.8 11.6 0 10
2013 0 0.1 4 31.6 0 4.7
2014 0 0.1 11.8 43.7 7 45.2
2015 0 4.1 12 51 9.1 103.4
2016 0 4.1 4.8 34.8 7.1 150.3
2017 0 4.1 2.1 16.3 11.1 60.3
2018 0 1.1 4 26.6 30.1 111.1
2019 0 4.1 6 27.3 9.1 61
2020 0 1.1 0 24 23 31.2
2021 0 2.2 7 33.7 13 62.4
2022 0 4.3 0.8 22.3 8 56
2023 0 3.6 9.1 40.1 19.2 59.7
