Stock structure: B2F1; Model type = BC
Mortality impacts feeding grounds
Recuitment related to unfished
Staying rate: 0
Age-at-matrity: 8
Base adult survival: 0
Mirrored survival
Sigma for survival devs: 6
Additional variance estimated
Weight for mark-recapture proportions: 1
Weight for genetics proportions: 1


Total objective fn: 223.903983548531
Negative log-likelihood fn: 22.7466064154905

Natural Survival by feeding ground
RUS+WAL,EAL+BER,GOA,SEA+NBC,SBC+WA,OR+CA
1970 0.96 0.96 0.96 0.96 0.96 0.96
1971 0.96 0.96 0.96 0.96 0.96 0.96
1972 0.96 0.96 0.96 0.96 0.96 0.96
1973 0.96 0.96 0.96 0.96 0.96 0.96
1974 0.96 0.96 0.96 0.96 0.96 0.96
1975 0.96 0.96 0.96 0.96 0.96 0.96
1976 0.96 0.96 0.96 0.96 0.96 0.96
1977 0.96 0.96 0.96 0.96 0.96 0.96
1978 0.96 0.96 0.96 0.96 0.96 0.96
1979 0.96 0.96 0.96 0.96 0.96 0.96
1980 0.96 0.96 0.96 0.96 0.96 0.96
1981 0.96 0.96 0.96 0.96 0.96 0.96
1982 0.96 0.96 0.96 0.96 0.96 0.96
1983 0.96 0.96 0.96 0.96 0.96 0.96
1984 0.96 0.96 0.96 0.96 0.96 0.96
1985 0.96 0.96 0.96 0.96 0.96 0.96
1986 0.96 0.96 0.96 0.96 0.96 0.96
1987 0.96 0.96 0.96 0.96 0.96 0.96
1988 0.96 0.96 0.96 0.96 0.96 0.96
1989 0.96 0.96 0.96 0.96 0.96 0.96
1990 0.96 0.96 0.96 0.96 0.96 0.96
1991 0.96 0.96 0.96 0.96 0.96 0.96
1992 0.96 0.96 0.96 0.96 0.96 0.96
1993 0.96 0.96 0.96 0.96 0.96 0.96
1994 0.96 0.96 0.96 0.96 0.96 0.96
1995 0.96 0.96 0.96 0.96 0.96 0.96
1996 0.96 0.96 0.96 0.96 0.96 0.96
1997 0.96 0.96 0.96 0.96 0.96 0.96
1998 0.96 0.96 0.96 0.96 0.96 0.96
1999 0.96 0.96 0.96 0.96 0.96 0.96
2000 0.96 0.9971051 0.94318 0.94318 0.9959369 0.9206762
2001 0.96 0.9971885 0.9941023 0.9941023 0.9971818 0.9878994
2002 0.96 0.997083 0.9949401 0.9949401 0.9976898 0.9959156
2003 0.96 0.9962714 0.8889358 0.8889358 0.997893 0.9956057
2004 0.96 0.9945493 0.993141 0.993141 0.9978749 0.9952978
2005 0.96 0.9956108 0.9108073 0.9108073 0.9979161 0.9853254
2006 0.96 0.9912164 0.9945396 0.9945396 0.9981601 0.7958959
2007 0.96 0.9774144 0.9059965 0.9059965 0.9978339 0.9606463
2008 0.96 0.9811457 0.9968034 0.9968034 0.996938 0.9334215
2009 0.96 0.8064352 0.9377518 0.9377518 0.9957107 0.9664505
2010 0.96 0.9900446 0.9954763 0.9954763 0.9956694 0.961907
2011 0.96 0.9915381 0.8884316 0.8884316 0.9956995 0.8979149
2012 0.96 0.9297285 0.991619 0.991619 0.9937629 0.9502843
2013 0.96 0.9869582 0.8251365 0.8251365 0.9520825 0.9961533
2014 0.96 0.987809 0.7017611 0.7017611 0.9532015 0.9985264
2015 0.96 0.7812899 0.8947505 0.8947505 0.8488323 0.9988906
2016 0.96 0.9106026 0.7307166 0.7307166 0.9361047 0.9982002
2017 0.96 0.7731713 0.8663466 0.8663466 0.9915676 0.9972232
2018 0.96 0.7094052 0.9836284 0.9836284 0.9900772 0.9909912
2019 0.96 0.9803764 0.92401 0.92401 0.9910562 0.9266784
2020 0.96 0.9790872 0.7823589 0.7823589 0.9922778 0.9923698
2021 0.96 0.960008 0.9600036 0.9600036 0.9885238 0.9133862
2022 0.96 0.9599996 0.96 0.96 0.9699275 0.9500266
2023 0.96 0.96 0.96 0.96 0.96 0.9602298

Naturak Survival by breeding stock
RUS+WAL,EAL+BER,GOA,SEA+NBC,SBC+WA,OR+CA
1970 0.96 0.96 0.96 0.96 0.96
1971 0.96 0.96 0.96 0.96 0.96
1972 0.96 0.96 0.96 0.96 0.96
1973 0.96 0.96 0.96 0.96 0.96
1974 0.96 0.96 0.96 0.96 0.96
1975 0.96 0.96 0.96 0.96 0.96
1976 0.96 0.96 0.96 0.96 0.96
1977 0.96 0.96 0.96 0.96 0.96
1978 0.96 0.96 0.96 0.96 0.96
1979 0.96 0.96 0.96 0.96 0.96
1980 0.96 0.96 0.96 0.96 0.96
1981 0.96 0.96 0.96 0.96 0.96
1982 0.96 0.96 0.96 0.96 0.96
1983 0.96 0.96 0.96 0.96 0.96
1984 0.96 0.96 0.96 0.96 0.96
1985 0.96 0.96 0.96 0.96 0.96
1986 0.96 0.96 0.96 0.96 0.96
1987 0.96 0.96 0.96 0.96 0.96
1988 0.96 0.96 0.96 0.96 0.96
1989 0.96 0.96 0.96 0.96 0.96
1990 0.96 0.96 0.96 0.96 0.96
1991 0.96 0.96 0.96 0.96 0.96
1992 0.96 0.96 0.96 0.96 0.96
1993 0.96 0.96 0.96 0.96 0.96
1994 0.96 0.96 0.96 0.96 0.96
1995 0.96 0.96 0.96 0.96 0.96
1996 0.96 0.96 0.96 0.96 0.96
1997 0.96 0.96 0.96 0.96 0.96
1998 0.96 0.96 0.96 0.96 0.96
1999 0.96 0.96 0.96 0.96 0.96
2000 0.96 0.96 0.96 0.96 0.96
2001 0.96 0.96 0.96 0.96 0.96
2002 0.96 0.96 0.96 0.96 0.96
2003 0.96 0.96 0.96 0.96 0.96
2004 0.96 0.96 0.96 0.96 0.96
2005 0.96 0.96 0.96 0.96 0.96
2006 0.96 0.96 0.96 0.96 0.96
2007 0.96 0.96 0.96 0.96 0.96
2008 0.96 0.96 0.96 0.96 0.96
2009 0.96 0.96 0.96 0.96 0.96
2010 0.96 0.96 0.96 0.96 0.96
2011 0.96 0.96 0.96 0.96 0.96
2012 0.96 0.96 0.96 0.96 0.96
2013 0.96 0.96 0.96 0.96 0.96
2014 0.96 0.96 0.96 0.96 0.96
2015 0.96 0.96 0.96 0.96 0.96
2016 0.96 0.96 0.96 0.96 0.96
2017 0.96 0.96 0.96 0.96 0.96
2018 0.96 0.96 0.96 0.96 0.96
2019 0.96 0.96 0.96 0.96 0.96
2020 0.96 0.96 0.96 0.96 0.96
2021 0.96 0.96 0.96 0.96 0.96
2022 0.96 0.96 0.96 0.96 0.96
2023 0.96 0.96 0.96 0.96 0.96

Fecundity by feeding ground
RUS+WAL,EAL+BER,GOA,SEA+NBC,SBC+WA,OR+CA
1970 0.9598764 0.9630182 0.9622599 0.9617855 0.9641686 0.966993
1971 0.9599557 0.9630841 0.9622709 0.9618716 0.9642048 0.9670694
1972 0.9575377 0.9609465 0.9599151 0.9595034 0.9623316 0.9659205
1973 0.9549392 0.9589049 0.9576566 0.9572584 0.9605447 0.9648463
1974 0.9524854 0.9569613 0.9554993 0.9551381 0.9588445 0.9638671
1975 0.9501605 0.9551097 0.9534461 0.9531344 0.9572261 0.9629611
1976 0.9479663 0.953346 0.9514852 0.9512409 0.9557093 0.9621243
1977 0.9458964 0.9516649 0.9496121 0.9494542 0.9542675 0.9613511
1978 0.9439456 0.9500634 0.9478231 0.9477668 0.9528993 0.9606436
1979 0.9421086 0.9485449 0.9461144 0.9461739 0.9515997 0.9599956
1980 0.9403903 0.9470997 0.9444824 0.9446733 0.9503654 0.9594119
1981 0.9387721 0.9457225 0.9429316 0.9432548 0.949216 0.9588814
1982 0.9365238 0.9438312 0.9408203 0.941288 0.9476219 0.9581108
1983 0.9337196 0.9414737 0.9381922 0.9388238 0.945625 0.9571279
1984 0.9304166 0.9386987 0.9351089 0.9359228 0.9432933 0.9559458
1985 0.9266851 0.9355511 0.9316125 0.9326177 0.9406449 0.9546124
1986 0.9225736 0.932073 0.9277668 0.9289913 0.9377157 0.9531484
1987 0.9181447 0.9283054 0.9236013 0.9251171 0.9345656 0.9515774
1988 0.9134476 0.9242882 0.9191655 0.920951 0.9312047 0.9499242
1989 0.9085283 0.9200466 0.9144906 0.9165049 0.9276867 0.9481802
1990 0.9034384 0.9156231 0.9096134 0.9118999 0.9240405 0.9463538
1991 0.8982066 0.9110439 0.9045745 0.9071572 0.9202702 0.9445382
1992 0.8926972 0.9061899 0.8992315 0.9021672 0.9162924 0.9426366
1993 0.8867903 0.9009541 0.8934793 0.896718 0.912021 0.9405909
1994 0.8803917 0.895256 0.8872186 0.8908366 0.9073844 0.9383559
1995 0.8734306 0.8890267 0.8803789 0.8844058 0.9023292 0.9359268
1996 0.8658577 0.8822176 0.8729172 0.877459 0.8968138 0.9332614
1997 0.8576534 0.8747974 0.8648093 0.8698874 0.8907164 0.9303672
1998 0.848806 0.8668103 0.8560305 0.8617221 0.8841568 0.9272488
1999 0.8393201 0.8581804 0.8465709 0.8529814 0.8771861 0.9239166
2000 0.829224 0.8488789 0.836451 0.8435338 0.8696473 0.9202503
2001 0.8185338 0.8309736 0.8293322 0.8369666 0.8551871 0.9195723
2002 0.8072625 0.8118922 0.8093197 0.8180944 0.8395318 0.9126782
2003 0.795378 0.7909462 0.788115 0.7982113 0.8222697 0.9048603
2004 0.7828568 0.7682556 0.7945008 0.8045 0.8032628 0.8962946
2005 0.7696587 0.7440714 0.7697863 0.7813475 0.7831854 0.8869824
2006 0.7557437 0.7172917 0.7707588 0.7825019 0.7609896 0.8781684
2007 0.741095 0.6900614 0.7436513 0.7565711 0.7352467 0.8929521
2008 0.7256838 0.6669246 0.746681 0.7593999 0.7103051 0.8848968
2009 0.7095264 0.6402794 0.7153887 0.7297825 0.6805421 0.8819777
2010 0.6926788 0.6890522 0.7072976 0.7229535 0.6505529 0.8743529
2011 0.6751369 0.6527079 0.673783 0.6913868 0.6186998 0.8669913
2012 0.6569464 0.6164304 0.6860034 0.7021752 0.5813942 0.8688
2013 0.6392875 0.6114517 0.6495498 0.6675984 0.5424967 0.8610574
2014 0.6184022 0.5732732 0.6892322 0.7049771 0.5300952 0.8459082
2015 0.6036763 0.5339334 0.7623876 0.7741188 0.5164982 0.8314972
2016 0.5831434 0.6114445 0.7605979 0.7725988 0.5633758 0.8173705
2017 0.5618435 0.6116629 0.806336 0.8159046 0.5558044 0.7998797
2018 0.5406219 0.6751997 0.8102936 0.8198526 0.5163738 0.782295
2019 0.5179575 0.7468795 0.7847311 0.7959196 0.4723839 0.7634804
2020 0.4975406 0.7101324 0.7788025 0.7908562 0.4308138 0.762549
2021 0.4773594 0.6790755 0.8092795 0.8196158 0.3859995 0.739403
2022 0.4574342 0.6563597 0.7900937 0.8019244 0.3436427 0.7435153
2023 0.4379238 0.6338706 0.7743284 0.787295 0.3225156 0.7338751

Total abundance: Estimate SD_log
1970 1018.029 0.04848146
1971 969.5512 0.04848146
1972 699.4241 0.04848146
1973 1278.758 0.04336095
1974 949.1702 0.04952247
1975 684.7215 0.04952247
1976 1492.836 0.04056698
1977 1165.778 0.04447883
1978 679.4212 0.04985975
1979 1691.915 0.03876288
1980 1368.492 0.04145017
1981 673.367 0.05022127
1982 1884.24 0.03740302
1983 1563.383 0.0393569
1984 669.468 0.05044395
1985 2065.495 0.0364164
1986 1747.18 0.03789894
1987 665.5265 0.05066118
1988 2236.898 0.03567286
1989 1921.001 0.03683585
1990 661.7594 0.05086338
1991 2398.822 0.03510345
1992 2085.255 0.03604045
1993 658.0942 0.05105618
1994 2551.811 0.03466069
1995 2240.49 0.03543228
1996 654.5313 0.05124076
1997 2696.179 0.03431512
1998 2387.043 0.03496215
1999 651.0215 0.05142053
2000 2832.205 0.0340464
2001 2525.216 0.03459735
2002 801.4938 0.04623852
2003 3032.531 0.0332198
2004 2655.188 0.03431664
2005 944.1275 0.04304066
2006 3279.332 0.03216373
2007 2835.438 0.03356156
2008 1079.002 0.04090641
2009 3567.062 0.03104123
2010 3060.715 0.03253788
2011 1206.527 0.03940115
2012 3891.13 0.02995884
2013 3326.213 0.03141419
2014 1327.276 0.03829072
2015 4247.106 0.02897854
2016 3627.3 0.03031082
2017 1441.722 0.03744213
2018 4631.121 0.02812595
2019 3959.883 0.02929789
2020 1550.381 0.0367731
2021 5037.696 0.02741526
2022 4318.526 0.02841911
2023 1653.076 0.03624178
2024 5461.855 0.02684302

Breeding stock abundance: Estimate SD_log Estimate/K
Asia
1970 76.17867 0.0769285 1.994778
1971 437.56 0.05287126 11.45774
1972 149.1478 0.06156078 3.905514
1973 96.38834 0.07348754 2.523979
1974 430.4056 0.05371008 11.2704
1975 143.4461 0.06337308 3.75621
1976 112.2219 0.07204489 2.93859
1977 427.7431 0.05399319 11.20068
1978 175.2849 0.05990527 4.589927
1979 124.1763 0.0727401 3.251622
1980 425.3751 0.05422825 11.13867
1981 205.0588 0.05797293 5.369574
1982 137.79 0.07223352 3.608103
1983 423.5226 0.05440927 11.09016
1984 233.2295 0.05679627 6.107238
1985 150.5395 0.07194974 3.941955
1986 421.766 0.05457591 11.04416
1987 259.225 0.05613614 6.787942
1988 162.5748 0.0717703 4.257108
1989 420.0874 0.05473147 11.00021
1990 283.4459 0.05575877 7.422179
1991 173.8331 0.07170536 4.551911
1992 418.4715 0.05487863 10.9579
1993 305.9644 0.05557311 8.011838
1994 184.3488 0.07172844 4.82727
1995 416.8952 0.05502026 10.91662
1996 326.9734 0.05550331 8.561969
1997 194.1545 0.0718223 5.084036
1998 415.3728 0.05515562 10.87676
1999 346.4637 0.05553212 9.072334
2000 203.2729 0.07197733 5.322808
2001 512.2132 0.05044268 13.41257
2002 364.4783 0.05563695 9.544055
2003 216.7908 0.07177828 5.676782
2004 604.4479 0.04757894 15.82779
2005 380.9847 0.05581511 9.976284
2006 233.5037 0.07140804 6.114417
2007 692.0402 0.04568844 18.12144
2008 404.4617 0.05569895 10.59104
2009 253.0063 0.07095017 6.625104
2010 775.2136 0.04436604 20.29938
2011 434.1083 0.05541672 11.36735
2012 274.819 0.0704912 7.19628
2013 854.3184 0.0433949 22.37077
2014 469.1494 0.05507817 12.28492
2015 298.7003 0.07003409 7.821625
2016 929.4766 0.04265981 24.33883
2017 509.034 0.05474482 13.32932
2018 324.2285 0.06961934 8.490092
2019 1001.231 0.04207702 26.21777
2020 552.9131 0.0544758 14.47832
2021 351.2169 0.06922797 9.1968
2022 1069.232 0.04161936 27.9984
2023 600.1312 0.05428026 15.71475
Hawaii
1970 72.55111 0.0769285 0.1601248
1971 105.8746 0.0729799 0.2336718
1972 107.5937 0.06156078 0.2374659
1973 71.59151 0.07794128 0.1580069
1974 133.528 0.06929843 0.2947045
1975 103.4805 0.06337308 0.2283878
1976 87.673 0.0747769 0.1934997
1977 156.3527 0.06732723 0.34508
1978 102.1024 0.06397037 0.2253464
1979 100.474 0.07464585 0.2217523
1980 177.791 0.06605554 0.3923957
1981 100.8105 0.06449809 0.2224949
1982 114.3655 0.0736637 0.2524118
1983 198.6551 0.06508358 0.438444
1984 99.75177 0.06495197 0.2201583
1985 127.3823 0.07308061 0.2811406
1986 218.4888 0.06436441 0.4822183
1987 98.59075 0.06544759 0.2175959
1988 139.6616 0.07270046 0.3082417
1989 237.3644 0.06381307 0.5238778
1990 97.46213 0.06592999 0.2151049
1991 151.1585 0.07249381 0.3336161
1992 255.3367 0.06337791 0.5635439
1993 96.35121 0.06640836 0.2126531
1994 161.9086 0.07241257 0.3573424
1995 272.4502 0.06302585 0.6013145
1996 95.28485 0.06686757 0.2102995
1997 171.9454 0.07242689 0.379494
1998 288.7465 0.06273599 0.6372813
1999 94.22926 0.06732756 0.2079698
2000 181.293 0.07251947 0.4001249
2001 304.2169 0.06249817 0.6714254
2002 115.3894 0.06372174 0.2546714
2003 189.8935 0.07271138 0.4191067
2004 326.7306 0.06192269 0.7211146
2005 135.1319 0.06174409 0.2982443
2006 201.9949 0.07255882 0.4458151
2007 354.3775 0.0612215 0.782133
2008 153.5185 0.06059358 0.3388248
2009 217.2112 0.07219924 0.4793984
2010 386.6077 0.06049356 0.8532669
2011 170.6569 0.05990658 0.3766502
2012 235.0628 0.07175832 0.5187981
2013 422.9362 0.05980179 0.9334462
2014 186.6511 0.05949945 0.4119505
2015 255.2769 0.07127276 0.5634119
2016 462.8972 0.0591795 1.021643
2017 201.6591 0.05925802 0.445074
2018 277.4294 0.07080676 0.6123038
2019 506.0462 0.05863927 1.116875
2020 215.6854 0.05914093 0.4760309
2021 301.3024 0.07035594 0.664993
2022 551.8831 0.05818033 1.21804
2023 228.7801 0.05910493 0.5049318
MX_AR
1970 52.33762 0.0769285 0.6939582
1971 100.833 0.0729799 1.336971
1972 42.49109 0.08864639 0.5634005
1973 51.64537 0.07794128 0.6847795
1974 99.10961 0.07364999 1.31412
1975 51.77667 0.08711568 0.6865204
1976 51.12505 0.07867801 0.6778805
1977 122.0961 0.06998218 1.618904
1978 60.07363 0.08633124 0.796532
1979 49.48422 0.0809195 0.6561242
1980 143.8028 0.06783073 1.90672
1981 67.85127 0.08592885 0.8996578
1982 49.03348 0.08157801 0.6501478
1983 164.8255 0.06634806 2.185465
1984 75.03625 0.08586332 0.9949253
1985 48.59548 0.08221717 0.6443402
1986 184.8161 0.06530952 2.450526
1987 81.53508 0.08593846 1.081095
1988 48.19823 0.08279757 0.6390729
1989 203.8428 0.06454617 2.702805
1990 87.55255 0.08608259 1.160882
1991 47.80381 0.08337583 0.6338432
1992 221.9598 0.06396357 2.943022
1993 93.10747 0.08627599 1.234536
1994 47.41051 0.08395558 0.6286284
1995 239.2118 0.06350504 3.171771
1996 98.23029 0.08649972 1.302461
1997 47.01704 0.08453968 0.6234113
1998 255.6409 0.06313589 3.38961
1999 102.837 0.0868341 1.363543
2000 57.67401 0.08127539 0.7647148
2001 271.244 0.0628375 3.596495
2002 107.0485 0.08718185 1.419384
2003 67.66927 0.07956438 0.8972445
2004 286.0772 0.06259058 3.793172
2005 113.5659 0.08730811 1.505801
2006 77.03888 0.0785677 1.021479
2007 306.4117 0.06206133 4.062793
2008 121.6949 0.08733715 1.613584
2009 85.82558 0.0779648 1.137984
2010 331.7327 0.06138006 4.39853
2011 131.1138 0.08739741 1.738472
2012 94.03599 0.07762464 1.246848
2013 361.5399 0.06065265 4.793752
2014 141.7244 0.08745084 1.879161
2015 101.7446 0.0774288 1.349058
2016 395.3519 0.05995067 5.242074
2017 153.501 0.08751339 2.03531
2018 108.9518 0.07734943 1.444621
2019 432.7101 0.05931395 5.737417
2020 166.0047 0.08765818 2.2011
2021 115.7258 0.07732997 1.534439
2022 473.1115 0.05875836 6.273109
2023 179.1891 0.08782488 2.375915
MX_ML
1970 636.8791 0.05287126 2.359783
1971 72.73986 0.0729799 0.2695179
1972 40.46771 0.08864639 0.1499421
1973 803.6904 0.04815428 2.977857
1974 71.49664 0.07364999 0.2649114
1975 38.38899 0.09018363 0.14224
1976 939.6365 0.04567264 3.481568
1977 71.15643 0.07380619 0.2636509
1978 46.87794 0.08813539 0.1736935
1979 1068.477 0.04401972 3.958951
1980 70.75542 0.07397883 0.262165
1981 54.84196 0.08710755 0.203202
1982 1191.556 0.04283698 4.414987
1983 70.5775 0.07404178 0.2615058
1984 62.21514 0.08668987 0.2305213
1985 1308.364 0.04197457 4.847787
1986 70.39483 0.07410416 0.260829
1987 68.92179 0.08655062 0.255371
1988 1419.227 0.04132687 5.258562
1989 70.21632 0.07416452 0.2601675
1990 75.13654 0.08655464 0.2783981
1991 1524.442 0.04082978 5.648407
1992 70.04406 0.07422214 0.2595293
1993 80.88147 0.08665177 0.2996844
1994 1624.24 0.04044316 6.018183
1995 69.87748 0.07427672 0.2589121
1996 86.18774 0.08680662 0.3193453
1997 1718.969 0.04013733 6.369172
1998 69.71602 0.07432904 0.2583138
1999 90.98482 0.08709003 0.3371196
2000 1808.736 0.03989589 6.70178
2001 86.08782 0.07052636 0.3189751
2002 95.38157 0.08739904 0.3534106
2003 1940.104 0.03919941 7.188531
2004 101.7202 0.06824099 0.3768967
2005 99.34301 0.08773251 0.3680886
2006 2101.706 0.03832977 7.787303
2007 116.6014 0.06673706 0.4320349
2008 105.1069 0.08786493 0.3894451
2009 2290.077 0.03742562 8.48526
2010 130.7694 0.0656804 0.4845307
2011 112.3603 0.0879472 0.4163206
2012 2502.417 0.0365718 9.272027
2013 144.2707 0.06489972 0.5345559
2014 120.9768 0.0879703 0.4482466
2015 2735.509 0.0358208 10.13569
2016 157.1448 0.06430036 0.5822574
2017 130.8938 0.08797521 0.4849917
2018 2987.632 0.03517834 11.06986
2019 169.4254 0.06382685 0.62776
2020 141.7002 0.08805317 0.5250319
2021 3254.668 0.0346626 12.05929
2022 181.115 0.06344473 0.6710724
2023 153.3236 0.0881542 0.5680989
Central_Am
1970 606.5515 0.05287126 14.35965
1971 156.6052 0.06156078 3.70751
1972 29.19298 0.08864639 0.6911216
1973 596.6341 0.05371008 14.12486
1974 193.3744 0.05875007 4.577991
1975 27.69342 0.09018363 0.6556206
1976 733.846 0.04913217 17.37324
1977 224.5516 0.05709413 5.316089
1978 27.29422 0.09084956 0.6461699
1979 864.314 0.0463624 20.46198
1980 253.6202 0.05609994 6.004265
1981 26.94179 0.09141532 0.6378263
1982 988.7471 0.04452112 23.40784
1983 281.2031 0.05546643 6.65727
1984 26.58264 0.09203964 0.6293238
1985 1106.835 0.04324122 26.20347
1986 306.5679 0.055145 7.257761
1987 26.17941 0.09264447 0.6197775
1988 1218.915 0.04231367 28.85688
1989 330.1793 0.05499189 7.816743
1990 25.79526 0.09320688 0.6106832
1991 1325.291 0.04162053 31.37526
1992 352.1021 0.05496178 8.335749
1993 25.42362 0.09374187 0.6018849
1994 1426.209 0.04109155 33.76441
1995 372.5416 0.055004 8.819639
1996 25.06327 0.09425224 0.5933539
1997 1522.008 0.04067922 36.03239
1998 391.4723 0.05511603 9.267808
1999 24.68632 0.09483073 0.5844298
2000 1612.819 0.04035607 38.18227
2001 408.9316 0.05528427 9.681144
2002 30.12943 0.09260869 0.7132914
2003 1698.89 0.04010126 40.21992
2004 435.3398 0.05511987 10.30634
2005 35.15821 0.09152039 0.8323439
2006 1817.463 0.03946218 43.02706
2007 468.0496 0.05482693 11.08072
2008 39.8026 0.09097047 0.9422961
2009 1965.303 0.03861767 46.52705
2010 506.2577 0.05449998 11.98527
2011 44.06157 0.09077547 1.043124
2012 2139.484 0.03770899 50.65066
2013 549.234 0.05420304 13.0027
2014 47.99941 0.09073498 1.136349
2015 2336.744 0.03684035 55.32063
2016 596.4987 0.05395705 14.12165
2017 51.69732 0.09077559 1.223895
2018 2555.13 0.03605543 60.49076
2019 647.21 0.05379213 15.3222
2020 55.08664 0.09092682 1.304134
2021 2790.657 0.03539623 66.06668
2022 700.7393 0.05369992 16.58947
2023 58.22349 0.09110583 1.378397

Feeding stock abundance: Estimate SD_log Estimate/K
RUS+WAL
1970 101.6357 0.0970445 1.556444
1971 107.65 0.07604394 1.648548
1972 30.15599 0.07530934 0.4618076
1973 129.4729 0.09377467 1.982742
1974 137.956 0.07248026 2.112653
1975 38.53404 0.07011977 0.5901086
1976 147.3386 0.09490211 2.256337
1977 162.1393 0.07082797 2.482994
1978 45.16607 0.06757574 0.6916713
1979 167.4195 0.09404415 2.563854
1980 185.2391 0.06974849 2.836744
1981 51.47498 0.06584453 0.7882857
1982 186.3666 0.09348347 2.85401
1983 207.3024 0.06899752 3.17462
1984 57.47832 0.06460181 0.8802206
1985 204.3257 0.09308011 3.129035
1986 228.2872 0.06847802 3.49598
1987 63.194 0.0636724 0.9677502
1988 221.2673 0.09280873 3.388478
1989 248.3287 0.06808773 3.802895
1990 68.5361 0.06304739 1.049559
1991 237.2414 0.09263349 3.633106
1992 267.4744 0.06778549 4.096092
1993 73.61526 0.06256427 1.127341
1994 252.2872 0.09253102 3.863516
1995 285.7608 0.06754606 4.37613
1996 78.43488 0.06218759 1.201148
1997 266.4453 0.09248632 4.080332
1998 303.2265 0.06735274 4.643598
1999 83.01237 0.06188956 1.271248
2000 279.6668 0.0925131 4.282806
2001 319.908 0.06719419 4.899058
2002 87.35935 0.06165206 1.337817
2003 299.222 0.09220079 4.582274
2004 343.9575 0.06681991 5.267351
2005 93.64295 0.0609565 1.434044
2006 323.3354 0.09174198 4.951545
2007 373.3887 0.06638486 5.718058
2008 101.3991 0.06002711 1.552822
2009 351.3799 0.09122741 5.381017
2010 407.7204 0.0659446 6.243813
2011 110.4732 0.05900182 1.691782
2012 382.9324 0.09068726 5.86421
2013 446.3139 0.06555929 6.834832
2014 120.6132 0.05802511 1.847066
2015 417.4471 0.09016709 6.392768
2016 488.7621 0.06523325 7.484882
2017 131.7729 0.05710023 2.017965
2018 454.5762 0.08966537 6.961361
2019 534.3933 0.06499522 8.183677
2020 143.8302 0.05625428 2.202609
2021 493.8334 0.08920131 7.562543
2022 582.9452 0.06481441 8.927198
2023 156.5624 0.05553262 2.397589
EAL+BER
1970 96.79588 0.0970445 0.4716021
1971 102.5238 0.07604394 0.4995094
1972 28.71999 0.07530934 0.1399275
1973 96.17495 0.09751259 0.4685768
1974 102.411 0.07610667 0.4989596
1975 28.59095 0.0755575 0.1392988
1976 115.1158 0.09717644 0.5608589
1977 126.6282 0.07297179 0.6169489
1978 35.2619 0.07100952 0.1718005
1979 135.4708 0.09563488 0.6600314
1980 149.8449 0.07114756 0.7300638
1981 41.62539 0.06820623 0.2028043
1982 154.6926 0.09468322 0.7536826
1983 172.0213 0.06997614 0.83811
1984 47.67993 0.06632486 0.2323028
1985 172.904 0.09403421 0.8424105
1986 193.1286 0.06919899 0.9409477
1987 53.44357 0.06498583 0.260384
1988 190.0918 0.09359812 0.9261519
1989 213.2859 0.06864074 1.039156
1990 58.84513 0.06408305 0.2867011
1991 206.3062 0.09330645 1.005151
1992 232.5409 0.06822345 1.132969
1993 63.97949 0.06340324 0.3117164
1994 221.5878 0.09311811 1.079604
1995 250.9314 0.06790204 1.22257
1996 68.85217 0.06288229 0.3354567
1997 235.9778 0.09300779 1.149714
1998 268.4965 0.06764834 1.30815
1999 73.48024 0.06247534 0.3580052
2000 249.4374 0.09298288 1.215291
2001 285.2731 0.06744409 1.389888
2002 77.87567 0.06215358 0.3794203
2003 262.1137 0.09299543 1.277052
2004 301.2153 0.06729506 1.46756
2005 81.96921 0.06195602 0.3993646
2006 279.7252 0.09271623 1.362857
2007 322.9191 0.06696458 1.573304
2008 87.64613 0.06131324 0.4270233
2009 301.6916 0.09228372 1.46988
2010 349.9356 0.06653571 1.704931
2011 94.75736 0.06040291 0.4616701
2012 327.5655 0.09175981 1.595942
2013 381.6313 0.06610395 1.859357
2014 103.061 0.05942222 0.5021268
2015 356.7954 0.09121746 1.738353
2016 417.5735 0.06570406 2.034472
2017 112.4925 0.05842271 0.5480779
2018 389.0026 0.09067431 1.895271
2019 457.1066 0.06538526 2.227083
2020 122.9238 0.05746733 0.5989005
2021 423.6959 0.09016129 2.064301
2022 499.9266 0.06512841 2.435707
2023 134.1422 0.05662492 0.6535582
GOA
1970 69.82754 0.0970445 0.8148512
1971 73.95963 0.07604394 0.8630706
1972 20.7183 0.07530934 0.2417718
1973 69.37961 0.09751259 0.8096241
1974 73.87822 0.07610667 0.8621206
1975 20.62521 0.0755575 0.2406855
1976 67.13403 0.1004453 0.7834193
1977 73.80689 0.07615908 0.8612882
1978 20.54371 0.07576327 0.2397345
1979 66.73081 0.1008834 0.7787139
1980 73.74437 0.07620395 0.8605586
1981 20.47026 0.07594072 0.2388773
1982 66.33703 0.1013086 0.7741188
1983 73.68219 0.0762453 0.859833
1984 20.40175 0.07609934 0.2380778
1985 65.9783 0.1016936 0.7699326
1986 73.592 0.07631213 0.8587805
1987 20.33786 0.07624334 0.2373323
1988 65.62157 0.1020772 0.7657698
1989 73.50774 0.07637342 0.8577973
1990 20.24804 0.07646653 0.2362841
1991 65.26652 0.1024618 0.7616265
1992 73.42949 0.07642992 0.8568841
1993 20.16464 0.07667232 0.2353109
1994 64.91079 0.1028487 0.7574753
1995 73.35505 0.07648287 0.8560154
1996 20.08391 0.07686758 0.2343688
1997 64.55351 0.1032392 0.7533061
1998 73.28376 0.07653291 0.8551835
1999 20.00658 0.07705283 0.2334665
2000 79.38177 0.1003939 0.9263441
2001 90.61581 0.07339499 1.05744
2002 24.68024 0.07247779 0.2880056
2003 93.43741 0.0988273 1.090366
2004 107.1945 0.07158994 1.250904
2005 29.10432 0.06972613 0.3396324
2006 106.7216 0.09784921 1.245386
2007 122.9945 0.07045334 1.435282
2008 33.30394 0.06789631 0.3886397
2009 119.2492 0.09721577 1.391576
2010 138.0808 0.06967806 1.611332
2011 37.29538 0.06660327 0.4352178
2012 131.0921 0.09677704 1.529777
2013 152.4538 0.0691355 1.779057
2014 41.0563 0.06569534 0.4791058
2015 142.266 0.09647777 1.660171
2016 166.1798 0.06873156 1.939232
2017 44.62961 0.06500665 0.5208044
2018 152.8389 0.09625982 1.783551
2019 179.2239 0.06844461 2.09145
2020 48.02889 0.06446814 0.5604722
2021 162.8177 0.09611049 1.899998
2022 191.678 0.0682209 2.236783
2023 51.23016 0.06407217 0.5978295
SEA+NBC
1970 238.2356 0.08961062 0.8071004
1971 388.444 0.06384215 1.31598
1972 130.5074 0.04646577 0.4421363
1973 303.5143 0.08612681 1.028253
1974 494.1785 0.06031596 1.67419
1975 165.202 0.04092203 0.5596756
1976 355.8832 0.08438396 1.20567
1977 577.1232 0.05884856 1.955192
1978 191.886 0.03832384 0.6500762
1979 405.7412 0.08324329 1.37458
1980 655.4618 0.05798246 2.22059
1981 216.7789 0.03662785 0.7344089
1982 453.2088 0.08245424 1.535392
1983 729.4487 0.05745897 2.471244
1984 239.3354 0.03557217 0.8108265
1985 498.437 0.08188418 1.688617
1986 799.3701 0.05714234 2.708126
1987 260.1809 0.03486653 0.8814474
1988 541.5232 0.08145986 1.834586
1989 865.4389 0.0569598 2.931956
1990 279.4039 0.03440049 0.9465716
1991 582.5923 0.08113552 1.973721
1992 927.7594 0.05687506 3.143086
1993 297.1387 0.03410263 1.006654
1994 621.7176 0.08088408 2.10627
1995 986.597 0.0568552 3.342418
1996 313.3138 0.03394413 1.061452
1997 658.7883 0.08071126 2.231859
1998 1042.121 0.05688332 3.530522
1999 328.0856 0.03388593 1.111496
2000 694.0654 0.08057891 2.351372
2001 1094.388 0.05695338 3.707596
2002 341.3175 0.03392843 1.156324
2003 745.5121 0.08011086 2.525664
2004 1171.749 0.05676248 3.969681
2005 362.0476 0.03342873 1.226554
2006 808.7954 0.07950516 2.740057
2007 1267.059 0.05649066 4.292575
2008 387.8538 0.03271623 1.313981
2009 882.6537 0.0788554 2.990276
2010 1378.43 0.05620841 4.66988
2011 418.1052 0.03193614 1.416467
2012 965.9164 0.07822275 3.272355
2013 1503.751 0.05597173 5.094444
2014 452.6036 0.03116146 1.533342
2015 1057.508 0.07763971 3.582651
2016 1642.048 0.05577439 5.562971
2017 490.1681 0.03049909 1.660604
2018 1156.425 0.07711939 3.917765
2019 1790.241 0.05567108 6.065024
2020 530.3552 0.02996818 1.796751
2021 1261.684 0.07666403 4.274363
2022 1945.638 0.05568388 6.59148
2023 572.634 0.02957358 1.939984
SBC+WA
1970 226.891 0.08961062 7.64288
1971 369.9467 0.06384215 12.46175
1972 124.2928 0.04646577 4.186833
1973 225.2666 0.09016374 7.588162
1974 366.8977 0.0643236 12.35904
1975 122.4817 0.04702895 4.125827
1976 277.8984 0.08685451 9.361076
1977 450.754 0.06121397 15.18376
1978 149.7327 0.04216797 5.043783
1979 328.1668 0.08490432 11.05438
1980 530.2472 0.05952692 17.86151
1981 175.2107 0.03926369 5.902016
1982 376.0207 0.0836459 12.66635
1983 605.3238 0.05854065 20.39048
1984 198.4361 0.03748698 6.684368
1985 421.6095 0.08278122 14.20202
1986 676.2732 0.05794105 22.78043
1987 219.9257 0.03631941 7.408252
1988 465.0368 0.0821606 15.66488
1989 743.3199 0.05757437 25.03891
1990 239.7747 0.03554101 8.076869
1991 506.4272 0.08169923 17.05913
1992 806.5881 0.05736371 27.17012
1993 258.1143 0.03502254 8.694644
1994 545.8595 0.08134847 18.38741
1995 866.3369 0.05725423 29.18277
1996 274.8957 0.0347027 9.259928
1997 583.2476 0.08110144 19.64684
1998 922.7407 0.05721639 31.08275
1999 290.265 0.03452295 9.777648
2000 618.8302 0.08091221 20.84545
2001 975.8724 0.05723651 32.8725
2002 304.1099 0.03447159 10.24402
2003 652.7385 0.0807622 21.98766
2004 1026.103 0.05728784 34.56452
2005 316.6929 0.03449469 10.66788
2006 699.3063 0.08032892 23.55631
2007 1095.744 0.05712457 36.91039
2008 334.971 0.03406068 11.28358
2009 757.3508 0.07973602 25.51155
2010 1182.999 0.05684932 39.84961
2011 358.2837 0.03336257 12.06887
2012 825.6758 0.07908348 27.81309
2013 1285.721 0.05655704 43.30984
2014 386.3217 0.03253493 13.01334
2015 903.1746 0.07843816 30.42366
2016 1402.753 0.05627496 47.25208
2017 417.9495 0.03174193 14.07873
2018 988.8115 0.0778377 33.30836
2019 1531.16 0.05608005 51.57751
2020 452.6733 0.031046 15.24841
2021 1081.576 0.07729946 36.43317
2022 1668.341 0.05600694 56.19846
2023 489.9361 0.03048049 16.50362
OR+CA
1970 163.6768 0.08961062 0.8278038
1971 266.8757 0.06384215 1.349737
1972 89.66352 0.04646577 0.4534778
1973 162.505 0.09016374 0.8218773
1974 264.6762 0.0643236 1.338613
1975 88.35703 0.04702895 0.4468702
1976 161.9481 0.09039318 0.8190606
1977 262.7569 0.06473311 1.328906
1978 87.17745 0.04750708 0.4409044
1979 161.4543 0.09059192 0.8165635
1980 260.9987 0.06510314 1.320014
1981 86.06956 0.04793994 0.4353012
1982 160.9924 0.09077047 0.814227
1983 259.3342 0.0654485 1.311596
1984 84.77898 0.04843665 0.428774
1985 160.5655 0.09093254 0.8120681
1986 257.7572 0.06577379 1.30362
1987 83.52853 0.04891177 0.4224498
1988 160.1624 0.09108256 0.8100296
1989 256.2473 0.06608433 1.295984
1990 82.30711 0.04937329 0.4162724
1991 159.7847 0.09122178 0.8081192
1992 254.7646 0.06638985 1.288485
1993 81.12138 0.0498224 0.4102755
1994 159.4218 0.09135341 0.8062837
1995 253.3246 0.06668686 1.281202
1996 79.92536 0.05027797 0.4042265
1997 159.0226 0.09150278 0.8042649
1998 251.9184 0.06697754 1.27409
1999 78.74008 0.05073334 0.398232
2000 196.3693 0.08810854 0.9931475
2001 310.0208 0.06379072 1.567946
2002 96.04517 0.04590807 0.4857533
2003 232.0564 0.08609294 1.173637
2004 365.1773 0.06203516 1.846903
2005 112.0587 0.04306608 0.5667428
2006 266.0718 0.08477854 1.345672
2007 417.3363 0.06098947 2.1107
2008 126.8239 0.04126855 0.6414181
2009 298.5029 0.08386412 1.509694
2010 466.7501 0.06032849 2.360613
2011 140.469 0.040073 0.7104291
2012 329.4307 0.08319663 1.666113
2013 513.53 0.05990251 2.597204
2014 153.2425 0.03922043 0.7750319
2015 358.9373 0.08269031 1.815344
2016 558.1101 0.05959886 2.82267
2017 165.0275 0.03862596 0.834635
2018 387.0996 0.08229412 1.957776
2019 600.1485 0.05941702 3.035281
2020 175.9256 0.03820461 0.8897528
2021 413.973 0.08197694 2.09369
2022 639.4026 0.05935299 3.233811
2023 185.9857 0.03790788 0.940632

Parameters: Estimate  Std. Error      z value    Pr(>|z^2|)
rval 0.09109094 0.00170688 53.36696466 0
logK 8.24771868 0.63844555 12.91843711 0
logK 10.7212634 0.27138294 39.50603266 0
logK 8.92822914 0.68218599 13.08767591 0
logK 10.20318036 0.46079691 22.14246683 0
logK 8.34853799 0.8581568 9.72845283 0
logBK 3.94424669 0.68213527 5.78220605 1e-08
logBK 4.29999633 0.27991614 15.36173075 0
logBK 4.30130372 0.69714479 6.1698858 0
logBK 5.19270075 0.46933026 11.06406559 0
logBK 4.63840712 0.8630573 5.37439069 8e-08
MixPars -1.92298607 0.29084775 -6.61165872 0
MixPars -2.99707558 0.20663522 -14.50418557 0
MixPars -0.9371014 0.12287953 -7.62617978 0
MixPars -1.48158312 0.08720254 -16.99013661 0
MixPars -2.97222586 0.09542472 -31.1473367 0
MixPars -1.52054471 0.24143604 -6.29791947 0
MixPars -0.94951362 0.18303655 -5.18756293 2.1e-07
MixPars -1.50982501 0.29035983 -5.19984114 2e-07
MixPars -3.32082785 0.27496773 -12.07715492 0
MixPars -1.61865192 0.24970173 -6.48234167 0
MixPars -1.72194174 0.36509547 -4.71641496 2.4e-06
MixPars -1.6473045 0.33465424 -4.92240739 8.5e-07
MixPars -0.93917316 0.4087832 -2.29748472 0.02159113
MixPars -1.55351622 0.20998264 -7.39830771 0
MixPars 0.9084727 0.16834908 5.39636272 7e-08
MixPars -2.96753944 0.25935839 -11.44184865 0
AddV 0.0175779 0.01447827 1.21408852 0.22471392
AddV 0.00750532 0.002622 2.86244347 0.00420388
AddV 0.03250162 0.02067802 1.57179546 0.11599799
SFdev -0.44397414 0.52359202 -0.8479391 0.39647189
SFdev -0.44885957 0.52150862 -0.86069443 0.38940636
SFdev -0.44270283 0.52373854 -0.84527451 0.39795759
SFdev -0.40165693 0.54107381 -0.74233298 0.45788562
SFdev -0.33808274 0.56724221 -0.59601126 0.5511677
SFdev -0.37435958 0.55440052 -0.67525112 0.49951623
SFdev -0.25799947 0.60910126 -0.42357402 0.67187651
SFdev -0.09825727 0.60768043 -0.16169235 0.87154813
SFdev -0.12898806 0.66253823 -0.19468773 0.84563742
SFdev 0.29184047 0.16075847 1.81539721 0.06946289
SFdev -0.23693091 0.63889477 -0.37084496 0.71075301
SFdev -0.26427154 0.61991763 -0.42630105 0.66988849
SFdev 0.09925462 0.36258114 0.27374457 0.78428093
SFdev -0.1914018 0.65883688 -0.2905147 0.77142251
SFdev -0.20278947 0.64444078 -0.31467511 0.75300835
SFdev 0.31747581 0.1325727 2.39472998 0.01663261
SFdev 0.14283984 0.30741584 0.46464697 0.64218429
SFdev 0.32529138 0.15354015 2.11860789 0.03412362
SFdev 0.38092617 0.12060575 3.15844116 0.00158615
SFdev -0.12219153 0.63044562 -0.19381772 0.84631861
SFdev -0.11136746 0.75509771 -0.14748748 0.88274726
SFdev -3.469e-05 0.99991547 -3.469e-05 0.99997232
SFdev 1.8e-06 1.00000465 1.8e-06 0.99999856
SFdev 0 1 0 1
SFdev 0.06144748 0.10627845 0.57817443 0.56314636
SFdev -0.32487065 0.55866977 -0.58150747 0.56089848
SFdev -0.3505478 0.55371189 -0.63308699 0.52667684
SFdev 0.18302283 0.07935393 2.30641167 0.02108764
SFdev -0.29954327 0.53374076 -0.5612149 0.57465105
SFdev 0.14242031 0.08777295 1.62259909 0.10467514
SFdev -0.33778505 0.54640568 -0.61819463 0.53644705
SFdev 0.1520584 0.0770659 1.97309582 0.04848465
SFdev -0.42740277 0.508815 -0.83999641 0.4009104
SFdev 0.07761642 0.09196591 0.84396943 0.39868649
SFdev -0.36930753 0.53625557 -0.68867822 0.49102578
SFdev 0.18387231 0.05324358 3.45341723 0.00055353
SFdev -0.2658863 0.54909701 -0.48422464 0.62822645
SFdev 0.27108508 0.09065811 2.9901913 0.00278803
SFdev 0.38705931 0.05574386 6.94353324 0
SFdev 0.17297385 0.05917478 2.92310091 0.00346564
SFdev 0.36329874 0.03450913 10.52761338 0
SFdev 0.21816983 0.11516147 1.89446894 0.05816279
SFdev -0.15294121 0.59847853 -0.25555004 0.7982983
SFdev 0.11332209 0.0745638 1.51980032 0.12856117
SFdev 0.31643127 0.10360895 3.0540921 0.00225743
SFdev -1.561e-05 0.99996269 -1.562e-05 0.99998754
SFdev 1.3e-07 1.00000031 1.3e-07 0.9999999
SFdev 0 1 0 1
SFdev -0.38728038 0.549652 -0.70459196 0.4810642
SFdev -0.44846105 0.52357672 -0.85653359 0.3917027
SFdev -0.48167396 0.51034601 -0.9438184 0.34526245
SFdev -0.49705297 0.50443424 -0.98536723 0.32444372
SFdev -0.4956277 0.50522911 -0.98099593 0.32659475
SFdev -0.49889319 0.50302679 -0.99178253 0.32130362
SFdev -0.51969548 0.49613912 -1.04747936 0.29487855
SFdev -0.49243543 0.50555771 -0.97404394 0.33003472
SFdev -0.43459216 0.52668308 -0.82514928 0.40928685
SFdev -0.37821428 0.54866661 -0.6893335 0.49061342
SFdev -0.37660819 0.55060724 -0.68398699 0.49398338
SFdev -0.37777866 0.55191369 -0.68448866 0.49366665
SFdev -0.31548896 0.58395787 -0.5402598 0.58901788
SFdev 0.03148037 0.42694764 0.07373357 0.94122239
SFdev 0.02734632 0.52574606 0.05201432 0.95851728
SFdev 0.24209703 0.21277716 1.13779616 0.25520561
SFdev 0.08226202 0.34865291 0.23594245 0.81347733
SFdev -0.26485921 0.60561496 -0.43733927 0.66186532
SFdev -0.23748176 0.59634031 -0.39823194 0.69045922
SFdev -0.25495981 0.58861536 -0.43315181 0.66490449
SFdev -0.27964122 0.58774386 -0.47578756 0.63422573
SFdev -0.21298069 0.61072742 -0.3487328 0.72728992
SFdev -0.04925928 0.53438859 -0.09217876 0.92655601
SFdev 0 1 0 1
SFdev 0.12108072 0.13003803 0.93111774 0.35179266
SFdev -0.20404586 0.56117124 -0.36360712 0.71615141
SFdev -0.38640572 0.54045022 -0.71497004 0.47462756
SFdev -0.37416506 0.54238364 -0.68985315 0.49028654
SFdev -0.36282689 0.5479453 -0.66215896 0.50786935
SFdev -0.17146647 0.55117168 -0.31109448 0.7557288
SFdev 0.30286923 0.08429026 3.5931699 0.00032668
SFdev -0.00282722 0.30468393 -0.0092792 0.99259637
SFdev 0.08959641 0.20092212 0.44592606 0.65565066
SFdev -0.0304255 0.3290965 -0.09245162 0.92633923
SFdev -0.00847215 0.29423909 -0.02879341 0.97702935
SFdev 0.16729747 0.12813555 1.30562886 0.1916788
SFdev 0.0379356 0.20112846 0.1886138 0.85039552
SFdev -0.3964365 0.53222239 -0.74487001 0.4563503
SFdev -0.55675303 0.48020098 -1.15941669 0.24628638
SFdev -0.60412129 0.46629379 -1.29558083 0.19511994
SFdev -0.52337353 0.49189497 -1.06399447 0.2873312
SFdev -0.45093909 0.515577 -0.87462995 0.38177528
SFdev -0.25374208 0.53163698 -0.47728448 0.63315956
SFdev 0.10688381 0.12687026 0.84246541 0.39952749
SFdev -0.28165384 0.55134439 -0.51084919 0.60945666
SFdev 0.13705903 0.158257 0.8660535 0.38646082
SFdev 0.03884258 0.28769277 0.13501411 0.89260072
SFdev 0 1 0 1

Mixing matrix
0.87247105 0.12752895 0 0 0 0 ,# Asia
0.02902802 0.22774708 0.13212573 0.58134077 0.02975839 0 ,# Hawaii
0.10607391 0.48525806 0.1877605 0.10721711 0.01752894 0.09616148 ,# MX_AR
0.04012301 0.22450357 0.04323227 0.08776989 0.04748317 0.5568881 ,# MX_ML
0 0 0 0 0.04891406 0.95108594 ,# Central_Am

Split of breeding stock to feeding grounds over time
Split for: Asia
Year RUS+WAL EAL+BER GOA SEA+NBC SBC+WA OR+CA
1970 NaN NaN NaN NaN NaN NaN
1971 NaN NaN NaN NaN NaN NaN
1972 NaN NaN NaN NaN NaN NaN
1973 NaN NaN NaN NaN NaN NaN
1974 NaN NaN NaN NaN NaN NaN
1975 NaN NaN NaN NaN NaN NaN
1976 NaN NaN NaN NaN NaN NaN
1977 NaN NaN NaN NaN NaN NaN
1978 NaN NaN NaN NaN NaN NaN
1979 NaN NaN NaN NaN NaN NaN
1980 NaN NaN NaN NaN NaN NaN
1981 NaN NaN NaN NaN NaN NaN
1982 NaN NaN NaN NaN NaN NaN
1983 NaN NaN NaN NaN NaN NaN
1984 NaN NaN NaN NaN NaN NaN
1985 NaN NaN NaN NaN NaN NaN
1986 NaN NaN NaN NaN NaN NaN
1987 NaN NaN NaN NaN NaN NaN
1988 NaN NaN NaN NaN NaN NaN
1989 NaN NaN NaN NaN NaN NaN
1990 NaN NaN NaN NaN NaN NaN
1991 NaN NaN NaN NaN NaN NaN
1992 NaN NaN NaN NaN NaN NaN
1993 NaN NaN NaN NaN NaN NaN
1994 NaN NaN NaN NaN NaN NaN
1995 NaN NaN NaN NaN NaN NaN
1996 NaN NaN NaN NaN NaN NaN
1997 NaN NaN NaN NaN NaN NaN
1998 NaN NaN NaN NaN NaN NaN
1999 NaN NaN NaN NaN NaN NaN
2000 NaN NaN NaN NaN NaN NaN
2001 NaN NaN NaN NaN NaN NaN
2002 NaN NaN NaN NaN NaN NaN
2003 NaN NaN NaN NaN NaN NaN
2004 NaN NaN NaN NaN NaN NaN
2005 NaN NaN NaN NaN NaN NaN
2006 NaN NaN NaN NaN NaN NaN
2007 NaN NaN NaN NaN NaN NaN
2008 NaN NaN NaN NaN NaN NaN
2009 NaN NaN NaN NaN NaN NaN
2010 NaN NaN NaN NaN NaN NaN
2011 NaN NaN NaN NaN NaN NaN
2012 NaN NaN NaN NaN NaN NaN
2013 NaN NaN NaN NaN NaN NaN
2014 NaN NaN NaN NaN NaN NaN
2015 NaN NaN NaN NaN NaN NaN
2016 NaN NaN NaN NaN NaN NaN
2017 NaN NaN NaN NaN NaN NaN
2018 NaN NaN NaN NaN NaN NaN
2019 NaN NaN NaN NaN NaN NaN
2020 NaN NaN NaN NaN NaN NaN
2021 NaN NaN NaN NaN NaN NaN
2022 NaN NaN NaN NaN NaN NaN
2023 NaN NaN NaN NaN NaN NaN
2024 NaN NaN NaN NaN NaN NaN
Split for: Hawaii
Year RUS+WAL EAL+BER GOA SEA+NBC SBC+WA OR+CA
1970 NaN NaN NaN NaN NaN NaN
1971 NaN NaN NaN NaN NaN NaN
1972 NaN NaN NaN NaN NaN NaN
1973 NaN NaN NaN NaN NaN NaN
1974 NaN NaN NaN NaN NaN NaN
1975 NaN NaN NaN NaN NaN NaN
1976 NaN NaN NaN NaN NaN NaN
1977 NaN NaN NaN NaN NaN NaN
1978 NaN NaN NaN NaN NaN NaN
1979 NaN NaN NaN NaN NaN NaN
1980 NaN NaN NaN NaN NaN NaN
1981 NaN NaN NaN NaN NaN NaN
1982 NaN NaN NaN NaN NaN NaN
1983 NaN NaN NaN NaN NaN NaN
1984 NaN NaN NaN NaN NaN NaN
1985 NaN NaN NaN NaN NaN NaN
1986 NaN NaN NaN NaN NaN NaN
1987 NaN NaN NaN NaN NaN NaN
1988 NaN NaN NaN NaN NaN NaN
1989 NaN NaN NaN NaN NaN NaN
1990 NaN NaN NaN NaN NaN NaN
1991 NaN NaN NaN NaN NaN NaN
1992 NaN NaN NaN NaN NaN NaN
1993 NaN NaN NaN NaN NaN NaN
1994 NaN NaN NaN NaN NaN NaN
1995 NaN NaN NaN NaN NaN NaN
1996 NaN NaN NaN NaN NaN NaN
1997 NaN NaN NaN NaN NaN NaN
1998 NaN NaN NaN NaN NaN NaN
1999 NaN NaN NaN NaN NaN NaN
2000 NaN NaN NaN NaN NaN NaN
2001 NaN NaN NaN NaN NaN NaN
2002 NaN NaN NaN NaN NaN NaN
2003 NaN NaN NaN NaN NaN NaN
2004 NaN NaN NaN NaN NaN NaN
2005 NaN NaN NaN NaN NaN NaN
2006 NaN NaN NaN NaN NaN NaN
2007 NaN NaN NaN NaN NaN NaN
2008 NaN NaN NaN NaN NaN NaN
2009 NaN NaN NaN NaN NaN NaN
2010 NaN NaN NaN NaN NaN NaN
2011 NaN NaN NaN NaN NaN NaN
2012 NaN NaN NaN NaN NaN NaN
2013 NaN NaN NaN NaN NaN NaN
2014 0 0 0 0 0 1
2015 NaN NaN NaN NaN NaN NaN
2016 NaN NaN NaN NaN NaN NaN
2017 NaN NaN NaN NaN NaN NaN
2018 NaN NaN NaN NaN NaN NaN
2019 NaN NaN NaN NaN NaN NaN
2020 NaN NaN NaN NaN NaN NaN
2021 NaN NaN NaN NaN NaN NaN
2022 NaN NaN NaN NaN NaN NaN
2023 NaN NaN NaN NaN NaN NaN
2024 NaN NaN NaN NaN NaN NaN
Split for: MX_AR
Year RUS+WAL EAL+BER GOA SEA+NBC SBC+WA OR+CA
1970 0 0 0 0 0 1
1971 0 0 0 0 0 1
1972 0 0 0 0 0 1
1973 0 0 0 0 0 1
1974 0 0 0 0 0 1
1975 0 0 0 0 0 1
1976 0 0 0 0 0 1
1977 0 0 0 0 0 1
1978 0 0 0 0 0 1
1979 0 0 0 0 0 1
1980 0 0 0 0 0 1
1981 0 0 0 0 0 1
1982 0 0 0 0 0 1
1983 0 0 0 0 0 1
1984 0 0 0 0 0 1
1985 0 0 0 0 0 1
1986 0 0 0 0 0 1
1987 0 0 0 0 0 1
1988 0 0 0 0 0 1
1989 0 0 0 0 0 1
1990 0 0 0 0 0 1
1991 0 0 0 0 0 1
1992 0 0 0 0 0 1
1993 0 0 0 0 0 1
1994 0 0 0 0 0 1
1995 0 0 0 0 0 1
1996 0 0 0 0 0 1
1997 0 0 0 0 0 1
1998 0 0 0 0 0 1
1999 0 0 0 0 0 1
2000 0 0 0 0 0 1
2001 0 0 0 0 0 1
2002 0 0 0 0 0 1
2003 0 0 0 0 0 1
2004 0 0 0 0 0 1
2005 0 0 0 0 0 1
2006 0 0 0 0 0 1
2007 0 0 0 0 0 1
2008 0 0 0 0 0 1
2009 0 0 0 0 0 1
2010 0 0 0 0 0 1
2011 0 0 0 0 0 1
2012 0 0 0 0 0 1
2013 0 0 0 0 0 1
2014 0 0 0 0 0 1
2015 0 0 0 0 0 1
2016 0 0 0 0 0 1
2017 0 0 0 0 0 1
2018 0 0 0 0 0 1
2019 0 0 0 0 0 1
2020 0 0 0 0 0 1
2021 0 0 0 0 0 1
2022 0 0 0 0 0 1
2023 0 0 0 0 0 1
2024 0 0 0 0 0 1
Split for: MX_ML
Year RUS+WAL EAL+BER GOA SEA+NBC SBC+WA OR+CA
1970 0 0 0 0 0 1
1971 0 0 0 0 0 1
1972 0 0 0 0 0 1
1973 0 0 0 0 0 1
1974 0 0 0 0 0 1
1975 0 0 0 0 0 1
1976 0 0 0 0 0 1
1977 0 0 0 0 0 1
1978 0 0 0 0 0 1
1979 0 0 0 0 0 1
1980 0 0 0 0 0 1
1981 0 0 0 0 0 1
1982 0 0 0 0 0 1
1983 0 0 0 0 0 1
1984 0 0 0 0 0 1
1985 0 0 0 0 0 1
1986 0 0 0 0 0 1
1987 0 0 0 0 0 1
1988 0 0 0 0 0 1
1989 0 0 0 0 0 1
1990 0 0 0 0 0 1
1991 0 0 0 0 0 1
1992 0 0 0 0 0 1
1993 0 0 0 0 0 1
1994 0 0 0 0 0 1
1995 0 0 0 0 0 1
1996 0 0 0 0 0 1
1997 0 0 0 0 0 1
1998 0 0 0 0 0 1
1999 0 0 0 0 0 1
2000 0 0 0 0 0 1
2001 0 0 0 0 0 1
2002 0 0 0 0 0 1
2003 0 0 0 0 0 1
2004 0 0 0 0 0 1
2005 0 0 0 0 0 1
2006 0 0 0 0 0 1
2007 0 0 0 0 0 1
2008 0 0 0 0 0 1
2009 0 0 0 0 0 1
2010 0 0 0 0 0 1
2011 0 0 0 0 0 1
2012 0 0 0 0 0 1
2013 0 0 0 0 0 1
2014 0 0 0 0 0 1
2015 0 0 0 0 0 1
2016 0 0 0 0 0 1
2017 0 0 0 0 0 1
2018 0 0 0 0 0 1
2019 0 0 0 0 0 1
2020 0 0 0 0 0 1
2021 0 0 0 0 0 1
2022 0 0 0 0 0 1
2023 0 0 0 0 0 1
2024 0 0 0 0 0 1
Split for: Central_Am
Year RUS+WAL EAL+BER GOA SEA+NBC SBC+WA OR+CA
1970 0 0 0 0 0 1
1971 0 0 0 0 0 1
1972 0 0 0 0 0 1
1973 0 0 0 0 0 1
1974 0 0 0 0 0 1
1975 0 0 0 0 0 1
1976 0 0 0 0 0 1
1977 0 0 0 0 0 1
1978 0 0 0 0 0 1
1979 0 0 0 0 0 1
1980 0 0 0 0 0 1
1981 0 0 0 0 0 1
1982 0 0 0 0 0 1
1983 0 0 0 0 0 1
1984 0 0 0 0 0 1
1985 0 0 0 0 0 1
1986 0 0 0 0 0 1
1987 0 0 0 0 0 1
1988 0 0 0 0 0 1
1989 0 0 0 0 0 1
1990 0 0 0 0 0 1
1991 0 0 0 0 0 1
1992 0 0 0 0 0 1
1993 0 0 0 0 0 1
1994 0 0 0 0 0 1
1995 0 0 0 0 0 1
1996 0 0 0 0 0 1
1997 0 0 0 0 0 1
1998 0 0 0 0 0 1
1999 0 0 0 0 0 1
2000 0 0 0 0 0 1
2001 0 0 0 0 0 1
2002 0 0 0 0 0 1
2003 0 0 0 0 0 1
2004 0 0 0 0 0 1
2005 0 0 0 0 0 1
2006 0 0 0 0 0 1
2007 0 0 0 0 0 1
2008 0 0 0 0 0 1
2009 0 0 0 0 0 1
2010 0 0 0 0 0 1
2011 0 0 0 0 0 1
2012 0 0 0 0 0 1
2013 0 0 0 0 0 1
2014 0 0 0 0 0 1
2015 0 0 0 0 0 1
2016 0 0 0 0 0 1
2017 0 0 0 0 0 1
2018 0 0 0 0 0 1
2019 0 0 0 0 0 1
2020 0 0 0 0 0 1
2021 0 0 0 0 0 1
2022 0 0 0 0 0 1
2023 0 0 0 0 0 1
2024 0 0 0 0 0 1

Difference in mortality over time
Difference for: Asia
Year RUS+WAL EAL+BER GOA SEA+NBC SBC+WA OR+CA
1970 0 0 0 0 0 0
1971 0 0 0 0 0 0
1972 0 0 0 0 0 0
1973 0 0 0 0 0 0
1974 0 0 0 0 0 0
1975 0 0 0 0 0 0
1976 0 0 0 0 0 0
1977 0 0 0 0 0 0
1978 0 0 0 0 0 0
1979 0 0 0 0 0 0
1980 0 0 0 0 0 0
1981 0 0 0 0 0 0
1982 0 0 0 0 0 0
1983 0 0 0 0 0 0
1984 0 0 0 0 0 0
1985 0 0 0 0 0 0
1986 0 0 0 0 0 0
1987 0 0 0 0 0 0
1988 0 0 0 0 0 0
1989 0 0 0 0 0 0
1990 0 0 0 0 0 0
1991 0 0 0 0 0 0
1992 0 0 0 0 0 0
1993 0 0 0 0 0 0
1994 0 0 0 0 0 0
1995 0 0 0 0 0 0
1996 0 0 0 0 0 0
1997 0 0 0 0 0 0
1998 0 0 0 0 0 0
1999 0 0 0 0 0 0
2000 0 4 0 0 0 0
2001 0 5 0 0 0 0
2002 0 5 0 0 0 0
2003 0 6 0 0 0 0
2004 0 6 0 0 0 0
2005 0 7 0 0 0 0
2006 0 7 0 0 0 0
2007 0 4 0 0 0 0
2008 0 5 0 0 0 0
2009 0 -42 0 0 0 0
2010 0 7 0 0 0 0
2011 0 8 0 0 0 0
2012 0 -9 0 0 0 0
2013 0 8 0 0 0 0
2014 0 9 0 0 0 0
2015 0 -60 0 0 0 0
2016 0 -14 0 0 0 0
2017 0 -53 0 0 0 0
2018 0 -59 0 0 0 0
2019 0 4 0 0 0 0
2020 0 4 0 0 0 0
2021 0 0 0 0 0 0
2022 0 0 0 0 0 0
2023 0 0 0 0 0 0
Difference for: Hawaii
Year RUS+WAL EAL+BER GOA SEA+NBC SBC+WA OR+CA
1970 0 0 0 0 0 0
1971 0 0 0 0 0 0
1972 0 0 0 0 0 0
1973 0 0 0 0 0 0
1974 0 0 0 0 0 0
1975 0 0 0 0 0 0
1976 0 0 0 0 0 0
1977 0 0 0 0 0 0
1978 0 0 0 0 0 0
1979 0 0 0 0 0 0
1980 0 0 0 0 0 0
1981 0 0 0 0 0 0
1982 0 0 0 0 0 0
1983 0 0 0 0 0 0
1984 0 0 0 0 0 0
1985 0 0 0 0 0 0
1986 0 0 0 0 0 0
1987 0 0 0 0 0 0
1988 0 0 0 0 0 0
1989 0 0 0 0 0 0
1990 0 0 0 0 0 0
1991 0 0 0 0 0 0
1992 0 0 0 0 0 0
1993 0 0 0 0 0 0
1994 0 0 0 0 0 0
1995 0 0 0 0 0 0
1996 0 0 0 0 0 0
1997 0 0 0 0 0 0
1998 0 0 0 0 0 0
1999 0 0 0 0 0 0
2000 0 80 -21 -83 10 0
2001 0 91 44 177 12 0
2002 0 103 51 205 13 0
2003 0 113 -117 -468 15 0
2004 0 121 53 214 17 0
2005 0 140 -89 -356 19 0
2006 0 136 63 251 21 0
2007 0 84 -110 -440 23 0
2008 0 110 75 300 25 0
2009 0 -870 -51 -204 27 0
2010 0 149 84 335 30 0
2011 0 174 -190 -757 33 0
2012 0 -185 82 326 34 0
2013 0 168 -386 -1544 -9 0
2014 0 191 -664 -2661 -8 0
2015 0 -1339 -129 -517 -132 0
2016 0 -313 -449 -1792 -26 0
2017 0 -1181 -149 -594 35 0
2018 0 -1342 36 144 36 0
2019 0 85 -62 -246 40 0
2020 0 89 -317 -1257 45 0
2021 0 0 0 0 43 0
2022 0 0 0 0 16 0
2023 0 0 0 0 0 0
Difference for: MX_AR
Year RUS+WAL EAL+BER GOA SEA+NBC SBC+WA OR+CA
1970 0 0 0 0 0 0
1971 0 0 0 0 0 0
1972 0 0 0 0 0 0
1973 0 0 0 0 0 0
1974 0 0 0 0 0 0
1975 0 0 0 0 0 0
1976 0 0 0 0 0 0
1977 0 0 0 0 0 0
1978 0 0 0 0 0 0
1979 0 0 0 0 0 0
1980 0 0 0 0 0 0
1981 0 0 0 0 0 0
1982 0 0 0 0 0 0
1983 0 0 0 0 0 0
1984 0 0 0 0 0 0
1985 0 0 0 0 0 0
1986 0 0 0 0 0 0
1987 0 0 0 0 0 0
1988 0 0 0 0 0 0
1989 0 0 0 0 0 0
1990 0 0 0 0 0 0
1991 0 0 0 0 0 0
1992 0 0 0 0 0 0
1993 0 0 0 0 0 0
1994 0 0 0 0 0 0
1995 0 0 0 0 0 0
1996 0 0 0 0 0 0
1997 0 0 0 0 0 0
1998 0 0 0 0 0 0
1999 0 0 0 0 0 0
2000 0 28 -5 -3 1 -5
2001 0 32 10 5 1 3
2002 0 37 12 6 1 5
2003 0 40 -28 -14 1 5
2004 0 43 13 7 2 6
2005 0 49 -21 -11 2 5
2006 0 48 15 8 2 -35
2007 0 30 -26 -14 2 0
2008 0 39 18 9 2 -5
2009 0 -309 -12 -6 3 1
2010 0 53 20 10 3 0
2011 0 62 -45 -23 3 -15
2012 0 -66 19 10 3 -2
2013 0 60 -91 -47 -1 10
2014 0 68 -157 -82 -1 11
2015 0 -475 -31 -16 -13 13
2016 0 -111 -106 -55 -3 14
2017 0 -419 -35 -18 3 15
2018 0 -476 9 4 4 14
2019 0 30 -15 -8 4 -16
2020 0 32 -75 -39 4 16
2021 0 0 0 0 4 -25
2022 0 0 0 0 2 -5
2023 0 0 0 0 0 0
Difference for: MX_ML
Year RUS+WAL EAL+BER GOA SEA+NBC SBC+WA OR+CA
1970 0 0 0 0 0 0
1971 0 0 0 0 0 0
1972 0 0 0 0 0 0
1973 0 0 0 0 0 0
1974 0 0 0 0 0 0
1975 0 0 0 0 0 0
1976 0 0 0 0 0 0
1977 0 0 0 0 0 0
1978 0 0 0 0 0 0
1979 0 0 0 0 0 0
1980 0 0 0 0 0 0
1981 0 0 0 0 0 0
1982 0 0 0 0 0 0
1983 0 0 0 0 0 0
1984 0 0 0 0 0 0
1985 0 0 0 0 0 0
1986 0 0 0 0 0 0
1987 0 0 0 0 0 0
1988 0 0 0 0 0 0
1989 0 0 0 0 0 0
1990 0 0 0 0 0 0
1991 0 0 0 0 0 0
1992 0 0 0 0 0 0
1993 0 0 0 0 0 0
1994 0 0 0 0 0 0
1995 0 0 0 0 0 0
1996 0 0 0 0 0 0
1997 0 0 0 0 0 0
1998 0 0 0 0 0 0
1999 0 0 0 0 0 0
2000 0 17 -1 -3 3 -35
2001 0 19 3 6 4 25
2002 0 22 4 7 5 37
2003 0 24 -8 -15 5 41
2004 0 26 4 7 6 46
2005 0 29 -6 -11 6 37
2006 0 29 4 8 7 -262
2007 0 18 -8 -14 8 1
2008 0 23 5 10 9 -40
2009 0 -181 -4 -6 9 10
2010 0 31 6 11 10 3
2011 0 36 -13 -24 11 -112
2012 0 -38 6 10 11 -17
2013 0 35 -26 -49 -3 69
2014 0 39 -45 -84 -3 83
2015 0 -274 -9 -16 -44 93
2016 0 -64 -30 -56 -9 99
2017 0 -240 -10 -19 11 108
2018 0 -272 2 4 12 98
2019 0 17 -4 -8 13 -116
2020 0 18 -21 -39 15 114
2021 0 0 0 0 14 -180
2022 0 0 0 0 5 -38
2023 0 0 0 0 0 1
Difference for: Central_Am
Year RUS+WAL EAL+BER GOA SEA+NBC SBC+WA OR+CA
1970 0 0 0 0 0 0
1971 0 0 0 0 0 0
1972 0 0 0 0 0 0
1973 0 0 0 0 0 0
1974 0 0 0 0 0 0
1975 0 0 0 0 0 0
1976 0 0 0 0 0 0
1977 0 0 0 0 0 0
1978 0 0 0 0 0 0
1979 0 0 0 0 0 0
1980 0 0 0 0 0 0
1981 0 0 0 0 0 0
1982 0 0 0 0 0 0
1983 0 0 0 0 0 0
1984 0 0 0 0 0 0
1985 0 0 0 0 0 0
1986 0 0 0 0 0 0
1987 0 0 0 0 0 0
1988 0 0 0 0 0 0
1989 0 0 0 0 0 0
1990 0 0 0 0 0 0
1991 0 0 0 0 0 0
1992 0 0 0 0 0 0
1993 0 0 0 0 0 0
1994 0 0 0 0 0 0
1995 0 0 0 0 0 0
1996 0 0 0 0 0 0
1997 0 0 0 0 0 0
1998 0 0 0 0 0 0
1999 0 0 0 0 0 0
2000 0 0 0 0 1 -16
2001 0 0 0 0 1 12
2002 0 0 0 0 1 17
2003 0 0 0 0 1 19
2004 0 0 0 0 2 21
2005 0 0 0 0 2 17
2006 0 0 0 0 2 -121
2007 0 0 0 0 2 0
2008 0 0 0 0 2 -18
2009 0 0 0 0 3 5
2010 0 0 0 0 3 1
2011 0 0 0 0 3 -52
2012 0 0 0 0 3 -8
2013 0 0 0 0 -1 32
2014 0 0 0 0 -1 38
2015 0 0 0 0 -12 43
2016 0 0 0 0 -2 46
2017 0 0 0 0 3 50
2018 0 0 0 0 3 46
2019 0 0 0 0 4 -54
2020 0 0 0 0 4 53
2021 0 0 0 0 4 -84
2022 0 0 0 0 1 -18
2023 0 0 0 0 0 0

Total survival over time
Values for breeding stock: Asia
Year RUS+WAL EAL+BER GOA SEA+NBC SBC+WA OR+CA
1970 0.996 0.985 0 0 0 0
1971 1.28 1.274 0 0 0 0
1972 1.186 1.216 0 0 0 0
1973 1.176 1.174 0 0 0 0
1974 1.146 1.145 0 0 0 0
1975 1.125 1.124 0 0 0 0
1976 1.109 1.107 0 0 0 0
1977 1.095 1.094 0 0 0 0
1978 1.084 1.083 0 0 0 0
1979 1.075 1.074 0 0 0 0
1980 1.067 1.066 0 0 0 0
1981 1.086 1.085 0 0 0 0
1982 1.1 1.099 0 0 0 0
1983 1.108 1.108 0 0 0 0
1984 1.113 1.113 0 0 0 0
1985 1.114 1.114 0 0 0 0
1986 1.113 1.113 0 0 0 0
1987 1.11 1.11 0 0 0 0
1988 1.106 1.106 0 0 0 0
1989 1.102 1.102 0 0 0 0
1990 1.097 1.097 0 0 0 0
1991 1.095 1.096 0 0 0 0
1992 1.095 1.095 0 0 0 0
1993 1.096 1.096 0 0 0 0
1994 1.097 1.097 0 0 0 0
1995 1.098 1.098 0 0 0 0
1996 1.098 1.099 0 0 0 0
1997 1.098 1.099 0 0 0 0
1998 1.098 1.098 0 0 0 0
1999 1.097 1.098 0 0 0 0
2000 1.095 1.139 0 0 0 0
2001 1.094 1.129 0 0 0 0
2002 1.092 1.124 0 0 0 0
2003 1.091 1.12 0 0 0 0
2004 1.089 1.114 0 0 0 0
2005 1.088 1.112 0 0 0 0
2006 1.087 1.104 0 0 0 0
2007 1.086 1.086 0 0 0 0
2008 1.084 1.09 0 0 0 0
2009 1.083 0.893 0 0 0 0
2010 1.081 1.126 0 0 0 0
2011 1.079 1.11 0 0 0 0
2012 1.077 1.036 0 0 0 0
2013 1.068 1.098 0 0 0 0
2014 1.082 1.107 0 0 0 0
2015 1.044 0.842 0 0 0 0
2016 1.072 1.034 0 0 0 0
2017 1.069 0.877 0 0 0 0
2018 1.065 0.826 0 0 0 0
2019 1.068 1.18 0 0 0 0
2020 1.055 1.122 0 0 0 0
2021 1.053 1.09 0 0 0 0
2022 1.05 1.082 0 0 0 0
2023 1.047 1.078 0 0 0 0
Values for breeding stock: Hawaii
Year RUS+WAL EAL+BER GOA SEA+NBC SBC+WA OR+CA
1970 1.008 0.997 0.98 0.991 1.005 0
1971 1.292 1.286 1.292 1.283 1.291 0
1972 1.196 1.227 1.228 1.22 1.227 0
1973 1.186 1.185 1.186 1.179 1.185 0
1974 1.156 1.155 1.156 1.15 1.155 0
1975 1.134 1.133 1.134 1.128 1.133 0
1976 1.117 1.116 1.117 1.111 1.115 0
1977 1.104 1.103 1.103 1.098 1.102 0
1978 1.093 1.092 1.092 1.087 1.091 0
1979 1.084 1.083 1.083 1.078 1.082 0
1980 1.076 1.075 1.076 1.071 1.074 0
1981 1.096 1.095 1.095 1.091 1.093 0
1982 1.11 1.109 1.109 1.104 1.107 0
1983 1.118 1.118 1.117 1.113 1.116 0
1984 1.122 1.122 1.121 1.117 1.12 0
1985 1.123 1.123 1.122 1.119 1.121 0
1986 1.122 1.122 1.121 1.118 1.12 0
1987 1.119 1.119 1.118 1.114 1.117 0
1988 1.115 1.115 1.114 1.111 1.113 0
1989 1.111 1.111 1.11 1.108 1.109 0
1990 1.106 1.106 1.105 1.103 1.104 0
1991 1.104 1.104 1.103 1.101 1.102 0
1992 1.104 1.104 1.103 1.101 1.102 0
1993 1.104 1.105 1.104 1.103 1.103 0
1994 1.105 1.106 1.105 1.103 1.104 0
1995 1.106 1.107 1.106 1.104 1.105 0
1996 1.107 1.108 1.106 1.104 1.105 0
1997 1.107 1.108 1.106 1.105 1.107 0
1998 1.106 1.107 1.106 1.104 1.106 0
1999 1.105 1.106 1.105 1.103 1.104 0
2000 1.104 1.148 1.084 1.083 1.145 0
2001 1.102 1.138 1.144 1.143 1.137 0
2002 1.1 1.133 1.134 1.133 1.133 0
2003 1.099 1.128 1.009 1.008 1.129 0
2004 1.098 1.123 1.144 1.143 1.125 0
2005 1.096 1.121 1.034 1.032 1.118 0
2006 1.095 1.112 1.14 1.14 1.117 0
2007 1.094 1.094 1.024 1.026 1.12 0
2008 1.093 1.098 1.141 1.142 1.103 0
2009 1.091 0.9 1.06 1.06 1.112 0
2010 1.09 1.135 1.131 1.128 1.105 0
2011 1.088 1.119 1.001 1.002 1.1 0
2012 1.086 1.044 1.132 1.136 1.104 0
2013 1.084 1.114 0.928 0.928 1.054 0
2014 1.081 1.107 0.807 0.808 1.052 0
2015 1.079 0.87 1.067 1.067 0.937 0
2016 1.078 1.04 0.856 0.855 1.05 0
2017 1.075 0.882 1.052 1.051 1.111 0
2018 1.072 0.832 1.173 1.171 1.09 0
2019 1.07 1.182 1.07 1.069 1.096 0
2020 1.067 1.134 0.914 0.912 1.082 0
2021 1.064 1.102 1.146 1.145 1.075 0
2022 1.062 1.094 1.117 1.115 1.05 0
2023 1.059 1.09 1.1 1.099 1.028 0
Values for breeding stock: MX_AR
Year RUS+WAL EAL+BER GOA SEA+NBC SBC+WA OR+CA
1970 1.008 0.997 0.98 0.991 1.005 0.961
1971 1.292 1.286 1.292 1.283 1.291 1.283
1972 1.196 1.227 1.228 1.22 1.227 1.22
1973 1.186 1.185 1.186 1.179 1.185 1.179
1974 1.157 1.155 1.156 1.15 1.155 1.146
1975 1.134 1.133 1.134 1.128 1.133 1.124
1976 1.117 1.116 1.117 1.111 1.115 1.107
1977 1.104 1.103 1.103 1.098 1.102 1.094
1978 1.093 1.092 1.092 1.087 1.091 1.083
1979 1.084 1.083 1.083 1.078 1.082 1.074
1980 1.076 1.075 1.076 1.071 1.074 1.065
1981 1.096 1.095 1.095 1.091 1.093 1.085
1982 1.11 1.109 1.109 1.104 1.107 1.099
1983 1.118 1.118 1.117 1.113 1.116 1.108
1984 1.122 1.122 1.121 1.118 1.12 1.113
1985 1.123 1.123 1.123 1.119 1.121 1.115
1986 1.122 1.122 1.121 1.118 1.12 1.113
1987 1.119 1.119 1.118 1.114 1.117 1.111
1988 1.115 1.115 1.114 1.111 1.113 1.107
1989 1.111 1.111 1.11 1.108 1.109 1.104
1990 1.106 1.106 1.105 1.103 1.104 1.1
1991 1.104 1.104 1.103 1.101 1.102 1.097
1992 1.104 1.104 1.103 1.101 1.102 1.097
1993 1.104 1.105 1.104 1.103 1.103 1.098
1994 1.105 1.106 1.105 1.103 1.104 1.1
1995 1.106 1.107 1.106 1.104 1.105 1.101
1996 1.107 1.108 1.107 1.104 1.105 1.103
1997 1.107 1.108 1.107 1.105 1.107 1.103
1998 1.107 1.107 1.106 1.104 1.106 1.103
1999 1.105 1.106 1.105 1.103 1.104 1.102
2000 1.104 1.148 1.084 1.083 1.145 1.058
2001 1.102 1.138 1.144 1.143 1.137 1.142
2002 1.1 1.133 1.134 1.133 1.133 1.137
2003 1.099 1.128 1.009 1.008 1.129 1.132
2004 1.098 1.123 1.144 1.143 1.125 1.13
2005 1.096 1.121 1.034 1.032 1.118 1.115
2006 1.095 1.112 1.141 1.14 1.117 0.901
2007 1.094 1.094 1.024 1.026 1.12 1.128
2008 1.093 1.098 1.141 1.142 1.103 1.071
2009 1.091 0.9 1.06 1.06 1.112 1.115
2010 1.09 1.135 1.131 1.128 1.105 1.095
2011 1.088 1.119 1.001 1.002 1.1 1.031
2012 1.086 1.044 1.132 1.136 1.104 1.107
2013 1.084 1.114 0.928 0.928 1.054 1.155
2014 1.082 1.107 0.807 0.808 1.052 1.134
2015 1.079 0.87 1.067 1.067 0.937 1.114
2016 1.078 1.04 0.856 0.855 1.05 1.092
2017 1.075 0.882 1.052 1.051 1.111 1.116
2018 1.072 0.832 1.173 1.171 1.09 1.095
2019 1.07 1.182 1.07 1.069 1.096 1.034
2020 1.067 1.134 0.914 0.912 1.082 1.123
2021 1.064 1.102 1.146 1.145 1.075 1.017
2022 1.062 1.094 1.117 1.115 1.05 1.071
2023 1.059 1.09 1.1 1.099 1.028 1.083
Values for breeding stock: MX_ML
Year RUS+WAL EAL+BER GOA SEA+NBC SBC+WA OR+CA
1970 1.001 0.99 0.973 0.984 0.998 0.954
1971 1.284 1.278 1.284 1.275 1.283 1.275
1972 1.189 1.22 1.221 1.213 1.22 1.213
1973 1.18 1.179 1.18 1.173 1.179 1.172
1974 1.151 1.149 1.151 1.144 1.15 1.14
1975 1.129 1.128 1.128 1.123 1.128 1.119
1976 1.112 1.111 1.111 1.106 1.109 1.102
1977 1.099 1.098 1.098 1.093 1.097 1.089
1978 1.088 1.087 1.087 1.082 1.086 1.078
1979 1.079 1.078 1.078 1.073 1.077 1.069
1980 1.071 1.07 1.071 1.066 1.069 1.06
1981 1.091 1.09 1.09 1.086 1.088 1.08
1982 1.105 1.104 1.104 1.099 1.102 1.094
1983 1.113 1.113 1.113 1.108 1.111 1.103
1984 1.117 1.117 1.117 1.113 1.115 1.109
1985 1.118 1.118 1.118 1.115 1.116 1.11
1986 1.117 1.117 1.116 1.113 1.116 1.109
1987 1.114 1.115 1.114 1.109 1.112 1.106
1988 1.111 1.111 1.11 1.107 1.109 1.103
1989 1.106 1.107 1.106 1.104 1.104 1.1
1990 1.102 1.102 1.101 1.099 1.1 1.096
1991 1.1 1.1 1.099 1.097 1.098 1.093
1992 1.1 1.1 1.099 1.097 1.098 1.093
1993 1.101 1.101 1.1 1.099 1.099 1.094
1994 1.102 1.102 1.101 1.099 1.1 1.096
1995 1.103 1.103 1.102 1.101 1.101 1.098
1996 1.103 1.104 1.103 1.101 1.102 1.099
1997 1.103 1.104 1.103 1.101 1.103 1.1
1998 1.103 1.104 1.103 1.101 1.103 1.1
1999 1.102 1.103 1.102 1.099 1.101 1.099
2000 1.1 1.145 1.081 1.08 1.142 1.055
2001 1.099 1.135 1.141 1.14 1.133 1.139
2002 1.097 1.13 1.131 1.13 1.13 1.134
2003 1.096 1.125 1.006 1.005 1.126 1.129
2004 1.095 1.12 1.141 1.14 1.123 1.127
2005 1.093 1.118 1.031 1.029 1.115 1.112
2006 1.093 1.11 1.138 1.137 1.114 0.899
2007 1.091 1.092 1.022 1.024 1.118 1.125
2008 1.09 1.095 1.138 1.139 1.101 1.069
2009 1.088 0.898 1.057 1.057 1.109 1.112
2010 1.087 1.133 1.128 1.125 1.102 1.092
2011 1.085 1.116 0.999 0.999 1.097 1.028
2012 1.083 1.041 1.128 1.133 1.101 1.104
2013 1.081 1.111 0.925 0.925 1.051 1.152
2014 1.079 1.104 0.805 0.806 1.049 1.13
2015 1.076 0.868 1.064 1.064 0.934 1.11
2016 1.075 1.037 0.854 0.852 1.047 1.089
2017 1.072 0.88 1.049 1.049 1.108 1.113
2018 1.07 0.83 1.17 1.168 1.087 1.092
2019 1.067 1.179 1.067 1.067 1.093 1.031
2020 1.062 1.129 0.91 0.908 1.077 1.118
2021 1.062 1.1 1.143 1.143 1.073 1.015
2022 1.06 1.092 1.115 1.113 1.048 1.069
2023 1.056 1.087 1.097 1.096 1.025 1.08
Values for breeding stock: Central_Am
Year RUS+WAL EAL+BER GOA SEA+NBC SBC+WA OR+CA
1970 0 0 0 0 0.998 0.954
1971 0 0 0 0 1.283 1.276
1972 0 0 0 0 1.221 1.214
1973 0 0 0 0 1.178 1.172
1974 0 0 0 0 1.149 1.14
1975 0 0 0 0 1.128 1.119
1976 0 0 0 0 1.11 1.102
1977 0 0 0 0 1.097 1.089
1978 0 0 0 0 1.085 1.077
1979 0 0 0 0 1.077 1.068
1980 0 0 0 0 1.069 1.06
1981 0 0 0 0 1.088 1.08
1982 0 0 0 0 1.102 1.093
1983 0 0 0 0 1.111 1.103
1984 0 0 0 0 1.115 1.109
1985 0 0 0 0 1.116 1.109
1986 0 0 0 0 1.115 1.109
1987 0 0 0 0 1.113 1.106
1988 0 0 0 0 1.109 1.102
1989 0 0 0 0 1.104 1.1
1990 0 0 0 0 1.1 1.096
1991 0 0 0 0 1.098 1.093
1992 0 0 0 0 1.098 1.093
1993 0 0 0 0 1.099 1.094
1994 0 0 0 0 1.1 1.096
1995 0 0 0 0 1.101 1.097
1996 0 0 0 0 1.102 1.099
1997 0 0 0 0 1.103 1.1
1998 0 0 0 0 1.103 1.1
1999 0 0 0 0 1.101 1.099
2000 0 0 0 0 1.141 1.055
2001 0 0 0 0 1.133 1.139
2002 0 0 0 0 1.129 1.134
2003 0 0 0 0 1.126 1.129
2004 0 0 0 0 1.123 1.127
2005 0 0 0 0 1.115 1.112
2006 0 0 0 0 1.114 0.899
2007 0 0 0 0 1.117 1.125
2008 0 0 0 0 1.1 1.069
2009 0 0 0 0 1.109 1.112
2010 0 0 0 0 1.102 1.092
2011 0 0 0 0 1.097 1.028
2012 0 0 0 0 1.101 1.104
2013 0 0 0 0 1.051 1.152
2014 0 0 0 0 1.049 1.131
2015 0 0 0 0 0.935 1.111
2016 0 0 0 0 1.048 1.089
2017 0 0 0 0 1.109 1.113
2018 0 0 0 0 1.088 1.092
2019 0 0 0 0 1.095 1.033
2020 0 0 0 0 1.079 1.119
2021 0 0 0 0 1.073 1.015
2022 0 0 0 0 1.048 1.069
2023 0 0 0 0 1.026 1.081

Numbers over time by herd

Catch numbers by breeding stock
Year Asia Hawaii MX_AR MX_ML Central_Am
1970 0.9 0 0 1.1 0.3
1971 0.9 0 0 1.2 0.3
1972 1 0 0 1.3 0.3
1973 1.1 0 0 1.3 0.4
1974 1.2 0.1 0 1.4 0.4
1975 1.2 0.1 0 1.5 0.4
1976 1.3 0.1 0 1.6 0.4
1977 1.4 0.1 0 1.6 0.4
1978 1.5 0.1 0 1.7 0.5
1979 1.6 0.1 0 1.8 0.5
1980 1.8 0.1 0 1.9 0.5
1981 1.9 0.1 0 2 0.5
1982 2 0.1 0 2.1 0.6
1983 2.2 0.1 0 2.2 0.6
1984 2.3 0.1 0 2.4 0.6
1985 2.5 0.1 0 2.5 0.7
1986 2.6 0.1 0 2.6 0.7
1987 2.8 0.1 0 2.8 0.7
1988 3 0.1 0 2.9 0.8
1989 3.2 0.1 0 3.1 0.8
1990 3.5 0.2 0 3.2 0.8
1991 3.7 0.2 0 3.4 0.9
1992 4 0.2 0 3.6 0.9
1993 4.3 0.2 0 3.8 1
1994 4.6 0.2 0 4 1
1995 4.9 0.2 0 4.2 1.1
1996 5.2 0.2 0 4.4 1.1
1997 5.6 0.2 0 4.7 1.2
1998 6 0.2 0 4.9 1.2
1999 6.4 0.2 0 5.2 1.3
2000 6.9 0.3 0 5.5 1.4
2001 7.3 0.3 0 5.8 1.4
2002 7.9 0 0 5.8 1.5
2003 8.4 0 0 5.8 1.6
2004 9 0 0 6.7 1.7
2005 9.6 0 0 8.1 1.8
2006 10.3 1 0 6.8 1.8
2007 11.1 0 0 7.7 1.9
2008 11.8 0 0 7.9 2
2009 12.7 0 0 9 2.1
2010 13.6 0 0 9.3 2.2
2011 14.5 0.8 0 10.6 2.4
2012 15.5 0 0 10.9 2.5
2013 28 0 0 10.8 2.6
2014 0 5 0 13 2.7
2015 72 0 0 14.2 2.9
2016 12 0.1 0 14.2 3
2017 12 0.1 0 13.4 3.2
2018 16 0.1 0 13.4 3.3
2019 4 0.4 0 13.4 1.7
2020 26.8 0.4 0 23.8 5
2021 28.6 0.4 0 12.8 4.7
2022 30.7 0.4 0 10.5 3.7
2023 32.8 0.4 0 18.4 4.2

Catch numbers by feeding ground
Year RUS+WAL EAL+BER GOA SEA+NBC SBC+WA OR+CA
1970 0 2.7 3.1 6.8 0.1 6.4
1971 0 1.8 0.1 4 0.1 1.5
1972 4 0.8 0.1 4.1 0.1 1.6
1973 0 0.8 0.1 4.3 0.1 1.7
1974 0 0.8 0.1 4.5 0.1 2.5
1975 0 0.8 0.2 4.7 0.1 2.7
1976 0 0.8 0.2 4.9 0.2 2.9
1977 0 0.8 0.2 5.2 0.2 3.1
1978 0 0.8 0.2 5.4 0.2 3.3
1979 0 1 0.2 5.6 0.2 3.5
1980 0 1 0.2 5.9 0.2 3.9
1981 0 1 0.3 6.1 0.3 4.2
1982 0 1 0.4 6.5 0.3 4.5
1983 0 1 0.4 6.7 0.3 4.8
1984 0 1 0.5 7.1 0.4 4.6
1985 0 1 0.5 6.7 0.4 5
1986 0 1 0.7 7.8 0.4 5.4
1987 0 1 0.7 10 0.5 5.8
1988 0 1.1 0.8 8.5 0.5 6.3
1989 0 0.9 0.8 6.1 0.6 6.1
1990 0 1 0.8 7.4 0.7 5.8
1991 0 1 0.9 8.2 0.7 7.6
1992 0 1.1 0.9 9.8 0.8 8.3
1993 0 1.1 1 7.1 0.9 8.6
1994 0 1.2 1 9.3 1 8.8
1995 0 1.2 1 9.3 1.1 9.6
1996 0 1.2 1.1 12.7 1.2 9.9
1997 0 1.2 1.3 12.7 0.9 10.7
1998 0 3 1.4 14.7 1.2 12
1999 0 2.6 1.4 17.4 1.7 13.5
2000 0 1.2 1.5 14.1 1.5 11.6
2001 0 1.2 1.8 16.4 1.7 13.4
2002 0 2.4 1.9 13.8 1.9 13.7
2003 0 1.4 2 18.9 2.3 16
2004 0 1.4 2.3 22 2.5 15.9
2005 0 1.6 2.3 23.3 5.8 20.1
2006 0 1.6 2.4 22.7 5.3 22.1
2007 0 0.1 7.3 18.4 0 18.1
2008 0 0.1 4.3 19.7 12.4 8.8
2009 0 0.1 4.3 24.1 0 9.8
2010 0 6.1 0.8 44.5 7 24.5
2011 0 3.1 4 28.4 11 11.9
2012 0 4.1 8.8 11.6 0 10
2013 0 0.1 4 31.6 0 4.7
2014 0 0.1 11.8 43.7 7 45.2
2015 0 4.1 12 51 9.1 103.4
2016 0 4.1 4.8 34.8 7.1 150.3
2017 0 4.1 2.1 16.3 11.1 60.3
2018 0 1.1 4 26.6 30.1 111.1
2019 0 4.1 6 27.3 9.1 61
2020 0 1.1 0 24 23 31.2
2021 0 2.2 7 33.7 13 62.4
2022 0 4.3 0.8 22.3 8 56
2023 0 3.6 9.1 40.1 19.2 59.7
